10-30 07:21:24.634  1363 18506 D sensors_hal_accel: handle_sns_client_event:446, accel_sample(accelcal_available:0): ts=285469559733956 ns; value = [0.162147, -0.024806, 9.808207], status=3
10-30 07:21:24.653  1945  2498 D InputTransport: channel '87d428 com.example.lunchtray/com.example.lunchtray.MainActivity (server)' : action=ACTION_UP(0), id=0, displayId=0, tooltype=1, deviceId=-1, source=0x1002, flags=0x0, edgeFlags=0x0, metaState=0x0, buttonState=0x1, downTime=123879501000000, eventTime=123879581000000, pointerCount=1
10-30 07:21:24.653  1945  2498 D InputTransport: channel 'edge-swipe (server)' : action=ACTION_UP(0), id=0, displayId=0, tooltype=1, deviceId=-1, source=0x1002, flags=0x0, edgeFlags=0x0, metaState=0x0, buttonState=0x1, downTime=123879501000000, eventTime=123879581000000, pointerCount=1
10-30 07:21:24.653  1945  2498 D InputTransport: channel 'swipe-up (server)' : action=ACTION_UP(0), id=0, displayId=0, tooltype=1, deviceId=-1, source=0x1002, flags=0x0, edgeFlags=0x0, metaState=0x0, buttonState=0x1, downTime=123879501000000, eventTime=123879581000000, pointerCount=1
10-30 07:21:24.653  1945  2498 D InputTransport: channel 'swipe-up (server)' : action=ACTION_UP(0), id=0, displayId=0, tooltype=1, deviceId=-1, source=0x1002, flags=0x0, edgeFlags=0x0, metaState=0x0, buttonState=0x1, downTime=123879501000000, eventTime=123879581000000, pointerCount=1
10-30 07:21:24.654  1945  2498 D InputTransport: channel 'swipe-up (server)' : action=ACTION_UP(0), id=0, displayId=0, tooltype=1, deviceId=-1, source=0x1002, flags=0x0, edgeFlags=0x0, metaState=0x0, buttonState=0x1, downTime=123879501000000, eventTime=123879581000000, pointerCount=1
10-30 07:21:24.654  1945  2498 D InputTransport: channel 'swipe-up (server)' : action=ACTION_UP(0), id=0, displayId=0, tooltype=1, deviceId=-1, source=0x1002, flags=0x0, edgeFlags=0x0, metaState=0x0, buttonState=0x1, downTime=123879501000000, eventTime=123879581000000, pointerCount=1
10-30 07:21:24.655  1945  2498 D InputTransport: channel 'PointerEventDispatcher0 (server)' : action=ACTION_UP(0), id=0, displayId=0, tooltype=1, deviceId=-1, source=0x1002, flags=0x0, edgeFlags=0x0, metaState=0x0, buttonState=0x1, downTime=123879501000000, eventTime=123879581000000, pointerCount=1
10-30 07:21:24.661 19032 19032 I View    : PerformClick: com.google.android.material.radiobutton.MaterialRadioButton{7a2c5f5 VFED..C.. ...p..ID 0,0-330,126 #7f08007c app:id/cauliflower}
10-30 07:21:24.662 19032 19032 I View    : MotionEvent.ACTION_UP: mPrivateFlags: -2128590800,   mHasPerformedLongPress: false,   mIgnoreNextUpEvent: false
10-30 07:21:24.697  1945  2548 V SoundPool: play(soundID=1, leftVolume=1.000000, rightVolume=1.000000, priority=0, loop=0, rate=1.000000)
10-30 07:21:24.698  1945  2548 V AudioTrack: setSampleRate(572): prior state:STATE_STOPPED rate:48000
10-30 07:21:24.698  1945  2548 V AudioTrack: start(572): prior state:STATE_STOPPED
10-30 07:21:24.698  1945  2548 V AudioTrack: start(572): server read:-29084  cumulative flushed:0  client written:0
10-30 07:21:24.699  2580 26577 V AF::Track: start(597): calling pid 1945 session 5353
10-30 07:21:24.699  2580 26577 V AudioPolicyService: AudioCommandThread() adding start output portId 572
10-30 07:21:24.700  2580 26577 V AudioPolicyService: inserting command: 3 at index 0, num commands 0
10-30 07:21:24.700  2580  2595 V AudioPolicyService: AudioCommandThread() processing start output portId 572
10-30 07:21:24.701  2580  2595 D APM_AudioPolicyManager: startOutput portId 572 output primary->(primary output)(13), stream 1, session 5353
10-30 07:21:24.701  2580  2595 V APM_AudioPolicyManager: setBeaconMute(1) mBeaconMuteRefCount=1 mBeaconPlayingRefCount=0
10-30 07:21:24.701  2580  2595 V APM_AudioPolicyManager: selectOutputForMusicEffects selected output 13
10-30 07:21:24.702  2580  2595 V APM_AudioPolicyManager: getNewOutputDevices selected devices {type:0x2,@:}
10-30 07:21:24.702  2580  2595 V APM_AudioPolicyManager: setOutputDevices device {type:0x2,@:} delayMs 0
10-30 07:21:24.702  2580  2595 V APM_AudioPolicyManager: setOutputDevices() prevDevice {type:0x2,@:}
10-30 07:21:24.702  2580  2595 V APM_AudioPolicyManager: setOutputDevices: suppressing checkDeviceMuteStrategies
10-30 07:21:24.702  2580  2595 V APM_AudioPolicyManager: setOutputDevices setting same device {type:0x2,@:} or null device, force=0, patch handle=4
10-30 07:21:24.702  2580  2595 V AudioPolicyService: AudioCommandThread() going to sleep
10-30 07:21:24.703  1945  2548 V SoundPool: play returned 2753
10-30 07:21:24.704  1945  3374 V AudioSystem: ioConfigChanged() event 8
10-30 07:21:24.704  1945  3374 V AudioSystem: ioConfigChanged() AUDIO_CLIENT_STARTED  io 13 port 572 num callbacks 0
10-30 07:21:24.760  2580  2617 V AF::Track: getNextBuffer(597): underrun,  framesReady(0) < framesDesired(236), state: 6
10-30 07:21:24.762  2580  2618 D AF::Track: presentationComplete(597): set: mPresentationCompleteFrames 1578864 audioHalFrames 624
10-30 07:21:24.762  2580  2618 V AF::Track: presentationComplete(597): waiting framesWritten:1578240  mPresentationCompleteFrames:1578864
10-30 07:21:24.770  1945 19073 V AudioTrack: stop(572): prior state:STATE_ACTIVE
10-30 07:21:24.771  2580 26577 V AF::Track: stop(597): calling pid 1945
10-30 07:21:24.802  2580  2618 V AF::Track: presentationComplete(597): presentationComplete() mPresentationCompleteFrames 1578864 framesWritten 1580160
10-30 07:21:24.802  2580  2618 V AF::Track: presentationComplete(597): complete framesWritten:1580160  mPresentationCompleteFrames:1578864
10-30 07:21:24.809  2580  2618 V AudioPolicyService: AudioCommandThread() adding stop output portId 572
10-30 07:21:24.810  2580  2618 V AudioPolicyService: inserting command: 4 at index 0, num commands 0
10-30 07:21:24.811  2580  2595 V AudioPolicyService: AudioCommandThread() processing stop output portId 572
10-30 07:21:24.811  2580  2595 V APM_AudioPolicyManager: stopOutput() portId 572 output 13, stream 1, session 5353
10-30 07:21:24.811  2580  2595 V APM_AudioPolicyManager: setBeaconMute(1) mBeaconMuteRefCount=0 mBeaconPlayingRefCount=0
10-30 07:21:24.811  2580  2595 V APM_AudioPolicyManager: getNewOutputDevices selected devices AUDIO_DEVICE_NONE
10-30 07:21:24.812  2580  2595 V APM_AudioPolicyManager: setOutputDevices device AUDIO_DEVICE_NONE delayMs 106
10-30 07:21:24.812  2580  2595 V APM_AudioPolicyManager: setOutputDevices() prevDevice {type:0x2,@:}
10-30 07:21:24.815  2580  2595 V APM_AudioPolicyManager: setOutputDevices setting same device AUDIO_DEVICE_NONE or null device, force=0, patch handle=4
10-30 07:21:24.815  2580  2595 V APM_AudioPolicyManager: selectOutputForMusicEffects selected output 13
10-30 07:21:24.816  2580  2595 V AudioPolicyService: AudioCommandThread() going to sleep
10-30 07:21:25.115 19032 19032 I ViewInteraction: Performing 'single click' action on view view.getId() is <2131231081/com.example.lunchtray:id/next_button>
10-30 07:21:25.124  1945  2498 D InputTransport: channel '87d428 com.example.lunchtray/com.example.lunchtray.MainActivity (server)' : action=ACTION_DOWN(0), id=0, displayId=0, tooltype=0, deviceId=-1, source=0x1002, flags=0x0, edgeFlags=0x0, metaState=0x0, buttonState=0x1, downTime=123880053000000, eventTime=123880053000000, pointerCount=1
10-30 07:21:25.124  1945  2498 D InputTransport: channel 'edge-swipe (server)' : action=ACTION_DOWN(0), id=0, displayId=0, tooltype=0, deviceId=-1, source=0x1002, flags=0x0, edgeFlags=0x0, metaState=0x0, buttonState=0x1, downTime=123880053000000, eventTime=123880053000000, pointerCount=1
10-30 07:21:25.124  1945  2498 D InputTransport: channel 'swipe-up (server)' : action=ACTION_DOWN(0), id=0, displayId=0, tooltype=0, deviceId=-1, source=0x1002, flags=0x0, edgeFlags=0x0, metaState=0x0, buttonState=0x1, downTime=123880053000000, eventTime=123880053000000, pointerCount=1
10-30 07:21:25.125  1945  2498 D InputTransport: channel 'swipe-up (server)' : action=ACTION_DOWN(0), id=0, displayId=0, tooltype=0, deviceId=-1, source=0x1002, flags=0x0, edgeFlags=0x0, metaState=0x0, buttonState=0x1, downTime=123880053000000, eventTime=123880053000000, pointerCount=1
10-30 07:21:25.125  1945  2498 D InputTransport: channel 'swipe-up (server)' : action=ACTION_DOWN(0), id=0, displayId=0, tooltype=0, deviceId=-1, source=0x1002, flags=0x0, edgeFlags=0x0, metaState=0x0, buttonState=0x1, downTime=123880053000000, eventTime=123880053000000, pointerCount=1
10-30 07:21:25.125  1945  2498 D InputTransport: channel 'swipe-up (server)' : action=ACTION_DOWN(0), id=0, displayId=0, tooltype=0, deviceId=-1, source=0x1002, flags=0x0, edgeFlags=0x0, metaState=0x0, buttonState=0x1, downTime=123880053000000, eventTime=123880053000000, pointerCount=1
10-30 07:21:25.125  1945  2498 D InputTransport: channel 'PointerEventDispatcher0 (server)' : action=ACTION_DOWN(0), id=0, displayId=0, tooltype=0, deviceId=-1, source=0x1002, flags=0x0, edgeFlags=0x0, metaState=0x0, buttonState=0x1, downTime=123880053000000, eventTime=123880053000000, pointerCount=1
10-30 07:21:25.156  1945  3903 D WifiClientModeImpl[wlan0]: getConativeWiFiQualityStatus keep previous WifiQuailityInfo
10-30 07:21:25.208  1945  2498 D InputTransport: channel '87d428 com.example.lunchtray/com.example.lunchtray.MainActivity (server)' : action=ACTION_UP(0), id=0, displayId=0, tooltype=1, deviceId=-1, source=0x1002, flags=0x0, edgeFlags=0x0, metaState=0x0, buttonState=0x1, downTime=123880053000000, eventTime=123880136000000, pointerCount=1
10-30 07:21:25.208  1945  2498 D InputTransport: channel 'edge-swipe (server)' : action=ACTION_UP(0), id=0, displayId=0, tooltype=1, deviceId=-1, source=0x1002, flags=0x0, edgeFlags=0x0, metaState=0x0, buttonState=0x1, downTime=123880053000000, eventTime=123880136000000, pointerCount=1
10-30 07:21:25.208  1945  2498 D InputTransport: channel 'swipe-up (server)' : action=ACTION_UP(0), id=0, displayId=0, tooltype=1, deviceId=-1, source=0x1002, flags=0x0, edgeFlags=0x0, metaState=0x0, buttonState=0x1, downTime=123880053000000, eventTime=123880136000000, pointerCount=1
10-30 07:21:25.208  1945  2498 D InputTransport: channel 'swipe-up (server)' : action=ACTION_UP(0), id=0, displayId=0, tooltype=1, deviceId=-1, source=0x1002, flags=0x0, edgeFlags=0x0, metaState=0x0, buttonState=0x1, downTime=123880053000000, eventTime=123880136000000, pointerCount=1
10-30 07:21:25.208  1945  2498 D InputTransport: channel 'swipe-up (server)' : action=ACTION_UP(0), id=0, displayId=0, tooltype=1, deviceId=-1, source=0x1002, flags=0x0, edgeFlags=0x0, metaState=0x0, buttonState=0x1, downTime=123880053000000, eventTime=123880136000000, pointerCount=1
10-30 07:21:25.209  1945  2498 D InputTransport: channel 'swipe-up (server)' : action=ACTION_UP(0), id=0, displayId=0, tooltype=1, deviceId=-1, source=0x1002, flags=0x0, edgeFlags=0x0, metaState=0x0, buttonState=0x1, downTime=123880053000000, eventTime=123880136000000, pointerCount=1
10-30 07:21:25.209  1945  2498 D InputTransport: channel 'PointerEventDispatcher0 (server)' : action=ACTION_UP(0), id=0, displayId=0, tooltype=1, deviceId=-1, source=0x1002, flags=0x0, edgeFlags=0x0, metaState=0x0, buttonState=0x1, downTime=123880053000000, eventTime=123880136000000, pointerCount=1
10-30 07:21:25.215 19032 19032 I View    : PerformClick: com.google.android.material.button.MaterialButton{d489d16 VFED..C.. ...p..ID 561,1458-1038,1584 #7f080169 app:id/next_button}
10-30 07:21:25.216 19032 19032 I View    : MotionEvent.ACTION_UP: mPrivateFlags: -2128590800,   mHasPerformedLongPress: false,   mIgnoreNextUpEvent: false
10-30 07:21:25.243  1945  2548 V SoundPool: play(soundID=1, leftVolume=1.000000, rightVolume=1.000000, priority=0, loop=0, rate=1.000000)
10-30 07:21:25.244  1945  2548 V AudioTrack: setSampleRate(572): prior state:STATE_STOPPED rate:48000
10-30 07:21:25.244  1945  2548 V AudioTrack: start(572): prior state:STATE_STOPPED
10-30 07:21:25.244  1945  2548 V AudioTrack: start(572): server read:-31728  cumulative flushed:0  client written:0
10-30 07:21:25.244  2580 26577 V AF::Track: start(597): calling pid 1945 session 5353
10-30 07:21:25.244  2580 26577 V AudioPolicyService: AudioCommandThread() adding start output portId 572
10-30 07:21:25.246  2580 26577 V AudioPolicyService: inserting command: 3 at index 0, num commands 0
10-30 07:21:25.246  2580  2595 V AudioPolicyService: AudioCommandThread() processing start output portId 572
10-30 07:21:25.246  2580  2595 D APM_AudioPolicyManager: startOutput portId 572 output primary->(primary output)(13), stream 1, session 5353
10-30 07:21:25.246  2580  2595 V APM_AudioPolicyManager: setBeaconMute(1) mBeaconMuteRefCount=1 mBeaconPlayingRefCount=0
10-30 07:21:25.246  2580  2595 V APM_AudioPolicyManager: selectOutputForMusicEffects selected output 13
10-30 07:21:25.247  2580  2595 V APM_AudioPolicyManager: getNewOutputDevices selected devices {type:0x2,@:}
10-30 07:21:25.247  2580  2595 V APM_AudioPolicyManager: setOutputDevices device {type:0x2,@:} delayMs 0
10-30 07:21:25.248  2580  2595 V APM_AudioPolicyManager: setOutputDevices() prevDevice {type:0x2,@:}
10-30 07:21:25.248  2580  2595 V APM_AudioPolicyManager: setOutputDevices: suppressing checkDeviceMuteStrategies
10-30 07:21:25.248  2580  2595 V APM_AudioPolicyManager: setOutputDevices setting same device {type:0x2,@:} or null device, force=0, patch handle=4
10-30 07:21:25.248  2580  2595 V AudioPolicyService: AudioCommandThread() going to sleep
10-30 07:21:25.249  1945  2548 V SoundPool: play returned 2756
10-30 07:21:25.249  1945  3903 V AudioSystem: ioConfigChanged() event 8
10-30 07:21:25.249  1945  3903 V AudioSystem: ioConfigChanged() AUDIO_CLIENT_STARTED  io 13 port 572 num callbacks 0
10-30 07:21:25.250  1725  1725 D AudioAnalytics: gc(1700, 2000): log size:1700 item map size:53, item map items:1700
10-30 07:21:25.307  2580  2617 V AF::Track: getNextBuffer(597): underrun,  framesReady(0) < framesDesired(236), state: 6
10-30 07:21:25.308  1945 19073 V AudioTrack: stop(572): prior state:STATE_ACTIVE
10-30 07:21:25.308  2580 26577 V AF::Track: stop(597): calling pid 1945
10-30 07:21:25.344  2580  2618 D AF::Track: presentationComplete(597): set: mPresentationCompleteFrames 1606704 audioHalFrames 624
10-30 07:21:25.344  2580  2618 V AF::Track: presentationComplete(597): waiting framesWritten:1606080  mPresentationCompleteFrames:1606704
10-30 07:21:25.364  2580  2618 V AF::Track: presentationComplete(597): presentationComplete() mPresentationCompleteFrames 1606704 framesWritten 1607040
10-30 07:21:25.364  2580  2618 V AF::Track: presentationComplete(597): complete framesWritten:1607040  mPresentationCompleteFrames:1606704
10-30 07:21:25.368  2580  2618 V AudioPolicyService: AudioCommandThread() adding stop output portId 572
10-30 07:21:25.369  2580  2618 V AudioPolicyService: inserting command: 4 at index 0, num commands 0
10-30 07:21:25.370  2580  2595 V AudioPolicyService: AudioCommandThread() processing stop output portId 572
10-30 07:21:25.370  2580  2595 V APM_AudioPolicyManager: stopOutput() portId 572 output 13, stream 1, session 5353
10-30 07:21:25.370  2580  2595 V APM_AudioPolicyManager: setBeaconMute(1) mBeaconMuteRefCount=0 mBeaconPlayingRefCount=0
10-30 07:21:25.371  2580  2595 V APM_AudioPolicyManager: getNewOutputDevices selected devices AUDIO_DEVICE_NONE
10-30 07:21:25.371  2580  2595 V APM_AudioPolicyManager: setOutputDevices device AUDIO_DEVICE_NONE delayMs 106
10-30 07:21:25.371  2580  2595 V APM_AudioPolicyManager: setOutputDevices() prevDevice {type:0x2,@:}
10-30 07:21:25.374  2580  2595 V APM_AudioPolicyManager: setOutputDevices setting same device AUDIO_DEVICE_NONE or null device, force=0, patch handle=4
10-30 07:21:25.374  2580  2595 V APM_AudioPolicyManager: selectOutputForMusicEffects selected output 13
10-30 07:21:25.375  2580  2595 V AudioPolicyService: AudioCommandThread() going to sleep
10-30 07:21:25.679 19032 19032 I ViewInteraction: Performing 'single click' action on view view.getId() is <2131231138/com.example.lunchtray:id/salad>
10-30 07:21:25.684  1945  2498 D InputTransport: channel '87d428 com.example.lunchtray/com.example.lunchtray.MainActivity (server)' : action=ACTION_DOWN(0), id=0, displayId=0, tooltype=0, deviceId=-1, source=0x1002, flags=0x0, edgeFlags=0x0, metaState=0x0, buttonState=0x1, downTime=123880613000000, eventTime=123880613000000, pointerCount=1
10-30 07:21:25.684  1945  2498 D InputTransport: channel 'edge-swipe (server)' : action=ACTION_DOWN(0), id=0, displayId=0, tooltype=0, deviceId=-1, source=0x1002, flags=0x0, edgeFlags=0x0, metaState=0x0, buttonState=0x1, downTime=123880613000000, eventTime=123880613000000, pointerCount=1
10-30 07:21:25.684  1945  2498 D InputTransport: channel 'swipe-up (server)' : action=ACTION_DOWN(0), id=0, displayId=0, tooltype=0, deviceId=-1, source=0x1002, flags=0x0, edgeFlags=0x0, metaState=0x0, buttonState=0x1, downTime=123880613000000, eventTime=123880613000000, pointerCount=1
10-30 07:21:25.685  1945  2498 D InputTransport: channel 'swipe-up (server)' : action=ACTION_DOWN(0), id=0, displayId=0, tooltype=0, deviceId=-1, source=0x1002, flags=0x0, edgeFlags=0x0, metaState=0x0, buttonState=0x1, downTime=123880613000000, eventTime=123880613000000, pointerCount=1
10-30 07:21:25.685  1945  2498 D InputTransport: channel 'swipe-up (server)' : action=ACTION_DOWN(0), id=0, displayId=0, tooltype=0, deviceId=-1, source=0x1002, flags=0x0, edgeFlags=0x0, metaState=0x0, buttonState=0x1, downTime=123880613000000, eventTime=123880613000000, pointerCount=1
10-30 07:21:25.685  1945  2498 D InputTransport: channel 'swipe-up (server)' : action=ACTION_DOWN(0), id=0, displayId=0, tooltype=0, deviceId=-1, source=0x1002, flags=0x0, edgeFlags=0x0, metaState=0x0, buttonState=0x1, downTime=123880613000000, eventTime=123880613000000, pointerCount=1
10-30 07:21:25.685  1945  2498 D InputTransport: channel 'PointerEventDispatcher0 (server)' : action=ACTION_DOWN(0), id=0, displayId=0, tooltype=0, deviceId=-1, source=0x1002, flags=0x0, edgeFlags=0x0, metaState=0x0, buttonState=0x1, downTime=123880613000000, eventTime=123880613000000, pointerCount=1
10-30 07:21:25.768  1945  2498 D InputTransport: channel '87d428 com.example.lunchtray/com.example.lunchtray.MainActivity (server)' : action=ACTION_UP(0), id=0, displayId=0, tooltype=1, deviceId=-1, source=0x1002, flags=0x0, edgeFlags=0x0, metaState=0x0, buttonState=0x1, downTime=123880613000000, eventTime=123880695000000, pointerCount=1
10-30 07:21:25.768  1945  2498 D InputTransport: channel 'edge-swipe (server)' : action=ACTION_UP(0), id=0, displayId=0, tooltype=1, deviceId=-1, source=0x1002, flags=0x0, edgeFlags=0x0, metaState=0x0, buttonState=0x1, downTime=123880613000000, eventTime=123880695000000, pointerCount=1
10-30 07:21:25.769  1945  2498 D InputTransport: channel 'swipe-up (server)' : action=ACTION_UP(0), id=0, displayId=0, tooltype=1, deviceId=-1, source=0x1002, flags=0x0, edgeFlags=0x0, metaState=0x0, buttonState=0x1, downTime=123880613000000, eventTime=123880695000000, pointerCount=1
10-30 07:21:25.769  1945  2498 D InputTransport: channel 'swipe-up (server)' : action=ACTION_UP(0), id=0, displayId=0, tooltype=1, deviceId=-1, source=0x1002, flags=0x0, edgeFlags=0x0, metaState=0x0, buttonState=0x1, downTime=123880613000000, eventTime=123880695000000, pointerCount=1
10-30 07:21:25.769  1945  2498 D InputTransport: channel 'swipe-up (server)' : action=ACTION_UP(0), id=0, displayId=0, tooltype=1, deviceId=-1, source=0x1002, flags=0x0, edgeFlags=0x0, metaState=0x0, buttonState=0x1, downTime=123880613000000, eventTime=123880695000000, pointerCount=1
10-30 07:21:25.769  1945  2498 D InputTransport: channel 'swipe-up (server)' : action=ACTION_UP(0), id=0, displayId=0, tooltype=1, deviceId=-1, source=0x1002, flags=0x0, edgeFlags=0x0, metaState=0x0, buttonState=0x1, downTime=123880613000000, eventTime=123880695000000, pointerCount=1
10-30 07:21:25.769  1945  2498 D InputTransport: channel 'PointerEventDispatcher0 (server)' : action=ACTION_UP(0), id=0, displayId=0, tooltype=1, deviceId=-1, source=0x1002, flags=0x0, edgeFlags=0x0, metaState=0x0, buttonState=0x1, downTime=123880613000000, eventTime=123880695000000, pointerCount=1
10-30 07:21:25.776 19032 19032 I View    : PerformClick: com.google.android.material.radiobutton.MaterialRadioButton{a965a86 VFED..C.. ...p..ID 0,0-399,126 #7f0801a2 app:id/salad}
10-30 07:21:25.776 19032 19032 I View    : MotionEvent.ACTION_UP: mPrivateFlags: -2128590800,   mHasPerformedLongPress: false,   mIgnoreNextUpEvent: false
10-30 07:21:25.815  1945  2548 V SoundPool: play(soundID=1, leftVolume=1.000000, rightVolume=1.000000, priority=0, loop=0, rate=1.000000)
10-30 07:21:25.816  1945  2548 V AudioTrack: setSampleRate(572): prior state:STATE_STOPPED rate:48000
10-30 07:21:25.816  1945  2548 V AudioTrack: start(572): prior state:STATE_STOPPED
10-30 07:21:25.816  1945  2548 V AudioTrack: start(572): server read:-34372  cumulative flushed:0  client written:0
10-30 07:21:25.817  2580 26577 V AF::Track: start(597): calling pid 1945 session 5353
10-30 07:21:25.817  2580 26577 V AudioPolicyService: AudioCommandThread() adding start output portId 572
10-30 07:21:25.818  2580 26577 V AudioPolicyService: inserting command: 3 at index 0, num commands 0
10-30 07:21:25.818  2580  2595 V AudioPolicyService: AudioCommandThread() processing start output portId 572
10-30 07:21:25.818  2580  2595 D APM_AudioPolicyManager: startOutput portId 572 output primary->(primary output)(13), stream 1, session 5353
10-30 07:21:25.818  2580  2595 V APM_AudioPolicyManager: setBeaconMute(1) mBeaconMuteRefCount=1 mBeaconPlayingRefCount=0
10-30 07:21:25.818  2580  2595 V APM_AudioPolicyManager: selectOutputForMusicEffects selected output 13
10-30 07:21:25.819  2580  2595 V APM_AudioPolicyManager: getNewOutputDevices selected devices {type:0x2,@:}
10-30 07:21:25.819  2580  2595 V APM_AudioPolicyManager: setOutputDevices device {type:0x2,@:} delayMs 0
10-30 07:21:25.819  2580  2595 V APM_AudioPolicyManager: setOutputDevices() prevDevice {type:0x2,@:}
10-30 07:21:25.819  2580  2595 V APM_AudioPolicyManager: setOutputDevices: suppressing checkDeviceMuteStrategies
10-30 07:21:25.819  2580  2595 V APM_AudioPolicyManager: setOutputDevices setting same device {type:0x2,@:} or null device, force=0, patch handle=4
10-30 07:21:25.820  2580  2595 V AudioPolicyService: AudioCommandThread() going to sleep
10-30 07:21:25.821  1945  2548 V SoundPool: play returned 2757
10-30 07:21:25.826  1945  3903 V AudioSystem: ioConfigChanged() event 8
10-30 07:21:25.826  1945  3903 V AudioSystem: ioConfigChanged() AUDIO_CLIENT_STARTED  io 13 port 572 num callbacks 0
10-30 07:21:25.880  2580  2617 V AF::Track: getNextBuffer(597): underrun,  framesReady(0) < framesDesired(236), state: 6
10-30 07:21:25.880  1945 19073 V AudioTrack: stop(572): prior state:STATE_ACTIVE
10-30 07:21:25.880  2580 26577 V AF::Track: stop(597): calling pid 1945
10-30 07:21:25.903  2580  2618 D AF::Track: presentationComplete(597): set: mPresentationCompleteFrames 1633584 audioHalFrames 624
10-30 07:21:25.904  2580  2618 V AF::Track: presentationComplete(597): waiting framesWritten:1632960  mPresentationCompleteFrames:1633584
10-30 07:21:25.923  2580  2618 V AF::Track: presentationComplete(597): presentationComplete() mPresentationCompleteFrames 1633584 framesWritten 1633920
10-30 07:21:25.923  2580  2618 V AF::Track: presentationComplete(597): complete framesWritten:1633920  mPresentationCompleteFrames:1633584
10-30 07:21:25.930  2580  2618 V AudioPolicyService: AudioCommandThread() adding stop output portId 572
10-30 07:21:25.931  2580  2618 V AudioPolicyService: inserting command: 4 at index 0, num commands 0
10-30 07:21:25.932  2580  2595 V AudioPolicyService: AudioCommandThread() processing stop output portId 572
10-30 07:21:25.932  2580  2595 V APM_AudioPolicyManager: stopOutput() portId 572 output 13, stream 1, session 5353
10-30 07:21:25.932  2580  2595 V APM_AudioPolicyManager: setBeaconMute(1) mBeaconMuteRefCount=0 mBeaconPlayingRefCount=0
10-30 07:21:25.932  2580  2595 V APM_AudioPolicyManager: getNewOutputDevices selected devices AUDIO_DEVICE_NONE
10-30 07:21:25.932  2580  2595 V APM_AudioPolicyManager: setOutputDevices device AUDIO_DEVICE_NONE delayMs 106
10-30 07:21:25.933  2580  2595 V APM_AudioPolicyManager: setOutputDevices() prevDevice {type:0x2,@:}
10-30 07:21:25.936  2580  2595 V APM_AudioPolicyManager: setOutputDevices setting same device AUDIO_DEVICE_NONE or null device, force=0, patch handle=4
10-30 07:21:25.937  2580  2595 V APM_AudioPolicyManager: selectOutputForMusicEffects selected output 13
10-30 07:21:25.938  2580  2595 V AudioPolicyService: AudioCommandThread() going to sleep
10-30 07:21:26.153  1673  1699 I PowerRM : CF-1 b-1
10-30 07:21:26.154  1673  1699 I PowerRM : REQF = -1
10-30 07:21:26.154  1673  1699 I Powercontrol_Client: Notify refreshrate 160:60:-1
10-30 07:21:26.155  1418  1447 I vendor.lge.hardware.powercontrol@1.3-impl: notify_refreshrate_limit to 160/60/-1
10-30 07:21:26.158  1945  3903 D WifiClientModeImpl[wlan0]: getConativeWiFiQualityStatus keep previous WifiQuailityInfo
10-30 07:21:26.226 19032 19032 I ViewInteraction: Performing 'single click' action on view view.getId() is <2131231081/com.example.lunchtray:id/next_button>
10-30 07:21:26.233  1945  2498 D InputTransport: channel '87d428 com.example.lunchtray/com.example.lunchtray.MainActivity (server)' : action=ACTION_DOWN(0), id=0, displayId=0, tooltype=0, deviceId=-1, source=0x1002, flags=0x0, edgeFlags=0x0, metaState=0x0, buttonState=0x1, downTime=123881162000000, eventTime=123881162000000, pointerCount=1
10-30 07:21:26.233  1945  2498 D InputTransport: channel 'edge-swipe (server)' : action=ACTION_DOWN(0), id=0, displayId=0, tooltype=0, deviceId=-1, source=0x1002, flags=0x0, edgeFlags=0x0, metaState=0x0, buttonState=0x1, downTime=123881162000000, eventTime=123881162000000, pointerCount=1
10-30 07:21:26.233  1945  2498 D InputTransport: channel 'swipe-up (server)' : action=ACTION_DOWN(0), id=0, displayId=0, tooltype=0, deviceId=-1, source=0x1002, flags=0x0, edgeFlags=0x0, metaState=0x0, buttonState=0x1, downTime=123881162000000, eventTime=123881162000000, pointerCount=1
10-30 07:21:26.233  1945  2498 D InputTransport: channel 'swipe-up (server)' : action=ACTION_DOWN(0), id=0, displayId=0, tooltype=0, deviceId=-1, source=0x1002, flags=0x0, edgeFlags=0x0, metaState=0x0, buttonState=0x1, downTime=123881162000000, eventTime=123881162000000, pointerCount=1
10-30 07:21:26.233  1945  2498 D InputTransport: channel 'swipe-up (server)' : action=ACTION_DOWN(0), id=0, displayId=0, tooltype=0, deviceId=-1, source=0x1002, flags=0x0, edgeFlags=0x0, metaState=0x0, buttonState=0x1, downTime=123881162000000, eventTime=123881162000000, pointerCount=1
10-30 07:21:26.233  1945  2498 D InputTransport: channel 'swipe-up (server)' : action=ACTION_DOWN(0), id=0, displayId=0, tooltype=0, deviceId=-1, source=0x1002, flags=0x0, edgeFlags=0x0, metaState=0x0, buttonState=0x1, downTime=123881162000000, eventTime=123881162000000, pointerCount=1
10-30 07:21:26.233  1945  2498 D InputTransport: channel 'PointerEventDispatcher0 (server)' : action=ACTION_DOWN(0), id=0, displayId=0, tooltype=0, deviceId=-1, source=0x1002, flags=0x0, edgeFlags=0x0, metaState=0x0, buttonState=0x1, downTime=123881162000000, eventTime=123881162000000, pointerCount=1
10-30 07:21:26.315  1945  2498 D InputTransport: channel '87d428 com.example.lunchtray/com.example.lunchtray.MainActivity (server)' : action=ACTION_UP(0), id=0, displayId=0, tooltype=1, deviceId=-1, source=0x1002, flags=0x0, edgeFlags=0x0, metaState=0x0, buttonState=0x1, downTime=123881162000000, eventTime=123881244000000, pointerCount=1
10-30 07:21:26.316  1945  2498 D InputTransport: channel 'edge-swipe (server)' : action=ACTION_UP(0), id=0, displayId=0, tooltype=1, deviceId=-1, source=0x1002, flags=0x0, edgeFlags=0x0, metaState=0x0, buttonState=0x1, downTime=123881162000000, eventTime=123881244000000, pointerCount=1
10-30 07:21:26.316  1945  2498 D InputTransport: channel 'swipe-up (server)' : action=ACTION_UP(0), id=0, displayId=0, tooltype=1, deviceId=-1, source=0x1002, flags=0x0, edgeFlags=0x0, metaState=0x0, buttonState=0x1, downTime=123881162000000, eventTime=123881244000000, pointerCount=1
10-30 07:21:26.316  1945  2498 D InputTransport: channel 'swipe-up (server)' : action=ACTION_UP(0), id=0, displayId=0, tooltype=1, deviceId=-1, source=0x1002, flags=0x0, edgeFlags=0x0, metaState=0x0, buttonState=0x1, downTime=123881162000000, eventTime=123881244000000, pointerCount=1
10-30 07:21:26.316  1945  2498 D InputTransport: channel 'swipe-up (server)' : action=ACTION_UP(0), id=0, displayId=0, tooltype=1, deviceId=-1, source=0x1002, flags=0x0, edgeFlags=0x0, metaState=0x0, buttonState=0x1, downTime=123881162000000, eventTime=123881244000000, pointerCount=1
10-30 07:21:26.316  1945  2498 D InputTransport: channel 'swipe-up (server)' : action=ACTION_UP(0), id=0, displayId=0, tooltype=1, deviceId=-1, source=0x1002, flags=0x0, edgeFlags=0x0, metaState=0x0, buttonState=0x1, downTime=123881162000000, eventTime=123881244000000, pointerCount=1
10-30 07:21:26.317  1945  2498 D InputTransport: channel 'PointerEventDispatcher0 (server)' : action=ACTION_UP(0), id=0, displayId=0, tooltype=1, deviceId=-1, source=0x1002, flags=0x0, edgeFlags=0x0, metaState=0x0, buttonState=0x1, downTime=123881162000000, eventTime=123881244000000, pointerCount=1
10-30 07:21:26.324 19032 19032 I View    : PerformClick: com.google.android.material.button.MaterialButton{fb9aa1f VFED..C.. ...p..ID 561,1364-1038,1490 #7f080169 app:id/next_button}
10-30 07:21:26.324 19032 19032 I View    : MotionEvent.ACTION_UP: mPrivateFlags: -2128590800,   mHasPerformedLongPress: false,   mIgnoreNextUpEvent: false
10-30 07:21:26.355  1945  2548 V SoundPool: play(soundID=1, leftVolume=1.000000, rightVolume=1.000000, priority=0, loop=0, rate=1.000000)
10-30 07:21:26.357  1945  2548 V AudioTrack: setSampleRate(572): prior state:STATE_STOPPED rate:48000
10-30 07:21:26.357  1945  2548 V AudioTrack: start(572): prior state:STATE_STOPPED
10-30 07:21:26.357  1945  2548 V AudioTrack: start(572): server read:-37016  cumulative flushed:0  client written:0
10-30 07:21:26.358  2580 26577 V AF::Track: start(597): calling pid 1945 session 5353
10-30 07:21:26.358  2580 26577 V AudioPolicyService: AudioCommandThread() adding start output portId 572
10-30 07:21:26.359  2580 26577 V AudioPolicyService: inserting command: 3 at index 0, num commands 0
10-30 07:21:26.359  2580  2595 V AudioPolicyService: AudioCommandThread() processing start output portId 572
10-30 07:21:26.359  2580  2595 D APM_AudioPolicyManager: startOutput portId 572 output primary->(primary output)(13), stream 1, session 5353
10-30 07:21:26.360  2580  2595 V APM_AudioPolicyManager: setBeaconMute(1) mBeaconMuteRefCount=1 mBeaconPlayingRefCount=0
10-30 07:21:26.361  2580  2595 V APM_AudioPolicyManager: selectOutputForMusicEffects selected output 13
10-30 07:21:26.361  2580  2595 V APM_AudioPolicyManager: getNewOutputDevices selected devices {type:0x2,@:}
10-30 07:21:26.361  2580  2595 V APM_AudioPolicyManager: setOutputDevices device {type:0x2,@:} delayMs 0
10-30 07:21:26.361  2580  2595 V APM_AudioPolicyManager: setOutputDevices() prevDevice {type:0x2,@:}
10-30 07:21:26.361  2580  2595 V APM_AudioPolicyManager: setOutputDevices: suppressing checkDeviceMuteStrategies
10-30 07:21:26.361  2580  2595 V APM_AudioPolicyManager: setOutputDevices setting same device {type:0x2,@:} or null device, force=0, patch handle=4
10-30 07:21:26.362  2580  2595 V AudioPolicyService: AudioCommandThread() going to sleep
10-30 07:21:26.363  1945  2548 V SoundPool: play returned 2758
10-30 07:21:26.367  1945  3374 V AudioSystem: ioConfigChanged() event 8
10-30 07:21:26.368  1945  3374 V AudioSystem: ioConfigChanged() AUDIO_CLIENT_STARTED  io 13 port 572 num callbacks 0
10-30 07:21:26.420  2580  2617 V AF::Track: getNextBuffer(597): underrun,  framesReady(0) < framesDesired(236), state: 6
10-30 07:21:26.425  2580  2618 D AF::Track: presentationComplete(597): set: mPresentationCompleteFrames 1658544 audioHalFrames 624
10-30 07:21:26.425  2580  2618 V AF::Track: presentationComplete(597): waiting framesWritten:1657920  mPresentationCompleteFrames:1658544
10-30 07:21:26.430  1945 19073 V AudioTrack: stop(572): prior state:STATE_ACTIVE
10-30 07:21:26.430  2580 26577 V AF::Track: stop(597): calling pid 1945
10-30 07:21:26.466  2580  2618 V AF::Track: presentationComplete(597): presentationComplete() mPresentationCompleteFrames 1658544 framesWritten 1659840
10-30 07:21:26.466  2580  2618 V AF::Track: presentationComplete(597): complete framesWritten:1659840  mPresentationCompleteFrames:1658544
10-30 07:21:26.469  2580  2618 V AudioPolicyService: AudioCommandThread() adding stop output portId 572
10-30 07:21:26.470  2580  2618 V AudioPolicyService: inserting command: 4 at index 0, num commands 0
10-30 07:21:26.471  2580  2595 V AudioPolicyService: AudioCommandThread() processing stop output portId 572
10-30 07:21:26.471  2580  2595 V APM_AudioPolicyManager: stopOutput() portId 572 output 13, stream 1, session 5353
10-30 07:21:26.471  2580  2595 V APM_AudioPolicyManager: setBeaconMute(1) mBeaconMuteRefCount=0 mBeaconPlayingRefCount=0
10-30 07:21:26.471  2580  2595 V APM_AudioPolicyManager: getNewOutputDevices selected devices AUDIO_DEVICE_NONE
10-30 07:21:26.471  2580  2595 V APM_AudioPolicyManager: setOutputDevices device AUDIO_DEVICE_NONE delayMs 106
10-30 07:21:26.471  2580  2595 V APM_AudioPolicyManager: setOutputDevices() prevDevice {type:0x2,@:}
10-30 07:21:26.475  2580  2595 V APM_AudioPolicyManager: setOutputDevices setting same device AUDIO_DEVICE_NONE or null device, force=0, patch handle=4
10-30 07:21:26.475  2580  2595 V APM_AudioPolicyManager: selectOutputForMusicEffects selected output 13
10-30 07:21:26.476  2580  2595 V AudioPolicyService: AudioCommandThread() going to sleep
10-30 07:21:26.634  1363 18506 D sensors_hal_accel: handle_sns_client_event:446, accel_sample(accelcal_available:0): ts=285471553049164 ns; value = [0.160710, -0.026483, 9.808925], status=3
10-30 07:21:26.790 19032 19032 I ViewInteraction: Performing 'single click' action on view view.getId() is <2131230835/com.example.lunchtray:id/bread>
10-30 07:21:26.796  1945  2498 D InputTransport: channel '87d428 com.example.lunchtray/com.example.lunchtray.MainActivity (server)' : action=ACTION_DOWN(0), id=0, displayId=0, tooltype=0, deviceId=-1, source=0x1002, flags=0x0, edgeFlags=0x0, metaState=0x0, buttonState=0x1, downTime=123881724000000, eventTime=123881724000000, pointerCount=1
10-30 07:21:26.796  1945  2498 D InputTransport: channel 'edge-swipe (server)' : action=ACTION_DOWN(0), id=0, displayId=0, tooltype=0, deviceId=-1, source=0x1002, flags=0x0, edgeFlags=0x0, metaState=0x0, buttonState=0x1, downTime=123881724000000, eventTime=123881724000000, pointerCount=1
10-30 07:21:26.796  1945  2498 D InputTransport: channel 'swipe-up (server)' : action=ACTION_DOWN(0), id=0, displayId=0, tooltype=0, deviceId=-1, source=0x1002, flags=0x0, edgeFlags=0x0, metaState=0x0, buttonState=0x1, downTime=123881724000000, eventTime=123881724000000, pointerCount=1
10-30 07:21:26.796  1945  2498 D InputTransport: channel 'swipe-up (server)' : action=ACTION_DOWN(0), id=0, displayId=0, tooltype=0, deviceId=-1, source=0x1002, flags=0x0, edgeFlags=0x0, metaState=0x0, buttonState=0x1, downTime=123881724000000, eventTime=123881724000000, pointerCount=1
10-30 07:21:26.796  1945  2498 D InputTransport: channel 'swipe-up (server)' : action=ACTION_DOWN(0), id=0, displayId=0, tooltype=0, deviceId=-1, source=0x1002, flags=0x0, edgeFlags=0x0, metaState=0x0, buttonState=0x1, downTime=123881724000000, eventTime=123881724000000, pointerCount=1
10-30 07:21:26.797  1945  2498 D InputTransport: channel 'swipe-up (server)' : action=ACTION_DOWN(0), id=0, displayId=0, tooltype=0, deviceId=-1, source=0x1002, flags=0x0, edgeFlags=0x0, metaState=0x0, buttonState=0x1, downTime=123881724000000, eventTime=123881724000000, pointerCount=1
10-30 07:21:26.797  1945  2498 D InputTransport: channel 'PointerEventDispatcher0 (server)' : action=ACTION_DOWN(0), id=0, displayId=0, tooltype=0, deviceId=-1, source=0x1002, flags=0x0, edgeFlags=0x0, metaState=0x0, buttonState=0x1, downTime=123881724000000, eventTime=123881724000000, pointerCount=1
10-30 07:21:26.878  1945  2498 D InputTransport: channel '87d428 com.example.lunchtray/com.example.lunchtray.MainActivity (server)' : action=ACTION_UP(0), id=0, displayId=0, tooltype=1, deviceId=-1, source=0x1002, flags=0x0, edgeFlags=0x0, metaState=0x0, buttonState=0x1, downTime=123881724000000, eventTime=123881807000000, pointerCount=1
10-30 07:21:26.879  1945  2498 D InputTransport: channel 'edge-swipe (server)' : action=ACTION_UP(0), id=0, displayId=0, tooltype=1, deviceId=-1, source=0x1002, flags=0x0, edgeFlags=0x0, metaState=0x0, buttonState=0x1, downTime=123881724000000, eventTime=123881807000000, pointerCount=1
10-30 07:21:26.879  1945  2498 D InputTransport: channel 'swipe-up (server)' : action=ACTION_UP(0), id=0, displayId=0, tooltype=1, deviceId=-1, source=0x1002, flags=0x0, edgeFlags=0x0, metaState=0x0, buttonState=0x1, downTime=123881724000000, eventTime=123881807000000, pointerCount=1
10-30 07:21:26.879  1945  2498 D InputTransport: channel 'swipe-up (server)' : action=ACTION_UP(0), id=0, displayId=0, tooltype=1, deviceId=-1, source=0x1002, flags=0x0, edgeFlags=0x0, metaState=0x0, buttonState=0x1, downTime=123881724000000, eventTime=123881807000000, pointerCount=1
10-30 07:21:26.879  1945  2498 D InputTransport: channel 'swipe-up (server)' : action=ACTION_UP(0), id=0, displayId=0, tooltype=1, deviceId=-1, source=0x1002, flags=0x0, edgeFlags=0x0, metaState=0x0, buttonState=0x1, downTime=123881724000000, eventTime=123881807000000, pointerCount=1
10-30 07:21:26.880  1945  2498 D InputTransport: channel 'swipe-up (server)' : action=ACTION_UP(0), id=0, displayId=0, tooltype=1, deviceId=-1, source=0x1002, flags=0x0, edgeFlags=0x0, metaState=0x0, buttonState=0x1, downTime=123881724000000, eventTime=123881807000000, pointerCount=1
10-30 07:21:26.880  1945  2498 D InputTransport: channel 'PointerEventDispatcher0 (server)' : action=ACTION_UP(0), id=0, displayId=0, tooltype=1, deviceId=-1, source=0x1002, flags=0x0, edgeFlags=0x0, metaState=0x0, buttonState=0x1, downTime=123881724000000, eventTime=123881807000000, pointerCount=1
10-30 07:21:26.884 19032 19032 I View    : PerformClick: com.google.android.material.radiobutton.MaterialRadioButton{9b6592e VFED..C.. ...p..ID 0,0-309,126 #7f080073 app:id/bread}
10-30 07:21:26.884 19032 19032 I View    : MotionEvent.ACTION_UP: mPrivateFlags: -2128590800,   mHasPerformedLongPress: false,   mIgnoreNextUpEvent: false
10-30 07:21:26.927  1945  2548 V SoundPool: play(soundID=1, leftVolume=1.000000, rightVolume=1.000000, priority=0, loop=0, rate=1.000000)
10-30 07:21:26.928  1945  2548 V AudioTrack: setSampleRate(572): prior state:STATE_STOPPED rate:48000
10-30 07:21:26.929  1945  2548 V AudioTrack: start(572): prior state:STATE_STOPPED
10-30 07:21:26.929  1945  2548 V AudioTrack: start(572): server read:-39660  cumulative flushed:0  client written:0
10-30 07:21:26.929  2580 26577 V AF::Track: start(597): calling pid 1945 session 5353
10-30 07:21:26.929  2580 26577 V AudioPolicyService: AudioCommandThread() adding start output portId 572
10-30 07:21:26.930  2580 26577 V AudioPolicyService: inserting command: 3 at index 0, num commands 0
10-30 07:21:26.930  2580  2595 V AudioPolicyService: AudioCommandThread() processing start output portId 572
10-30 07:21:26.931  2580  2595 D APM_AudioPolicyManager: startOutput portId 572 output primary->(primary output)(13), stream 1, session 5353
10-30 07:21:26.931  2580  2595 V APM_AudioPolicyManager: setBeaconMute(1) mBeaconMuteRefCount=1 mBeaconPlayingRefCount=0
10-30 07:21:26.931  2580  2595 V APM_AudioPolicyManager: selectOutputForMusicEffects selected output 13
10-30 07:21:26.932  2580  2595 V APM_AudioPolicyManager: getNewOutputDevices selected devices {type:0x2,@:}
10-30 07:21:26.932  2580  2595 V APM_AudioPolicyManager: setOutputDevices device {type:0x2,@:} delayMs 0
10-30 07:21:26.934  2580  2595 V APM_AudioPolicyManager: setOutputDevices() prevDevice {type:0x2,@:}
10-30 07:21:26.934  2580  2595 V APM_AudioPolicyManager: setOutputDevices: suppressing checkDeviceMuteStrategies
10-30 07:21:26.934  2580  2595 V APM_AudioPolicyManager: setOutputDevices setting same device {type:0x2,@:} or null device, force=0, patch handle=4
10-30 07:21:26.935  2580  2595 V AudioPolicyService: AudioCommandThread() going to sleep
10-30 07:21:26.935  1945  2548 V SoundPool: play returned 2759
10-30 07:21:26.943  1945  3903 V AudioSystem: ioConfigChanged() event 8
10-30 07:21:26.943  1945  3903 V AudioSystem: ioConfigChanged() AUDIO_CLIENT_STARTED  io 13 port 572 num callbacks 0
10-30 07:21:27.000  2580  2617 V AF::Track: getNextBuffer(597): underrun,  framesReady(0) < framesDesired(236), state: 6
10-30 07:21:27.003  2580  2618 D AF::Track: presentationComplete(597): set: mPresentationCompleteFrames 1686384 audioHalFrames 624
10-30 07:21:27.003  2580  2618 V AF::Track: presentationComplete(597): waiting framesWritten:1685760  mPresentationCompleteFrames:1686384
10-30 07:21:27.009  1945 19073 V AudioTrack: stop(572): prior state:STATE_ACTIVE
10-30 07:21:27.009  2580 26577 V AF::Track: stop(597): calling pid 1945
10-30 07:21:27.043  2580  2618 V AF::Track: presentationComplete(597): presentationComplete() mPresentationCompleteFrames 1686384 framesWritten 1687680
10-30 07:21:27.043  2580  2618 V AF::Track: presentationComplete(597): complete framesWritten:1687680  mPresentationCompleteFrames:1686384
10-30 07:21:27.050  2580  2618 V AudioPolicyService: AudioCommandThread() adding stop output portId 572
10-30 07:21:27.051  2580  2618 V AudioPolicyService: inserting command: 4 at index 0, num commands 0
10-30 07:21:27.051  2580  2595 V AudioPolicyService: AudioCommandThread() processing stop output portId 572
10-30 07:21:27.052  2580  2595 V APM_AudioPolicyManager: stopOutput() portId 572 output 13, stream 1, session 5353
10-30 07:21:27.052  2580  2595 V APM_AudioPolicyManager: setBeaconMute(1) mBeaconMuteRefCount=0 mBeaconPlayingRefCount=0
10-30 07:21:27.052  2580  2595 V APM_AudioPolicyManager: getNewOutputDevices selected devices AUDIO_DEVICE_NONE
10-30 07:21:27.052  2580  2595 V APM_AudioPolicyManager: setOutputDevices device AUDIO_DEVICE_NONE delayMs 106
10-30 07:21:27.052  2580  2595 V APM_AudioPolicyManager: setOutputDevices() prevDevice {type:0x2,@:}
10-30 07:21:27.055  2580  2595 V APM_AudioPolicyManager: setOutputDevices setting same device AUDIO_DEVICE_NONE or null device, force=0, patch handle=4
10-30 07:21:27.056  2580  2595 V APM_AudioPolicyManager: selectOutputForMusicEffects selected output 13
10-30 07:21:27.056  2580  2595 V AudioPolicyService: AudioCommandThread() going to sleep
10-30 07:21:27.160  1945  3374 D WifiClientModeImpl[wlan0]: getConativeWiFiQualityStatus keep previous WifiQuailityInfo
10-30 07:21:27.339 19032 19032 I ViewInteraction: Performing 'single click' action on view view.getId() is <2131231081/com.example.lunchtray:id/next_button>
10-30 07:21:27.347  1945  2498 D InputTransport: channel '87d428 com.example.lunchtray/com.example.lunchtray.MainActivity (server)' : action=ACTION_DOWN(0), id=0, displayId=0, tooltype=0, deviceId=-1, source=0x1002, flags=0x0, edgeFlags=0x0, metaState=0x0, buttonState=0x1, downTime=123882276000000, eventTime=123882276000000, pointerCount=1
10-30 07:21:27.348  1945  2498 D InputTransport: channel 'edge-swipe (server)' : action=ACTION_DOWN(0), id=0, displayId=0, tooltype=0, deviceId=-1, source=0x1002, flags=0x0, edgeFlags=0x0, metaState=0x0, buttonState=0x1, downTime=123882276000000, eventTime=123882276000000, pointerCount=1
10-30 07:21:27.348  1945  2498 D InputTransport: channel 'swipe-up (server)' : action=ACTION_DOWN(0), id=0, displayId=0, tooltype=0, deviceId=-1, source=0x1002, flags=0x0, edgeFlags=0x0, metaState=0x0, buttonState=0x1, downTime=123882276000000, eventTime=123882276000000, pointerCount=1
10-30 07:21:27.348  1945  2498 D InputTransport: channel 'swipe-up (server)' : action=ACTION_DOWN(0), id=0, displayId=0, tooltype=0, deviceId=-1, source=0x1002, flags=0x0, edgeFlags=0x0, metaState=0x0, buttonState=0x1, downTime=123882276000000, eventTime=123882276000000, pointerCount=1
10-30 07:21:27.348  1945  2498 D InputTransport: channel 'swipe-up (server)' : action=ACTION_DOWN(0), id=0, displayId=0, tooltype=0, deviceId=-1, source=0x1002, flags=0x0, edgeFlags=0x0, metaState=0x0, buttonState=0x1, downTime=123882276000000, eventTime=123882276000000, pointerCount=1
10-30 07:21:27.348  1945  2498 D InputTransport: channel 'swipe-up (server)' : action=ACTION_DOWN(0), id=0, displayId=0, tooltype=0, deviceId=-1, source=0x1002, flags=0x0, edgeFlags=0x0, metaState=0x0, buttonState=0x1, downTime=123882276000000, eventTime=123882276000000, pointerCount=1
10-30 07:21:27.349  1945  2498 D InputTransport: channel 'PointerEventDispatcher0 (server)' : action=ACTION_DOWN(0), id=0, displayId=0, tooltype=0, deviceId=-1, source=0x1002, flags=0x0, edgeFlags=0x0, metaState=0x0, buttonState=0x1, downTime=123882276000000, eventTime=123882276000000, pointerCount=1
10-30 07:21:27.432  1945  2498 D InputTransport: channel '87d428 com.example.lunchtray/com.example.lunchtray.MainActivity (server)' : action=ACTION_UP(0), id=0, displayId=0, tooltype=1, deviceId=-1, source=0x1002, flags=0x0, edgeFlags=0x0, metaState=0x0, buttonState=0x1, downTime=123882276000000, eventTime=123882359000000, pointerCount=1
10-30 07:21:27.432  1945  2498 D InputTransport: channel 'edge-swipe (server)' : action=ACTION_UP(0), id=0, displayId=0, tooltype=1, deviceId=-1, source=0x1002, flags=0x0, edgeFlags=0x0, metaState=0x0, buttonState=0x1, downTime=123882276000000, eventTime=123882359000000, pointerCount=1
10-30 07:21:27.432  1945  2498 D InputTransport: channel 'swipe-up (server)' : action=ACTION_UP(0), id=0, displayId=0, tooltype=1, deviceId=-1, source=0x1002, flags=0x0, edgeFlags=0x0, metaState=0x0, buttonState=0x1, downTime=123882276000000, eventTime=123882359000000, pointerCount=1
10-30 07:21:27.433  1945  2498 D InputTransport: channel 'swipe-up (server)' : action=ACTION_UP(0), id=0, displayId=0, tooltype=1, deviceId=-1, source=0x1002, flags=0x0, edgeFlags=0x0, metaState=0x0, buttonState=0x1, downTime=123882276000000, eventTime=123882359000000, pointerCount=1
10-30 07:21:27.433  1945  2498 D InputTransport: channel 'swipe-up (server)' : action=ACTION_UP(0), id=0, displayId=0, tooltype=1, deviceId=-1, source=0x1002, flags=0x0, edgeFlags=0x0, metaState=0x0, buttonState=0x1, downTime=123882276000000, eventTime=123882359000000, pointerCount=1
10-30 07:21:27.433  1945  2498 D InputTransport: channel 'swipe-up (server)' : action=ACTION_UP(0), id=0, displayId=0, tooltype=1, deviceId=-1, source=0x1002, flags=0x0, edgeFlags=0x0, metaState=0x0, buttonState=0x1, downTime=123882276000000, eventTime=123882359000000, pointerCount=1
10-30 07:21:27.433  1945  2498 D InputTransport: channel 'PointerEventDispatcher0 (server)' : action=ACTION_UP(0), id=0, displayId=0, tooltype=1, deviceId=-1, source=0x1002, flags=0x0, edgeFlags=0x0, metaState=0x0, buttonState=0x1, downTime=123882276000000, eventTime=123882359000000, pointerCount=1
10-30 07:21:27.444 19032 19032 I View    : PerformClick: com.google.android.material.button.MaterialButton{a2b54a7 VFED..C.. ...p..ID 561,1038-1038,1164 #7f080169 app:id/next_button}
10-30 07:21:27.444 19032 19032 I View    : MotionEvent.ACTION_UP: mPrivateFlags: -2128590800,   mHasPerformedLongPress: false,   mIgnoreNextUpEvent: false
10-30 07:21:27.466  1945  2548 V SoundPool: play(soundID=1, leftVolume=1.000000, rightVolume=1.000000, priority=0, loop=0, rate=1.000000)
10-30 07:21:27.467  1945  2548 V AudioTrack: setSampleRate(572): prior state:STATE_STOPPED rate:48000
10-30 07:21:27.467  1945  2548 V AudioTrack: start(572): prior state:STATE_STOPPED
10-30 07:21:27.467  1945  2548 V AudioTrack: start(572): server read:-42304  cumulative flushed:0  client written:0
10-30 07:21:27.468  2580 26577 V AF::Track: start(597): calling pid 1945 session 5353
10-30 07:21:27.468  2580 26577 V AudioPolicyService: AudioCommandThread() adding start output portId 572
10-30 07:21:27.468  2580 26577 V AudioPolicyService: inserting command: 3 at index 0, num commands 0
10-30 07:21:27.469  2580  2595 V AudioPolicyService: AudioCommandThread() processing start output portId 572
10-30 07:21:27.469  2580  2595 D APM_AudioPolicyManager: startOutput portId 572 output primary->(primary output)(13), stream 1, session 5353
10-30 07:21:27.469  2580  2595 V APM_AudioPolicyManager: setBeaconMute(1) mBeaconMuteRefCount=1 mBeaconPlayingRefCount=0
10-30 07:21:27.469  2580  2595 V APM_AudioPolicyManager: selectOutputForMusicEffects selected output 13
10-30 07:21:27.470  2580  2595 V APM_AudioPolicyManager: getNewOutputDevices selected devices {type:0x2,@:}
10-30 07:21:27.470  2580  2595 V APM_AudioPolicyManager: setOutputDevices device {type:0x2,@:} delayMs 0
10-30 07:21:27.470  2580  2595 V APM_AudioPolicyManager: setOutputDevices() prevDevice {type:0x2,@:}
10-30 07:21:27.470  2580  2595 V APM_AudioPolicyManager: setOutputDevices: suppressing checkDeviceMuteStrategies
10-30 07:21:27.470  2580  2595 V APM_AudioPolicyManager: setOutputDevices setting same device {type:0x2,@:} or null device, force=0, patch handle=4
10-30 07:21:27.470  2580  2595 V AudioPolicyService: AudioCommandThread() going to sleep
10-30 07:21:27.471  1945  3374 V AudioSystem: ioConfigChanged() event 8
10-30 07:21:27.471  1945  3374 V AudioSystem: ioConfigChanged() AUDIO_CLIENT_STARTED  io 13 port 572 num callbacks 0
10-30 07:21:27.472  1945  2548 V SoundPool: play returned 2760
10-30 07:21:27.527  2580  2617 V AF::Track: getNextBuffer(597): underrun,  framesReady(0) < framesDesired(236), state: 6
10-30 07:21:27.527  1945 19073 V AudioTrack: stop(572): prior state:STATE_ACTIVE
