10-30 07:21:21.134  2756  3836 D StatusBar: mainDisplayTopActivityComponentName : ComponentInfo{com.example.lunchtray/androidx.fragment.app.testing.FragmentScenario$EmptyFragmentActivity}
10-30 07:21:21.134 19032 19032 V ActivityScenario: Activity lifecycle changed event received but ignored because the intent does not match. startActivityIntent=Intent { act=android.intent.action.MAIN cat=[android.intent.category.LAUNCHER] cmp=com.example.lunchtray/.MainActivity }, activity.getIntent()=Intent { act=android.intent.action.MAIN cat=[android.intent.category.LAUNCHER] cmp=com.example.lunchtray/androidx.fragment.app.testing.FragmentScenario$EmptyFragmentActivity (has extras) }, activity=androidx.fragment.app.testing.FragmentScenario$EmptyFragmentActivity@bad9c0a
10-30 07:21:21.134 15411 15411 I GsaVoiceInteractionSrv: Handling ACTION_STOP_HOTWORD
10-30 07:21:21.134 19032 19032 V ActivityScenario: Activity lifecycle changed event received but ignored because the intent does not match. startActivityIntent=Intent { act=android.intent.action.MAIN cat=[android.intent.category.LAUNCHER] cmp=com.example.lunchtray/.MainActivity }, activity.getIntent()=Intent { act=android.intent.action.MAIN cat=[android.intent.category.LAUNCHER] cmp=com.example.lunchtray/androidx.fragment.app.testing.FragmentScenario$EmptyFragmentActivity (has extras) }, activity=androidx.fragment.app.testing.FragmentScenario$EmptyFragmentActivity@bad9c0a
10-30 07:21:21.134 19032 19032 V ActivityScenario: Activity lifecycle changed event received but ignored because the intent does not match. startActivityIntent=Intent { act=android.intent.action.MAIN cat=[android.intent.category.LAUNCHER] cmp=com.example.lunchtray/.MainActivity }, activity.getIntent()=Intent { act=android.intent.action.MAIN cat=[android.intent.category.LAUNCHER] cmp=com.example.lunchtray/androidx.fragment.app.testing.FragmentScenario$EmptyFragmentActivity (has extras) }, activity=androidx.fragment.app.testing.FragmentScenario$EmptyFragmentActivity@bad9c0a
10-30 07:21:21.134 19032 19032 V ActivityScenario: Update currentActivityStage to CREATED, currentActivity=androidx.fragment.app.testing.FragmentScenario$EmptyFragmentActivity@bad9c0a
10-30 07:21:21.134 15411 15458 I HwDetectorWithState: (REDACTED) a: %d
10-30 07:21:21.135 19032 19032 V ActivityScenario: Activity lifecycle changed event received but ignored because the intent does not match. startActivityIntent=Intent { act=android.intent.action.MAIN cat=[android.intent.category.LAUNCHER] cmp=com.example.lunchtray/.MainActivity }, activity.getIntent()=Intent { act=android.intent.action.MAIN cat=[android.intent.category.LAUNCHER] cmp=com.example.lunchtray/androidx.fragment.app.testing.FragmentScenario$EmptyFragmentActivity (has extras) }, activity=androidx.fragment.app.testing.FragmentScenario$EmptyFragmentActivity@bad9c0a
10-30 07:21:21.135 19032 19032 V ActivityScenario: Update currentActivityStage to CREATED, currentActivity=androidx.fragment.app.testing.FragmentScenario$EmptyFragmentActivity@bad9c0a
10-30 07:21:21.136  2756  2756 I StatusBar: updateStatusBarColor(): mApplyNotchStatusBar=false delay=true isPort=true
10-30 07:21:21.136 19032 19032 D LifecycleMonitor: Lifecycle status change: androidx.fragment.app.testing.FragmentScenario$EmptyFragmentActivity@bad9c0a in: STARTED
10-30 07:21:21.136  2756  3836 I GameToolsControllerService: game removed from map {}
10-30 07:21:21.136  2756  2756 I LightBarTransitionsController: animateIconTint() : skip : mNextDarkIntensity = 0.0
10-30 07:21:21.136 19032 19032 V ActivityScenario: Activity lifecycle changed event received but ignored because the intent does not match. startActivityIntent=Intent { act=android.intent.action.MAIN cat=[android.intent.category.LAUNCHER] cmp=com.example.lunchtray/.MainActivity }, activity.getIntent()=Intent { act=android.intent.action.MAIN cat=[android.intent.category.LAUNCHER] cmp=com.example.lunchtray/androidx.fragment.app.testing.FragmentScenario$EmptyFragmentActivity (has extras) }, activity=androidx.fragment.app.testing.FragmentScenario$EmptyFragmentActivity@bad9c0a
10-30 07:21:21.136 19032 19032 V ActivityScenario: Activity lifecycle changed event received but ignored because the intent does not match. startActivityIntent=Intent { act=android.intent.action.MAIN cat=[android.intent.category.LAUNCHER] cmp=com.example.lunchtray/.MainActivity }, activity.getIntent()=Intent { act=android.intent.action.MAIN cat=[android.intent.category.LAUNCHER] cmp=com.example.lunchtray/androidx.fragment.app.testing.FragmentScenario$EmptyFragmentActivity (has extras) }, activity=androidx.fragment.app.testing.FragmentScenario$EmptyFragmentActivity@bad9c0a
10-30 07:21:21.136 19032 19032 V ActivityScenario: Activity lifecycle changed event received but ignored because the intent does not match. startActivityIntent=Intent { act=android.intent.action.MAIN cat=[android.intent.category.LAUNCHER] cmp=com.example.lunchtray/.MainActivity }, activity.getIntent()=Intent { act=android.intent.action.MAIN cat=[android.intent.category.LAUNCHER] cmp=com.example.lunchtray/androidx.fragment.app.testing.FragmentScenario$EmptyFragmentActivity (has extras) }, activity=androidx.fragment.app.testing.FragmentScenario$EmptyFragmentActivity@bad9c0a
10-30 07:21:21.136 19032 19032 V ActivityScenario: Update currentActivityStage to STARTED, currentActivity=androidx.fragment.app.testing.FragmentScenario$EmptyFragmentActivity@bad9c0a
10-30 07:21:21.136 19032 19032 V ActivityScenario: Activity lifecycle changed event received but ignored because the intent does not match. startActivityIntent=Intent { act=android.intent.action.MAIN cat=[android.intent.category.LAUNCHER] cmp=com.example.lunchtray/.MainActivity }, activity.getIntent()=Intent { act=android.intent.action.MAIN cat=[android.intent.category.LAUNCHER] cmp=com.example.lunchtray/androidx.fragment.app.testing.FragmentScenario$EmptyFragmentActivity (has extras) }, activity=androidx.fragment.app.testing.FragmentScenario$EmptyFragmentActivity@bad9c0a
10-30 07:21:21.136 19032 19032 V ActivityScenario: Update currentActivityStage to STARTED, currentActivity=androidx.fragment.app.testing.FragmentScenario$EmptyFragmentActivity@bad9c0a
10-30 07:21:21.137  2756  3836 D StatusBar: mainDisplayTopActivityComponentName : ComponentInfo{com.example.lunchtray/androidx.fragment.app.testing.FragmentScenario$EmptyFragmentActivity}
10-30 07:21:21.137 19032 19032 D LifecycleMonitor: Lifecycle status change: androidx.fragment.app.testing.FragmentScenario$EmptyFragmentActivity@bad9c0a in: RESUMED
10-30 07:21:21.137 19032 19032 V ActivityScenario: Activity lifecycle changed event received but ignored because the intent does not match. startActivityIntent=Intent { act=android.intent.action.MAIN cat=[android.intent.category.LAUNCHER] cmp=com.example.lunchtray/.MainActivity }, activity.getIntent()=Intent { act=android.intent.action.MAIN cat=[android.intent.category.LAUNCHER] cmp=com.example.lunchtray/androidx.fragment.app.testing.FragmentScenario$EmptyFragmentActivity (has extras) }, activity=androidx.fragment.app.testing.FragmentScenario$EmptyFragmentActivity@bad9c0a
10-30 07:21:21.138 19032 19032 V ActivityScenario: Activity lifecycle changed event received but ignored because the intent does not match. startActivityIntent=Intent { act=android.intent.action.MAIN cat=[android.intent.category.LAUNCHER] cmp=com.example.lunchtray/.MainActivity }, activity.getIntent()=Intent { act=android.intent.action.MAIN cat=[android.intent.category.LAUNCHER] cmp=com.example.lunchtray/androidx.fragment.app.testing.FragmentScenario$EmptyFragmentActivity (has extras) }, activity=androidx.fragment.app.testing.FragmentScenario$EmptyFragmentActivity@bad9c0a
10-30 07:21:21.138 19032 19032 V ActivityScenario: Activity lifecycle changed event received but ignored because the intent does not match. startActivityIntent=Intent { act=android.intent.action.MAIN cat=[android.intent.category.LAUNCHER] cmp=com.example.lunchtray/.MainActivity }, activity.getIntent()=Intent { act=android.intent.action.MAIN cat=[android.intent.category.LAUNCHER] cmp=com.example.lunchtray/androidx.fragment.app.testing.FragmentScenario$EmptyFragmentActivity (has extras) }, activity=androidx.fragment.app.testing.FragmentScenario$EmptyFragmentActivity@bad9c0a
10-30 07:21:21.138 19032 19032 V ActivityScenario: Update currentActivityStage to RESUMED, currentActivity=androidx.fragment.app.testing.FragmentScenario$EmptyFragmentActivity@bad9c0a
10-30 07:21:21.138 19032 19032 V ActivityScenario: Activity lifecycle changed event received but ignored because the intent does not match. startActivityIntent=Intent { act=android.intent.action.MAIN cat=[android.intent.category.LAUNCHER] cmp=com.example.lunchtray/.MainActivity }, activity.getIntent()=Intent { act=android.intent.action.MAIN cat=[android.intent.category.LAUNCHER] cmp=com.example.lunchtray/androidx.fragment.app.testing.FragmentScenario$EmptyFragmentActivity (has extras) }, activity=androidx.fragment.app.testing.FragmentScenario$EmptyFragmentActivity@bad9c0a
10-30 07:21:21.138 19032 19032 V ActivityScenario: Update currentActivityStage to RESUMED, currentActivity=androidx.fragment.app.testing.FragmentScenario$EmptyFragmentActivity@bad9c0a
10-30 07:21:21.142  2756  2756 I StatusBar: updateStatusBarColor(): mApplyNotchStatusBar=false delay=true isPort=true
10-30 07:21:21.143  2756  2756 I LightBarTransitionsController: animateIconTint() : skip : mNextDarkIntensity = 0.0
10-30 07:21:21.144  1499  3633 D SurfaceFlinger: Create ContainerLayer(0x7318071ab0) db83860 com.example.lunchtray/androidx.fragment.app.testing.FragmentScenario$EmptyFragmentActivity#0
10-30 07:21:21.145 19032 19032 D DecorView: [DecorView][notifyViewAdded] token = android.view.ViewRootImpl$WEx@2e154e5
10-30 07:21:21.146 19032 19032 I TouchFilterInputStageHelper: [needTouchEventFilter] Displayid : 0
10-30 07:21:21.146 19032 19032 D HandGripFilter: getdisplaysize, x : 1080 y : 2460
10-30 07:21:21.147  1945  5020 D WifiClientModeImpl[wlan0]: getConativeWiFiQualityStatus keep previous WifiQuailityInfo
10-30 07:21:21.147 19032 19032 D LifecycleMonitor: Lifecycle status change: androidx.test.core.app.InstrumentationActivityInvoker$BootstrapActivity@2455b80 in: STOPPED
10-30 07:21:21.147 19032 19032 V ActivityScenario: Activity lifecycle changed event received but ignored because the intent does not match. startActivityIntent=Intent { act=android.intent.action.MAIN cat=[android.intent.category.LAUNCHER] cmp=com.example.lunchtray/.MainActivity }, activity.getIntent()=Intent { act=android.intent.action.MAIN cat=[android.intent.category.LAUNCHER] flg=0x10008000 cmp=com.example.lunchtray/androidx.test.core.app.InstrumentationActivityInvoker$BootstrapActivity (has extras) }, activity=androidx.test.core.app.InstrumentationActivityInvoker$BootstrapActivity@2455b80
10-30 07:21:21.148 19032 19032 V ActivityScenario: Activity lifecycle changed event received but ignored because the intent does not match. startActivityIntent=Intent { act=android.intent.action.MAIN cat=[android.intent.category.LAUNCHER] cmp=com.example.lunchtray/.MainActivity }, activity.getIntent()=Intent { act=android.intent.action.MAIN cat=[android.intent.category.LAUNCHER] flg=0x10008000 cmp=com.example.lunchtray/androidx.test.core.app.InstrumentationActivityInvoker$BootstrapActivity (has extras) }, activity=androidx.test.core.app.InstrumentationActivityInvoker$BootstrapActivity@2455b80
10-30 07:21:21.148 19032 19032 V ActivityScenario: Activity lifecycle changed event received but ignored because the intent does not match. startActivityIntent=Intent { act=android.intent.action.MAIN cat=[android.intent.category.LAUNCHER] cmp=com.example.lunchtray/.MainActivity }, activity.getIntent()=Intent { act=android.intent.action.MAIN cat=[android.intent.category.LAUNCHER] flg=0x10008000 cmp=com.example.lunchtray/androidx.test.core.app.InstrumentationActivityInvoker$BootstrapActivity (has extras) }, activity=androidx.test.core.app.InstrumentationActivityInvoker$BootstrapActivity@2455b80
10-30 07:21:21.148 19032 19032 V ActivityScenario: Activity lifecycle changed event received but ignored because the intent does not match. startActivityIntent=Intent { act=android.intent.action.MAIN cat=[android.intent.category.LAUNCHER] cmp=com.example.lunchtray/androidx.fragment.app.testing.FragmentScenario$EmptyFragmentActivity (has extras) }, activity.getIntent()=Intent { act=android.intent.action.MAIN cat=[android.intent.category.LAUNCHER] flg=0x10008000 cmp=com.example.lunchtray/androidx.test.core.app.InstrumentationActivityInvoker$BootstrapActivity (has extras) }, activity=androidx.test.core.app.InstrumentationActivityInvoker$BootstrapActivity@2455b80
10-30 07:21:21.148 19032 19032 V ActivityScenario: Activity lifecycle changed event received but ignored because the intent does not match. startActivityIntent=Intent { act=android.intent.action.MAIN cat=[android.intent.category.LAUNCHER] cmp=com.example.lunchtray/.MainActivity }, activity.getIntent()=Intent { act=android.intent.action.MAIN cat=[android.intent.category.LAUNCHER] flg=0x10008000 cmp=com.example.lunchtray/androidx.test.core.app.InstrumentationActivityInvoker$BootstrapActivity (has extras) }, activity=androidx.test.core.app.InstrumentationActivityInvoker$BootstrapActivity@2455b80
10-30 07:21:21.148 19032 19032 V ActivityScenario: Activity lifecycle changed event received but ignored because the intent does not match. startActivityIntent=Intent { act=android.intent.action.MAIN cat=[android.intent.category.LAUNCHER] cmp=com.example.lunchtray/androidx.fragment.app.testing.FragmentScenario$EmptyFragmentActivity (has extras) }, activity.getIntent()=Intent { act=android.intent.action.MAIN cat=[android.intent.category.LAUNCHER] flg=0x10008000 cmp=com.example.lunchtray/androidx.test.core.app.InstrumentationActivityInvoker$BootstrapActivity (has extras) }, activity=androidx.test.core.app.InstrumentationActivityInvoker$BootstrapActivity@2455b80
10-30 07:21:21.154  1499  1499 I SurfaceFlinger: Remove BufferStateLayer(0x731804ca60) com.lge.launcher3/com.lge.launcher3.LauncherExtension@15222#0 (parent=none)
10-30 07:21:21.154  1499  1499 I SurfaceFlinger: Remove BufferStateLayer(0x73180c4400) com.lge.launcher3/com.lge.launcher3.LauncherExtension@3488#0 (parent=none)
10-30 07:21:21.154  1499  1499 D Layer   : Destroy com.lge.launcher3/com.lge.launcher3.LauncherExtension@3488#0(0x73180c4400)
10-30 07:21:21.154  1499  1499 D Layer   : Destroy com.lge.launcher3/com.lge.launcher3.LauncherExtension@15222#0(0x731804ca60)
10-30 07:21:21.155  1945  5020 D InputDispatcher: Window went away: com.lge.launcher3/com.lge.launcher3.LauncherExtension@15222#0
10-30 07:21:21.155  1945  5020 D InputDispatcher: Window went away: com.lge.launcher3/com.lge.launcher3.LauncherExtension@3488#0
10-30 07:21:21.155  1499  3633 D SurfaceFlinger: Create BufferStateLayer(0x731807d0f0) com.example.lunchtray/androidx.fragment.app.testing.FragmentScenario$EmptyFragmentActivity@19032#0
10-30 07:21:21.158  1499  3633 D SurfaceFlinger: Create EffectLayer(0x73180e0ba0) Surface(name=dcb9bf0 StatusBar)/@0xac9fa55 - animation-leash of insets_animation#1
10-30 07:21:21.159  1673  1699 I PowerRM : System FW:1 IC:0 SO:0 GT:0 CAPP:-1 APP:0
10-30 07:21:21.159  1673  1699 I PowerRM : System FW:0 IC:0 SO:0 GT:0 CAPP:-1 APP:0
10-30 07:21:21.159  1673  1699 I PowerRM : FIA lock1 unlocked
10-30 07:21:21.159  1499  3633 D SurfaceFlinger: Create EffectLayer(0x73180a7c60) Surface(name=5efab5d NavigationBar0)/@0xb1951a3 - animation-leash of insets_animation#1
10-30 07:21:21.159  1945  2015 D IStatusBar.Stub: updateNavigationBarColor(0, -16777216)
10-30 07:21:21.159  2756  3135 D IStatusBar.Stub : CommandQueue: updateNavigationBarColor(0, -16777216)
10-30 07:21:21.159  2756  2756 I NavigationThemeResource: display(0) notify navigation bar color(0xff000000)
10-30 07:21:21.160  2756  2756 I NavigationThemeResource: WmEx Color dark = -16777216
10-30 07:21:21.160  2756  2756 I NavigationThemeResource: NavigationKey(0) Color is changed(WHITE_WITH_BORDER -> WHITE)
10-30 07:21:21.160  2756  2756 I NavigationThemeResource:  BarMode=-1, Theme=WHITE, LightBackground=false, mNavigationLight=false (NOT Transparent)
10-30 07:21:21.160  2756  2756 I NavigationThemeResource: , Keyguard show=false, IME shown=false, Bar vertical=true, Panel expanded=false
10-30 07:21:21.168  1499  3633 D SurfaceFlinger: Create EffectLayer(0x73180e9450) Surface(name=db83860 com.example.lunchtray/androidx.fragment.app.testing.FragmentScenario$EmptyFragmentActivity)/@0x7f691ea - animation-leash of starting_reveal#0
10-30 07:21:21.169  1945  2013 W ziparchive: Unable to open '/data/app/~~CTkNfAd8-4QQUyxJenjiaQ==/com.example.lunchtray-HUA09ORZeh3jzWgaP7ufBA==/base.dm': No such file or directory
10-30 07:21:21.170  1945  2013 I ActivityTaskManager: Displayed com.example.lunchtray/androidx.fragment.app.testing.FragmentScenario$EmptyFragmentActivity: +132ms
10-30 07:21:21.171  1499  1499 I SurfaceFlinger: Remove EffectLayer(0x73180ad780) Surface(name=5efab5d NavigationBar0)/@0xb1951a3 - animation-leash of insets_animation#0 (parent=none)
10-30 07:21:21.171  1499  1499 I SurfaceFlinger: Remove EffectLayer(0x73180bbb50) Surface(name=dcb9bf0 StatusBar)/@0xac9fa55 - animation-leash of insets_animation#0 (parent=none)
10-30 07:21:21.171  1499  1499 D Layer   : Destroy Surface(name=dcb9bf0 StatusBar)/@0xac9fa55 - animation-leash of insets_animation#0(0x73180bbb50)
10-30 07:21:21.171  1499  1499 D Layer   : Destroy Surface(name=5efab5d NavigationBar0)/@0xb1951a3 - animation-leash of insets_animation#0(0x73180ad780)
10-30 07:21:21.175  1499  1499 I MiniDump: -------------------------------------------------------------------------------------------
10-30 07:21:21.175  1499  1499 I MiniDump: [ROTATION_0] H |  Comp Type |  Transform |  Alpha |  Disp Frame (LTRB) |  Source Crop (LTRB) | Frame Rate  | Disp[4630946736071014273] ""
10-30 07:21:21.175  1499  1499 I MiniDump: 0x731807d0f0 |     DEVICE |          0 | 1.000 |    0    0 1080 2460 |   0.0   0.0 1080.0 2460.0 | com.example.lunchtray/and[...]yFragmentActivity@19032#0
10-30 07:21:21.175  1499  1499 I MiniDump: 0x73180fa5b0 |     DEVICE |          0 | 1.000 |    0    0 1080 2460 |   0.0   0.0 1080.0 2460.0 | Splash Screen com.example.lunchtray@2756#0
10-30 07:21:21.175  1499  1499 I MiniDump: 0x7317fcc810 |     DEVICE |          0 | 1.000 |    0    0 1080   76 |   0.0   0.0 1080.0  76.0 | StatusBar@2756#0
10-30 07:21:21.175  1499  1499 I MiniDump: 0x7317fd50c0 |     DEVICE |          0 | 1.000 |    0 2334 1080 2460 |   0.0   0.0 1080.0 126.0 | NavigationBar0@2756#0
10-30 07:21:21.175  1499  1499 I MiniDump: 0x7317fbb6b0 |     DEVICE |          0 | 1.000 |    0    0 1080   88 |   0.0   0.0 1080.0  88.0 | ScreenDecorOverlay@2756#0
10-30 07:21:21.175  1499  1499 I MiniDump: 0x7317fb8920 |     DEVICE |          0 | 1.000 |    0 2372 1080 2460 |   0.0   0.0 1080.0  88.0 | ScreenDecorOverlayBottom@2756#0
10-30 07:21:21.189  1499  3633 D SurfaceFlinger: Create EffectLayer(0x73180775d0) Surface(name=4b3b4c9 Splash Screen com.example.lunchtray)/@0x2bfc8cf - animation-leash of window_animation#0
10-30 07:21:21.194  1945  4803 W InputManager-JNI: Input channel object '4b3b4c9 Splash Screen com.example.lunchtray (client)' was disposed without first being removed with the input manager!
10-30 07:21:21.201  1499  3633 D SurfaceFlinger: Create EffectLayer(0x7318052580) Surface(name=e4973b7 InputMethod)/@0x766a28d - animation-leash of insets_animation#0
10-30 07:21:21.205  1499  1499 I SurfaceFlinger: Remove EffectLayer(0x731809f3b0) Surface(name=5efab5d NavigationBar0)/@0xb1951a3 - animation-leash of insets_animation#0 (parent=none)
10-30 07:21:21.205  1499  1499 I SurfaceFlinger: Remove EffectLayer(0x73180be8e0) Surface(name=dcb9bf0 StatusBar)/@0xac9fa55 - animation-leash of insets_animation#0 (parent=none)
10-30 07:21:21.205  1499  1499 I SurfaceFlinger: Remove EffectLayer(0x73180cfa40) Surface(name=e4973b7 InputMethod)/@0x766a28d - animation-leash of insets_animation#1 (parent=none)
10-30 07:21:21.205  1499  1499 I SurfaceFlinger: Remove EffectLayer(0x73180e9450) Surface(name=db83860 com.example.lunchtray/androidx.fragment.app.testing.FragmentScenario$EmptyFragmentActivity)/@0x7f691ea - animation-leash of starting_reveal#0 (parent=none)
10-30 07:21:21.205  1499  1499 D Layer   : Destroy Surface(name=5efab5d NavigationBar0)/@0xb1951a3 - animation-leash of insets_animation#0(0x731809f3b0)
10-30 07:21:21.205  1499  1499 D Layer   : Destroy Surface(name=dcb9bf0 StatusBar)/@0xac9fa55 - animation-leash of insets_animation#0(0x73180be8e0)
10-30 07:21:21.205  1499  1499 D Layer   : Destroy Surface(name=e4973b7 InputMethod)/@0x766a28d - animation-leash of insets_animation#1(0x73180cfa40)
10-30 07:21:21.206  1945  1965 D InputDispatcher: Window went away: 4b3b4c9 Splash Screen com.example.lunchtray
10-30 07:21:21.209  1499  1499 I MiniDump: -------------------------------------------------------------------------------------------
10-30 07:21:21.209  1499  1499 I MiniDump: [ROTATION_0] H |  Comp Type |  Transform |  Alpha |  Disp Frame (LTRB) |  Source Crop (LTRB) | Frame Rate  | Disp[4630946736071014273] ""
10-30 07:21:21.209  1499  1499 I MiniDump: 0x731807d0f0 |     DEVICE |          0 | 1.000 |    0    0 1080 2460 |   0.0   0.0 1080.0 2460.0 | com.example.lunchtray/and[...]yFragmentActivity@19032#0
10-30 07:21:21.209  1499  1499 I MiniDump: 0x7317fcc810 |     DEVICE |          0 | 1.000 |    0    0 1080   76 |   0.0   0.0 1080.0  76.0 | StatusBar@2756#0
10-30 07:21:21.209  1499  1499 I MiniDump: 0x7317fd50c0 |     DEVICE |          0 | 1.000 |    0 2334 1080 2460 |   0.0   0.0 1080.0 126.0 | NavigationBar0@2756#0
10-30 07:21:21.209  1499  1499 I MiniDump: 0x7317fbb6b0 |     DEVICE |          0 | 1.000 |    0    0 1080   88 |   0.0   0.0 1080.0  88.0 | ScreenDecorOverlay@2756#0
10-30 07:21:21.209  1499  1499 I MiniDump: 0x7317fb8920 |     DEVICE |          0 | 1.000 |    0 2372 1080 2460 |   0.0   0.0 1080.0  88.0 | ScreenDecorOverlayBottom@2756#0
10-30 07:21:21.216  2756  2756 D NavigationModeController: getCurrentUserContext: contextUser=0 currentUser=0
10-30 07:21:21.220  1499  1499 I SurfaceFlinger: Remove ContainerLayer(0x7318041420) 4b3b4c9 Splash Screen com.example.lunchtray#0 (parent=none)
10-30 07:21:21.220  1499  1499 I SurfaceFlinger: Remove EffectLayer(0x73180775d0) Surface(name=4b3b4c9 Splash Screen com.example.lunchtray)/@0x2bfc8cf - animation-leash of window_animation#0 (parent=none)
10-30 07:21:21.220  1499  1499 I SurfaceFlinger: Remove BufferStateLayer(0x73180fa5b0) Splash Screen com.example.lunchtray@2756#0 (parent=none)
10-30 07:21:21.220  1499  1499 D Layer   : Destroy Surface(name=4b3b4c9 Splash Screen com.example.lunchtray)/@0x2bfc8cf - animation-leash of window_animation#0(0x73180775d0)
10-30 07:21:21.220  1499  1499 D Layer   : Destroy 4b3b4c9 Splash Screen com.example.lunchtray#0(0x7318041420)
10-30 07:21:21.221  1499  1499 D Layer   : Destroy Splash Screen com.example.lunchtray@2756#0(0x73180fa5b0)
10-30 07:21:21.221  1945  1965 D InputDispatcher: Window went away: Splash Screen com.example.lunchtray@2756#0
10-30 07:21:21.222  2756  3815 D NavigationModeController: getCurrentUserContext: contextUser=0 currentUser=0
10-30 07:21:21.223  2756  3815 D NavigationModeController: getCurrentUserContext: contextUser=0 currentUser=0
10-30 07:21:21.223 19032 19032 I ViewInteraction: Performing 'single click' action on view view.getId() is <2131230844/com.example.lunchtray:id/cauliflower>
10-30 07:21:21.224  1945  2498 D InputTransport: channel 'db83860 com.example.lunchtray/androidx.fragment.app.testing.FragmentScenario$EmptyFragmentActivity (server)' : action=ACTION_DOWN(0), id=0, displayId=0, tooltype=0, deviceId=-1, source=0x1002, flags=0x0, edgeFlags=0x0, metaState=0x0, buttonState=0x1, downTime=123876156000000, eventTime=123876156000000, pointerCount=1
10-30 07:21:21.224  1945  2498 D InputTransport: channel 'edge-swipe (server)' : action=ACTION_DOWN(0), id=0, displayId=0, tooltype=0, deviceId=-1, source=0x1002, flags=0x0, edgeFlags=0x0, metaState=0x0, buttonState=0x1, downTime=123876156000000, eventTime=123876156000000, pointerCount=1
10-30 07:21:21.224  1945  2498 D InputTransport: channel 'swipe-up (server)' : action=ACTION_DOWN(0), id=0, displayId=0, tooltype=0, deviceId=-1, source=0x1002, flags=0x0, edgeFlags=0x0, metaState=0x0, buttonState=0x1, downTime=123876156000000, eventTime=123876156000000, pointerCount=1
10-30 07:21:21.224  1945  2498 D InputTransport: channel 'swipe-up (server)' : action=ACTION_DOWN(0), id=0, displayId=0, tooltype=0, deviceId=-1, source=0x1002, flags=0x0, edgeFlags=0x0, metaState=0x0, buttonState=0x1, downTime=123876156000000, eventTime=123876156000000, pointerCount=1
10-30 07:21:21.224  1945  2498 D InputTransport: channel 'swipe-up (server)' : action=ACTION_DOWN(0), id=0, displayId=0, tooltype=0, deviceId=-1, source=0x1002, flags=0x0, edgeFlags=0x0, metaState=0x0, buttonState=0x1, downTime=123876156000000, eventTime=123876156000000, pointerCount=1
10-30 07:21:21.224  1945  2498 D InputTransport: channel 'swipe-up (server)' : action=ACTION_DOWN(0), id=0, displayId=0, tooltype=0, deviceId=-1, source=0x1002, flags=0x0, edgeFlags=0x0, metaState=0x0, buttonState=0x1, downTime=123876156000000, eventTime=123876156000000, pointerCount=1
10-30 07:21:21.224  1945  2498 D InputTransport: channel 'PointerEventDispatcher0 (server)' : action=ACTION_DOWN(0), id=0, displayId=0, tooltype=0, deviceId=-1, source=0x1002, flags=0x0, edgeFlags=0x0, metaState=0x0, buttonState=0x1, downTime=123876156000000, eventTime=123876156000000, pointerCount=1
10-30 07:21:21.225  1363 18492 D sensors_hal_light: handle_sns_std_sensor_event:79, ambient_light_event: ts=285466671458539, lux = 17, raw_adc=37, pdata=42
10-30 07:21:21.269  2756  2756 I BarTransitions.PhoneStatusBarTransitions: setNotchColor color = 0
10-30 07:21:21.288  2756  2756 I BarTransitions.PhoneStatusBarTransitions: setNotchColor color = 0
10-30 07:21:21.305  1945  2498 D InputTransport: channel 'db83860 com.example.lunchtray/androidx.fragment.app.testing.FragmentScenario$EmptyFragmentActivity (server)' : action=ACTION_UP(0), id=0, displayId=0, tooltype=1, deviceId=-1, source=0x1002, flags=0x0, edgeFlags=0x0, metaState=0x0, buttonState=0x1, downTime=123876156000000, eventTime=123876237000000, pointerCount=1
10-30 07:21:21.305  1945  2498 D InputTransport: channel 'edge-swipe (server)' : action=ACTION_UP(0), id=0, displayId=0, tooltype=1, deviceId=-1, source=0x1002, flags=0x0, edgeFlags=0x0, metaState=0x0, buttonState=0x1, downTime=123876156000000, eventTime=123876237000000, pointerCount=1
10-30 07:21:21.305  1945  2498 D InputTransport: channel 'swipe-up (server)' : action=ACTION_UP(0), id=0, displayId=0, tooltype=1, deviceId=-1, source=0x1002, flags=0x0, edgeFlags=0x0, metaState=0x0, buttonState=0x1, downTime=123876156000000, eventTime=123876237000000, pointerCount=1
10-30 07:21:21.305  1945  2498 D InputTransport: channel 'swipe-up (server)' : action=ACTION_UP(0), id=0, displayId=0, tooltype=1, deviceId=-1, source=0x1002, flags=0x0, edgeFlags=0x0, metaState=0x0, buttonState=0x1, downTime=123876156000000, eventTime=123876237000000, pointerCount=1
10-30 07:21:21.305  1945  2498 D InputTransport: channel 'swipe-up (server)' : action=ACTION_UP(0), id=0, displayId=0, tooltype=1, deviceId=-1, source=0x1002, flags=0x0, edgeFlags=0x0, metaState=0x0, buttonState=0x1, downTime=123876156000000, eventTime=123876237000000, pointerCount=1
10-30 07:21:21.305  1945  2498 D InputTransport: channel 'swipe-up (server)' : action=ACTION_UP(0), id=0, displayId=0, tooltype=1, deviceId=-1, source=0x1002, flags=0x0, edgeFlags=0x0, metaState=0x0, buttonState=0x1, downTime=123876156000000, eventTime=123876237000000, pointerCount=1
10-30 07:21:21.305  1945  2498 D InputTransport: channel 'PointerEventDispatcher0 (server)' : action=ACTION_UP(0), id=0, displayId=0, tooltype=1, deviceId=-1, source=0x1002, flags=0x0, edgeFlags=0x0, metaState=0x0, buttonState=0x1, downTime=123876156000000, eventTime=123876237000000, pointerCount=1
10-30 07:21:21.306 19032 19032 I View    : PerformClick: android.widget.RadioButton{9e88170 VFED..C.. ...p..ID 0,0-330,84 #7f08007c app:id/cauliflower}
10-30 07:21:21.306 19032 19032 I View    : MotionEvent.ACTION_UP: mPrivateFlags: -2128590800,   mHasPerformedLongPress: false,   mIgnoreNextUpEvent: false
10-30 07:21:21.309  2756  2756 I BarTransitions.PhoneStatusBarTransitions: setNotchColor color = 0
10-30 07:21:21.313  2756  2756 I BarTransitions.PhoneStatusBarTransitions: setNotchColor color = 0
10-30 07:21:21.323  1945  2548 V SoundPool: play(soundID=1, leftVolume=1.000000, rightVolume=1.000000, priority=0, loop=0, rate=1.000000)
10-30 07:21:21.324  1945  2548 V AudioTrack: setSampleRate(572): prior state:STATE_STOPPED rate:48000
10-30 07:21:21.324  1945  2548 V AudioTrack: start(572): prior state:STATE_STOPPED
10-30 07:21:21.324  1945  2548 V AudioTrack: start(572): server read:-15864  cumulative flushed:0  client written:0
10-30 07:21:21.324  2580 20491 V AF::Track: start(597): calling pid 1945 session 5353
10-30 07:21:21.324  2580 20491 V AudioPolicyService: AudioCommandThread() adding start output portId 572
10-30 07:21:21.324  2580 20491 V AudioPolicyService: inserting command: 3 at index 0, num commands 0
10-30 07:21:21.324  2580  2595 V AudioPolicyService: AudioCommandThread() processing start output portId 572
10-30 07:21:21.324  2580  2595 D APM_AudioPolicyManager: startOutput portId 572 output primary->(primary output)(13), stream 1, session 5353
10-30 07:21:21.324  2580  2595 V APM_AudioPolicyManager: setBeaconMute(1) mBeaconMuteRefCount=1 mBeaconPlayingRefCount=0
10-30 07:21:21.324  2580  2595 V APM_AudioPolicyManager: selectOutputForMusicEffects selected output 13
10-30 07:21:21.324  2580  2595 V APM_AudioPolicyManager: getNewOutputDevices selected devices {type:0x2,@:}
10-30 07:21:21.325  2580  2595 V APM_AudioPolicyManager: setOutputDevices device {type:0x2,@:} delayMs 0
10-30 07:21:21.325  2580  2595 V APM_AudioPolicyManager: setOutputDevices() prevDevice {type:0x2,@:}
10-30 07:21:21.325  2580  2595 V APM_AudioPolicyManager: setOutputDevices: suppressing checkDeviceMuteStrategies
10-30 07:21:21.325  2580  2595 V APM_AudioPolicyManager: setOutputDevices setting same device {type:0x2,@:} or null device, force=0, patch handle=4
10-30 07:21:21.325  2580  2595 V AudioPolicyService: AudioCommandThread() going to sleep
10-30 07:21:21.325  1945  2548 V SoundPool: play returned 2748
10-30 07:21:21.325  1945  4803 V AudioSystem: ioConfigChanged() event 8
10-30 07:21:21.325  1945  4803 V AudioSystem: ioConfigChanged() AUDIO_CLIENT_STARTED  io 13 port 572 num callbacks 0
10-30 07:21:21.326  2756  2756 I BarTransitions.PhoneStatusBarTransitions: setNotchColor color = 0
10-30 07:21:21.326  1363 18492 D sensors_hal_light: handle_sns_std_sensor_event:79, ambient_light_event: ts=285466772964060, lux = 20, raw_adc=42, pdata=36
10-30 07:21:21.332  2756  2756 I BarTransitions.PhoneStatusBarTransitions: setNotchColor color = 0
10-30 07:21:21.336  2756  2756 I BarTransitions.PhoneStatusBarTransitions: setNotchColor color = 0
10-30 07:21:21.343  2756  2756 I BarTransitions.PhoneStatusBarTransitions: setNotchColor color = 0
10-30 07:21:21.380  2580  2617 V AF::Track: getNextBuffer(597): underrun,  framesReady(0) < framesDesired(236), state: 6
10-30 07:21:21.380  1945 19073 V AudioTrack: stop(572): prior state:STATE_ACTIVE
10-30 07:21:21.380  2580 20491 V AF::Track: stop(597): calling pid 1945
10-30 07:21:21.404  2580  2618 D AF::Track: presentationComplete(597): set: mPresentationCompleteFrames 1417584 audioHalFrames 624
10-30 07:21:21.404  2580  2618 V AF::Track: presentationComplete(597): waiting framesWritten:1416960  mPresentationCompleteFrames:1417584
10-30 07:21:21.423  2580  2618 V AF::Track: presentationComplete(597): presentationComplete() mPresentationCompleteFrames 1417584 framesWritten 1417920
10-30 07:21:21.424  2580  2618 V AF::Track: presentationComplete(597): complete framesWritten:1417920  mPresentationCompleteFrames:1417584
10-30 07:21:21.427  2580  2618 V AudioPolicyService: AudioCommandThread() adding stop output portId 572
10-30 07:21:21.427  2580  2618 V AudioPolicyService: inserting command: 4 at index 0, num commands 0
10-30 07:21:21.427  2580  2595 V AudioPolicyService: AudioCommandThread() processing stop output portId 572
10-30 07:21:21.427  2580  2595 V APM_AudioPolicyManager: stopOutput() portId 572 output 13, stream 1, session 5353
10-30 07:21:21.427  2580  2595 V APM_AudioPolicyManager: setBeaconMute(1) mBeaconMuteRefCount=0 mBeaconPlayingRefCount=0
10-30 07:21:21.427  2580  2595 V APM_AudioPolicyManager: getNewOutputDevices selected devices AUDIO_DEVICE_NONE
10-30 07:21:21.427  2580  2595 V APM_AudioPolicyManager: setOutputDevices device AUDIO_DEVICE_NONE delayMs 106
10-30 07:21:21.427  2580  2595 V APM_AudioPolicyManager: setOutputDevices() prevDevice {type:0x2,@:}
10-30 07:21:21.428  2580  2595 V APM_AudioPolicyManager: setOutputDevices setting same device AUDIO_DEVICE_NONE or null device, force=0, patch handle=4
10-30 07:21:21.428  2580  2595 V APM_AudioPolicyManager: selectOutputForMusicEffects selected output 13
10-30 07:21:21.428  2580  2595 V AudioPolicyService: AudioCommandThread() going to sleep
10-30 07:21:21.529  1363 18492 D sensors_hal_light: handle_sns_std_sensor_event:79, ambient_light_event: ts=285466975975727, lux = 21, raw_adc=44, pdata=44
10-30 07:21:21.761 19032 19032 I ViewInteraction: Checking 'MatchesViewAssertion{viewMatcher=an instance of android.widget.TextView and view.getText() with or without transformation to match: a string containing "Subtotal: 7,00"}' assertion on view view.getId() is <2131231217/com.example.lunchtray:id/subtotal>
10-30 07:21:21.768 19032 19032 I ViewInteraction: Performing 'single click' action on view view.getId() is <2131230858/com.example.lunchtray:id/chili>
10-30 07:21:21.776  1945  2498 D InputTransport: channel 'db83860 com.example.lunchtray/androidx.fragment.app.testing.FragmentScenario$EmptyFragmentActivity (server)' : action=ACTION_DOWN(0), id=0, displayId=0, tooltype=0, deviceId=-1, source=0x1002, flags=0x0, edgeFlags=0x0, metaState=0x0, buttonState=0x1, downTime=123876704000000, eventTime=123876704000000, pointerCount=1
10-30 07:21:21.777  1945  2498 D InputTransport: channel 'edge-swipe (server)' : action=ACTION_DOWN(0), id=0, displayId=0, tooltype=0, deviceId=-1, source=0x1002, flags=0x0, edgeFlags=0x0, metaState=0x0, buttonState=0x1, downTime=123876704000000, eventTime=123876704000000, pointerCount=1
10-30 07:21:21.777  1945  2498 D InputTransport: channel 'swipe-up (server)' : action=ACTION_DOWN(0), id=0, displayId=0, tooltype=0, deviceId=-1, source=0x1002, flags=0x0, edgeFlags=0x0, metaState=0x0, buttonState=0x1, downTime=123876704000000, eventTime=123876704000000, pointerCount=1
10-30 07:21:21.777  1945  2498 D InputTransport: channel 'swipe-up (server)' : action=ACTION_DOWN(0), id=0, displayId=0, tooltype=0, deviceId=-1, source=0x1002, flags=0x0, edgeFlags=0x0, metaState=0x0, buttonState=0x1, downTime=123876704000000, eventTime=123876704000000, pointerCount=1
10-30 07:21:21.777  1945  2498 D InputTransport: channel 'swipe-up (server)' : action=ACTION_DOWN(0), id=0, displayId=0, tooltype=0, deviceId=-1, source=0x1002, flags=0x0, edgeFlags=0x0, metaState=0x0, buttonState=0x1, downTime=123876704000000, eventTime=123876704000000, pointerCount=1
10-30 07:21:21.777  1945  2498 D InputTransport: channel 'swipe-up (server)' : action=ACTION_DOWN(0), id=0, displayId=0, tooltype=0, deviceId=-1, source=0x1002, flags=0x0, edgeFlags=0x0, metaState=0x0, buttonState=0x1, downTime=123876704000000, eventTime=123876704000000, pointerCount=1
10-30 07:21:21.778  1945  2498 D InputTransport: channel 'PointerEventDispatcher0 (server)' : action=ACTION_DOWN(0), id=0, displayId=0, tooltype=0, deviceId=-1, source=0x1002, flags=0x0, edgeFlags=0x0, metaState=0x0, buttonState=0x1, downTime=123876704000000, eventTime=123876704000000, pointerCount=1
10-30 07:21:21.859  1945  2498 D InputTransport: channel 'db83860 com.example.lunchtray/androidx.fragment.app.testing.FragmentScenario$EmptyFragmentActivity (server)' : action=ACTION_UP(0), id=0, displayId=0, tooltype=1, deviceId=-1, source=0x1002, flags=0x0, edgeFlags=0x0, metaState=0x0, buttonState=0x1, downTime=123876704000000, eventTime=123876787000000, pointerCount=1
10-30 07:21:21.859  1945  2498 D InputTransport: channel 'edge-swipe (server)' : action=ACTION_UP(0), id=0, displayId=0, tooltype=1, deviceId=-1, source=0x1002, flags=0x0, edgeFlags=0x0, metaState=0x0, buttonState=0x1, downTime=123876704000000, eventTime=123876787000000, pointerCount=1
10-30 07:21:21.859  1945  2498 D InputTransport: channel 'swipe-up (server)' : action=ACTION_UP(0), id=0, displayId=0, tooltype=1, deviceId=-1, source=0x1002, flags=0x0, edgeFlags=0x0, metaState=0x0, buttonState=0x1, downTime=123876704000000, eventTime=123876787000000, pointerCount=1
10-30 07:21:21.859  1945  2498 D InputTransport: channel 'swipe-up (server)' : action=ACTION_UP(0), id=0, displayId=0, tooltype=1, deviceId=-1, source=0x1002, flags=0x0, edgeFlags=0x0, metaState=0x0, buttonState=0x1, downTime=123876704000000, eventTime=123876787000000, pointerCount=1
10-30 07:21:21.860  1945  2498 D InputTransport: channel 'swipe-up (server)' : action=ACTION_UP(0), id=0, displayId=0, tooltype=1, deviceId=-1, source=0x1002, flags=0x0, edgeFlags=0x0, metaState=0x0, buttonState=0x1, downTime=123876704000000, eventTime=123876787000000, pointerCount=1
10-30 07:21:21.860  1945  2498 D InputTransport: channel 'swipe-up (server)' : action=ACTION_UP(0), id=0, displayId=0, tooltype=1, deviceId=-1, source=0x1002, flags=0x0, edgeFlags=0x0, metaState=0x0, buttonState=0x1, downTime=123876704000000, eventTime=123876787000000, pointerCount=1
10-30 07:21:21.860  1945  2498 D InputTransport: channel 'PointerEventDispatcher0 (server)' : action=ACTION_UP(0), id=0, displayId=0, tooltype=1, deviceId=-1, source=0x1002, flags=0x0, edgeFlags=0x0, metaState=0x0, buttonState=0x1, downTime=123876704000000, eventTime=123876787000000, pointerCount=1
10-30 07:21:21.866 19032 19032 I View    : PerformClick: android.widget.RadioButton{3e2f301 VFED..C.. ...p..ID 0,237-436,321 #7f08008a app:id/chili}
10-30 07:21:21.867 19032 19032 I View    : MotionEvent.ACTION_UP: mPrivateFlags: -2128590800,   mHasPerformedLongPress: false,   mIgnoreNextUpEvent: false
10-30 07:21:21.895  1945  2548 V SoundPool: play(soundID=1, leftVolume=1.000000, rightVolume=1.000000, priority=0, loop=0, rate=1.000000)
10-30 07:21:21.897  1945  2548 V AudioTrack: setSampleRate(572): prior state:STATE_STOPPED rate:48000
10-30 07:21:21.897  1945  2548 V AudioTrack: start(572): prior state:STATE_STOPPED
10-30 07:21:21.897  1945  2548 V AudioTrack: start(572): server read:-18508  cumulative flushed:0  client written:0
10-30 07:21:21.898  2580 20491 V AF::Track: start(597): calling pid 1945 session 5353
10-30 07:21:21.898  2580 20491 V AudioPolicyService: AudioCommandThread() adding start output portId 572
10-30 07:21:21.899  2580 20491 V AudioPolicyService: inserting command: 3 at index 0, num commands 0
10-30 07:21:21.900  2580  2595 V AudioPolicyService: AudioCommandThread() processing start output portId 572
10-30 07:21:21.900  2580  2595 D APM_AudioPolicyManager: startOutput portId 572 output primary->(primary output)(13), stream 1, session 5353
10-30 07:21:21.900  2580  2595 V APM_AudioPolicyManager: setBeaconMute(1) mBeaconMuteRefCount=1 mBeaconPlayingRefCount=0
10-30 07:21:21.901  2580  2595 V APM_AudioPolicyManager: selectOutputForMusicEffects selected output 13
10-30 07:21:21.901  2580  2595 V APM_AudioPolicyManager: getNewOutputDevices selected devices {type:0x2,@:}
10-30 07:21:21.901  2580  2595 V APM_AudioPolicyManager: setOutputDevices device {type:0x2,@:} delayMs 0
10-30 07:21:21.901  2580  2595 V APM_AudioPolicyManager: setOutputDevices() prevDevice {type:0x2,@:}
10-30 07:21:21.901  2580  2595 V APM_AudioPolicyManager: setOutputDevices: suppressing checkDeviceMuteStrategies
10-30 07:21:21.901  2580  2595 V APM_AudioPolicyManager: setOutputDevices setting same device {type:0x2,@:} or null device, force=0, patch handle=4
10-30 07:21:21.902  2580  2595 V AudioPolicyService: AudioCommandThread() going to sleep
10-30 07:21:21.902  1945  2548 V SoundPool: play returned 2749
10-30 07:21:21.906  1945  1965 V AudioSystem: ioConfigChanged() event 8
10-30 07:21:21.907  1945  1965 V AudioSystem: ioConfigChanged() AUDIO_CLIENT_STARTED  io 13 port 572 num callbacks 0
10-30 07:21:21.960  2580  2617 V AF::Track: getNextBuffer(597): underrun,  framesReady(0) < framesDesired(236), state: 6
10-30 07:21:21.961  1945 19073 V AudioTrack: stop(572): prior state:STATE_ACTIVE
10-30 07:21:21.961  2580 20491 V AF::Track: stop(597): calling pid 1945
10-30 07:21:21.984  2580  2618 D AF::Track: presentationComplete(597): set: mPresentationCompleteFrames 1445424 audioHalFrames 624
10-30 07:21:21.984  2580  2618 V AF::Track: presentationComplete(597): waiting framesWritten:1444800  mPresentationCompleteFrames:1445424
10-30 07:21:22.004  2580  2618 V AF::Track: presentationComplete(597): presentationComplete() mPresentationCompleteFrames 1445424 framesWritten 1445760
10-30 07:21:22.004  2580  2618 V AF::Track: presentationComplete(597): complete framesWritten:1445760  mPresentationCompleteFrames:1445424
10-30 07:21:22.008  2580  2618 V AudioPolicyService: AudioCommandThread() adding stop output portId 572
10-30 07:21:22.009  2580  2618 V AudioPolicyService: inserting command: 4 at index 0, num commands 0
10-30 07:21:22.009  2580  2595 V AudioPolicyService: AudioCommandThread() processing stop output portId 572
10-30 07:21:22.009  2580  2595 V APM_AudioPolicyManager: stopOutput() portId 572 output 13, stream 1, session 5353
10-30 07:21:22.009  2580  2595 V APM_AudioPolicyManager: setBeaconMute(1) mBeaconMuteRefCount=0 mBeaconPlayingRefCount=0
10-30 07:21:22.010  2580  2595 V APM_AudioPolicyManager: getNewOutputDevices selected devices AUDIO_DEVICE_NONE
10-30 07:21:22.010  2580  2595 V APM_AudioPolicyManager: setOutputDevices device AUDIO_DEVICE_NONE delayMs 106
10-30 07:21:22.010  2580  2595 V APM_AudioPolicyManager: setOutputDevices() prevDevice {type:0x2,@:}
10-30 07:21:22.012  2580  2595 V APM_AudioPolicyManager: setOutputDevices setting same device AUDIO_DEVICE_NONE or null device, force=0, patch handle=4
10-30 07:21:22.013  2580  2595 V APM_AudioPolicyManager: selectOutputForMusicEffects selected output 13
10-30 07:21:22.013  2580  2595 V AudioPolicyService: AudioCommandThread() going to sleep
10-30 07:21:22.151  1945  1965 D WifiClientModeImpl[wlan0]: getConativeWiFiQualityStatus keep previous WifiQuailityInfo
10-30 07:21:22.332 19032 19032 I ViewInteraction: Checking 'MatchesViewAssertion{viewMatcher=an instance of android.widget.TextView and view.getText() with or without transformation to match: a string containing "Subtotal: 4,00"}' assertion on view view.getId() is <2131231217/com.example.lunchtray:id/subtotal>
10-30 07:21:22.335 19032 19032 I ViewInteraction: Performing 'single click' action on view view.getId() is <2131231106/com.example.lunchtray:id/pasta>
10-30 07:21:22.341  1945  2498 D InputTransport: channel 'db83860 com.example.lunchtray/androidx.fragment.app.testing.FragmentScenario$EmptyFragmentActivity (server)' : action=ACTION_DOWN(0), id=0, displayId=0, tooltype=0, deviceId=-1, source=0x1002, flags=0x0, edgeFlags=0x0, metaState=0x0, buttonState=0x1, downTime=123877271000000, eventTime=123877271000000, pointerCount=1
10-30 07:21:22.341  1945  2498 D InputTransport: channel 'edge-swipe (server)' : action=ACTION_DOWN(0), id=0, displayId=0, tooltype=0, deviceId=-1, source=0x1002, flags=0x0, edgeFlags=0x0, metaState=0x0, buttonState=0x1, downTime=123877271000000, eventTime=123877271000000, pointerCount=1
10-30 07:21:22.341  1945  2498 D InputTransport: channel 'swipe-up (server)' : action=ACTION_DOWN(0), id=0, displayId=0, tooltype=0, deviceId=-1, source=0x1002, flags=0x0, edgeFlags=0x0, metaState=0x0, buttonState=0x1, downTime=123877271000000, eventTime=123877271000000, pointerCount=1
10-30 07:21:22.341  1945  2498 D InputTransport: channel 'swipe-up (server)' : action=ACTION_DOWN(0), id=0, displayId=0, tooltype=0, deviceId=-1, source=0x1002, flags=0x0, edgeFlags=0x0, metaState=0x0, buttonState=0x1, downTime=123877271000000, eventTime=123877271000000, pointerCount=1
10-30 07:21:22.341  1945  2498 D InputTransport: channel 'swipe-up (server)' : action=ACTION_DOWN(0), id=0, displayId=0, tooltype=0, deviceId=-1, source=0x1002, flags=0x0, edgeFlags=0x0, metaState=0x0, buttonState=0x1, downTime=123877271000000, eventTime=123877271000000, pointerCount=1
10-30 07:21:22.342  1945  2498 D InputTransport: channel 'swipe-up (server)' : action=ACTION_DOWN(0), id=0, displayId=0, tooltype=0, deviceId=-1, source=0x1002, flags=0x0, edgeFlags=0x0, metaState=0x0, buttonState=0x1, downTime=123877271000000, eventTime=123877271000000, pointerCount=1
10-30 07:21:22.342  1945  2498 D InputTransport: channel 'PointerEventDispatcher0 (server)' : action=ACTION_DOWN(0), id=0, displayId=0, tooltype=0, deviceId=-1, source=0x1002, flags=0x0, edgeFlags=0x0, metaState=0x0, buttonState=0x1, downTime=123877271000000, eventTime=123877271000000, pointerCount=1
10-30 07:21:22.425  1945  2498 D InputTransport: channel 'db83860 com.example.lunchtray/androidx.fragment.app.testing.FragmentScenario$EmptyFragmentActivity (server)' : action=ACTION_UP(0), id=0, displayId=0, tooltype=1, deviceId=-1, source=0x1002, flags=0x0, edgeFlags=0x0, metaState=0x0, buttonState=0x1, downTime=123877271000000, eventTime=123877353000000, pointerCount=1
10-30 07:21:22.426  1945  2498 D InputTransport: channel 'edge-swipe (server)' : action=ACTION_UP(0), id=0, displayId=0, tooltype=1, deviceId=-1, source=0x1002, flags=0x0, edgeFlags=0x0, metaState=0x0, buttonState=0x1, downTime=123877271000000, eventTime=123877353000000, pointerCount=1
10-30 07:21:22.426  1945  2498 D InputTransport: channel 'swipe-up (server)' : action=ACTION_UP(0), id=0, displayId=0, tooltype=1, deviceId=-1, source=0x1002, flags=0x0, edgeFlags=0x0, metaState=0x0, buttonState=0x1, downTime=123877271000000, eventTime=123877353000000, pointerCount=1
10-30 07:21:22.426  1945  2498 D InputTransport: channel 'swipe-up (server)' : action=ACTION_UP(0), id=0, displayId=0, tooltype=1, deviceId=-1, source=0x1002, flags=0x0, edgeFlags=0x0, metaState=0x0, buttonState=0x1, downTime=123877271000000, eventTime=123877353000000, pointerCount=1
10-30 07:21:22.426  1945  2498 D InputTransport: channel 'swipe-up (server)' : action=ACTION_UP(0), id=0, displayId=0, tooltype=1, deviceId=-1, source=0x1002, flags=0x0, edgeFlags=0x0, metaState=0x0, buttonState=0x1, downTime=123877271000000, eventTime=123877353000000, pointerCount=1
10-30 07:21:22.426  1945  2498 D InputTransport: channel 'swipe-up (server)' : action=ACTION_UP(0), id=0, displayId=0, tooltype=1, deviceId=-1, source=0x1002, flags=0x0, edgeFlags=0x0, metaState=0x0, buttonState=0x1, downTime=123877271000000, eventTime=123877353000000, pointerCount=1
10-30 07:21:22.427  1945  2498 D InputTransport: channel 'PointerEventDispatcher0 (server)' : action=ACTION_UP(0), id=0, displayId=0, tooltype=1, deviceId=-1, source=0x1002, flags=0x0, edgeFlags=0x0, metaState=0x0, buttonState=0x1, downTime=123877271000000, eventTime=123877353000000, pointerCount=1
10-30 07:21:22.431 19032 19032 I View    : PerformClick: android.widget.RadioButton{f49a1b5 VFED..C.. ...p..ID 0,521-455,605 #7f080182 app:id/pasta}
10-30 07:21:22.432 19032 19032 I View    : MotionEvent.ACTION_UP: mPrivateFlags: -2128590800,   mHasPerformedLongPress: false,   mIgnoreNextUpEvent: false
10-30 07:21:22.455  1945  2548 V SoundPool: play(soundID=1, leftVolume=1.000000, rightVolume=1.000000, priority=0, loop=0, rate=1.000000)
10-30 07:21:22.456  1945  2548 V AudioTrack: setSampleRate(572): prior state:STATE_STOPPED rate:48000
10-30 07:21:22.456  1945  2548 V AudioTrack: start(572): prior state:STATE_STOPPED
10-30 07:21:22.456  1945  2548 V AudioTrack: start(572): server read:-21152  cumulative flushed:0  client written:0
10-30 07:21:22.457  2580 20491 V AF::Track: start(597): calling pid 1945 session 5353
10-30 07:21:22.457  2580 20491 V AudioPolicyService: AudioCommandThread() adding start output portId 572
10-30 07:21:22.458  2580 20491 V AudioPolicyService: inserting command: 3 at index 0, num commands 0
10-30 07:21:22.458  2580  2595 V AudioPolicyService: AudioCommandThread() processing start output portId 572
10-30 07:21:22.458  2580  2595 D APM_AudioPolicyManager: startOutput portId 572 output primary->(primary output)(13), stream 1, session 5353
10-30 07:21:22.458  2580  2595 V APM_AudioPolicyManager: setBeaconMute(1) mBeaconMuteRefCount=1 mBeaconPlayingRefCount=0
10-30 07:21:22.459  2580  2595 V APM_AudioPolicyManager: selectOutputForMusicEffects selected output 13
10-30 07:21:22.459  2580  2595 V APM_AudioPolicyManager: getNewOutputDevices selected devices {type:0x2,@:}
10-30 07:21:22.459  2580  2595 V APM_AudioPolicyManager: setOutputDevices device {type:0x2,@:} delayMs 0
10-30 07:21:22.459  2580  2595 V APM_AudioPolicyManager: setOutputDevices() prevDevice {type:0x2,@:}
10-30 07:21:22.459  2580  2595 V APM_AudioPolicyManager: setOutputDevices: suppressing checkDeviceMuteStrategies
10-30 07:21:22.459  2580  2595 V APM_AudioPolicyManager: setOutputDevices setting same device {type:0x2,@:} or null device, force=0, patch handle=4
10-30 07:21:22.459  2580  2595 V AudioPolicyService: AudioCommandThread() going to sleep
10-30 07:21:22.460  1945  2548 V SoundPool: play returned 2750
10-30 07:21:22.462  1945  1965 V AudioSystem: ioConfigChanged() event 8
10-30 07:21:22.462  1945  1965 V AudioSystem: ioConfigChanged() AUDIO_CLIENT_STARTED  io 13 port 572 num callbacks 0
