10-30 07:21:22.520  2580  2617 V AF::Track: getNextBuffer(597): underrun,  framesReady(0) < framesDesired(236), state: 6
10-30 07:21:22.522  2580  2618 D AF::Track: presentationComplete(597): set: mPresentationCompleteFrames 1471344 audioHalFrames 624
10-30 07:21:22.522  2580  2618 V AF::Track: presentationComplete(597): waiting framesWritten:1470720  mPresentationCompleteFrames:1471344
10-30 07:21:22.530  1945 19073 V AudioTrack: stop(572): prior state:STATE_ACTIVE
10-30 07:21:22.531  2580 20491 V AF::Track: stop(597): calling pid 1945
10-30 07:21:22.562  2580  2618 V AF::Track: presentationComplete(597): presentationComplete() mPresentationCompleteFrames 1471344 framesWritten 1472640
10-30 07:21:22.562  2580  2618 V AF::Track: presentationComplete(597): complete framesWritten:1472640  mPresentationCompleteFrames:1471344
10-30 07:21:22.569  2580  2618 V AudioPolicyService: AudioCommandThread() adding stop output portId 572
10-30 07:21:22.570  2580  2618 V AudioPolicyService: inserting command: 4 at index 0, num commands 0
10-30 07:21:22.571  2580  2595 V AudioPolicyService: AudioCommandThread() processing stop output portId 572
10-30 07:21:22.571  2580  2595 V APM_AudioPolicyManager: stopOutput() portId 572 output 13, stream 1, session 5353
10-30 07:21:22.571  2580  2595 V APM_AudioPolicyManager: setBeaconMute(1) mBeaconMuteRefCount=0 mBeaconPlayingRefCount=0
10-30 07:21:22.571  2580  2595 V APM_AudioPolicyManager: getNewOutputDevices selected devices AUDIO_DEVICE_NONE
10-30 07:21:22.571  2580  2595 V APM_AudioPolicyManager: setOutputDevices device AUDIO_DEVICE_NONE delayMs 106
10-30 07:21:22.571  2580  2595 V APM_AudioPolicyManager: setOutputDevices() prevDevice {type:0x2,@:}
10-30 07:21:22.575  2580  2595 V APM_AudioPolicyManager: setOutputDevices setting same device AUDIO_DEVICE_NONE or null device, force=0, patch handle=4
10-30 07:21:22.575  2580  2595 V APM_AudioPolicyManager: selectOutputForMusicEffects selected output 13
10-30 07:21:22.575  2580  2595 V AudioPolicyService: AudioCommandThread() going to sleep
10-30 07:21:22.633  1363 18506 D sensors_hal_accel: handle_sns_client_event:446, accel_sample(accelcal_available:0): ts=285467566424373 ns; value = [0.160949, -0.024806, 9.811320], status=3
10-30 07:21:23.152  1673  1699 I PowerRM : CF-1 b-1
10-30 07:21:23.152  1673  1699 I PowerRM : REQF = -1
10-30 07:21:23.152  1673  1699 I Powercontrol_Client: Notify refreshrate 160:60:-1
10-30 07:21:23.154  1945  4803 D WifiClientModeImpl[wlan0]: getConativeWiFiQualityStatus keep previous WifiQuailityInfo
10-30 07:21:23.154 19032 19032 I ViewInteraction: Checking 'MatchesViewAssertion{viewMatcher=an instance of android.widget.TextView and view.getText() with or without transformation to match: a string containing "Subtotal: 5,50"}' assertion on view view.getId() is <2131231217/com.example.lunchtray:id/subtotal>
10-30 07:21:23.154  1418  1447 I vendor.lge.hardware.powercontrol@1.3-impl: notify_refreshrate_limit to 160/60/-1
10-30 07:21:23.162 19032 19032 I ViewInteraction: Performing 'single click' action on view view.getId() is <2131231175/com.example.lunchtray:id/skillet>
10-30 07:21:23.170  1945  2498 D InputTransport: channel 'db83860 com.example.lunchtray/androidx.fragment.app.testing.FragmentScenario$EmptyFragmentActivity (server)' : action=ACTION_DOWN(0), id=0, displayId=0, tooltype=0, deviceId=-1, source=0x1002, flags=0x0, edgeFlags=0x0, metaState=0x0, buttonState=0x1, downTime=123878099000000, eventTime=123878099000000, pointerCount=1
10-30 07:21:23.170  1945  2498 D InputTransport: channel 'edge-swipe (server)' : action=ACTION_DOWN(0), id=0, displayId=0, tooltype=0, deviceId=-1, source=0x1002, flags=0x0, edgeFlags=0x0, metaState=0x0, buttonState=0x1, downTime=123878099000000, eventTime=123878099000000, pointerCount=1
10-30 07:21:23.170  1945  2498 D InputTransport: channel 'swipe-up (server)' : action=ACTION_DOWN(0), id=0, displayId=0, tooltype=0, deviceId=-1, source=0x1002, flags=0x0, edgeFlags=0x0, metaState=0x0, buttonState=0x1, downTime=123878099000000, eventTime=123878099000000, pointerCount=1
10-30 07:21:23.170  1945  2498 D InputTransport: channel 'swipe-up (server)' : action=ACTION_DOWN(0), id=0, displayId=0, tooltype=0, deviceId=-1, source=0x1002, flags=0x0, edgeFlags=0x0, metaState=0x0, buttonState=0x1, downTime=123878099000000, eventTime=123878099000000, pointerCount=1
10-30 07:21:23.170  1945  2498 D InputTransport: channel 'swipe-up (server)' : action=ACTION_DOWN(0), id=0, displayId=0, tooltype=0, deviceId=-1, source=0x1002, flags=0x0, edgeFlags=0x0, metaState=0x0, buttonState=0x1, downTime=123878099000000, eventTime=123878099000000, pointerCount=1
10-30 07:21:23.170  1945  2498 D InputTransport: channel 'swipe-up (server)' : action=ACTION_DOWN(0), id=0, displayId=0, tooltype=0, deviceId=-1, source=0x1002, flags=0x0, edgeFlags=0x0, metaState=0x0, buttonState=0x1, downTime=123878099000000, eventTime=123878099000000, pointerCount=1
10-30 07:21:23.170  1945  2498 D InputTransport: channel 'PointerEventDispatcher0 (server)' : action=ACTION_DOWN(0), id=0, displayId=0, tooltype=0, deviceId=-1, source=0x1002, flags=0x0, edgeFlags=0x0, metaState=0x0, buttonState=0x1, downTime=123878099000000, eventTime=123878099000000, pointerCount=1
10-30 07:21:23.252  1945  2498 D InputTransport: channel 'db83860 com.example.lunchtray/androidx.fragment.app.testing.FragmentScenario$EmptyFragmentActivity (server)' : action=ACTION_UP(0), id=0, displayId=0, tooltype=1, deviceId=-1, source=0x1002, flags=0x0, edgeFlags=0x0, metaState=0x0, buttonState=0x1, downTime=123878099000000, eventTime=123878181000000, pointerCount=1
10-30 07:21:23.253  1945  2498 D InputTransport: channel 'edge-swipe (server)' : action=ACTION_UP(0), id=0, displayId=0, tooltype=1, deviceId=-1, source=0x1002, flags=0x0, edgeFlags=0x0, metaState=0x0, buttonState=0x1, downTime=123878099000000, eventTime=123878181000000, pointerCount=1
10-30 07:21:23.253  1945  2498 D InputTransport: channel 'swipe-up (server)' : action=ACTION_UP(0), id=0, displayId=0, tooltype=1, deviceId=-1, source=0x1002, flags=0x0, edgeFlags=0x0, metaState=0x0, buttonState=0x1, downTime=123878099000000, eventTime=123878181000000, pointerCount=1
10-30 07:21:23.253  1945  2498 D InputTransport: channel 'swipe-up (server)' : action=ACTION_UP(0), id=0, displayId=0, tooltype=1, deviceId=-1, source=0x1002, flags=0x0, edgeFlags=0x0, metaState=0x0, buttonState=0x1, downTime=123878099000000, eventTime=123878181000000, pointerCount=1
10-30 07:21:23.254  1945  2498 D InputTransport: channel 'swipe-up (server)' : action=ACTION_UP(0), id=0, displayId=0, tooltype=1, deviceId=-1, source=0x1002, flags=0x0, edgeFlags=0x0, metaState=0x0, buttonState=0x1, downTime=123878099000000, eventTime=123878181000000, pointerCount=1
10-30 07:21:23.254  1945  2498 D InputTransport: channel 'swipe-up (server)' : action=ACTION_UP(0), id=0, displayId=0, tooltype=1, deviceId=-1, source=0x1002, flags=0x0, edgeFlags=0x0, metaState=0x0, buttonState=0x1, downTime=123878099000000, eventTime=123878181000000, pointerCount=1
10-30 07:21:23.254  1945  2498 D InputTransport: channel 'PointerEventDispatcher0 (server)' : action=ACTION_UP(0), id=0, displayId=0, tooltype=1, deviceId=-1, source=0x1002, flags=0x0, edgeFlags=0x0, metaState=0x0, buttonState=0x1, downTime=123878099000000, eventTime=123878181000000, pointerCount=1
10-30 07:21:23.259 19032 19032 I View    : PerformClick: android.widget.RadioButton{56e6629 VFED..C.. ...p..ID 0,805-599,889 #7f0801c7 app:id/skillet}
10-30 07:21:23.260 19032 19032 I View    : MotionEvent.ACTION_UP: mPrivateFlags: -2128590800,   mHasPerformedLongPress: false,   mIgnoreNextUpEvent: false
10-30 07:21:23.285  1945  2548 V SoundPool: play(soundID=1, leftVolume=1.000000, rightVolume=1.000000, priority=0, loop=0, rate=1.000000)
10-30 07:21:23.286  1945  2548 V AudioTrack: setSampleRate(572): prior state:STATE_STOPPED rate:48000
10-30 07:21:23.287  1945  2548 V AudioTrack: start(572): prior state:STATE_STOPPED
10-30 07:21:23.287  1945  2548 V AudioTrack: start(572): server read:-23796  cumulative flushed:0  client written:0
10-30 07:21:23.287  2580 20491 V AF::Track: start(597): calling pid 1945 session 5353
10-30 07:21:23.287  2580 20491 V AudioPolicyService: AudioCommandThread() adding start output portId 572
10-30 07:21:23.288  2580 20491 V AudioPolicyService: inserting command: 3 at index 0, num commands 0
10-30 07:21:23.288  2580  2595 V AudioPolicyService: AudioCommandThread() processing start output portId 572
10-30 07:21:23.288  2580  2595 D APM_AudioPolicyManager: startOutput portId 572 output primary->(primary output)(13), stream 1, session 5353
10-30 07:21:23.288  2580  2595 V APM_AudioPolicyManager: setBeaconMute(1) mBeaconMuteRefCount=1 mBeaconPlayingRefCount=0
10-30 07:21:23.289  2580  2595 V APM_AudioPolicyManager: selectOutputForMusicEffects selected output 13
10-30 07:21:23.289  2580  2595 V APM_AudioPolicyManager: getNewOutputDevices selected devices {type:0x2,@:}
10-30 07:21:23.289  2580  2595 V APM_AudioPolicyManager: setOutputDevices device {type:0x2,@:} delayMs 0
10-30 07:21:23.289  2580  2595 V APM_AudioPolicyManager: setOutputDevices() prevDevice {type:0x2,@:}
10-30 07:21:23.289  2580  2595 V APM_AudioPolicyManager: setOutputDevices: suppressing checkDeviceMuteStrategies
10-30 07:21:23.289  2580  2595 V APM_AudioPolicyManager: setOutputDevices setting same device {type:0x2,@:} or null device, force=0, patch handle=4
10-30 07:21:23.289  2580  2595 V AudioPolicyService: AudioCommandThread() going to sleep
10-30 07:21:23.290  1945  1965 V AudioSystem: ioConfigChanged() event 8
10-30 07:21:23.290  1945  1965 V AudioSystem: ioConfigChanged() AUDIO_CLIENT_STARTED  io 13 port 572 num callbacks 0
10-30 07:21:23.291  1945  2548 V SoundPool: play returned 2751
10-30 07:21:23.347  2580  2617 V AF::Track: getNextBuffer(597): underrun,  framesReady(0) < framesDesired(236), state: 6
10-30 07:21:23.358  1945 19073 V AudioTrack: stop(572): prior state:STATE_ACTIVE
10-30 07:21:23.358  2580 20491 V AF::Track: stop(597): calling pid 1945
10-30 07:21:23.384  2580  2618 D AF::Track: presentationComplete(597): set: mPresentationCompleteFrames 1512624 audioHalFrames 624
10-30 07:21:23.384  2580  2618 V AF::Track: presentationComplete(597): waiting framesWritten:1512000  mPresentationCompleteFrames:1512624
10-30 07:21:23.404  2580  2618 V AF::Track: presentationComplete(597): presentationComplete() mPresentationCompleteFrames 1512624 framesWritten 1512960
10-30 07:21:23.404  2580  2618 V AF::Track: presentationComplete(597): complete framesWritten:1512960  mPresentationCompleteFrames:1512624
10-30 07:21:23.408  2580  2618 V AudioPolicyService: AudioCommandThread() adding stop output portId 572
10-30 07:21:23.409  2580  2618 V AudioPolicyService: inserting command: 4 at index 0, num commands 0
10-30 07:21:23.409  2580  2595 V AudioPolicyService: AudioCommandThread() processing stop output portId 572
10-30 07:21:23.409  2580  2595 V APM_AudioPolicyManager: stopOutput() portId 572 output 13, stream 1, session 5353
10-30 07:21:23.409  2580  2595 V APM_AudioPolicyManager: setBeaconMute(1) mBeaconMuteRefCount=0 mBeaconPlayingRefCount=0
10-30 07:21:23.410  2580  2595 V APM_AudioPolicyManager: getNewOutputDevices selected devices AUDIO_DEVICE_NONE
10-30 07:21:23.410  2580  2595 V APM_AudioPolicyManager: setOutputDevices device AUDIO_DEVICE_NONE delayMs 106
10-30 07:21:23.410  2580  2595 V APM_AudioPolicyManager: setOutputDevices() prevDevice {type:0x2,@:}
10-30 07:21:23.413  2580  2595 V APM_AudioPolicyManager: setOutputDevices setting same device AUDIO_DEVICE_NONE or null device, force=0, patch handle=4
10-30 07:21:23.413  2580  2595 V APM_AudioPolicyManager: selectOutputForMusicEffects selected output 13
10-30 07:21:23.414  2580  2595 V AudioPolicyService: AudioCommandThread() going to sleep
10-30 07:21:23.709 19032 19032 I ViewInteraction: Checking 'MatchesViewAssertion{viewMatcher=an instance of android.widget.TextView and view.getText() with or without transformation to match: a string containing "Subtotal: 5,50"}' assertion on view view.getId() is <2131231217/com.example.lunchtray:id/subtotal>
10-30 07:21:23.710 19032 19053 I TestRunner: finished: radio_buttons_update_entree_menu_subtotal(com.example.lunchtray.OrderFunctionalityTests)
