10-30 07:21:13.813  1945  2498 D InputTransport: channel 'swipe-up (server)' : action=ACTION_UP(0), id=0, displayId=0, tooltype=1, deviceId=-1, source=0x1002, flags=0x0, edgeFlags=0x0, metaState=0x0, buttonState=0x1, downTime=123868659000000, eventTime=123868741000000, pointerCount=1
10-30 07:21:13.813  1945  2498 D InputTransport: channel 'swipe-up (server)' : action=ACTION_UP(0), id=0, displayId=0, tooltype=1, deviceId=-1, source=0x1002, flags=0x0, edgeFlags=0x0, metaState=0x0, buttonState=0x1, downTime=123868659000000, eventTime=123868741000000, pointerCount=1
10-30 07:21:13.813  1945  2498 D InputTransport: channel 'swipe-up (server)' : action=ACTION_UP(0), id=0, displayId=0, tooltype=1, deviceId=-1, source=0x1002, flags=0x0, edgeFlags=0x0, metaState=0x0, buttonState=0x1, downTime=123868659000000, eventTime=123868741000000, pointerCount=1
10-30 07:21:13.813  1945  2498 D InputTransport: channel 'swipe-up (server)' : action=ACTION_UP(0), id=0, displayId=0, tooltype=1, deviceId=-1, source=0x1002, flags=0x0, edgeFlags=0x0, metaState=0x0, buttonState=0x1, downTime=123868659000000, eventTime=123868741000000, pointerCount=1
10-30 07:21:13.814  1945  2498 D InputTransport: channel 'PointerEventDispatcher0 (server)' : action=ACTION_UP(0), id=0, displayId=0, tooltype=1, deviceId=-1, source=0x1002, flags=0x0, edgeFlags=0x0, metaState=0x0, buttonState=0x1, downTime=123868659000000, eventTime=123868741000000, pointerCount=1
10-30 07:21:13.819 19032 19032 I View    : PerformClick: com.google.android.material.radiobutton.MaterialRadioButton{887d481 VFED..C.. ...p..ID 0,0-309,126 #7f080073 app:id/bread}
10-30 07:21:13.820 19032 19032 I View    : MotionEvent.ACTION_UP: mPrivateFlags: -2128590800,   mHasPerformedLongPress: false,   mIgnoreNextUpEvent: false
10-30 07:21:13.860  1945  2548 V SoundPool: play(soundID=1, leftVolume=1.000000, rightVolume=1.000000, priority=0, loop=0, rate=1.000000)
10-30 07:21:13.862  1945  2548 V AudioTrack: setSampleRate(546): prior state:STATE_STOPPED rate:48000
10-30 07:21:13.862  1945  2548 V AudioTrack: start(546): prior state:STATE_STOPPED
10-30 07:21:13.862  1945  2548 V AudioTrack: start(546): server read:-880452  cumulative flushed:0  client written:0
10-30 07:21:13.862  2580 20491 V AF::Track: start(571): calling pid 1945 session 4681
10-30 07:21:13.863  2580 20491 V AudioPolicyService: AudioCommandThread() adding start output portId 546
10-30 07:21:13.864  2580 20491 V AudioPolicyService: inserting command: 3 at index 0, num commands 0
10-30 07:21:13.864  2580  2595 V AudioPolicyService: AudioCommandThread() processing start output portId 546
10-30 07:21:13.864  2580  2595 D APM_AudioPolicyManager: startOutput portId 546 output primary->(primary output)(13), stream 1, session 4681
10-30 07:21:13.864  2580  2595 V APM_AudioPolicyManager: setBeaconMute(1) mBeaconMuteRefCount=1 mBeaconPlayingRefCount=0
10-30 07:21:13.871  2580  2595 V APM_AudioPolicyManager: selectOutputForMusicEffects selected output 13
10-30 07:21:13.871  2580  2595 V APM_AudioPolicyManager: getNewOutputDevices selected devices {type:0x2,@:}
10-30 07:21:13.871  2580  2595 V APM_AudioPolicyManager: setOutputDevices device {type:0x2,@:} delayMs 0
10-30 07:21:13.871  2580  2595 V APM_AudioPolicyManager: setOutputDevices() prevDevice {type:0x2,@:}
10-30 07:21:13.871  2580  2595 V APM_AudioPolicyManager: setOutputDevices: suppressing checkDeviceMuteStrategies
10-30 07:21:13.871  2580  2595 V APM_AudioPolicyManager: setOutputDevices setting same device {type:0x2,@:} or null device, force=0, patch handle=4
10-30 07:21:13.872  2580  2595 V AudioPolicyService: AudioCommandThread() going to sleep
10-30 07:21:13.873  1945  3903 V AudioSystem: ioConfigChanged() event 8
10-30 07:21:13.873  1945  3903 V AudioSystem: ioConfigChanged() AUDIO_CLIENT_STARTED  io 13 port 546 num callbacks 0
10-30 07:21:13.873  1945  2548 V SoundPool: play returned 2737
10-30 07:21:13.940  2580  2617 V AF::Track: getNextBuffer(571): underrun,  framesReady(0) < framesDesired(236), state: 6
10-30 07:21:13.944  2580  2618 D AF::Track: presentationComplete(571): set: mPresentationCompleteFrames 1059504 audioHalFrames 624
10-30 07:21:13.944  2580  2618 V AF::Track: presentationComplete(571): waiting framesWritten:1058880  mPresentationCompleteFrames:1059504
10-30 07:21:13.947  1945 19073 V AudioTrack: stop(546): prior state:STATE_ACTIVE
10-30 07:21:13.948  2580 20491 V AF::Track: stop(571): calling pid 1945
10-30 07:21:13.984  2580  2618 V AF::Track: presentationComplete(571): presentationComplete() mPresentationCompleteFrames 1059504 framesWritten 1060800
10-30 07:21:13.984  2580  2618 V AF::Track: presentationComplete(571): complete framesWritten:1060800  mPresentationCompleteFrames:1059504
10-30 07:21:13.988  2580  2618 V AudioPolicyService: AudioCommandThread() adding stop output portId 546
10-30 07:21:13.989  2580  2618 V AudioPolicyService: inserting command: 4 at index 0, num commands 0
10-30 07:21:13.990  2580  2595 V AudioPolicyService: AudioCommandThread() processing stop output portId 546
10-30 07:21:13.990  2580  2595 V APM_AudioPolicyManager: stopOutput() portId 546 output 13, stream 1, session 4681
10-30 07:21:13.990  2580  2595 V APM_AudioPolicyManager: setBeaconMute(1) mBeaconMuteRefCount=0 mBeaconPlayingRefCount=0
10-30 07:21:13.991  2580  2595 V APM_AudioPolicyManager: getNewOutputDevices selected devices AUDIO_DEVICE_NONE
10-30 07:21:13.991  2580  2595 V APM_AudioPolicyManager: setOutputDevices device AUDIO_DEVICE_NONE delayMs 106
10-30 07:21:13.991  2580  2595 V APM_AudioPolicyManager: setOutputDevices() prevDevice {type:0x2,@:}
10-30 07:21:13.994  2580  2595 V APM_AudioPolicyManager: setOutputDevices setting same device AUDIO_DEVICE_NONE or null device, force=0, patch handle=4
10-30 07:21:13.995  2580  2595 V APM_AudioPolicyManager: selectOutputForMusicEffects selected output 13
10-30 07:21:13.995  2580  2595 V AudioPolicyService: AudioCommandThread() going to sleep
10-30 07:21:14.139  1945  3903 D WifiClientModeImpl[wlan0]: getConativeWiFiQualityStatus keep previous WifiQuailityInfo
10-30 07:21:14.271 19032 19032 I ViewInteraction: Performing 'single click' action on view view.getId() is <2131231081/com.example.lunchtray:id/next_button>
10-30 07:21:14.279  1945  2498 D InputTransport: channel '9884525 com.example.lunchtray/com.example.lunchtray.MainActivity (server)' : action=ACTION_DOWN(0), id=0, displayId=0, tooltype=0, deviceId=-1, source=0x1002, flags=0x0, edgeFlags=0x0, metaState=0x0, buttonState=0x1, downTime=123869207000000, eventTime=123869207000000, pointerCount=1
10-30 07:21:14.279  1945  2498 D InputTransport: channel 'edge-swipe (server)' : action=ACTION_DOWN(0), id=0, displayId=0, tooltype=0, deviceId=-1, source=0x1002, flags=0x0, edgeFlags=0x0, metaState=0x0, buttonState=0x1, downTime=123869207000000, eventTime=123869207000000, pointerCount=1
10-30 07:21:14.279  1945  2498 D InputTransport: channel 'swipe-up (server)' : action=ACTION_DOWN(0), id=0, displayId=0, tooltype=0, deviceId=-1, source=0x1002, flags=0x0, edgeFlags=0x0, metaState=0x0, buttonState=0x1, downTime=123869207000000, eventTime=123869207000000, pointerCount=1
10-30 07:21:14.279  1945  2498 D InputTransport: channel 'swipe-up (server)' : action=ACTION_DOWN(0), id=0, displayId=0, tooltype=0, deviceId=-1, source=0x1002, flags=0x0, edgeFlags=0x0, metaState=0x0, buttonState=0x1, downTime=123869207000000, eventTime=123869207000000, pointerCount=1
10-30 07:21:14.279  1945  2498 D InputTransport: channel 'swipe-up (server)' : action=ACTION_DOWN(0), id=0, displayId=0, tooltype=0, deviceId=-1, source=0x1002, flags=0x0, edgeFlags=0x0, metaState=0x0, buttonState=0x1, downTime=123869207000000, eventTime=123869207000000, pointerCount=1
10-30 07:21:14.280  1945  2498 D InputTransport: channel 'swipe-up (server)' : action=ACTION_DOWN(0), id=0, displayId=0, tooltype=0, deviceId=-1, source=0x1002, flags=0x0, edgeFlags=0x0, metaState=0x0, buttonState=0x1, downTime=123869207000000, eventTime=123869207000000, pointerCount=1
10-30 07:21:14.280  1945  2498 D InputTransport: channel 'PointerEventDispatcher0 (server)' : action=ACTION_DOWN(0), id=0, displayId=0, tooltype=0, deviceId=-1, source=0x1002, flags=0x0, edgeFlags=0x0, metaState=0x0, buttonState=0x1, downTime=123869207000000, eventTime=123869207000000, pointerCount=1
10-30 07:21:14.362  1945  2498 D InputTransport: channel '9884525 com.example.lunchtray/com.example.lunchtray.MainActivity (server)' : action=ACTION_UP(0), id=0, displayId=0, tooltype=1, deviceId=-1, source=0x1002, flags=0x0, edgeFlags=0x0, metaState=0x0, buttonState=0x1, downTime=123869207000000, eventTime=123869290000000, pointerCount=1
10-30 07:21:14.363  1945  2498 D InputTransport: channel 'edge-swipe (server)' : action=ACTION_UP(0), id=0, displayId=0, tooltype=1, deviceId=-1, source=0x1002, flags=0x0, edgeFlags=0x0, metaState=0x0, buttonState=0x1, downTime=123869207000000, eventTime=123869290000000, pointerCount=1
10-30 07:21:14.363  1945  2498 D InputTransport: channel 'swipe-up (server)' : action=ACTION_UP(0), id=0, displayId=0, tooltype=1, deviceId=-1, source=0x1002, flags=0x0, edgeFlags=0x0, metaState=0x0, buttonState=0x1, downTime=123869207000000, eventTime=123869290000000, pointerCount=1
10-30 07:21:14.363  1945  2498 D InputTransport: channel 'swipe-up (server)' : action=ACTION_UP(0), id=0, displayId=0, tooltype=1, deviceId=-1, source=0x1002, flags=0x0, edgeFlags=0x0, metaState=0x0, buttonState=0x1, downTime=123869207000000, eventTime=123869290000000, pointerCount=1
10-30 07:21:14.363  1945  2498 D InputTransport: channel 'swipe-up (server)' : action=ACTION_UP(0), id=0, displayId=0, tooltype=1, deviceId=-1, source=0x1002, flags=0x0, edgeFlags=0x0, metaState=0x0, buttonState=0x1, downTime=123869207000000, eventTime=123869290000000, pointerCount=1
10-30 07:21:14.364  1945  2498 D InputTransport: channel 'swipe-up (server)' : action=ACTION_UP(0), id=0, displayId=0, tooltype=1, deviceId=-1, source=0x1002, flags=0x0, edgeFlags=0x0, metaState=0x0, buttonState=0x1, downTime=123869207000000, eventTime=123869290000000, pointerCount=1
10-30 07:21:14.364  1945  2498 D InputTransport: channel 'PointerEventDispatcher0 (server)' : action=ACTION_UP(0), id=0, displayId=0, tooltype=1, deviceId=-1, source=0x1002, flags=0x0, edgeFlags=0x0, metaState=0x0, buttonState=0x1, downTime=123869207000000, eventTime=123869290000000, pointerCount=1
10-30 07:21:14.376 19032 19032 I View    : PerformClick: com.google.android.material.button.MaterialButton{80cdc5e VFED..C.. ...p..ID 561,1038-1038,1164 #7f080169 app:id/next_button}
10-30 07:21:14.376 19032 19032 I View    : MotionEvent.ACTION_UP: mPrivateFlags: -2128590800,   mHasPerformedLongPress: false,   mIgnoreNextUpEvent: false
10-30 07:21:14.406  1945  2548 V SoundPool: play(soundID=1, leftVolume=1.000000, rightVolume=1.000000, priority=0, loop=0, rate=1.000000)
10-30 07:21:14.407  1945  2548 V AudioTrack: setSampleRate(546): prior state:STATE_STOPPED rate:48000
10-30 07:21:14.408  1945  2548 V AudioTrack: start(546): prior state:STATE_STOPPED
10-30 07:21:14.408  1945  2548 V AudioTrack: start(546): server read:-883096  cumulative flushed:0  client written:0
10-30 07:21:14.408  2580 20491 V AF::Track: start(571): calling pid 1945 session 4681
10-30 07:21:14.408  2580 20491 V AudioPolicyService: AudioCommandThread() adding start output portId 546
10-30 07:21:14.409  2580 20491 V AudioPolicyService: inserting command: 3 at index 0, num commands 0
10-30 07:21:14.409  2580  2595 V AudioPolicyService: AudioCommandThread() processing start output portId 546
10-30 07:21:14.409  2580  2595 D APM_AudioPolicyManager: startOutput portId 546 output primary->(primary output)(13), stream 1, session 4681
10-30 07:21:14.409  2580  2595 V APM_AudioPolicyManager: setBeaconMute(1) mBeaconMuteRefCount=1 mBeaconPlayingRefCount=0
10-30 07:21:14.410  2580  2595 V APM_AudioPolicyManager: selectOutputForMusicEffects selected output 13
10-30 07:21:14.410  2580  2595 V APM_AudioPolicyManager: getNewOutputDevices selected devices {type:0x2,@:}
10-30 07:21:14.410  2580  2595 V APM_AudioPolicyManager: setOutputDevices device {type:0x2,@:} delayMs 0
10-30 07:21:14.410  2580  2595 V APM_AudioPolicyManager: setOutputDevices() prevDevice {type:0x2,@:}
10-30 07:21:14.410  2580  2595 V APM_AudioPolicyManager: setOutputDevices: suppressing checkDeviceMuteStrategies
10-30 07:21:14.410  2580  2595 V APM_AudioPolicyManager: setOutputDevices setting same device {type:0x2,@:} or null device, force=0, patch handle=4
10-30 07:21:14.410  2580  2595 V AudioPolicyService: AudioCommandThread() going to sleep
10-30 07:21:14.411  1945  3903 V AudioSystem: ioConfigChanged() event 8
10-30 07:21:14.411  1945  3903 V AudioSystem: ioConfigChanged() AUDIO_CLIENT_STARTED  io 13 port 546 num callbacks 0
10-30 07:21:14.411  1945  2548 V SoundPool: play returned 2738
10-30 07:21:14.480  2580  2617 V AF::Track: getNextBuffer(571): underrun,  framesReady(0) < framesDesired(236), state: 6
10-30 07:21:14.483  2580  2618 D AF::Track: presentationComplete(571): set: mPresentationCompleteFrames 1085424 audioHalFrames 624
10-30 07:21:14.484  2580  2618 V AF::Track: presentationComplete(571): waiting framesWritten:1084800  mPresentationCompleteFrames:1085424
10-30 07:21:14.488  1945 19073 V AudioTrack: stop(546): prior state:STATE_ACTIVE
10-30 07:21:14.488  2580 20491 V AF::Track: stop(571): calling pid 1945
10-30 07:21:14.524  2580  2618 V AF::Track: presentationComplete(571): presentationComplete() mPresentationCompleteFrames 1085424 framesWritten 1086720
10-30 07:21:14.524  2580  2618 V AF::Track: presentationComplete(571): complete framesWritten:1086720  mPresentationCompleteFrames:1085424
10-30 07:21:14.531  2580  2618 V AudioPolicyService: AudioCommandThread() adding stop output portId 546
10-30 07:21:14.532  2580  2618 V AudioPolicyService: inserting command: 4 at index 0, num commands 0
10-30 07:21:14.532  2580  2595 V AudioPolicyService: AudioCommandThread() processing stop output portId 546
10-30 07:21:14.532  2580  2595 V APM_AudioPolicyManager: stopOutput() portId 546 output 13, stream 1, session 4681
10-30 07:21:14.532  2580  2595 V APM_AudioPolicyManager: setBeaconMute(1) mBeaconMuteRefCount=0 mBeaconPlayingRefCount=0
10-30 07:21:14.532  2580  2595 V APM_AudioPolicyManager: getNewOutputDevices selected devices AUDIO_DEVICE_NONE
10-30 07:21:14.532  2580  2595 V APM_AudioPolicyManager: setOutputDevices device AUDIO_DEVICE_NONE delayMs 106
10-30 07:21:14.533  2580  2595 V APM_AudioPolicyManager: setOutputDevices() prevDevice {type:0x2,@:}
10-30 07:21:14.536  2580  2595 V APM_AudioPolicyManager: setOutputDevices setting same device AUDIO_DEVICE_NONE or null device, force=0, patch handle=4
10-30 07:21:14.536  2580  2595 V APM_AudioPolicyManager: selectOutputForMusicEffects selected output 13
10-30 07:21:14.536  2580  2595 V AudioPolicyService: AudioCommandThread() going to sleep
10-30 07:21:14.634  1363 18506 D sensors_hal_accel: handle_sns_client_event:446, accel_sample(accelcal_available:0): ts=285459593341300 ns; value = [0.160710, -0.025285, 9.808687], status=3
10-30 07:21:14.846 19032 19032 I ViewInteraction: Checking 'MatchesViewAssertion{viewMatcher=an instance of android.widget.TextView and view.getText() with or without transformation to match: a string containing "Subtotal: 10,00"}' assertion on view view.getId() is <2131231217/com.example.lunchtray:id/subtotal>
10-30 07:21:14.857 19032 19032 I ViewInteraction: Checking 'MatchesViewAssertion{viewMatcher=an instance of android.widget.TextView and view.getText() with or without transformation to match: a string containing "Tax: 0,80"}' assertion on view view.getId() is <2131231233/com.example.lunchtray:id/tax>
10-30 07:21:14.869 19032 19032 I ViewInteraction: Checking 'MatchesViewAssertion{viewMatcher=an instance of android.widget.TextView and view.getText() with or without transformation to match: a string containing "Total: 10,80"}' assertion on view view.getId() is <2131231262/com.example.lunchtray:id/total>
10-30 07:21:14.870 19032 19053 I TestRunner: finished: subtotal_tax_total_in_checkout(com.example.lunchtray.OrderFunctionalityTests)
