10-30 07:20:54.772  1945  2498 D InputTransport: channel 'swipe-up (server)' : action=ACTION_UP(0), id=0, displayId=0, tooltype=1, deviceId=-1, source=0x1002, flags=0x0, edgeFlags=0x0, metaState=0x0, buttonState=0x1, downTime=123849622000000, eventTime=123849703000000, pointerCount=1
10-30 07:20:54.772  1945  2498 D InputTransport: channel 'PointerEventDispatcher0 (server)' : action=ACTION_UP(0), id=0, displayId=0, tooltype=1, deviceId=-1, source=0x1002, flags=0x0, edgeFlags=0x0, metaState=0x0, buttonState=0x1, downTime=123849622000000, eventTime=123849703000000, pointerCount=1
10-30 07:20:54.772 19032 19032 I View    : PerformClick: com.google.android.material.button.MaterialButton{e02fb6b VFED..C.. ...P.... 349,1045-731,1171 #7f0801e8 app:id/start_order_btn}
10-30 07:20:54.773 19032 19032 I View    : MotionEvent.ACTION_UP: mPrivateFlags: 16828464,   mHasPerformedLongPress: false,   mIgnoreNextUpEvent: false
10-30 07:20:54.773  1945  2548 V SoundPool: play(soundID=1, leftVolume=1.000000, rightVolume=1.000000, priority=0, loop=0, rate=1.000000)
10-30 07:20:54.774  1945  2548 V AudioTrack: setSampleRate(546): prior state:STATE_STOPPED rate:48000
10-30 07:20:54.774  1945  2548 V AudioTrack: start(546): prior state:STATE_STOPPED
10-30 07:20:54.774  1945  2548 V AudioTrack: start(546): server read:-795844  cumulative flushed:0  client written:0
10-30 07:20:54.774  2580 26577 V AF::Track: start(571): calling pid 1945 session 4681
10-30 07:20:54.774  2580 26577 V AudioPolicyService: AudioCommandThread() adding start output portId 546
10-30 07:20:54.774  2580 26577 V AudioPolicyService: inserting command: 3 at index 0, num commands 0
10-30 07:20:54.774  2580  2595 V AudioPolicyService: AudioCommandThread() processing start output portId 546
10-30 07:20:54.774  2580  2595 D APM_AudioPolicyManager: startOutput portId 546 output primary->(primary output)(13), stream 1, session 4681
10-30 07:20:54.774  2580  2595 V APM_AudioPolicyManager: setBeaconMute(1) mBeaconMuteRefCount=1 mBeaconPlayingRefCount=0
10-30 07:20:54.775  2580  2595 V APM_AudioPolicyManager: selectOutputForMusicEffects selected output 13
10-30 07:20:54.775  2580  2595 V APM_AudioPolicyManager: getNewOutputDevices selected devices {type:0x2,@:}
10-30 07:20:54.775  2580  2595 V APM_AudioPolicyManager: setOutputDevices device {type:0x2,@:} delayMs 0
10-30 07:20:54.775  2580  2595 V APM_AudioPolicyManager: setOutputDevices() prevDevice {type:0x2,@:}
10-30 07:20:54.775  2580  2595 V APM_AudioPolicyManager: setOutputDevices: suppressing checkDeviceMuteStrategies
10-30 07:20:54.775  2580  2595 V APM_AudioPolicyManager: setOutputDevices setting same device {type:0x2,@:} or null device, force=0, patch handle=4
10-30 07:20:54.775  2580  2595 V AudioPolicyService: AudioCommandThread() going to sleep
10-30 07:20:54.775  1945  2548 V SoundPool: play returned 2701
10-30 07:20:54.782  1945  1965 V AudioSystem: ioConfigChanged() event 8
10-30 07:20:54.782  1945  1965 V AudioSystem: ioConfigChanged() AUDIO_CLIENT_STARTED  io 13 port 546 num callbacks 0
10-30 07:20:54.816 19032 19040 I ample.lunchtra: Compiler allocated 4109KB to compile void android.widget.TextView.<init>(android.content.Context, android.util.AttributeSet, int, int)
10-30 07:20:54.832  1363 18492 D sensors_hal_light: handle_sns_std_sensor_event:79, ambient_light_event: ts=285440278468822, lux = 19, raw_adc=40, pdata=44
10-30 07:20:54.840  2580  2617 V AF::Track: getNextBuffer(571): underrun,  framesReady(0) < framesDesired(236), state: 6
10-30 07:20:54.842  2580  2618 D AF::Track: presentationComplete(571): set: mPresentationCompleteFrames 142704 audioHalFrames 624
10-30 07:20:54.842  2580  2618 V AF::Track: presentationComplete(571): waiting framesWritten:142080  mPresentationCompleteFrames:142704
10-30 07:20:54.848  1945 19073 V AudioTrack: stop(546): prior state:STATE_ACTIVE
10-30 07:20:54.848  2580 26577 V AF::Track: stop(571): calling pid 1945
10-30 07:20:54.882  2580  2618 V AF::Track: presentationComplete(571): presentationComplete() mPresentationCompleteFrames 142704 framesWritten 144000
10-30 07:20:54.882  2580  2618 V AF::Track: presentationComplete(571): complete framesWritten:144000  mPresentationCompleteFrames:142704
10-30 07:20:54.888  2580  2618 V AudioPolicyService: AudioCommandThread() adding stop output portId 546
10-30 07:20:54.889  2580  2618 V AudioPolicyService: inserting command: 4 at index 0, num commands 0
10-30 07:20:54.889  2580  2595 V AudioPolicyService: AudioCommandThread() processing stop output portId 546
10-30 07:20:54.889  2580  2595 V APM_AudioPolicyManager: stopOutput() portId 546 output 13, stream 1, session 4681
10-30 07:20:54.889  2580  2595 V APM_AudioPolicyManager: setBeaconMute(1) mBeaconMuteRefCount=0 mBeaconPlayingRefCount=0
10-30 07:20:54.889  2580  2595 V APM_AudioPolicyManager: getNewOutputDevices selected devices AUDIO_DEVICE_NONE
10-30 07:20:54.889  2580  2595 V APM_AudioPolicyManager: setOutputDevices device AUDIO_DEVICE_NONE delayMs 106
10-30 07:20:54.889  2580  2595 V APM_AudioPolicyManager: setOutputDevices() prevDevice {type:0x2,@:}
10-30 07:20:54.889  2580  2595 V APM_AudioPolicyManager: setOutputDevices setting same device AUDIO_DEVICE_NONE or null device, force=0, patch handle=4
10-30 07:20:54.889  2580  2595 V APM_AudioPolicyManager: selectOutputForMusicEffects selected output 13
10-30 07:20:54.889  2580  2595 V AudioPolicyService: AudioCommandThread() going to sleep
10-30 07:20:55.114  1945  5020 D WifiClientModeImpl[wlan0]: getConativeWiFiQualityStatus keep previous WifiQuailityInfo
10-30 07:20:55.201 19032 19032 I ViewInteraction: Performing 'single click' action on view view.getId() is <2131230844/com.example.lunchtray:id/cauliflower>
10-30 07:20:55.205  1945  2498 D InputTransport: channel '433222d com.example.lunchtray/com.example.lunchtray.MainActivity (server)' : action=ACTION_DOWN(0), id=0, displayId=0, tooltype=0, deviceId=-1, source=0x1002, flags=0x0, edgeFlags=0x0, metaState=0x0, buttonState=0x1, downTime=123850135000000, eventTime=123850135000000, pointerCount=1
10-30 07:20:55.205  1945  2498 D InputTransport: channel 'edge-swipe (server)' : action=ACTION_DOWN(0), id=0, displayId=0, tooltype=0, deviceId=-1, source=0x1002, flags=0x0, edgeFlags=0x0, metaState=0x0, buttonState=0x1, downTime=123850135000000, eventTime=123850135000000, pointerCount=1
10-30 07:20:55.205  1945  2498 D InputTransport: channel 'swipe-up (server)' : action=ACTION_DOWN(0), id=0, displayId=0, tooltype=0, deviceId=-1, source=0x1002, flags=0x0, edgeFlags=0x0, metaState=0x0, buttonState=0x1, downTime=123850135000000, eventTime=123850135000000, pointerCount=1
10-30 07:20:55.206  1945  2498 D InputTransport: channel 'swipe-up (server)' : action=ACTION_DOWN(0), id=0, displayId=0, tooltype=0, deviceId=-1, source=0x1002, flags=0x0, edgeFlags=0x0, metaState=0x0, buttonState=0x1, downTime=123850135000000, eventTime=123850135000000, pointerCount=1
10-30 07:20:55.206  1945  2498 D InputTransport: channel 'swipe-up (server)' : action=ACTION_DOWN(0), id=0, displayId=0, tooltype=0, deviceId=-1, source=0x1002, flags=0x0, edgeFlags=0x0, metaState=0x0, buttonState=0x1, downTime=123850135000000, eventTime=123850135000000, pointerCount=1
10-30 07:20:55.206  1945  2498 D InputTransport: channel 'swipe-up (server)' : action=ACTION_DOWN(0), id=0, displayId=0, tooltype=0, deviceId=-1, source=0x1002, flags=0x0, edgeFlags=0x0, metaState=0x0, buttonState=0x1, downTime=123850135000000, eventTime=123850135000000, pointerCount=1
10-30 07:20:55.206  1945  2498 D InputTransport: channel 'PointerEventDispatcher0 (server)' : action=ACTION_DOWN(0), id=0, displayId=0, tooltype=0, deviceId=-1, source=0x1002, flags=0x0, edgeFlags=0x0, metaState=0x0, buttonState=0x1, downTime=123850135000000, eventTime=123850135000000, pointerCount=1
10-30 07:20:55.287  1945  2498 D InputTransport: channel '433222d com.example.lunchtray/com.example.lunchtray.MainActivity (server)' : action=ACTION_UP(0), id=0, displayId=0, tooltype=1, deviceId=-1, source=0x1002, flags=0x0, edgeFlags=0x0, metaState=0x0, buttonState=0x1, downTime=123850135000000, eventTime=123850215000000, pointerCount=1
10-30 07:20:55.287  1945  2498 D InputTransport: channel 'edge-swipe (server)' : action=ACTION_UP(0), id=0, displayId=0, tooltype=1, deviceId=-1, source=0x1002, flags=0x0, edgeFlags=0x0, metaState=0x0, buttonState=0x1, downTime=123850135000000, eventTime=123850215000000, pointerCount=1
10-30 07:20:55.288  1945  2498 D InputTransport: channel 'swipe-up (server)' : action=ACTION_UP(0), id=0, displayId=0, tooltype=1, deviceId=-1, source=0x1002, flags=0x0, edgeFlags=0x0, metaState=0x0, buttonState=0x1, downTime=123850135000000, eventTime=123850215000000, pointerCount=1
10-30 07:20:55.288  1945  2498 D InputTransport: channel 'swipe-up (server)' : action=ACTION_UP(0), id=0, displayId=0, tooltype=1, deviceId=-1, source=0x1002, flags=0x0, edgeFlags=0x0, metaState=0x0, buttonState=0x1, downTime=123850135000000, eventTime=123850215000000, pointerCount=1
10-30 07:20:55.288  1945  2498 D InputTransport: channel 'swipe-up (server)' : action=ACTION_UP(0), id=0, displayId=0, tooltype=1, deviceId=-1, source=0x1002, flags=0x0, edgeFlags=0x0, metaState=0x0, buttonState=0x1, downTime=123850135000000, eventTime=123850215000000, pointerCount=1
10-30 07:20:55.288  1945  2498 D InputTransport: channel 'swipe-up (server)' : action=ACTION_UP(0), id=0, displayId=0, tooltype=1, deviceId=-1, source=0x1002, flags=0x0, edgeFlags=0x0, metaState=0x0, buttonState=0x1, downTime=123850135000000, eventTime=123850215000000, pointerCount=1
10-30 07:20:55.288  1945  2498 D InputTransport: channel 'PointerEventDispatcher0 (server)' : action=ACTION_UP(0), id=0, displayId=0, tooltype=1, deviceId=-1, source=0x1002, flags=0x0, edgeFlags=0x0, metaState=0x0, buttonState=0x1, downTime=123850135000000, eventTime=123850215000000, pointerCount=1
10-30 07:20:55.294 19032 19032 I View    : PerformClick: com.google.android.material.radiobutton.MaterialRadioButton{6ef0be3 VFED..C.. ...p..ID 0,0-330,126 #7f08007c app:id/cauliflower}
10-30 07:20:55.295 19032 19032 I View    : MotionEvent.ACTION_UP: mPrivateFlags: -2128590800,   mHasPerformedLongPress: false,   mIgnoreNextUpEvent: false
10-30 07:20:55.314  1945  2548 V SoundPool: play(soundID=1, leftVolume=1.000000, rightVolume=1.000000, priority=0, loop=0, rate=1.000000)
10-30 07:20:55.316  1945  2548 V AudioTrack: setSampleRate(546): prior state:STATE_STOPPED rate:48000
10-30 07:20:55.317  1945  2548 V AudioTrack: start(546): prior state:STATE_STOPPED
10-30 07:20:55.317  1945  2548 V AudioTrack: start(546): server read:-798488  cumulative flushed:0  client written:0
10-30 07:20:55.317  2580 26577 V AF::Track: start(571): calling pid 1945 session 4681
10-30 07:20:55.317  2580 26577 V AudioPolicyService: AudioCommandThread() adding start output portId 546
10-30 07:20:55.318  2580 26577 V AudioPolicyService: inserting command: 3 at index 0, num commands 0
10-30 07:20:55.320  2580  2595 V AudioPolicyService: AudioCommandThread() processing start output portId 546
10-30 07:20:55.320  2580  2595 D APM_AudioPolicyManager: startOutput portId 546 output primary->(primary output)(13), stream 1, session 4681
10-30 07:20:55.320  2580  2595 V APM_AudioPolicyManager: setBeaconMute(1) mBeaconMuteRefCount=1 mBeaconPlayingRefCount=0
10-30 07:20:55.321  2580  2595 V APM_AudioPolicyManager: selectOutputForMusicEffects selected output 13
10-30 07:20:55.322  2580  2595 V APM_AudioPolicyManager: getNewOutputDevices selected devices {type:0x2,@:}
10-30 07:20:55.322  2580  2595 V APM_AudioPolicyManager: setOutputDevices device {type:0x2,@:} delayMs 0
10-30 07:20:55.322  2580  2595 V APM_AudioPolicyManager: setOutputDevices() prevDevice {type:0x2,@:}
10-30 07:20:55.322  2580  2595 V APM_AudioPolicyManager: setOutputDevices: suppressing checkDeviceMuteStrategies
10-30 07:20:55.322  2580  2595 V APM_AudioPolicyManager: setOutputDevices setting same device {type:0x2,@:} or null device, force=0, patch handle=4
10-30 07:20:55.322  2580  2595 V AudioPolicyService: AudioCommandThread() going to sleep
10-30 07:20:55.323  1945  2548 V SoundPool: play returned 2702
10-30 07:20:55.325  1945  5020 V AudioSystem: ioConfigChanged() event 8
10-30 07:20:55.325  1945  5020 V AudioSystem: ioConfigChanged() AUDIO_CLIENT_STARTED  io 13 port 546 num callbacks 0
10-30 07:20:55.380  2580  2617 V AF::Track: getNextBuffer(571): underrun,  framesReady(0) < framesDesired(236), state: 6
10-30 07:20:55.383  2580  2618 D AF::Track: presentationComplete(571): set: mPresentationCompleteFrames 168624 audioHalFrames 624
10-30 07:20:55.383  2580  2618 V AF::Track: presentationComplete(571): waiting framesWritten:168000  mPresentationCompleteFrames:168624
10-30 07:20:55.390  1945 19073 V AudioTrack: stop(546): prior state:STATE_ACTIVE
10-30 07:20:55.391  2580 26577 V AF::Track: stop(571): calling pid 1945
10-30 07:20:55.423  2580  2618 V AF::Track: presentationComplete(571): presentationComplete() mPresentationCompleteFrames 168624 framesWritten 169920
10-30 07:20:55.423  2580  2618 V AF::Track: presentationComplete(571): complete framesWritten:169920  mPresentationCompleteFrames:168624
10-30 07:20:55.430  2580  2618 V AudioPolicyService: AudioCommandThread() adding stop output portId 546
10-30 07:20:55.431  2580  2618 V AudioPolicyService: inserting command: 4 at index 0, num commands 0
10-30 07:20:55.431  2580  2595 V AudioPolicyService: AudioCommandThread() processing stop output portId 546
10-30 07:20:55.432  2580  2595 V APM_AudioPolicyManager: stopOutput() portId 546 output 13, stream 1, session 4681
10-30 07:20:55.432  2580  2595 V APM_AudioPolicyManager: setBeaconMute(1) mBeaconMuteRefCount=0 mBeaconPlayingRefCount=0
10-30 07:20:55.432  2580  2595 V APM_AudioPolicyManager: getNewOutputDevices selected devices AUDIO_DEVICE_NONE
10-30 07:20:55.432  2580  2595 V APM_AudioPolicyManager: setOutputDevices device AUDIO_DEVICE_NONE delayMs 106
10-30 07:20:55.432  2580  2595 V APM_AudioPolicyManager: setOutputDevices() prevDevice {type:0x2,@:}
10-30 07:20:55.436  2580  2595 V APM_AudioPolicyManager: setOutputDevices setting same device AUDIO_DEVICE_NONE or null device, force=0, patch handle=4
10-30 07:20:55.437  2580  2595 V APM_AudioPolicyManager: selectOutputForMusicEffects selected output 13
10-30 07:20:55.437  2580  2595 V AudioPolicyService: AudioCommandThread() going to sleep
10-30 07:20:55.749 19032 19032 I ViewInteraction: Performing 'single click' action on view view.getId() is <2131231081/com.example.lunchtray:id/next_button>
10-30 07:20:55.757  1945  2498 D InputTransport: channel '433222d com.example.lunchtray/com.example.lunchtray.MainActivity (server)' : action=ACTION_DOWN(0), id=0, displayId=0, tooltype=0, deviceId=-1, source=0x1002, flags=0x0, edgeFlags=0x0, metaState=0x0, buttonState=0x1, downTime=123850686000000, eventTime=123850686000000, pointerCount=1
10-30 07:20:55.758  1945  2498 D InputTransport: channel 'edge-swipe (server)' : action=ACTION_DOWN(0), id=0, displayId=0, tooltype=0, deviceId=-1, source=0x1002, flags=0x0, edgeFlags=0x0, metaState=0x0, buttonState=0x1, downTime=123850686000000, eventTime=123850686000000, pointerCount=1
10-30 07:20:55.758  1945  2498 D InputTransport: channel 'swipe-up (server)' : action=ACTION_DOWN(0), id=0, displayId=0, tooltype=0, deviceId=-1, source=0x1002, flags=0x0, edgeFlags=0x0, metaState=0x0, buttonState=0x1, downTime=123850686000000, eventTime=123850686000000, pointerCount=1
10-30 07:20:55.758  1945  2498 D InputTransport: channel 'swipe-up (server)' : action=ACTION_DOWN(0), id=0, displayId=0, tooltype=0, deviceId=-1, source=0x1002, flags=0x0, edgeFlags=0x0, metaState=0x0, buttonState=0x1, downTime=123850686000000, eventTime=123850686000000, pointerCount=1
10-30 07:20:55.758  1945  2498 D InputTransport: channel 'swipe-up (server)' : action=ACTION_DOWN(0), id=0, displayId=0, tooltype=0, deviceId=-1, source=0x1002, flags=0x0, edgeFlags=0x0, metaState=0x0, buttonState=0x1, downTime=123850686000000, eventTime=123850686000000, pointerCount=1
10-30 07:20:55.758  1945  2498 D InputTransport: channel 'swipe-up (server)' : action=ACTION_DOWN(0), id=0, displayId=0, tooltype=0, deviceId=-1, source=0x1002, flags=0x0, edgeFlags=0x0, metaState=0x0, buttonState=0x1, downTime=123850686000000, eventTime=123850686000000, pointerCount=1
10-30 07:20:55.758  1945  2498 D InputTransport: channel 'PointerEventDispatcher0 (server)' : action=ACTION_DOWN(0), id=0, displayId=0, tooltype=0, deviceId=-1, source=0x1002, flags=0x0, edgeFlags=0x0, metaState=0x0, buttonState=0x1, downTime=123850686000000, eventTime=123850686000000, pointerCount=1
10-30 07:20:55.841  1945  2498 D InputTransport: channel '433222d com.example.lunchtray/com.example.lunchtray.MainActivity (server)' : action=ACTION_UP(0), id=0, displayId=0, tooltype=1, deviceId=-1, source=0x1002, flags=0x0, edgeFlags=0x0, metaState=0x0, buttonState=0x1, downTime=123850686000000, eventTime=123850769000000, pointerCount=1
10-30 07:20:55.841  1945  2498 D InputTransport: channel 'edge-swipe (server)' : action=ACTION_UP(0), id=0, displayId=0, tooltype=1, deviceId=-1, source=0x1002, flags=0x0, edgeFlags=0x0, metaState=0x0, buttonState=0x1, downTime=123850686000000, eventTime=123850769000000, pointerCount=1
10-30 07:20:55.841  1945  2498 D InputTransport: channel 'swipe-up (server)' : action=ACTION_UP(0), id=0, displayId=0, tooltype=1, deviceId=-1, source=0x1002, flags=0x0, edgeFlags=0x0, metaState=0x0, buttonState=0x1, downTime=123850686000000, eventTime=123850769000000, pointerCount=1
10-30 07:20:55.842  1945  2498 D InputTransport: channel 'swipe-up (server)' : action=ACTION_UP(0), id=0, displayId=0, tooltype=1, deviceId=-1, source=0x1002, flags=0x0, edgeFlags=0x0, metaState=0x0, buttonState=0x1, downTime=123850686000000, eventTime=123850769000000, pointerCount=1
10-30 07:20:55.842  1945  2498 D InputTransport: channel 'swipe-up (server)' : action=ACTION_UP(0), id=0, displayId=0, tooltype=1, deviceId=-1, source=0x1002, flags=0x0, edgeFlags=0x0, metaState=0x0, buttonState=0x1, downTime=123850686000000, eventTime=123850769000000, pointerCount=1
10-30 07:20:55.842  1945  2498 D InputTransport: channel 'swipe-up (server)' : action=ACTION_UP(0), id=0, displayId=0, tooltype=1, deviceId=-1, source=0x1002, flags=0x0, edgeFlags=0x0, metaState=0x0, buttonState=0x1, downTime=123850686000000, eventTime=123850769000000, pointerCount=1
10-30 07:20:55.842  1945  2498 D InputTransport: channel 'PointerEventDispatcher0 (server)' : action=ACTION_UP(0), id=0, displayId=0, tooltype=1, deviceId=-1, source=0x1002, flags=0x0, edgeFlags=0x0, metaState=0x0, buttonState=0x1, downTime=123850686000000, eventTime=123850769000000, pointerCount=1
10-30 07:20:55.853 19032 19032 I View    : PerformClick: com.google.android.material.button.MaterialButton{ad9dccc VFED..C.. ...p..ID 561,1458-1038,1584 #7f080169 app:id/next_button}
10-30 07:20:55.854 19032 19032 I View    : MotionEvent.ACTION_UP: mPrivateFlags: -2128590800,   mHasPerformedLongPress: false,   mIgnoreNextUpEvent: false
10-30 07:20:55.899  1945  2548 V SoundPool: play(soundID=1, leftVolume=1.000000, rightVolume=1.000000, priority=0, loop=0, rate=1.000000)
10-30 07:20:55.901  1945  2548 V AudioTrack: setSampleRate(546): prior state:STATE_STOPPED rate:48000
10-30 07:20:55.901  1945  2548 V AudioTrack: start(546): prior state:STATE_STOPPED
10-30 07:20:55.901  1945  2548 V AudioTrack: start(546): server read:-801132  cumulative flushed:0  client written:0
10-30 07:20:55.901  2580 26577 V AF::Track: start(571): calling pid 1945 session 4681
10-30 07:20:55.901  2580 26577 V AudioPolicyService: AudioCommandThread() adding start output portId 546
10-30 07:20:55.902  2580 26577 V AudioPolicyService: inserting command: 3 at index 0, num commands 0
10-30 07:20:55.902  2580  2595 V AudioPolicyService: AudioCommandThread() processing start output portId 546
10-30 07:20:55.902  2580  2595 D APM_AudioPolicyManager: startOutput portId 546 output primary->(primary output)(13), stream 1, session 4681
10-30 07:20:55.902  2580  2595 V APM_AudioPolicyManager: setBeaconMute(1) mBeaconMuteRefCount=1 mBeaconPlayingRefCount=0
10-30 07:20:55.903  2580  2595 V APM_AudioPolicyManager: selectOutputForMusicEffects selected output 13
10-30 07:20:55.903  2580  2595 V APM_AudioPolicyManager: getNewOutputDevices selected devices {type:0x2,@:}
10-30 07:20:55.903  2580  2595 V APM_AudioPolicyManager: setOutputDevices device {type:0x2,@:} delayMs 0
10-30 07:20:55.904  2580  2595 V APM_AudioPolicyManager: setOutputDevices() prevDevice {type:0x2,@:}
10-30 07:20:55.904  2580  2595 V APM_AudioPolicyManager: setOutputDevices: suppressing checkDeviceMuteStrategies
10-30 07:20:55.904  2580  2595 V APM_AudioPolicyManager: setOutputDevices setting same device {type:0x2,@:} or null device, force=0, patch handle=4
10-30 07:20:55.904  2580  2595 V AudioPolicyService: AudioCommandThread() going to sleep
10-30 07:20:55.905  1945  2548 V SoundPool: play returned 2703
10-30 07:20:55.910  1945  1965 V AudioSystem: ioConfigChanged() event 8
10-30 07:20:55.910  1945  1965 V AudioSystem: ioConfigChanged() AUDIO_CLIENT_STARTED  io 13 port 546 num callbacks 0
10-30 07:20:55.960  2580  2617 V AF::Track: getNextBuffer(571): underrun,  framesReady(0) < framesDesired(236), state: 6
10-30 07:20:55.961  1945 19073 V AudioTrack: stop(546): prior state:STATE_ACTIVE
10-30 07:20:55.961  2580 26577 V AF::Track: stop(571): calling pid 1945
10-30 07:20:55.972   803 18939 I keystore2: keystore2::watchdog: Watchdog thread idle -> terminating. Have a great day.
10-30 07:20:55.985  2580  2618 D AF::Track: presentationComplete(571): set: mPresentationCompleteFrames 197424 audioHalFrames 624
10-30 07:20:55.985  2580  2618 V AF::Track: presentationComplete(571): waiting framesWritten:196800  mPresentationCompleteFrames:197424
10-30 07:20:56.005  2580  2618 V AF::Track: presentationComplete(571): presentationComplete() mPresentationCompleteFrames 197424 framesWritten 197760
10-30 07:20:56.005  2580  2618 V AF::Track: presentationComplete(571): complete framesWritten:197760  mPresentationCompleteFrames:197424
10-30 07:20:56.009  2580  2618 V AudioPolicyService: AudioCommandThread() adding stop output portId 546
10-30 07:20:56.010  2580  2618 V AudioPolicyService: inserting command: 4 at index 0, num commands 0
10-30 07:20:56.010  2580  2595 V AudioPolicyService: AudioCommandThread() processing stop output portId 546
10-30 07:20:56.010  2580  2595 V APM_AudioPolicyManager: stopOutput() portId 546 output 13, stream 1, session 4681
10-30 07:20:56.010  2580  2595 V APM_AudioPolicyManager: setBeaconMute(1) mBeaconMuteRefCount=0 mBeaconPlayingRefCount=0
10-30 07:20:56.011  2580  2595 V APM_AudioPolicyManager: getNewOutputDevices selected devices AUDIO_DEVICE_NONE
10-30 07:20:56.011  2580  2595 V APM_AudioPolicyManager: setOutputDevices device AUDIO_DEVICE_NONE delayMs 106
10-30 07:20:56.011  2580  2595 V APM_AudioPolicyManager: setOutputDevices() prevDevice {type:0x2,@:}
10-30 07:20:56.015  2580  2595 V APM_AudioPolicyManager: setOutputDevices setting same device AUDIO_DEVICE_NONE or null device, force=0, patch handle=4
10-30 07:20:56.015  2580  2595 V APM_AudioPolicyManager: selectOutputForMusicEffects selected output 13
10-30 07:20:56.015  2580  2595 V AudioPolicyService: AudioCommandThread() going to sleep
10-30 07:20:56.116  1945  1965 D WifiClientModeImpl[wlan0]: getConativeWiFiQualityStatus keep previous WifiQuailityInfo
10-30 07:20:56.270  1945  2588 D WifiWatchdogStateMachine: iwlanpercheck loss=0% / volume4 / imscallstate:0 sum:0, perAvg:0
10-30 07:20:56.335 19032 19032 I ViewInteraction: Performing 'single click' action on view view.getId() is <2131231187/com.example.lunchtray:id/soup>
10-30 07:20:56.340  1945  2498 D InputTransport: channel '433222d com.example.lunchtray/com.example.lunchtray.MainActivity (server)' : action=ACTION_DOWN(0), id=0, displayId=0, tooltype=0, deviceId=-1, source=0x1002, flags=0x0, edgeFlags=0x0, metaState=0x0, buttonState=0x1, downTime=123851269000000, eventTime=123851269000000, pointerCount=1
10-30 07:20:56.340  1945  2498 D InputTransport: channel 'edge-swipe (server)' : action=ACTION_DOWN(0), id=0, displayId=0, tooltype=0, deviceId=-1, source=0x1002, flags=0x0, edgeFlags=0x0, metaState=0x0, buttonState=0x1, downTime=123851269000000, eventTime=123851269000000, pointerCount=1
10-30 07:20:56.340  1945  2498 D InputTransport: channel 'swipe-up (server)' : action=ACTION_DOWN(0), id=0, displayId=0, tooltype=0, deviceId=-1, source=0x1002, flags=0x0, edgeFlags=0x0, metaState=0x0, buttonState=0x1, downTime=123851269000000, eventTime=123851269000000, pointerCount=1
10-30 07:20:56.341  1945  2498 D InputTransport: channel 'swipe-up (server)' : action=ACTION_DOWN(0), id=0, displayId=0, tooltype=0, deviceId=-1, source=0x1002, flags=0x0, edgeFlags=0x0, metaState=0x0, buttonState=0x1, downTime=123851269000000, eventTime=123851269000000, pointerCount=1
10-30 07:20:56.341  1945  2498 D InputTransport: channel 'swipe-up (server)' : action=ACTION_DOWN(0), id=0, displayId=0, tooltype=0, deviceId=-1, source=0x1002, flags=0x0, edgeFlags=0x0, metaState=0x0, buttonState=0x1, downTime=123851269000000, eventTime=123851269000000, pointerCount=1
10-30 07:20:56.341  1945  2498 D InputTransport: channel 'swipe-up (server)' : action=ACTION_DOWN(0), id=0, displayId=0, tooltype=0, deviceId=-1, source=0x1002, flags=0x0, edgeFlags=0x0, metaState=0x0, buttonState=0x1, downTime=123851269000000, eventTime=123851269000000, pointerCount=1
10-30 07:20:56.341  1945  2498 D InputTransport: channel 'PointerEventDispatcher0 (server)' : action=ACTION_DOWN(0), id=0, displayId=0, tooltype=0, deviceId=-1, source=0x1002, flags=0x0, edgeFlags=0x0, metaState=0x0, buttonState=0x1, downTime=123851269000000, eventTime=123851269000000, pointerCount=1
10-30 07:20:56.431  1945  2498 D InputTransport: channel '433222d com.example.lunchtray/com.example.lunchtray.MainActivity (server)' : action=ACTION_UP(0), id=0, displayId=0, tooltype=1, deviceId=-1, source=0x1002, flags=0x0, edgeFlags=0x0, metaState=0x0, buttonState=0x1, downTime=123851269000000, eventTime=123851360000000, pointerCount=1
10-30 07:20:56.431  1945  2498 D InputTransport: channel 'edge-swipe (server)' : action=ACTION_UP(0), id=0, displayId=0, tooltype=1, deviceId=-1, source=0x1002, flags=0x0, edgeFlags=0x0, metaState=0x0, buttonState=0x1, downTime=123851269000000, eventTime=123851360000000, pointerCount=1
10-30 07:20:56.431  1945  2498 D InputTransport: channel 'swipe-up (server)' : action=ACTION_UP(0), id=0, displayId=0, tooltype=1, deviceId=-1, source=0x1002, flags=0x0, edgeFlags=0x0, metaState=0x0, buttonState=0x1, downTime=123851269000000, eventTime=123851360000000, pointerCount=1
10-30 07:20:56.432  1945  2498 D InputTransport: channel 'swipe-up (server)' : action=ACTION_UP(0), id=0, displayId=0, tooltype=1, deviceId=-1, source=0x1002, flags=0x0, edgeFlags=0x0, metaState=0x0, buttonState=0x1, downTime=123851269000000, eventTime=123851360000000, pointerCount=1
10-30 07:20:56.432  1945  2498 D InputTransport: channel 'swipe-up (server)' : action=ACTION_UP(0), id=0, displayId=0, tooltype=1, deviceId=-1, source=0x1002, flags=0x0, edgeFlags=0x0, metaState=0x0, buttonState=0x1, downTime=123851269000000, eventTime=123851360000000, pointerCount=1
10-30 07:20:56.432  1945  2498 D InputTransport: channel 'swipe-up (server)' : action=ACTION_UP(0), id=0, displayId=0, tooltype=1, deviceId=-1, source=0x1002, flags=0x0, edgeFlags=0x0, metaState=0x0, buttonState=0x1, downTime=123851269000000, eventTime=123851360000000, pointerCount=1
10-30 07:20:56.432  1945  2498 D InputTransport: channel 'PointerEventDispatcher0 (server)' : action=ACTION_UP(0), id=0, displayId=0, tooltype=1, deviceId=-1, source=0x1002, flags=0x0, edgeFlags=0x0, metaState=0x0, buttonState=0x1, downTime=123851269000000, eventTime=123851360000000, pointerCount=1
10-30 07:20:56.439 19032 19032 I View    : PerformClick: com.google.android.material.radiobutton.MaterialRadioButton{52119bc VFED..C.. ...p..ID 0,326-582,452 #7f0801d3 app:id/soup}
10-30 07:20:56.440 19032 19032 I View    : MotionEvent.ACTION_UP: mPrivateFlags: -2128590800,   mHasPerformedLongPress: false,   mIgnoreNextUpEvent: false
10-30 07:20:56.468  1945  2548 V SoundPool: play(soundID=1, leftVolume=1.000000, rightVolume=1.000000, priority=0, loop=0, rate=1.000000)
10-30 07:20:56.469  1945  2548 V AudioTrack: setSampleRate(546): prior state:STATE_STOPPED rate:48000
10-30 07:20:56.469  1945  2548 V AudioTrack: start(546): prior state:STATE_STOPPED
10-30 07:20:56.469  1945  2548 V AudioTrack: start(546): server read:-803776  cumulative flushed:0  client written:0
10-30 07:20:56.470  2580 26577 V AF::Track: start(571): calling pid 1945 session 4681
10-30 07:20:56.470  2580 26577 V AudioPolicyService: AudioCommandThread() adding start output portId 546
10-30 07:20:56.471  2580 26577 V AudioPolicyService: inserting command: 3 at index 0, num commands 0
10-30 07:20:56.471  2580  2595 V AudioPolicyService: AudioCommandThread() processing start output portId 546
10-30 07:20:56.471  2580  2595 D APM_AudioPolicyManager: startOutput portId 546 output primary->(primary output)(13), stream 1, session 4681
10-30 07:20:56.471  2580  2595 V APM_AudioPolicyManager: setBeaconMute(1) mBeaconMuteRefCount=1 mBeaconPlayingRefCount=0
10-30 07:20:56.471  2580  2595 V APM_AudioPolicyManager: selectOutputForMusicEffects selected output 13
10-30 07:20:56.472  2580  2595 V APM_AudioPolicyManager: getNewOutputDevices selected devices {type:0x2,@:}
10-30 07:20:56.472  2580  2595 V APM_AudioPolicyManager: setOutputDevices device {type:0x2,@:} delayMs 0
10-30 07:20:56.472  2580  2595 V APM_AudioPolicyManager: setOutputDevices() prevDevice {type:0x2,@:}
10-30 07:20:56.472  2580  2595 V APM_AudioPolicyManager: setOutputDevices: suppressing checkDeviceMuteStrategies
10-30 07:20:56.472  2580  2595 V APM_AudioPolicyManager: setOutputDevices setting same device {type:0x2,@:} or null device, force=0, patch handle=4
10-30 07:20:56.472  2580  2595 V AudioPolicyService: AudioCommandThread() going to sleep
10-30 07:20:56.473  1945  5020 V AudioSystem: ioConfigChanged() event 8
10-30 07:20:56.473  1945  5020 V AudioSystem: ioConfigChanged() AUDIO_CLIENT_STARTED  io 13 port 546 num callbacks 0
10-30 07:20:56.473  1945  2548 V SoundPool: play returned 2704
10-30 07:20:56.540  2580  2617 V AF::Track: getNextBuffer(571): underrun,  framesReady(0) < framesDesired(236), state: 6
10-30 07:20:56.543  2580  2618 D AF::Track: presentationComplete(571): set: mPresentationCompleteFrames 224304 audioHalFrames 624
10-30 07:20:56.543  2580  2618 V AF::Track: presentationComplete(571): waiting framesWritten:223680  mPresentationCompleteFrames:224304
10-30 07:20:56.547  1945 19073 V AudioTrack: stop(546): prior state:STATE_ACTIVE
10-30 07:20:56.547  2580 26577 V AF::Track: stop(571): calling pid 1945
10-30 07:20:56.583  2580  2618 V AF::Track: presentationComplete(571): presentationComplete() mPresentationCompleteFrames 224304 framesWritten 225600
10-30 07:20:56.583  2580  2618 V AF::Track: presentationComplete(571): complete framesWritten:225600  mPresentationCompleteFrames:224304
10-30 07:20:56.590  2580  2618 V AudioPolicyService: AudioCommandThread() adding stop output portId 546
10-30 07:20:56.591  2580  2618 V AudioPolicyService: inserting command: 4 at index 0, num commands 0
10-30 07:20:56.592  2580  2595 V AudioPolicyService: AudioCommandThread() processing stop output portId 546
10-30 07:20:56.592  2580  2595 V APM_AudioPolicyManager: stopOutput() portId 546 output 13, stream 1, session 4681
10-30 07:20:56.592  2580  2595 V APM_AudioPolicyManager: setBeaconMute(1) mBeaconMuteRefCount=0 mBeaconPlayingRefCount=0
10-30 07:20:56.593  2580  2595 V APM_AudioPolicyManager: getNewOutputDevices selected devices AUDIO_DEVICE_NONE
10-30 07:20:56.593  2580  2595 V APM_AudioPolicyManager: setOutputDevices device AUDIO_DEVICE_NONE delayMs 106
10-30 07:20:56.593  2580  2595 V APM_AudioPolicyManager: setOutputDevices() prevDevice {type:0x2,@:}
10-30 07:20:56.596  2580  2595 V APM_AudioPolicyManager: setOutputDevices setting same device AUDIO_DEVICE_NONE or null device, force=0, patch handle=4
10-30 07:20:56.597  2580  2595 V APM_AudioPolicyManager: selectOutputForMusicEffects selected output 13
10-30 07:20:56.597  2580  2595 V AudioPolicyService: AudioCommandThread() going to sleep
10-30 07:20:56.629  1673  1699 I PowerRM : CF-1 b-1
10-30 07:20:56.629  1673  1699 I PowerRM : REQF = -1
10-30 07:20:56.629  1673  1699 I Powercontrol_Client: Notify refreshrate 160:60:-1
10-30 07:20:56.631  1418  1447 I vendor.lge.hardware.powercontrol@1.3-impl: notify_refreshrate_limit to 160/60/-1
10-30 07:20:56.634  1363 18506 D sensors_hal_accel: handle_sns_client_event:446, accel_sample(accelcal_available:0): ts=285441652864134 ns; value = [0.161429, -0.026004, 9.820662], status=3
10-30 07:20:56.815  2756  2756 I NetworkController.WifiSignalController: Change in state to: connected=true,enabled=true,level=2,inetCondition=1,iconGroup=IconGroup(Default Wi-Fi Icons),activityIn=true,activityOut=true,rssi=-73,lteadvancedmode=0,ssid="WohnzimmerWLAN",wifiStandard=0,isReady=false,isTransient=false,isDefault=false,statusLabel=null,isCarrierMerged=false,subId=0,isGigaWiFi=false,isAttWifiCall=false,detailedState=CONNECTED
10-30 07:20:56.815  2756  2756 I NetworkController: [getDataController] getDefaultDataSubId : dataSubId is 2
10-30 07:20:56.819  2756  2756 I NetworkController.WifiSignalController: updateIconGroup() : mWifiGeneration = 4
10-30 07:20:56.819  2756  2756 I NetworkController.WifiSignalController: updateIconGroup() : connected = true, mCurrentState.isAttWifiCall = false
10-30 07:20:56.821  2756  2756 I MSimUtils: getSubId : 2
10-30 07:20:56.823  2756  2756 I MSimUtils: getSubId : 2
10-30 07:20:56.882  2756  2756 D BarBackgroundDrawable: draw() : targetColor = 0, canvas = android.graphics.RecordingCanvas@df9fdf3, this = com.android.systemui.statusbar.phone.BarTransitions$BarBackgroundDrawable@7c723ac
10-30 07:20:56.892  2756  2756 D StatusBarNotificationPresenter: isShowNotificationIconsOnly() orientation: 1
10-30 07:20:56.897  2756  2756 D StatusBarNotificationPresenter: isShowNotificationIconsOnly() orientation: 1
10-30 07:20:56.897 19032 19032 I ViewInteraction: Performing 'single click' action on view view.getId() is <2131231081/com.example.lunchtray:id/next_button>
10-30 07:20:56.902  1945  2498 D InputTransport: channel '433222d com.example.lunchtray/com.example.lunchtray.MainActivity (server)' : action=ACTION_DOWN(0), id=0, displayId=0, tooltype=0, deviceId=-1, source=0x1002, flags=0x0, edgeFlags=0x0, metaState=0x0, buttonState=0x1, downTime=123851831000000, eventTime=123851831000000, pointerCount=1
10-30 07:20:56.902  1945  2498 D InputTransport: channel 'edge-swipe (server)' : action=ACTION_DOWN(0), id=0, displayId=0, tooltype=0, deviceId=-1, source=0x1002, flags=0x0, edgeFlags=0x0, metaState=0x0, buttonState=0x1, downTime=123851831000000, eventTime=123851831000000, pointerCount=1
10-30 07:20:56.902  1945  2498 D InputTransport: channel 'swipe-up (server)' : action=ACTION_DOWN(0), id=0, displayId=0, tooltype=0, deviceId=-1, source=0x1002, flags=0x0, edgeFlags=0x0, metaState=0x0, buttonState=0x1, downTime=123851831000000, eventTime=123851831000000, pointerCount=1
10-30 07:20:56.903  1945  2498 D InputTransport: channel 'swipe-up (server)' : action=ACTION_DOWN(0), id=0, displayId=0, tooltype=0, deviceId=-1, source=0x1002, flags=0x0, edgeFlags=0x0, metaState=0x0, buttonState=0x1, downTime=123851831000000, eventTime=123851831000000, pointerCount=1
10-30 07:20:56.903  1945  2498 D InputTransport: channel 'swipe-up (server)' : action=ACTION_DOWN(0), id=0, displayId=0, tooltype=0, deviceId=-1, source=0x1002, flags=0x0, edgeFlags=0x0, metaState=0x0, buttonState=0x1, downTime=123851831000000, eventTime=123851831000000, pointerCount=1
10-30 07:20:56.903  1945  2498 D InputTransport: channel 'swipe-up (server)' : action=ACTION_DOWN(0), id=0, displayId=0, tooltype=0, deviceId=-1, source=0x1002, flags=0x0, edgeFlags=0x0, metaState=0x0, buttonState=0x1, downTime=123851831000000, eventTime=123851831000000, pointerCount=1
10-30 07:20:56.903  1945  2498 D InputTransport: channel 'PointerEventDispatcher0 (server)' : action=ACTION_DOWN(0), id=0, displayId=0, tooltype=0, deviceId=-1, source=0x1002, flags=0x0, edgeFlags=0x0, metaState=0x0, buttonState=0x1, downTime=123851831000000, eventTime=123851831000000, pointerCount=1
10-30 07:20:56.984  1945  2498 D InputTransport: channel '433222d com.example.lunchtray/com.example.lunchtray.MainActivity (server)' : action=ACTION_UP(0), id=0, displayId=0, tooltype=1, deviceId=-1, source=0x1002, flags=0x0, edgeFlags=0x0, metaState=0x0, buttonState=0x1, downTime=123851831000000, eventTime=123851914000000, pointerCount=1
10-30 07:20:56.985  1945  2498 D InputTransport: channel 'edge-swipe (server)' : action=ACTION_UP(0), id=0, displayId=0, tooltype=1, deviceId=-1, source=0x1002, flags=0x0, edgeFlags=0x0, metaState=0x0, buttonState=0x1, downTime=123851831000000, eventTime=123851914000000, pointerCount=1
10-30 07:20:56.985  1945  2498 D InputTransport: channel 'swipe-up (server)' : action=ACTION_UP(0), id=0, displayId=0, tooltype=1, deviceId=-1, source=0x1002, flags=0x0, edgeFlags=0x0, metaState=0x0, buttonState=0x1, downTime=123851831000000, eventTime=123851914000000, pointerCount=1
10-30 07:20:56.985  1945  2498 D InputTransport: channel 'swipe-up (server)' : action=ACTION_UP(0), id=0, displayId=0, tooltype=1, deviceId=-1, source=0x1002, flags=0x0, edgeFlags=0x0, metaState=0x0, buttonState=0x1, downTime=123851831000000, eventTime=123851914000000, pointerCount=1
10-30 07:20:56.985  1945  2498 D InputTransport: channel 'swipe-up (server)' : action=ACTION_UP(0), id=0, displayId=0, tooltype=1, deviceId=-1, source=0x1002, flags=0x0, edgeFlags=0x0, metaState=0x0, buttonState=0x1, downTime=123851831000000, eventTime=123851914000000, pointerCount=1
10-30 07:20:56.985  1945  2498 D InputTransport: channel 'swipe-up (server)' : action=ACTION_UP(0), id=0, displayId=0, tooltype=1, deviceId=-1, source=0x1002, flags=0x0, edgeFlags=0x0, metaState=0x0, buttonState=0x1, downTime=123851831000000, eventTime=123851914000000, pointerCount=1
10-30 07:20:56.985  1945  2498 D InputTransport: channel 'PointerEventDispatcher0 (server)' : action=ACTION_UP(0), id=0, displayId=0, tooltype=1, deviceId=-1, source=0x1002, flags=0x0, edgeFlags=0x0, metaState=0x0, buttonState=0x1, downTime=123851831000000, eventTime=123851914000000, pointerCount=1
10-30 07:20:56.998 19032 19032 I View    : PerformClick: com.google.android.material.button.MaterialButton{84440dd VFED..C.. ...p..ID 561,1364-1038,1490 #7f080169 app:id/next_button}
10-30 07:20:56.999 19032 19032 I View    : MotionEvent.ACTION_UP: mPrivateFlags: -2128590800,   mHasPerformedLongPress: false,   mIgnoreNextUpEvent: false
10-30 07:20:57.021  1945  2548 V SoundPool: play(soundID=1, leftVolume=1.000000, rightVolume=1.000000, priority=0, loop=0, rate=1.000000)
10-30 07:20:57.022  1945  2548 V AudioTrack: setSampleRate(546): prior state:STATE_STOPPED rate:48000
10-30 07:20:57.023  1945  2548 V AudioTrack: start(546): prior state:STATE_STOPPED
10-30 07:20:57.023  1945  2548 V AudioTrack: start(546): server read:-806420  cumulative flushed:0  client written:0
10-30 07:20:57.023  2580 26577 V AF::Track: start(571): calling pid 1945 session 4681
10-30 07:20:57.023  2580 26577 V AudioPolicyService: AudioCommandThread() adding start output portId 546
10-30 07:20:57.024  2580 26577 V AudioPolicyService: inserting command: 3 at index 0, num commands 0
10-30 07:20:57.024  2580  2595 V AudioPolicyService: AudioCommandThread() processing start output portId 546
10-30 07:20:57.024  2580  2595 D APM_AudioPolicyManager: startOutput portId 546 output primary->(primary output)(13), stream 1, session 4681
10-30 07:20:57.024  2580  2595 V APM_AudioPolicyManager: setBeaconMute(1) mBeaconMuteRefCount=1 mBeaconPlayingRefCount=0
10-30 07:20:57.025  2580  2595 V APM_AudioPolicyManager: selectOutputForMusicEffects selected output 13
10-30 07:20:57.026  2580  2595 V APM_AudioPolicyManager: getNewOutputDevices selected devices {type:0x2,@:}
10-30 07:20:57.026  2580  2595 V APM_AudioPolicyManager: setOutputDevices device {type:0x2,@:} delayMs 0
10-30 07:20:57.026  2580  2595 V APM_AudioPolicyManager: setOutputDevices() prevDevice {type:0x2,@:}
10-30 07:20:57.026  2580  2595 V APM_AudioPolicyManager: setOutputDevices: suppressing checkDeviceMuteStrategies
10-30 07:20:57.026  2580  2595 V APM_AudioPolicyManager: setOutputDevices setting same device {type:0x2,@:} or null device, force=0, patch handle=4
10-30 07:20:57.026  2580  2595 V AudioPolicyService: AudioCommandThread() going to sleep
10-30 07:20:57.027  1945  1965 V AudioSystem: ioConfigChanged() event 8
10-30 07:20:57.027  1945  1965 V AudioSystem: ioConfigChanged() AUDIO_CLIENT_STARTED  io 13 port 546 num callbacks 0
10-30 07:20:57.028  1945  2548 V SoundPool: play returned 2705
10-30 07:20:57.067 19032 19040 I ample.lunchtra: Compiler allocated 4109KB to compile void android.widget.TextView.<init>(android.content.Context, android.util.AttributeSet, int, int)
10-30 07:20:57.087  2580  2617 V AF::Track: getNextBuffer(571): underrun,  framesReady(0) < framesDesired(236), state: 6
10-30 07:20:57.097  1945 19073 V AudioTrack: stop(546): prior state:STATE_ACTIVE
10-30 07:20:57.098  2580 26577 V AF::Track: stop(571): calling pid 1945
10-30 07:20:57.116  1945  5020 D WifiClientModeImpl[wlan0]: getConativeWiFiQualityStatus keep previous WifiQuailityInfo
10-30 07:20:57.125  2580  2618 D AF::Track: presentationComplete(571): set: mPresentationCompleteFrames 252144 audioHalFrames 624
10-30 07:20:57.126  2580  2618 V AF::Track: presentationComplete(571): waiting framesWritten:251520  mPresentationCompleteFrames:252144
10-30 07:20:57.145  2580  2618 V AF::Track: presentationComplete(571): presentationComplete() mPresentationCompleteFrames 252144 framesWritten 252480
10-30 07:20:57.145  2580  2618 V AF::Track: presentationComplete(571): complete framesWritten:252480  mPresentationCompleteFrames:252144
10-30 07:20:57.149  2580  2618 V AudioPolicyService: AudioCommandThread() adding stop output portId 546
10-30 07:20:57.150  2580  2618 V AudioPolicyService: inserting command: 4 at index 0, num commands 0
10-30 07:20:57.150  2580  2595 V AudioPolicyService: AudioCommandThread() processing stop output portId 546
10-30 07:20:57.151  2580  2595 V APM_AudioPolicyManager: stopOutput() portId 546 output 13, stream 1, session 4681
10-30 07:20:57.151  2580  2595 V APM_AudioPolicyManager: setBeaconMute(1) mBeaconMuteRefCount=0 mBeaconPlayingRefCount=0
10-30 07:20:57.151  2580  2595 V APM_AudioPolicyManager: getNewOutputDevices selected devices AUDIO_DEVICE_NONE
10-30 07:20:57.151  2580  2595 V APM_AudioPolicyManager: setOutputDevices device AUDIO_DEVICE_NONE delayMs 106
10-30 07:20:57.151  2580  2595 V APM_AudioPolicyManager: setOutputDevices() prevDevice {type:0x2,@:}
10-30 07:20:57.155  2580  2595 V APM_AudioPolicyManager: setOutputDevices setting same device AUDIO_DEVICE_NONE or null device, force=0, patch handle=4
10-30 07:20:57.155  2580  2595 V APM_AudioPolicyManager: selectOutputForMusicEffects selected output 13
10-30 07:20:57.156  2580  2595 V AudioPolicyService: AudioCommandThread() going to sleep
10-30 07:20:57.431 19032 19032 I ViewInteraction: Performing 'single click' action on view view.getId() is <2131230835/com.example.lunchtray:id/bread>
10-30 07:20:57.436  1945  2498 D InputTransport: channel '433222d com.example.lunchtray/com.example.lunchtray.MainActivity (server)' : action=ACTION_DOWN(0), id=0, displayId=0, tooltype=0, deviceId=-1, source=0x1002, flags=0x0, edgeFlags=0x0, metaState=0x0, buttonState=0x1, downTime=123852365000000, eventTime=123852365000000, pointerCount=1
10-30 07:20:57.436  1945  2498 D InputTransport: channel 'edge-swipe (server)' : action=ACTION_DOWN(0), id=0, displayId=0, tooltype=0, deviceId=-1, source=0x1002, flags=0x0, edgeFlags=0x0, metaState=0x0, buttonState=0x1, downTime=123852365000000, eventTime=123852365000000, pointerCount=1
10-30 07:20:57.436  1945  2498 D InputTransport: channel 'swipe-up (server)' : action=ACTION_DOWN(0), id=0, displayId=0, tooltype=0, deviceId=-1, source=0x1002, flags=0x0, edgeFlags=0x0, metaState=0x0, buttonState=0x1, downTime=123852365000000, eventTime=123852365000000, pointerCount=1
10-30 07:20:57.437  1945  2498 D InputTransport: channel 'swipe-up (server)' : action=ACTION_DOWN(0), id=0, displayId=0, tooltype=0, deviceId=-1, source=0x1002, flags=0x0, edgeFlags=0x0, metaState=0x0, buttonState=0x1, downTime=123852365000000, eventTime=123852365000000, pointerCount=1
10-30 07:20:57.437  1945  2498 D InputTransport: channel 'swipe-up (server)' : action=ACTION_DOWN(0), id=0, displayId=0, tooltype=0, deviceId=-1, source=0x1002, flags=0x0, edgeFlags=0x0, metaState=0x0, buttonState=0x1, downTime=123852365000000, eventTime=123852365000000, pointerCount=1
10-30 07:20:57.437  1945  2498 D InputTransport: channel 'swipe-up (server)' : action=ACTION_DOWN(0), id=0, displayId=0, tooltype=0, deviceId=-1, source=0x1002, flags=0x0, edgeFlags=0x0, metaState=0x0, buttonState=0x1, downTime=123852365000000, eventTime=123852365000000, pointerCount=1
10-30 07:20:57.437  1945  2498 D InputTransport: channel 'PointerEventDispatcher0 (server)' : action=ACTION_DOWN(0), id=0, displayId=0, tooltype=0, deviceId=-1, source=0x1002, flags=0x0, edgeFlags=0x0, metaState=0x0, buttonState=0x1, downTime=123852365000000, eventTime=123852365000000, pointerCount=1
10-30 07:20:57.516  1945  2498 D InputTransport: channel '433222d com.example.lunchtray/com.example.lunchtray.MainActivity (server)' : action=ACTION_UP(0), id=0, displayId=0, tooltype=1, deviceId=-1, source=0x1002, flags=0x0, edgeFlags=0x0, metaState=0x0, buttonState=0x1, downTime=123852365000000, eventTime=123852445000000, pointerCount=1
10-30 07:20:57.517  1945  2498 D InputTransport: channel 'edge-swipe (server)' : action=ACTION_UP(0), id=0, displayId=0, tooltype=1, deviceId=-1, source=0x1002, flags=0x0, edgeFlags=0x0, metaState=0x0, buttonState=0x1, downTime=123852365000000, eventTime=123852445000000, pointerCount=1
10-30 07:20:57.517  1945  2498 D InputTransport: channel 'swipe-up (server)' : action=ACTION_UP(0), id=0, displayId=0, tooltype=1, deviceId=-1, source=0x1002, flags=0x0, edgeFlags=0x0, metaState=0x0, buttonState=0x1, downTime=123852365000000, eventTime=123852445000000, pointerCount=1
10-30 07:20:57.517  1945  2498 D InputTransport: channel 'swipe-up (server)' : action=ACTION_UP(0), id=0, displayId=0, tooltype=1, deviceId=-1, source=0x1002, flags=0x0, edgeFlags=0x0, metaState=0x0, buttonState=0x1, downTime=123852365000000, eventTime=123852445000000, pointerCount=1
10-30 07:20:57.517  1945  2498 D InputTransport: channel 'swipe-up (server)' : action=ACTION_UP(0), id=0, displayId=0, tooltype=1, deviceId=-1, source=0x1002, flags=0x0, edgeFlags=0x0, metaState=0x0, buttonState=0x1, downTime=123852365000000, eventTime=123852445000000, pointerCount=1
10-30 07:20:57.517  1945  2498 D InputTransport: channel 'swipe-up (server)' : action=ACTION_UP(0), id=0, displayId=0, tooltype=1, deviceId=-1, source=0x1002, flags=0x0, edgeFlags=0x0, metaState=0x0, buttonState=0x1, downTime=123852365000000, eventTime=123852445000000, pointerCount=1
10-30 07:20:57.518  1945  2498 D InputTransport: channel 'PointerEventDispatcher0 (server)' : action=ACTION_UP(0), id=0, displayId=0, tooltype=1, deviceId=-1, source=0x1002, flags=0x0, edgeFlags=0x0, metaState=0x0, buttonState=0x1, downTime=123852365000000, eventTime=123852445000000, pointerCount=1
10-30 07:20:57.525 19032 19032 I View    : PerformClick: com.google.android.material.radiobutton.MaterialRadioButton{8604ba4 VFED..C.. ...p..ID 0,0-309,126 #7f080073 app:id/bread}
10-30 07:20:57.526 19032 19032 I View    : MotionEvent.ACTION_UP: mPrivateFlags: -2128590800,   mHasPerformedLongPress: false,   mIgnoreNextUpEvent: false
10-30 07:20:57.549  1945  2548 V SoundPool: play(soundID=1, leftVolume=1.000000, rightVolume=1.000000, priority=0, loop=0, rate=1.000000)
10-30 07:20:57.552  1945  2548 V AudioTrack: setSampleRate(546): prior state:STATE_STOPPED rate:48000
10-30 07:20:57.552  1945  2548 V AudioTrack: start(546): prior state:STATE_STOPPED
10-30 07:20:57.552  1945  2548 V AudioTrack: start(546): server read:-809064  cumulative flushed:0  client written:0
10-30 07:20:57.552  2580 26577 V AF::Track: start(571): calling pid 1945 session 4681
10-30 07:20:57.552  2580 26577 V AudioPolicyService: AudioCommandThread() adding start output portId 546
10-30 07:20:57.553  2580 26577 V AudioPolicyService: inserting command: 3 at index 0, num commands 0
10-30 07:20:57.553  2580  2595 V AudioPolicyService: AudioCommandThread() processing start output portId 546
10-30 07:20:57.553  2580  2595 D APM_AudioPolicyManager: startOutput portId 546 output primary->(primary output)(13), stream 1, session 4681
10-30 07:20:57.554  2580  2595 V APM_AudioPolicyManager: setBeaconMute(1) mBeaconMuteRefCount=1 mBeaconPlayingRefCount=0
10-30 07:20:57.554  2580  2595 V APM_AudioPolicyManager: selectOutputForMusicEffects selected output 13
10-30 07:20:57.554  2580  2595 V APM_AudioPolicyManager: getNewOutputDevices selected devices {type:0x2,@:}
10-30 07:20:57.554  2580  2595 V APM_AudioPolicyManager: setOutputDevices device {type:0x2,@:} delayMs 0
10-30 07:20:57.554  2580  2595 V APM_AudioPolicyManager: setOutputDevices() prevDevice {type:0x2,@:}
10-30 07:20:57.554  2580  2595 V APM_AudioPolicyManager: setOutputDevices: suppressing checkDeviceMuteStrategies
10-30 07:20:57.554  2580  2595 V APM_AudioPolicyManager: setOutputDevices setting same device {type:0x2,@:} or null device, force=0, patch handle=4
10-30 07:20:57.555  2580  2595 V AudioPolicyService: AudioCommandThread() going to sleep
10-30 07:20:57.555  1945  2548 V SoundPool: play returned 2706
10-30 07:20:57.555  1945  1965 V AudioSystem: ioConfigChanged() event 8
