10-30 07:21:01.189  2580  2595 V APM_AudioPolicyManager: setOutputDevices() prevDevice {type:0x2,@:}
10-30 07:21:01.189  2580  2595 V APM_AudioPolicyManager: setOutputDevices: suppressing checkDeviceMuteStrategies
10-30 07:21:01.189  2580  2595 V APM_AudioPolicyManager: setOutputDevices setting same device {type:0x2,@:} or null device, force=0, patch handle=4
10-30 07:21:01.190  2580  2595 V AudioPolicyService: AudioCommandThread() going to sleep
10-30 07:21:01.191  1945  2548 V SoundPool: play returned 2714
10-30 07:21:01.193  1945  3374 V AudioSystem: ioConfigChanged() event 8
10-30 07:21:01.193  1945  3374 V AudioSystem: ioConfigChanged() AUDIO_CLIENT_STARTED  io 13 port 546 num callbacks 0
10-30 07:21:01.205  1228  1305 E Netd    : [KEEP_SOCKET] Get netlink event, ifname:rmnet_data2, AddressUpdated address:2a01:59f:b000:dc55:f18e:a7dc:4b26:2806/64, addrstr:2a01:59f:b000:dc55:f18e:a7dc:4b26:2806, ifaceIndex:61, scope:0
10-30 07:21:01.232  2756  2932 I MobileSignalController(2): on5GNrConnectionInfoChanged nrConnection = 0
10-30 07:21:01.232  2756  2932 D MobileSignalController(2): s5GmmWaveAllocated is false
10-30 07:21:01.232  2756  2932 I MobileSignalController(2): isVZWCDMALess false
10-30 07:21:01.232  2756  2932 I MobileSignalController(2): isVZWCDMALess false
10-30 07:21:01.232  2756  2932 D MobileSignalController(2): ActiveSimCount = 2, isMultiSimSupport = true, isSearching = false, isDSDSCalling = false, mSimState = READY, hasService = true
10-30 07:21:01.232  2756  2932 I MobileSignalController(2): isVZWCDMALess false
10-30 07:21:01.232  2756  2932 I MSimUtils: getDefaultDataPhoneId : 0
10-30 07:21:01.232  2756  2932 I MSimUtils: getDefaultDataPhoneId : 0
10-30 07:21:01.235  2756  2932 I MobileSignalController(2): isRoaming = false, cdma? =false, mServiceState = not null
10-30 07:21:01.235  2756  2932 I MSimUtils: getMccMnc : subId = 2, mccmnc = 26201
10-30 07:21:01.236  2756  2932 I MobileSignalController(2): on5GNrConnectionInfoChanged nrConnection = 0
10-30 07:21:01.236  2756  2932 D MobileSignalController(2): s5GmmWaveAllocated is false
10-30 07:21:01.236  2756  2932 I MobileSignalController(2): isVZWCDMALess false
10-30 07:21:01.236  2756  2932 I MobileSignalController(2): isVZWCDMALess false
10-30 07:21:01.236  2756  2932 D MobileSignalController(2): ActiveSimCount = 2, isMultiSimSupport = true, isSearching = false, isDSDSCalling = false, mSimState = READY, hasService = true
10-30 07:21:01.236  2756  2932 I MobileSignalController(2): isVZWCDMALess false
10-30 07:21:01.236  2756  2932 I MSimUtils: getDefaultDataPhoneId : 0
10-30 07:21:01.236  2756  2932 I MSimUtils: getDefaultDataPhoneId : 0
10-30 07:21:01.238  2756  2932 I MobileSignalController(2): isRoaming = false, cdma? =false, mServiceState = not null
10-30 07:21:01.238  2756  2932 I MSimUtils: getMccMnc : subId = 2, mccmnc = 26201
10-30 07:21:01.238  2756  2932 I MobileSignalController(2): Change in state to: connected=true,enabled=true,level=1,inetCondition=0,iconGroup=IconGroup(Default),activityIn=false,activityOut=false,rssi=0,lteadvancedmode=0,dataSim=true,networkName=Kaufland Mobil,networkNameData=Kaufland Mobil,dataConnected=true,roaming=false,isDefault=false,isEmergency=false,airplaneMode=false,carrierNetworkChangeMode=false,userSetup=true,defaultDataOff=falseimsRegistered=true,voiceCapable=true,videoCapable=false,dataActivity=0roaming=false,activity=0,signalZero=false,isSimIcon=false,dataNetType=13,voiceNetType=13,networkIcon=LTE,showRoaming=false,showSearching=false,selectedSim=true,voiceRatType=0,dataRatType=0,cbInfo=null,callState=0,isCat6=false,isMimo=false,isDataEnabled=true,internetConnectStatus=0,oldRoaming=false
10-30 07:21:01.238  2756  2932 I MobileSignalController(2): isRoaming = false, cdma? =false, mServiceState = not null
10-30 07:21:01.239  2756  2932 I MobileSignalController(2): showDataIcon : false mCurrentState : connected=true,enabled=true,level=1,inetCondition=0,iconGroup=IconGroup(Default),activityIn=false,activityOut=false,rssi=0,lteadvancedmode=0,dataSim=true,networkName=Kaufland Mobil,networkNameData=Kaufland Mobil,dataConnected=true,roaming=false,isDefault=false,isEmergency=false,airplaneMode=false,carrierNetworkChangeMode=false,userSetup=true,defaultDataOff=falseimsRegistered=true,voiceCapable=true,videoCapable=false,dataActivity=0roaming=false,activity=0,signalZero=false,isSimIcon=false,dataNetType=13,voiceNetType=13,networkIcon=LTE,showRoaming=false,showSearching=false,selectedSim=true,voiceRatType=0,dataRatType=0,cbInfo=null,callState=0,isCat6=false,isMimo=false,isDataEnabled=true,internetConnectStatus=0,oldRoaming=false
10-30 07:21:01.239  2756  2932 I MSimUtils: getPhoneId : 0
10-30 07:21:01.240  2756  2932 W MSimUtils: getSimIconType() : hasProfile = false, subscription = 0
10-30 07:21:01.240  2756  2932 I MSimUtils: getDefaultVoicePhoneId : 0
10-30 07:21:01.242  2756  2932 I MSimUtils: getSubId : 2
10-30 07:21:01.242  2756  2932 I MSimUtils: getSubId : 2
10-30 07:21:01.257  2756  2932 I MobileSignalController(2): on5GNrConnectionInfoChanged nrConnection = 0
10-30 07:21:01.257  2756  2932 D MobileSignalController(2): s5GmmWaveAllocated is false
10-30 07:21:01.257  2756  2932 I MobileSignalController(2): isVZWCDMALess false
10-30 07:21:01.257  2756  2932 I MobileSignalController(2): isVZWCDMALess false
10-30 07:21:01.258  2756  2932 D MobileSignalController(2): ActiveSimCount = 2, isMultiSimSupport = true, isSearching = false, isDSDSCalling = false, mSimState = READY, hasService = true
10-30 07:21:01.258  2756  2932 I MobileSignalController(2): isVZWCDMALess false
10-30 07:21:01.258  2756  2932 I MSimUtils: getDefaultDataPhoneId : 0
10-30 07:21:01.258  2756  2932 I MSimUtils: getDefaultDataPhoneId : 0
10-30 07:21:01.260  2580  2617 V AF::Track: getNextBuffer(571): underrun,  framesReady(0) < framesDesired(236), state: 6
10-30 07:21:01.260  2756  2932 I MobileSignalController(2): isRoaming = false, cdma? =false, mServiceState = not null
10-30 07:21:01.260  2756  2932 I MSimUtils: getMccMnc : subId = 2, mccmnc = 26201
10-30 07:21:01.260  2756  2932 I MobileSignalController(2): on5GNrConnectionInfoChanged nrConnection = 0
10-30 07:21:01.260  2756  2932 D MobileSignalController(2): s5GmmWaveAllocated is false
10-30 07:21:01.260  2756  2932 I MobileSignalController(2): isVZWCDMALess false
10-30 07:21:01.261  2756  2932 I MobileSignalController(2): isVZWCDMALess false
10-30 07:21:01.261  2756  2932 D MobileSignalController(2): ActiveSimCount = 2, isMultiSimSupport = true, isSearching = false, isDSDSCalling = false, mSimState = READY, hasService = true
10-30 07:21:01.261  2756  2932 I MobileSignalController(2): isVZWCDMALess false
10-30 07:21:01.261  2756  2932 I MSimUtils: getDefaultDataPhoneId : 0
10-30 07:21:01.261  2756  2932 I MSimUtils: getDefaultDataPhoneId : 0
10-30 07:21:01.262  2756  2932 I MobileSignalController(2): isRoaming = false, cdma? =false, mServiceState = not null
10-30 07:21:01.262  2756  2932 I MSimUtils: getMccMnc : subId = 2, mccmnc = 26201
10-30 07:21:01.264  2580  2618 D AF::Track: presentationComplete(571): set: mPresentationCompleteFrames 450864 audioHalFrames 624
10-30 07:21:01.264  2580  2618 V AF::Track: presentationComplete(571): waiting framesWritten:450240  mPresentationCompleteFrames:450864
10-30 07:21:01.267  1945 19073 V AudioTrack: stop(546): prior state:STATE_ACTIVE
10-30 07:21:01.268  2580 26577 V AF::Track: stop(571): calling pid 1945
10-30 07:21:01.269  2756  2932 I MobileSignalController(2): on5GNrConnectionInfoChanged nrConnection = 0
10-30 07:21:01.269  2756  2932 D MobileSignalController(2): s5GmmWaveAllocated is false
10-30 07:21:01.269  2756  2932 I MobileSignalController(2): isVZWCDMALess false
10-30 07:21:01.269  2756  2932 I MobileSignalController(2): isVZWCDMALess false
10-30 07:21:01.269  2756  2932 D MobileSignalController(2): ActiveSimCount = 2, isMultiSimSupport = true, isSearching = false, isDSDSCalling = false, mSimState = READY, hasService = true
10-30 07:21:01.269  2756  2932 I MobileSignalController(2): isVZWCDMALess false
10-30 07:21:01.269  2756  2932 I MSimUtils: getDefaultDataPhoneId : 0
10-30 07:21:01.269  2756  2932 I MSimUtils: getDefaultDataPhoneId : 0
10-30 07:21:01.271  2756  2932 I MobileSignalController(2): isRoaming = false, cdma? =false, mServiceState = not null
10-30 07:21:01.271  2756  2932 I MSimUtils: getMccMnc : subId = 2, mccmnc = 26201
10-30 07:21:01.271  2756  2932 I MobileSignalController(2): Change in state to: connected=true,enabled=true,level=1,inetCondition=0,iconGroup=IconGroup(Default),activityIn=true,activityOut=false,rssi=0,lteadvancedmode=0,dataSim=true,networkName=Kaufland Mobil,networkNameData=Kaufland Mobil,dataConnected=true,roaming=false,isDefault=false,isEmergency=false,airplaneMode=false,carrierNetworkChangeMode=false,userSetup=true,defaultDataOff=falseimsRegistered=true,voiceCapable=true,videoCapable=false,dataActivity=0roaming=false,activity=1,signalZero=false,isSimIcon=false,dataNetType=13,voiceNetType=13,networkIcon=LTE,showRoaming=false,showSearching=false,selectedSim=true,voiceRatType=0,dataRatType=0,cbInfo=null,callState=0,isCat6=false,isMimo=false,isDataEnabled=true,internetConnectStatus=0,oldRoaming=false
10-30 07:21:01.271  2756  2932 I MobileSignalController(2): isRoaming = false, cdma? =false, mServiceState = not null
10-30 07:21:01.271  2756  2932 I MobileSignalController(2): showDataIcon : false mCurrentState : connected=true,enabled=true,level=1,inetCondition=0,iconGroup=IconGroup(Default),activityIn=true,activityOut=false,rssi=0,lteadvancedmode=0,dataSim=true,networkName=Kaufland Mobil,networkNameData=Kaufland Mobil,dataConnected=true,roaming=false,isDefault=false,isEmergency=false,airplaneMode=false,carrierNetworkChangeMode=false,userSetup=true,defaultDataOff=falseimsRegistered=true,voiceCapable=true,videoCapable=false,dataActivity=0roaming=false,activity=1,signalZero=false,isSimIcon=false,dataNetType=13,voiceNetType=13,networkIcon=LTE,showRoaming=false,showSearching=false,selectedSim=true,voiceRatType=0,dataRatType=0,cbInfo=null,callState=0,isCat6=false,isMimo=false,isDataEnabled=true,internetConnectStatus=0,oldRoaming=false
10-30 07:21:01.272  2756  2932 I MSimUtils: getPhoneId : 0
10-30 07:21:01.272  2756  2932 W MSimUtils: getSimIconType() : hasProfile = false, subscription = 0
10-30 07:21:01.272  2756  2932 I MSimUtils: getDefaultVoicePhoneId : 0
10-30 07:21:01.273  2756  2932 I MSimUtils: getSubId : 2
10-30 07:21:01.273  2756  2932 I MSimUtils: getSubId : 2
10-30 07:21:01.308  2580  2618 V AF::Track: presentationComplete(571): presentationComplete() mPresentationCompleteFrames 450864 framesWritten 452160
10-30 07:21:01.308  2580  2618 V AF::Track: presentationComplete(571): complete framesWritten:452160  mPresentationCompleteFrames:450864
10-30 07:21:01.314  2580  2618 V AudioPolicyService: AudioCommandThread() adding stop output portId 546
10-30 07:21:01.315  2580  2618 V AudioPolicyService: inserting command: 4 at index 0, num commands 0
10-30 07:21:01.315  2580  2595 V AudioPolicyService: AudioCommandThread() processing stop output portId 546
10-30 07:21:01.315  2580  2595 V APM_AudioPolicyManager: stopOutput() portId 546 output 13, stream 1, session 4681
10-30 07:21:01.315  2580  2595 V APM_AudioPolicyManager: setBeaconMute(1) mBeaconMuteRefCount=0 mBeaconPlayingRefCount=0
10-30 07:21:01.316  2580  2595 V APM_AudioPolicyManager: getNewOutputDevices selected devices AUDIO_DEVICE_NONE
10-30 07:21:01.316  2580  2595 V APM_AudioPolicyManager: setOutputDevices device AUDIO_DEVICE_NONE delayMs 106
10-30 07:21:01.316  2580  2595 V APM_AudioPolicyManager: setOutputDevices() prevDevice {type:0x2,@:}
10-30 07:21:01.317  2580  2595 V APM_AudioPolicyManager: setOutputDevices setting same device AUDIO_DEVICE_NONE or null device, force=0, patch handle=4
10-30 07:21:01.317  2580  2595 V APM_AudioPolicyManager: selectOutputForMusicEffects selected output 13
10-30 07:21:01.317  2580  2595 V AudioPolicyService: AudioCommandThread() going to sleep
10-30 07:21:01.599 19032 19032 I ViewInteraction: Checking 'MatchesViewAssertion{viewMatcher=an instance of android.widget.TextView and view.getText() with or without transformation to match: a string containing "Subtotal: 9,50"}' assertion on view view.getId() is <2131231217/com.example.lunchtray:id/subtotal>
10-30 07:21:01.603 19032 19032 I ViewInteraction: Performing 'single click' action on view view.getId() is <2131231081/com.example.lunchtray:id/next_button>
10-30 07:21:01.607  1945  2498 D InputTransport: channel '88633f0 com.example.lunchtray/com.example.lunchtray.MainActivity (server)' : action=ACTION_DOWN(0), id=0, displayId=0, tooltype=0, deviceId=-1, source=0x1002, flags=0x0, edgeFlags=0x0, metaState=0x0, buttonState=0x1, downTime=123856537000000, eventTime=123856537000000, pointerCount=1
10-30 07:21:01.607  1945  2498 D InputTransport: channel 'edge-swipe (server)' : action=ACTION_DOWN(0), id=0, displayId=0, tooltype=0, deviceId=-1, source=0x1002, flags=0x0, edgeFlags=0x0, metaState=0x0, buttonState=0x1, downTime=123856537000000, eventTime=123856537000000, pointerCount=1
10-30 07:21:01.607  1945  2498 D InputTransport: channel 'swipe-up (server)' : action=ACTION_DOWN(0), id=0, displayId=0, tooltype=0, deviceId=-1, source=0x1002, flags=0x0, edgeFlags=0x0, metaState=0x0, buttonState=0x1, downTime=123856537000000, eventTime=123856537000000, pointerCount=1
10-30 07:21:01.607  1945  2498 D InputTransport: channel 'swipe-up (server)' : action=ACTION_DOWN(0), id=0, displayId=0, tooltype=0, deviceId=-1, source=0x1002, flags=0x0, edgeFlags=0x0, metaState=0x0, buttonState=0x1, downTime=123856537000000, eventTime=123856537000000, pointerCount=1
10-30 07:21:01.607  1945  2498 D InputTransport: channel 'swipe-up (server)' : action=ACTION_DOWN(0), id=0, displayId=0, tooltype=0, deviceId=-1, source=0x1002, flags=0x0, edgeFlags=0x0, metaState=0x0, buttonState=0x1, downTime=123856537000000, eventTime=123856537000000, pointerCount=1
10-30 07:21:01.607  1945  2498 D InputTransport: channel 'swipe-up (server)' : action=ACTION_DOWN(0), id=0, displayId=0, tooltype=0, deviceId=-1, source=0x1002, flags=0x0, edgeFlags=0x0, metaState=0x0, buttonState=0x1, downTime=123856537000000, eventTime=123856537000000, pointerCount=1
10-30 07:21:01.607  1945  2498 D InputTransport: channel 'PointerEventDispatcher0 (server)' : action=ACTION_DOWN(0), id=0, displayId=0, tooltype=0, deviceId=-1, source=0x1002, flags=0x0, edgeFlags=0x0, metaState=0x0, buttonState=0x1, downTime=123856537000000, eventTime=123856537000000, pointerCount=1
10-30 07:21:01.632  1673  1699 I PowerRM : CF-1 b-1
10-30 07:21:01.632  1673  1699 I PowerRM : REQF = -1
10-30 07:21:01.632  1673  1699 I Powercontrol_Client: Notify refreshrate 160:60:-1
10-30 07:21:01.633  1418  1447 I vendor.lge.hardware.powercontrol@1.3-impl: notify_refreshrate_limit to 160/60/-1
10-30 07:21:01.647  1363  2445 D Sensor_InputReader: mFreeSpace 4
10-30 07:21:01.647  1363  2445 D Sensor_InputReader: nread 96
10-30 07:21:01.648  1363  2445 I Sensor_InputReader: numEventsRead 0
10-30 07:21:01.648  1363  2445 D Sensor_Sarcontroller: readEvents: lge_sar_rf Sar Distance Far(1.000000)
10-30 07:21:01.648  1363  2445 I Sensor_Sarcontroller: SarControlle, Send data
10-30 07:21:01.648  1363  2445 D Sensor_Sarcontroller: readEvents: lge_sar_rf Sar Distance Near(0.000000)
10-30 07:21:01.648  1363  2445 I Sensor_Sarcontroller: SarControlle, Send data
10-30 07:21:01.649  1363  2445 D Sensor_InputReader: mFreeSpace 4
10-30 07:21:01.689  1945  2498 D InputTransport: channel '88633f0 com.example.lunchtray/com.example.lunchtray.MainActivity (server)' : action=ACTION_UP(0), id=0, displayId=0, tooltype=1, deviceId=-1, source=0x1002, flags=0x0, edgeFlags=0x0, metaState=0x0, buttonState=0x1, downTime=123856537000000, eventTime=123856620000000, pointerCount=1
10-30 07:21:01.689  1945  2498 D InputTransport: channel 'edge-swipe (server)' : action=ACTION_UP(0), id=0, displayId=0, tooltype=1, deviceId=-1, source=0x1002, flags=0x0, edgeFlags=0x0, metaState=0x0, buttonState=0x1, downTime=123856537000000, eventTime=123856620000000, pointerCount=1
10-30 07:21:01.689  1945  2498 D InputTransport: channel 'swipe-up (server)' : action=ACTION_UP(0), id=0, displayId=0, tooltype=1, deviceId=-1, source=0x1002, flags=0x0, edgeFlags=0x0, metaState=0x0, buttonState=0x1, downTime=123856537000000, eventTime=123856620000000, pointerCount=1
10-30 07:21:01.689  1945  2498 D InputTransport: channel 'swipe-up (server)' : action=ACTION_UP(0), id=0, displayId=0, tooltype=1, deviceId=-1, source=0x1002, flags=0x0, edgeFlags=0x0, metaState=0x0, buttonState=0x1, downTime=123856537000000, eventTime=123856620000000, pointerCount=1
10-30 07:21:01.689  1945  2498 D InputTransport: channel 'swipe-up (server)' : action=ACTION_UP(0), id=0, displayId=0, tooltype=1, deviceId=-1, source=0x1002, flags=0x0, edgeFlags=0x0, metaState=0x0, buttonState=0x1, downTime=123856537000000, eventTime=123856620000000, pointerCount=1
10-30 07:21:01.689  1945  2498 D InputTransport: channel 'swipe-up (server)' : action=ACTION_UP(0), id=0, displayId=0, tooltype=1, deviceId=-1, source=0x1002, flags=0x0, edgeFlags=0x0, metaState=0x0, buttonState=0x1, downTime=123856537000000, eventTime=123856620000000, pointerCount=1
10-30 07:21:01.689  1945  2498 D InputTransport: channel 'PointerEventDispatcher0 (server)' : action=ACTION_UP(0), id=0, displayId=0, tooltype=1, deviceId=-1, source=0x1002, flags=0x0, edgeFlags=0x0, metaState=0x0, buttonState=0x1, downTime=123856537000000, eventTime=123856620000000, pointerCount=1
10-30 07:21:01.695 19032 19032 I View    : PerformClick: com.google.android.material.button.MaterialButton{a666885 VFED..C.. ...p..ID 561,1364-1038,1490 #7f080169 app:id/next_button}
10-30 07:21:01.695 19032 19032 I View    : MotionEvent.ACTION_UP: mPrivateFlags: -2128590800,   mHasPerformedLongPress: false,   mIgnoreNextUpEvent: false
10-30 07:21:01.709  1945  2548 V SoundPool: play(soundID=1, leftVolume=1.000000, rightVolume=1.000000, priority=0, loop=0, rate=1.000000)
10-30 07:21:01.710  1945  2548 V AudioTrack: setSampleRate(546): prior state:STATE_STOPPED rate:48000
10-30 07:21:01.710  1945  2548 V AudioTrack: start(546): prior state:STATE_STOPPED
10-30 07:21:01.710  1945  2548 V AudioTrack: start(546): server read:-827572  cumulative flushed:0  client written:0
10-30 07:21:01.711  2580 26577 V AF::Track: start(571): calling pid 1945 session 4681
10-30 07:21:01.711  2580 26577 V AudioPolicyService: AudioCommandThread() adding start output portId 546
10-30 07:21:01.711  2580 26577 V AudioPolicyService: inserting command: 3 at index 0, num commands 0
10-30 07:21:01.712  2580  2595 V AudioPolicyService: AudioCommandThread() processing start output portId 546
10-30 07:21:01.712  2580  2595 D APM_AudioPolicyManager: startOutput portId 546 output primary->(primary output)(13), stream 1, session 4681
10-30 07:21:01.712  2580  2595 V APM_AudioPolicyManager: setBeaconMute(1) mBeaconMuteRefCount=1 mBeaconPlayingRefCount=0
10-30 07:21:01.712  2580  2595 V APM_AudioPolicyManager: selectOutputForMusicEffects selected output 13
10-30 07:21:01.713  2580  2595 V APM_AudioPolicyManager: getNewOutputDevices selected devices {type:0x2,@:}
10-30 07:21:01.713  2580  2595 V APM_AudioPolicyManager: setOutputDevices device {type:0x2,@:} delayMs 0
10-30 07:21:01.713  2580  2595 V APM_AudioPolicyManager: setOutputDevices() prevDevice {type:0x2,@:}
10-30 07:21:01.713  2580  2595 V APM_AudioPolicyManager: setOutputDevices: suppressing checkDeviceMuteStrategies
10-30 07:21:01.713  2580  2595 V APM_AudioPolicyManager: setOutputDevices setting same device {type:0x2,@:} or null device, force=0, patch handle=4
10-30 07:21:01.714  2580  2595 V AudioPolicyService: AudioCommandThread() going to sleep
10-30 07:21:01.715  1945  2548 V SoundPool: play returned 2715
10-30 07:21:01.715  1945  5020 V AudioSystem: ioConfigChanged() event 8
10-30 07:21:01.715  1945  5020 V AudioSystem: ioConfigChanged() AUDIO_CLIENT_STARTED  io 13 port 546 num callbacks 0
10-30 07:21:01.774  2580  2617 V AF::Track: getNextBuffer(571): underrun,  framesReady(0) < framesDesired(236), state: 6
10-30 07:21:01.784  1945 19073 V AudioTrack: stop(546): prior state:STATE_ACTIVE
10-30 07:21:01.785  2580 26577 V AF::Track: stop(571): calling pid 1945
10-30 07:21:01.808  2580  2618 D AF::Track: presentationComplete(571): set: mPresentationCompleteFrames 476784 audioHalFrames 624
10-30 07:21:01.808  2580  2618 V AF::Track: presentationComplete(571): waiting framesWritten:476160  mPresentationCompleteFrames:476784
10-30 07:21:01.828  2580  2618 V AF::Track: presentationComplete(571): presentationComplete() mPresentationCompleteFrames 476784 framesWritten 477120
10-30 07:21:01.828  2580  2618 V AF::Track: presentationComplete(571): complete framesWritten:477120  mPresentationCompleteFrames:476784
10-30 07:21:01.835  2580  2618 V AudioPolicyService: AudioCommandThread() adding stop output portId 546
10-30 07:21:01.836  2580  2618 V AudioPolicyService: inserting command: 4 at index 0, num commands 0
10-30 07:21:01.836  2580  2595 V AudioPolicyService: AudioCommandThread() processing stop output portId 546
10-30 07:21:01.836  2580  2595 V APM_AudioPolicyManager: stopOutput() portId 546 output 13, stream 1, session 4681
10-30 07:21:01.836  2580  2595 V APM_AudioPolicyManager: setBeaconMute(1) mBeaconMuteRefCount=0 mBeaconPlayingRefCount=0
10-30 07:21:01.836  2580  2595 V APM_AudioPolicyManager: getNewOutputDevices selected devices AUDIO_DEVICE_NONE
10-30 07:21:01.837  2580  2595 V APM_AudioPolicyManager: setOutputDevices device AUDIO_DEVICE_NONE delayMs 106
10-30 07:21:01.837  2580  2595 V APM_AudioPolicyManager: setOutputDevices() prevDevice {type:0x2,@:}
10-30 07:21:01.840  2580  2595 V APM_AudioPolicyManager: setOutputDevices setting same device AUDIO_DEVICE_NONE or null device, force=0, patch handle=4
10-30 07:21:01.841  2580  2595 V APM_AudioPolicyManager: selectOutputForMusicEffects selected output 13
10-30 07:21:01.842  2580  2595 V AudioPolicyService: AudioCommandThread() going to sleep
10-30 07:21:02.123  1945  3903 D WifiClientModeImpl[wlan0]: getConativeWiFiQualityStatus keep previous WifiQuailityInfo
10-30 07:21:02.141 19032 19032 I ViewInteraction: Performing 'single click' action on view view.getId() is <2131230835/com.example.lunchtray:id/bread>
10-30 07:21:02.146  1945  2498 D InputTransport: channel '88633f0 com.example.lunchtray/com.example.lunchtray.MainActivity (server)' : action=ACTION_DOWN(0), id=0, displayId=0, tooltype=0, deviceId=-1, source=0x1002, flags=0x0, edgeFlags=0x0, metaState=0x0, buttonState=0x1, downTime=123857076000000, eventTime=123857076000000, pointerCount=1
10-30 07:21:02.147  1945  2498 D InputTransport: channel 'edge-swipe (server)' : action=ACTION_DOWN(0), id=0, displayId=0, tooltype=0, deviceId=-1, source=0x1002, flags=0x0, edgeFlags=0x0, metaState=0x0, buttonState=0x1, downTime=123857076000000, eventTime=123857076000000, pointerCount=1
10-30 07:21:02.147  1945  2498 D InputTransport: channel 'swipe-up (server)' : action=ACTION_DOWN(0), id=0, displayId=0, tooltype=0, deviceId=-1, source=0x1002, flags=0x0, edgeFlags=0x0, metaState=0x0, buttonState=0x1, downTime=123857076000000, eventTime=123857076000000, pointerCount=1
10-30 07:21:02.147  1945  2498 D InputTransport: channel 'swipe-up (server)' : action=ACTION_DOWN(0), id=0, displayId=0, tooltype=0, deviceId=-1, source=0x1002, flags=0x0, edgeFlags=0x0, metaState=0x0, buttonState=0x1, downTime=123857076000000, eventTime=123857076000000, pointerCount=1
10-30 07:21:02.147  1945  2498 D InputTransport: channel 'swipe-up (server)' : action=ACTION_DOWN(0), id=0, displayId=0, tooltype=0, deviceId=-1, source=0x1002, flags=0x0, edgeFlags=0x0, metaState=0x0, buttonState=0x1, downTime=123857076000000, eventTime=123857076000000, pointerCount=1
10-30 07:21:02.148  1945  2498 D InputTransport: channel 'swipe-up (server)' : action=ACTION_DOWN(0), id=0, displayId=0, tooltype=0, deviceId=-1, source=0x1002, flags=0x0, edgeFlags=0x0, metaState=0x0, buttonState=0x1, downTime=123857076000000, eventTime=123857076000000, pointerCount=1
10-30 07:21:02.148  1945  2498 D InputTransport: channel 'PointerEventDispatcher0 (server)' : action=ACTION_DOWN(0), id=0, displayId=0, tooltype=0, deviceId=-1, source=0x1002, flags=0x0, edgeFlags=0x0, metaState=0x0, buttonState=0x1, downTime=123857076000000, eventTime=123857076000000, pointerCount=1
10-30 07:21:02.229  1945  2498 D InputTransport: channel '88633f0 com.example.lunchtray/com.example.lunchtray.MainActivity (server)' : action=ACTION_UP(0), id=0, displayId=0, tooltype=1, deviceId=-1, source=0x1002, flags=0x0, edgeFlags=0x0, metaState=0x0, buttonState=0x1, downTime=123857076000000, eventTime=123857159000000, pointerCount=1
10-30 07:21:02.230  1945  2498 D InputTransport: channel 'edge-swipe (server)' : action=ACTION_UP(0), id=0, displayId=0, tooltype=1, deviceId=-1, source=0x1002, flags=0x0, edgeFlags=0x0, metaState=0x0, buttonState=0x1, downTime=123857076000000, eventTime=123857159000000, pointerCount=1
10-30 07:21:02.230  1945  2498 D InputTransport: channel 'swipe-up (server)' : action=ACTION_UP(0), id=0, displayId=0, tooltype=1, deviceId=-1, source=0x1002, flags=0x0, edgeFlags=0x0, metaState=0x0, buttonState=0x1, downTime=123857076000000, eventTime=123857159000000, pointerCount=1
10-30 07:21:02.230  1945  2498 D InputTransport: channel 'swipe-up (server)' : action=ACTION_UP(0), id=0, displayId=0, tooltype=1, deviceId=-1, source=0x1002, flags=0x0, edgeFlags=0x0, metaState=0x0, buttonState=0x1, downTime=123857076000000, eventTime=123857159000000, pointerCount=1
10-30 07:21:02.230  1945  2498 D InputTransport: channel 'swipe-up (server)' : action=ACTION_UP(0), id=0, displayId=0, tooltype=1, deviceId=-1, source=0x1002, flags=0x0, edgeFlags=0x0, metaState=0x0, buttonState=0x1, downTime=123857076000000, eventTime=123857159000000, pointerCount=1
10-30 07:21:02.230  1945  2498 D InputTransport: channel 'swipe-up (server)' : action=ACTION_UP(0), id=0, displayId=0, tooltype=1, deviceId=-1, source=0x1002, flags=0x0, edgeFlags=0x0, metaState=0x0, buttonState=0x1, downTime=123857076000000, eventTime=123857159000000, pointerCount=1
10-30 07:21:02.231  1945  2498 D InputTransport: channel 'PointerEventDispatcher0 (server)' : action=ACTION_UP(0), id=0, displayId=0, tooltype=1, deviceId=-1, source=0x1002, flags=0x0, edgeFlags=0x0, metaState=0x0, buttonState=0x1, downTime=123857076000000, eventTime=123857159000000, pointerCount=1
10-30 07:21:02.237 19032 19032 I View    : PerformClick: com.google.android.material.radiobutton.MaterialRadioButton{25dead6 VFED..C.. ...p..ID 0,0-309,126 #7f080073 app:id/bread}
10-30 07:21:02.237 19032 19032 I View    : MotionEvent.ACTION_UP: mPrivateFlags: -2128590800,   mHasPerformedLongPress: false,   mIgnoreNextUpEvent: false
10-30 07:21:02.262  1945  2548 V SoundPool: play(soundID=1, leftVolume=1.000000, rightVolume=1.000000, priority=0, loop=0, rate=1.000000)
10-30 07:21:02.263  1945  2548 V AudioTrack: setSampleRate(546): prior state:STATE_STOPPED rate:48000
10-30 07:21:02.263  1945  2548 V AudioTrack: start(546): prior state:STATE_STOPPED
10-30 07:21:02.263  1945  2548 V AudioTrack: start(546): server read:-830216  cumulative flushed:0  client written:0
10-30 07:21:02.264  2580 26577 V AF::Track: start(571): calling pid 1945 session 4681
10-30 07:21:02.264  2580 26577 V AudioPolicyService: AudioCommandThread() adding start output portId 546
10-30 07:21:02.264  2580 26577 V AudioPolicyService: inserting command: 3 at index 0, num commands 0
10-30 07:21:02.265  2580  2595 V AudioPolicyService: AudioCommandThread() processing start output portId 546
10-30 07:21:02.265  2580  2595 D APM_AudioPolicyManager: startOutput portId 546 output primary->(primary output)(13), stream 1, session 4681
10-30 07:21:02.265  2580  2595 V APM_AudioPolicyManager: setBeaconMute(1) mBeaconMuteRefCount=1 mBeaconPlayingRefCount=0
10-30 07:21:02.265  2580  2595 V APM_AudioPolicyManager: selectOutputForMusicEffects selected output 13
10-30 07:21:02.266  2580  2595 V APM_AudioPolicyManager: getNewOutputDevices selected devices {type:0x2,@:}
10-30 07:21:02.266  2580  2595 V APM_AudioPolicyManager: setOutputDevices device {type:0x2,@:} delayMs 0
10-30 07:21:02.266  2580  2595 V APM_AudioPolicyManager: setOutputDevices() prevDevice {type:0x2,@:}
10-30 07:21:02.266  2580  2595 V APM_AudioPolicyManager: setOutputDevices: suppressing checkDeviceMuteStrategies
10-30 07:21:02.266  2580  2595 V APM_AudioPolicyManager: setOutputDevices setting same device {type:0x2,@:} or null device, force=0, patch handle=4
10-30 07:21:02.266  2580  2595 V AudioPolicyService: AudioCommandThread() going to sleep
10-30 07:21:02.267  1945  2548 V SoundPool: play returned 2716
10-30 07:21:02.269  1945  3903 V AudioSystem: ioConfigChanged() event 8
10-30 07:21:02.269  1945  3903 V AudioSystem: ioConfigChanged() AUDIO_CLIENT_STARTED  io 13 port 546 num callbacks 0
10-30 07:21:02.282  2756  2932 I MobileSignalController(2): on5GNrConnectionInfoChanged nrConnection = 0
10-30 07:21:02.282  2756  2932 D MobileSignalController(2): s5GmmWaveAllocated is false
10-30 07:21:02.282  2756  2932 I MobileSignalController(2): isVZWCDMALess false
10-30 07:21:02.282  2756  2932 I MobileSignalController(2): isVZWCDMALess false
10-30 07:21:02.282  2756  2932 D MobileSignalController(2): ActiveSimCount = 2, isMultiSimSupport = true, isSearching = false, isDSDSCalling = false, mSimState = READY, hasService = true
10-30 07:21:02.282  2756  2932 I MobileSignalController(2): isVZWCDMALess false
10-30 07:21:02.282  2756  2932 I MSimUtils: getDefaultDataPhoneId : 0
10-30 07:21:02.282  2756  2932 I MSimUtils: getDefaultDataPhoneId : 0
10-30 07:21:02.286  2756  2932 I MobileSignalController(2): isRoaming = false, cdma? =false, mServiceState = not null
10-30 07:21:02.286  2756  2932 I MSimUtils: getMccMnc : subId = 2, mccmnc = 26201
10-30 07:21:02.286  2756  2932 I MobileSignalController(2): Change in state to: connected=true,enabled=true,level=1,inetCondition=0,iconGroup=IconGroup(Default),activityIn=false,activityOut=false,rssi=0,lteadvancedmode=0,dataSim=true,networkName=Kaufland Mobil,networkNameData=Kaufland Mobil,dataConnected=true,roaming=false,isDefault=false,isEmergency=false,airplaneMode=false,carrierNetworkChangeMode=false,userSetup=true,defaultDataOff=falseimsRegistered=true,voiceCapable=true,videoCapable=false,dataActivity=0roaming=false,activity=0,signalZero=false,isSimIcon=false,dataNetType=13,voiceNetType=13,networkIcon=LTE,showRoaming=false,showSearching=false,selectedSim=true,voiceRatType=0,dataRatType=0,cbInfo=null,callState=0,isCat6=false,isMimo=false,isDataEnabled=true,internetConnectStatus=0,oldRoaming=false
10-30 07:21:02.287  2756  2932 I MobileSignalController(2): isRoaming = false, cdma? =false, mServiceState = not null
10-30 07:21:02.287  2756  2932 I MobileSignalController(2): showDataIcon : false mCurrentState : connected=true,enabled=true,level=1,inetCondition=0,iconGroup=IconGroup(Default),activityIn=false,activityOut=false,rssi=0,lteadvancedmode=0,dataSim=true,networkName=Kaufland Mobil,networkNameData=Kaufland Mobil,dataConnected=true,roaming=false,isDefault=false,isEmergency=false,airplaneMode=false,carrierNetworkChangeMode=false,userSetup=true,defaultDataOff=falseimsRegistered=true,voiceCapable=true,videoCapable=false,dataActivity=0roaming=false,activity=0,signalZero=false,isSimIcon=false,dataNetType=13,voiceNetType=13,networkIcon=LTE,showRoaming=false,showSearching=false,selectedSim=true,voiceRatType=0,dataRatType=0,cbInfo=null,callState=0,isCat6=false,isMimo=false,isDataEnabled=true,internetConnectStatus=0,oldRoaming=false
10-30 07:21:02.288  2756  2932 I MSimUtils: getPhoneId : 0
10-30 07:21:02.289  2756  2932 W MSimUtils: getSimIconType() : hasProfile = false, subscription = 0
10-30 07:21:02.289  2756  2932 I MSimUtils: getDefaultVoicePhoneId : 0
10-30 07:21:02.290  2756  2932 I MSimUtils: getSubId : 2
10-30 07:21:02.290  2756  2932 I MSimUtils: getSubId : 2
10-30 07:21:02.327  2580  2617 V AF::Track: getNextBuffer(571): underrun,  framesReady(0) < framesDesired(236), state: 6
10-30 07:21:02.329  2580  2618 D AF::Track: presentationComplete(571): set: mPresentationCompleteFrames 501744 audioHalFrames 624
10-30 07:21:02.329  2580  2618 V AF::Track: presentationComplete(571): waiting framesWritten:501120  mPresentationCompleteFrames:501744
10-30 07:21:02.338  1945 19073 V AudioTrack: stop(546): prior state:STATE_ACTIVE
10-30 07:21:02.338  2580 26577 V AF::Track: stop(571): calling pid 1945
10-30 07:21:02.369  2580  2618 V AF::Track: presentationComplete(571): presentationComplete() mPresentationCompleteFrames 501744 framesWritten 503040
10-30 07:21:02.370  2580  2618 V AF::Track: presentationComplete(571): complete framesWritten:503040  mPresentationCompleteFrames:501744
10-30 07:21:02.376  2580  2618 V AudioPolicyService: AudioCommandThread() adding stop output portId 546
10-30 07:21:02.377  2580  2618 V AudioPolicyService: inserting command: 4 at index 0, num commands 0
10-30 07:21:02.378  2580  2595 V AudioPolicyService: AudioCommandThread() processing stop output portId 546
10-30 07:21:02.378  2580  2595 V APM_AudioPolicyManager: stopOutput() portId 546 output 13, stream 1, session 4681
10-30 07:21:02.378  2580  2595 V APM_AudioPolicyManager: setBeaconMute(1) mBeaconMuteRefCount=0 mBeaconPlayingRefCount=0
10-30 07:21:02.378  2580  2595 V APM_AudioPolicyManager: getNewOutputDevices selected devices AUDIO_DEVICE_NONE
10-30 07:21:02.378  2580  2595 V APM_AudioPolicyManager: setOutputDevices device AUDIO_DEVICE_NONE delayMs 106
10-30 07:21:02.379  2580  2595 V APM_AudioPolicyManager: setOutputDevices() prevDevice {type:0x2,@:}
10-30 07:21:02.381  2580  2595 V APM_AudioPolicyManager: setOutputDevices setting same device AUDIO_DEVICE_NONE or null device, force=0, patch handle=4
10-30 07:21:02.381  2580  2595 V APM_AudioPolicyManager: selectOutputForMusicEffects selected output 13
10-30 07:21:02.382  2580  2595 V AudioPolicyService: AudioCommandThread() going to sleep
10-30 07:21:02.633  1363 18506 D sensors_hal_accel: handle_sns_client_event:446, accel_sample(accelcal_available:0): ts=285447633381790 ns; value = [0.160470, -0.026483, 9.805094], status=3
10-30 07:21:02.707 19032 19032 I ViewInteraction: Checking 'MatchesViewAssertion{viewMatcher=an instance of android.widget.TextView and view.getText() with or without transformation to match: a string containing "Subtotal: 10,00"}' assertion on view view.getId() is <2131231217/com.example.lunchtray:id/subtotal>
10-30 07:21:02.715 19032 19032 I ViewInteraction: Performing 'single click' action on view view.getId() is <2131231081/com.example.lunchtray:id/next_button>
10-30 07:21:02.725  1945  2498 D InputTransport: channel '88633f0 com.example.lunchtray/com.example.lunchtray.MainActivity (server)' : action=ACTION_DOWN(0), id=0, displayId=0, tooltype=0, deviceId=-1, source=0x1002, flags=0x0, edgeFlags=0x0, metaState=0x0, buttonState=0x1, downTime=123857653000000, eventTime=123857653000000, pointerCount=1
10-30 07:21:02.725  1945  2498 D InputTransport: channel 'edge-swipe (server)' : action=ACTION_DOWN(0), id=0, displayId=0, tooltype=0, deviceId=-1, source=0x1002, flags=0x0, edgeFlags=0x0, metaState=0x0, buttonState=0x1, downTime=123857653000000, eventTime=123857653000000, pointerCount=1
10-30 07:21:02.725  1945  2498 D InputTransport: channel 'swipe-up (server)' : action=ACTION_DOWN(0), id=0, displayId=0, tooltype=0, deviceId=-1, source=0x1002, flags=0x0, edgeFlags=0x0, metaState=0x0, buttonState=0x1, downTime=123857653000000, eventTime=123857653000000, pointerCount=1
10-30 07:21:02.725  1945  2498 D InputTransport: channel 'swipe-up (server)' : action=ACTION_DOWN(0), id=0, displayId=0, tooltype=0, deviceId=-1, source=0x1002, flags=0x0, edgeFlags=0x0, metaState=0x0, buttonState=0x1, downTime=123857653000000, eventTime=123857653000000, pointerCount=1
10-30 07:21:02.725  1945  2498 D InputTransport: channel 'swipe-up (server)' : action=ACTION_DOWN(0), id=0, displayId=0, tooltype=0, deviceId=-1, source=0x1002, flags=0x0, edgeFlags=0x0, metaState=0x0, buttonState=0x1, downTime=123857653000000, eventTime=123857653000000, pointerCount=1
10-30 07:21:02.726  1945  2498 D InputTransport: channel 'swipe-up (server)' : action=ACTION_DOWN(0), id=0, displayId=0, tooltype=0, deviceId=-1, source=0x1002, flags=0x0, edgeFlags=0x0, metaState=0x0, buttonState=0x1, downTime=123857653000000, eventTime=123857653000000, pointerCount=1
10-30 07:21:02.726  1945  2498 D InputTransport: channel 'PointerEventDispatcher0 (server)' : action=ACTION_DOWN(0), id=0, displayId=0, tooltype=0, deviceId=-1, source=0x1002, flags=0x0, edgeFlags=0x0, metaState=0x0, buttonState=0x1, downTime=123857653000000, eventTime=123857653000000, pointerCount=1
10-30 07:21:02.807  1945  2498 D InputTransport: channel '88633f0 com.example.lunchtray/com.example.lunchtray.MainActivity (server)' : action=ACTION_UP(0), id=0, displayId=0, tooltype=1, deviceId=-1, source=0x1002, flags=0x0, edgeFlags=0x0, metaState=0x0, buttonState=0x1, downTime=123857653000000, eventTime=123857736000000, pointerCount=1
10-30 07:21:02.807  1945  2498 D InputTransport: channel 'edge-swipe (server)' : action=ACTION_UP(0), id=0, displayId=0, tooltype=1, deviceId=-1, source=0x1002, flags=0x0, edgeFlags=0x0, metaState=0x0, buttonState=0x1, downTime=123857653000000, eventTime=123857736000000, pointerCount=1
10-30 07:21:02.807  1945  2498 D InputTransport: channel 'swipe-up (server)' : action=ACTION_UP(0), id=0, displayId=0, tooltype=1, deviceId=-1, source=0x1002, flags=0x0, edgeFlags=0x0, metaState=0x0, buttonState=0x1, downTime=123857653000000, eventTime=123857736000000, pointerCount=1
10-30 07:21:02.807  1945  2498 D InputTransport: channel 'swipe-up (server)' : action=ACTION_UP(0), id=0, displayId=0, tooltype=1, deviceId=-1, source=0x1002, flags=0x0, edgeFlags=0x0, metaState=0x0, buttonState=0x1, downTime=123857653000000, eventTime=123857736000000, pointerCount=1
10-30 07:21:02.807  1945  2498 D InputTransport: channel 'swipe-up (server)' : action=ACTION_UP(0), id=0, displayId=0, tooltype=1, deviceId=-1, source=0x1002, flags=0x0, edgeFlags=0x0, metaState=0x0, buttonState=0x1, downTime=123857653000000, eventTime=123857736000000, pointerCount=1
10-30 07:21:02.808  1945  2498 D InputTransport: channel 'swipe-up (server)' : action=ACTION_UP(0), id=0, displayId=0, tooltype=1, deviceId=-1, source=0x1002, flags=0x0, edgeFlags=0x0, metaState=0x0, buttonState=0x1, downTime=123857653000000, eventTime=123857736000000, pointerCount=1
10-30 07:21:02.809  1945  2498 D InputTransport: channel 'PointerEventDispatcher0 (server)' : action=ACTION_UP(0), id=0, displayId=0, tooltype=1, deviceId=-1, source=0x1002, flags=0x0, edgeFlags=0x0, metaState=0x0, buttonState=0x1, downTime=123857653000000, eventTime=123857736000000, pointerCount=1
10-30 07:21:02.817 19032 19032 I View    : PerformClick: com.google.android.material.button.MaterialButton{7fa13b3 VFED..C.. ...p..ID 561,1038-1038,1164 #7f080169 app:id/next_button}
10-30 07:21:02.818 19032 19032 I View    : MotionEvent.ACTION_UP: mPrivateFlags: -2128590800,   mHasPerformedLongPress: false,   mIgnoreNextUpEvent: false
10-30 07:21:02.850  1945  2548 V SoundPool: play(soundID=1, leftVolume=1.000000, rightVolume=1.000000, priority=0, loop=0, rate=1.000000)
10-30 07:21:02.851  1945  2548 V AudioTrack: setSampleRate(546): prior state:STATE_STOPPED rate:48000
10-30 07:21:02.851  1945  2548 V AudioTrack: start(546): prior state:STATE_STOPPED
10-30 07:21:02.851  1945  2548 V AudioTrack: start(546): server read:-832860  cumulative flushed:0  client written:0
10-30 07:21:02.851  2580 26577 V AF::Track: start(571): calling pid 1945 session 4681
10-30 07:21:02.851  2580 26577 V AudioPolicyService: AudioCommandThread() adding start output portId 546
10-30 07:21:02.852  2580 26577 V AudioPolicyService: inserting command: 3 at index 0, num commands 0
10-30 07:21:02.852  2580  2595 V AudioPolicyService: AudioCommandThread() processing start output portId 546
10-30 07:21:02.852  2580  2595 D APM_AudioPolicyManager: startOutput portId 546 output primary->(primary output)(13), stream 1, session 4681
10-30 07:21:02.852  2580  2595 V APM_AudioPolicyManager: setBeaconMute(1) mBeaconMuteRefCount=1 mBeaconPlayingRefCount=0
10-30 07:21:02.853  2580  2595 V APM_AudioPolicyManager: selectOutputForMusicEffects selected output 13
10-30 07:21:02.853  2580  2595 V APM_AudioPolicyManager: getNewOutputDevices selected devices {type:0x2,@:}
10-30 07:21:02.853  2580  2595 V APM_AudioPolicyManager: setOutputDevices device {type:0x2,@:} delayMs 0
10-30 07:21:02.853  2580  2595 V APM_AudioPolicyManager: setOutputDevices() prevDevice {type:0x2,@:}
10-30 07:21:02.853  2580  2595 V APM_AudioPolicyManager: setOutputDevices: suppressing checkDeviceMuteStrategies
10-30 07:21:02.853  2580  2595 V APM_AudioPolicyManager: setOutputDevices setting same device {type:0x2,@:} or null device, force=0, patch handle=4
10-30 07:21:02.853  2580  2595 V AudioPolicyService: AudioCommandThread() going to sleep
10-30 07:21:02.854  1945  5020 V AudioSystem: ioConfigChanged() event 8
10-30 07:21:02.854  1945  5020 V AudioSystem: ioConfigChanged() AUDIO_CLIENT_STARTED  io 13 port 546 num callbacks 0
10-30 07:21:02.854  1945  2548 V SoundPool: play returned 2717
10-30 07:21:02.858  2756  2756 I NetworkController.WifiSignalController: Change in state to: connected=true,enabled=true,level=2,inetCondition=1,iconGroup=IconGroup(Default Wi-Fi Icons),activityIn=false,activityOut=false,rssi=-73,lteadvancedmode=0,ssid="WohnzimmerWLAN",wifiStandard=0,isReady=false,isTransient=false,isDefault=false,statusLabel=null,isCarrierMerged=false,subId=0,isGigaWiFi=false,isAttWifiCall=false,detailedState=CONNECTED
10-30 07:21:02.858  2756  2756 I NetworkController: [getDataController] getDefaultDataSubId : dataSubId is 2
10-30 07:21:02.864  2756  2756 I NetworkController.WifiSignalController: updateIconGroup() : mWifiGeneration = 4
10-30 07:21:02.864  2756  2756 I NetworkController.WifiSignalController: updateIconGroup() : connected = true, mCurrentState.isAttWifiCall = false
10-30 07:21:02.866  2756  2756 I MSimUtils: getSubId : 2
10-30 07:21:02.866  2756  2756 I MSimUtils: getSubId : 2
10-30 07:21:02.891  2756  2756 D BarBackgroundDrawable: draw() : targetColor = 0, canvas = android.graphics.RecordingCanvas@df9fdf3, this = com.android.systemui.statusbar.phone.BarTransitions$BarBackgroundDrawable@7c723ac
10-30 07:21:02.900  2756  2756 D StatusBarNotificationPresenter: isShowNotificationIconsOnly() orientation: 1
10-30 07:21:02.903  2756  2756 D StatusBarNotificationPresenter: isShowNotificationIconsOnly() orientation: 1
10-30 07:21:02.914  2580  2617 V AF::Track: getNextBuffer(571): underrun,  framesReady(0) < framesDesired(236), state: 6
10-30 07:21:02.924  1945 19073 V AudioTrack: stop(546): prior state:STATE_ACTIVE
10-30 07:21:02.924  2580 26577 V AF::Track: stop(571): calling pid 1945
10-30 07:21:02.946  2580  2618 D AF::Track: presentationComplete(571): set: mPresentationCompleteFrames 531504 audioHalFrames 624
10-30 07:21:02.947  2580  2618 V AF::Track: presentationComplete(571): waiting framesWritten:530880  mPresentationCompleteFrames:531504
10-30 07:21:02.966  2580  2618 V AF::Track: presentationComplete(571): presentationComplete() mPresentationCompleteFrames 531504 framesWritten 531840
10-30 07:21:02.966  2580  2618 V AF::Track: presentationComplete(571): complete framesWritten:531840  mPresentationCompleteFrames:531504
10-30 07:21:02.970  2580  2618 V AudioPolicyService: AudioCommandThread() adding stop output portId 546
10-30 07:21:02.971  2580  2618 V AudioPolicyService: inserting command: 4 at index 0, num commands 0
10-30 07:21:02.971  2580  2595 V AudioPolicyService: AudioCommandThread() processing stop output portId 546
10-30 07:21:02.971  2580  2595 V APM_AudioPolicyManager: stopOutput() portId 546 output 13, stream 1, session 4681
10-30 07:21:02.971  2580  2595 V APM_AudioPolicyManager: setBeaconMute(1) mBeaconMuteRefCount=0 mBeaconPlayingRefCount=0
10-30 07:21:02.971  2580  2595 V APM_AudioPolicyManager: getNewOutputDevices selected devices AUDIO_DEVICE_NONE
10-30 07:21:02.971  2580  2595 V APM_AudioPolicyManager: setOutputDevices device AUDIO_DEVICE_NONE delayMs 106
10-30 07:21:02.971  2580  2595 V APM_AudioPolicyManager: setOutputDevices() prevDevice {type:0x2,@:}
10-30 07:21:02.973  2580  2595 V APM_AudioPolicyManager: setOutputDevices setting same device AUDIO_DEVICE_NONE or null device, force=0, patch handle=4
10-30 07:21:02.973  2580  2595 V APM_AudioPolicyManager: selectOutputForMusicEffects selected output 13
10-30 07:21:02.974  2580  2595 V AudioPolicyService: AudioCommandThread() going to sleep
10-30 07:21:03.124  1945  5031 D WifiClientModeImpl[wlan0]: getConativeWiFiQualityStatus keep previous WifiQuailityInfo
10-30 07:21:03.278 19032 19032 I ViewInteraction: Checking 'MatchesViewAssertion{viewMatcher=an instance of android.widget.TextView and view.getText() with or without transformation to match: a string containing "Subtotal: 10,00"}' assertion on view view.getId() is <2131231217/com.example.lunchtray:id/subtotal>
10-30 07:21:03.279 19032 19053 I TestRunner: finished: subtotal_updates_in_full_order_flow(com.example.lunchtray.OrderFunctionalityTests)
