10-30 07:20:57.555  1945  1965 V AudioSystem: ioConfigChanged() AUDIO_CLIENT_STARTED  io 13 port 546 num callbacks 0
10-30 07:20:57.614  2580  2617 V AF::Track: getNextBuffer(571): underrun,  framesReady(0) < framesDesired(236), state: 6
10-30 07:20:57.625  1945 19073 V AudioTrack: stop(546): prior state:STATE_ACTIVE
10-30 07:20:57.626  2580 26577 V AF::Track: stop(571): calling pid 1945
10-30 07:20:57.647  2580  2618 D AF::Track: presentationComplete(571): set: mPresentationCompleteFrames 277104 audioHalFrames 624
10-30 07:20:57.647  2580  2618 V AF::Track: presentationComplete(571): waiting framesWritten:276480  mPresentationCompleteFrames:277104
10-30 07:20:57.667  2580  2618 V AF::Track: presentationComplete(571): presentationComplete() mPresentationCompleteFrames 277104 framesWritten 277440
10-30 07:20:57.667  2580  2618 V AF::Track: presentationComplete(571): complete framesWritten:277440  mPresentationCompleteFrames:277104
10-30 07:20:57.677  2580  2618 V AudioPolicyService: AudioCommandThread() adding stop output portId 546
10-30 07:20:57.678  2580  2618 V AudioPolicyService: inserting command: 4 at index 0, num commands 0
10-30 07:20:57.679  2580  2595 V AudioPolicyService: AudioCommandThread() processing stop output portId 546
10-30 07:20:57.679  2580  2595 V APM_AudioPolicyManager: stopOutput() portId 546 output 13, stream 1, session 4681
10-30 07:20:57.679  2580  2595 V APM_AudioPolicyManager: setBeaconMute(1) mBeaconMuteRefCount=0 mBeaconPlayingRefCount=0
10-30 07:20:57.679  2580  2595 V APM_AudioPolicyManager: getNewOutputDevices selected devices AUDIO_DEVICE_NONE
10-30 07:20:57.679  2580  2595 V APM_AudioPolicyManager: setOutputDevices device AUDIO_DEVICE_NONE delayMs 106
10-30 07:20:57.680  2580  2595 V APM_AudioPolicyManager: setOutputDevices() prevDevice {type:0x2,@:}
10-30 07:20:57.683  2580  2595 V APM_AudioPolicyManager: setOutputDevices setting same device AUDIO_DEVICE_NONE or null device, force=0, patch handle=4
10-30 07:20:57.683  2580  2595 V APM_AudioPolicyManager: selectOutputForMusicEffects selected output 13
10-30 07:20:57.684  2580  2595 V AudioPolicyService: AudioCommandThread() going to sleep
10-30 07:20:57.989 19032 19032 I ViewInteraction: Performing 'single click' action on view view.getId() is <2131230842/com.example.lunchtray:id/cancel_button>
10-30 07:20:57.998  1945  2498 D InputTransport: channel '433222d com.example.lunchtray/com.example.lunchtray.MainActivity (server)' : action=ACTION_DOWN(0), id=0, displayId=0, tooltype=0, deviceId=-1, source=0x1002, flags=0x0, edgeFlags=0x0, metaState=0x0, buttonState=0x1, downTime=123852926000000, eventTime=123852926000000, pointerCount=1
10-30 07:20:57.998  1945  2498 D InputTransport: channel 'edge-swipe (server)' : action=ACTION_DOWN(0), id=0, displayId=0, tooltype=0, deviceId=-1, source=0x1002, flags=0x0, edgeFlags=0x0, metaState=0x0, buttonState=0x1, downTime=123852926000000, eventTime=123852926000000, pointerCount=1
10-30 07:20:57.998  1945  2498 D InputTransport: channel 'swipe-up (server)' : action=ACTION_DOWN(0), id=0, displayId=0, tooltype=0, deviceId=-1, source=0x1002, flags=0x0, edgeFlags=0x0, metaState=0x0, buttonState=0x1, downTime=123852926000000, eventTime=123852926000000, pointerCount=1
10-30 07:20:57.998  1945  2498 D InputTransport: channel 'swipe-up (server)' : action=ACTION_DOWN(0), id=0, displayId=0, tooltype=0, deviceId=-1, source=0x1002, flags=0x0, edgeFlags=0x0, metaState=0x0, buttonState=0x1, downTime=123852926000000, eventTime=123852926000000, pointerCount=1
10-30 07:20:57.999  1945  2498 D InputTransport: channel 'swipe-up (server)' : action=ACTION_DOWN(0), id=0, displayId=0, tooltype=0, deviceId=-1, source=0x1002, flags=0x0, edgeFlags=0x0, metaState=0x0, buttonState=0x1, downTime=123852926000000, eventTime=123852926000000, pointerCount=1
10-30 07:20:57.999  1945  2498 D InputTransport: channel 'swipe-up (server)' : action=ACTION_DOWN(0), id=0, displayId=0, tooltype=0, deviceId=-1, source=0x1002, flags=0x0, edgeFlags=0x0, metaState=0x0, buttonState=0x1, downTime=123852926000000, eventTime=123852926000000, pointerCount=1
10-30 07:20:57.999  1945  2498 D InputTransport: channel 'PointerEventDispatcher0 (server)' : action=ACTION_DOWN(0), id=0, displayId=0, tooltype=0, deviceId=-1, source=0x1002, flags=0x0, edgeFlags=0x0, metaState=0x0, buttonState=0x1, downTime=123852926000000, eventTime=123852926000000, pointerCount=1
10-30 07:20:58.076  1945  2498 D InputTransport: channel '433222d com.example.lunchtray/com.example.lunchtray.MainActivity (server)' : action=ACTION_UP(0), id=0, displayId=0, tooltype=1, deviceId=-1, source=0x1002, flags=0x0, edgeFlags=0x0, metaState=0x0, buttonState=0x1, downTime=123852926000000, eventTime=123853006000000, pointerCount=1
10-30 07:20:58.077  1945  2498 D InputTransport: channel 'edge-swipe (server)' : action=ACTION_UP(0), id=0, displayId=0, tooltype=1, deviceId=-1, source=0x1002, flags=0x0, edgeFlags=0x0, metaState=0x0, buttonState=0x1, downTime=123852926000000, eventTime=123853006000000, pointerCount=1
10-30 07:20:58.077  1945  2498 D InputTransport: channel 'swipe-up (server)' : action=ACTION_UP(0), id=0, displayId=0, tooltype=1, deviceId=-1, source=0x1002, flags=0x0, edgeFlags=0x0, metaState=0x0, buttonState=0x1, downTime=123852926000000, eventTime=123853006000000, pointerCount=1
10-30 07:20:58.077  1945  2498 D InputTransport: channel 'swipe-up (server)' : action=ACTION_UP(0), id=0, displayId=0, tooltype=1, deviceId=-1, source=0x1002, flags=0x0, edgeFlags=0x0, metaState=0x0, buttonState=0x1, downTime=123852926000000, eventTime=123853006000000, pointerCount=1
10-30 07:20:58.077  1945  2498 D InputTransport: channel 'swipe-up (server)' : action=ACTION_UP(0), id=0, displayId=0, tooltype=1, deviceId=-1, source=0x1002, flags=0x0, edgeFlags=0x0, metaState=0x0, buttonState=0x1, downTime=123852926000000, eventTime=123853006000000, pointerCount=1
10-30 07:20:58.077  1945  2498 D InputTransport: channel 'swipe-up (server)' : action=ACTION_UP(0), id=0, displayId=0, tooltype=1, deviceId=-1, source=0x1002, flags=0x0, edgeFlags=0x0, metaState=0x0, buttonState=0x1, downTime=123852926000000, eventTime=123853006000000, pointerCount=1
10-30 07:20:58.077  1945  2498 D InputTransport: channel 'PointerEventDispatcher0 (server)' : action=ACTION_UP(0), id=0, displayId=0, tooltype=1, deviceId=-1, source=0x1002, flags=0x0, edgeFlags=0x0, metaState=0x0, buttonState=0x1, downTime=123852926000000, eventTime=123853006000000, pointerCount=1
10-30 07:20:58.085 19032 19032 I View    : PerformClick: com.google.android.material.button.MaterialButton{a8665a5 VFED..C.. ...p..ID 42,1038-519,1164 #7f08007a app:id/cancel_button}
10-30 07:20:58.085 19032 19032 I View    : MotionEvent.ACTION_UP: mPrivateFlags: -2128590800,   mHasPerformedLongPress: false,   mIgnoreNextUpEvent: false
10-30 07:20:58.114  1945  2548 V SoundPool: play(soundID=1, leftVolume=1.000000, rightVolume=1.000000, priority=0, loop=0, rate=1.000000)
10-30 07:20:58.116  1945  2548 V AudioTrack: setSampleRate(546): prior state:STATE_STOPPED rate:48000
10-30 07:20:58.116  1945  2548 V AudioTrack: start(546): prior state:STATE_STOPPED
10-30 07:20:58.116  1945  2548 V AudioTrack: start(546): server read:-811708  cumulative flushed:0  client written:0
10-30 07:20:58.116  2580 26577 V AF::Track: start(571): calling pid 1945 session 4681
10-30 07:20:58.116  2580 26577 V AudioPolicyService: AudioCommandThread() adding start output portId 546
10-30 07:20:58.117  1945  5020 D WifiClientModeImpl[wlan0]: getConativeWiFiQualityStatus keep previous WifiQuailityInfo
10-30 07:20:58.117  2580 26577 V AudioPolicyService: inserting command: 3 at index 0, num commands 0
10-30 07:20:58.117  2580  2595 V AudioPolicyService: AudioCommandThread() processing start output portId 546
10-30 07:20:58.117  2580  2595 D APM_AudioPolicyManager: startOutput portId 546 output primary->(primary output)(13), stream 1, session 4681
10-30 07:20:58.118  2580  2595 V APM_AudioPolicyManager: setBeaconMute(1) mBeaconMuteRefCount=1 mBeaconPlayingRefCount=0
10-30 07:20:58.118  2580  2595 V APM_AudioPolicyManager: selectOutputForMusicEffects selected output 13
10-30 07:20:58.118  2580  2595 V APM_AudioPolicyManager: getNewOutputDevices selected devices {type:0x2,@:}
10-30 07:20:58.119  2580  2595 V APM_AudioPolicyManager: setOutputDevices device {type:0x2,@:} delayMs 0
10-30 07:20:58.119  2580  2595 V APM_AudioPolicyManager: setOutputDevices() prevDevice {type:0x2,@:}
10-30 07:20:58.119  2580  2595 V APM_AudioPolicyManager: setOutputDevices: suppressing checkDeviceMuteStrategies
10-30 07:20:58.119  2580  2595 V APM_AudioPolicyManager: setOutputDevices setting same device {type:0x2,@:} or null device, force=0, patch handle=4
10-30 07:20:58.119  2580  2595 V AudioPolicyService: AudioCommandThread() going to sleep
10-30 07:20:58.120  1945  2548 V SoundPool: play returned 2707
10-30 07:20:58.127  1945  5020 V AudioSystem: ioConfigChanged() event 8
10-30 07:20:58.127  1945  5020 V AudioSystem: ioConfigChanged() AUDIO_CLIENT_STARTED  io 13 port 546 num callbacks 0
10-30 07:20:58.187  2580  2617 V AF::Track: getNextBuffer(571): underrun,  framesReady(0) < framesDesired(236), state: 6
10-30 07:20:58.187  2580  2618 D AF::Track: presentationComplete(571): set: mPresentationCompleteFrames 303024 audioHalFrames 624
10-30 07:20:58.187  2580  2618 V AF::Track: presentationComplete(571): waiting framesWritten:302400  mPresentationCompleteFrames:303024
10-30 07:20:58.193  1945 19073 V AudioTrack: stop(546): prior state:STATE_ACTIVE
10-30 07:20:58.193  2580 26577 V AF::Track: stop(571): calling pid 1945
10-30 07:20:58.228  2580  2618 V AF::Track: presentationComplete(571): presentationComplete() mPresentationCompleteFrames 303024 framesWritten 304320
10-30 07:20:58.228  2580  2618 V AF::Track: presentationComplete(571): complete framesWritten:304320  mPresentationCompleteFrames:303024
10-30 07:20:58.234  2580  2618 V AudioPolicyService: AudioCommandThread() adding stop output portId 546
10-30 07:20:58.236  2580  2618 V AudioPolicyService: inserting command: 4 at index 0, num commands 0
10-30 07:20:58.236  2580  2595 V AudioPolicyService: AudioCommandThread() processing stop output portId 546
10-30 07:20:58.236  2580  2595 V APM_AudioPolicyManager: stopOutput() portId 546 output 13, stream 1, session 4681
10-30 07:20:58.236  2580  2595 V APM_AudioPolicyManager: setBeaconMute(1) mBeaconMuteRefCount=0 mBeaconPlayingRefCount=0
10-30 07:20:58.237  2580  2595 V APM_AudioPolicyManager: getNewOutputDevices selected devices AUDIO_DEVICE_NONE
10-30 07:20:58.237  2580  2595 V APM_AudioPolicyManager: setOutputDevices device AUDIO_DEVICE_NONE delayMs 106
10-30 07:20:58.237  2580  2595 V APM_AudioPolicyManager: setOutputDevices() prevDevice {type:0x2,@:}
10-30 07:20:58.240  2580  2595 V APM_AudioPolicyManager: setOutputDevices setting same device AUDIO_DEVICE_NONE or null device, force=0, patch handle=4
10-30 07:20:58.240  2580  2595 V APM_AudioPolicyManager: selectOutputForMusicEffects selected output 13
10-30 07:20:58.240  2580  2595 V AudioPolicyService: AudioCommandThread() going to sleep
10-30 07:20:58.524 19032 19032 I ViewInteraction: Performing 'single click' action on view view.getId() is <2131231208/com.example.lunchtray:id/start_order_btn>
10-30 07:20:58.531  1945  2498 D InputTransport: channel '433222d com.example.lunchtray/com.example.lunchtray.MainActivity (server)' : action=ACTION_DOWN(0), id=0, displayId=0, tooltype=0, deviceId=-1, source=0x1002, flags=0x0, edgeFlags=0x0, metaState=0x0, buttonState=0x1, downTime=123853460000000, eventTime=123853460000000, pointerCount=1
10-30 07:20:58.531  1945  2498 D InputTransport: channel 'edge-swipe (server)' : action=ACTION_DOWN(0), id=0, displayId=0, tooltype=0, deviceId=-1, source=0x1002, flags=0x0, edgeFlags=0x0, metaState=0x0, buttonState=0x1, downTime=123853460000000, eventTime=123853460000000, pointerCount=1
10-30 07:20:58.531  1945  2498 D InputTransport: channel 'swipe-up (server)' : action=ACTION_DOWN(0), id=0, displayId=0, tooltype=0, deviceId=-1, source=0x1002, flags=0x0, edgeFlags=0x0, metaState=0x0, buttonState=0x1, downTime=123853460000000, eventTime=123853460000000, pointerCount=1
10-30 07:20:58.531  1945  2498 D InputTransport: channel 'swipe-up (server)' : action=ACTION_DOWN(0), id=0, displayId=0, tooltype=0, deviceId=-1, source=0x1002, flags=0x0, edgeFlags=0x0, metaState=0x0, buttonState=0x1, downTime=123853460000000, eventTime=123853460000000, pointerCount=1
10-30 07:20:58.531  1945  2498 D InputTransport: channel 'swipe-up (server)' : action=ACTION_DOWN(0), id=0, displayId=0, tooltype=0, deviceId=-1, source=0x1002, flags=0x0, edgeFlags=0x0, metaState=0x0, buttonState=0x1, downTime=123853460000000, eventTime=123853460000000, pointerCount=1
10-30 07:20:58.532  1945  2498 D InputTransport: channel 'swipe-up (server)' : action=ACTION_DOWN(0), id=0, displayId=0, tooltype=0, deviceId=-1, source=0x1002, flags=0x0, edgeFlags=0x0, metaState=0x0, buttonState=0x1, downTime=123853460000000, eventTime=123853460000000, pointerCount=1
10-30 07:20:58.532  1945  2498 D InputTransport: channel 'PointerEventDispatcher0 (server)' : action=ACTION_DOWN(0), id=0, displayId=0, tooltype=0, deviceId=-1, source=0x1002, flags=0x0, edgeFlags=0x0, metaState=0x0, buttonState=0x1, downTime=123853460000000, eventTime=123853460000000, pointerCount=1
10-30 07:20:58.612  1945  2498 D InputTransport: channel '433222d com.example.lunchtray/com.example.lunchtray.MainActivity (server)' : action=ACTION_UP(0), id=0, displayId=0, tooltype=1, deviceId=-1, source=0x1002, flags=0x0, edgeFlags=0x0, metaState=0x0, buttonState=0x1, downTime=123853460000000, eventTime=123853541000000, pointerCount=1
10-30 07:20:58.612  1945  2498 D InputTransport: channel 'edge-swipe (server)' : action=ACTION_UP(0), id=0, displayId=0, tooltype=1, deviceId=-1, source=0x1002, flags=0x0, edgeFlags=0x0, metaState=0x0, buttonState=0x1, downTime=123853460000000, eventTime=123853541000000, pointerCount=1
10-30 07:20:58.612  1945  2498 D InputTransport: channel 'swipe-up (server)' : action=ACTION_UP(0), id=0, displayId=0, tooltype=1, deviceId=-1, source=0x1002, flags=0x0, edgeFlags=0x0, metaState=0x0, buttonState=0x1, downTime=123853460000000, eventTime=123853541000000, pointerCount=1
10-30 07:20:58.613  1945  2498 D InputTransport: channel 'swipe-up (server)' : action=ACTION_UP(0), id=0, displayId=0, tooltype=1, deviceId=-1, source=0x1002, flags=0x0, edgeFlags=0x0, metaState=0x0, buttonState=0x1, downTime=123853460000000, eventTime=123853541000000, pointerCount=1
10-30 07:20:58.613  1945  2498 D InputTransport: channel 'swipe-up (server)' : action=ACTION_UP(0), id=0, displayId=0, tooltype=1, deviceId=-1, source=0x1002, flags=0x0, edgeFlags=0x0, metaState=0x0, buttonState=0x1, downTime=123853460000000, eventTime=123853541000000, pointerCount=1
10-30 07:20:58.613  1945  2498 D InputTransport: channel 'swipe-up (server)' : action=ACTION_UP(0), id=0, displayId=0, tooltype=1, deviceId=-1, source=0x1002, flags=0x0, edgeFlags=0x0, metaState=0x0, buttonState=0x1, downTime=123853460000000, eventTime=123853541000000, pointerCount=1
10-30 07:20:58.613  1945  2498 D InputTransport: channel 'PointerEventDispatcher0 (server)' : action=ACTION_UP(0), id=0, displayId=0, tooltype=1, deviceId=-1, source=0x1002, flags=0x0, edgeFlags=0x0, metaState=0x0, buttonState=0x1, downTime=123853460000000, eventTime=123853541000000, pointerCount=1
10-30 07:20:58.618 19032 19032 I View    : PerformClick: com.google.android.material.button.MaterialButton{eb9f660 VFED..C.. ...P.... 349,1045-731,1171 #7f0801e8 app:id/start_order_btn}
10-30 07:20:58.618 19032 19032 I View    : MotionEvent.ACTION_UP: mPrivateFlags: 16828464,   mHasPerformedLongPress: false,   mIgnoreNextUpEvent: false
10-30 07:20:58.620  1945  2548 V SoundPool: play(soundID=1, leftVolume=1.000000, rightVolume=1.000000, priority=0, loop=0, rate=1.000000)
10-30 07:20:58.622  1945  2548 V AudioTrack: setSampleRate(546): prior state:STATE_STOPPED rate:48000
10-30 07:20:58.622  1945  2548 V AudioTrack: start(546): prior state:STATE_STOPPED
10-30 07:20:58.622  1945  2548 V AudioTrack: start(546): server read:-814352  cumulative flushed:0  client written:0
10-30 07:20:58.622  2580 26577 V AF::Track: start(571): calling pid 1945 session 4681
10-30 07:20:58.623  2580 26577 V AudioPolicyService: AudioCommandThread() adding start output portId 546
10-30 07:20:58.624  2580 26577 V AudioPolicyService: inserting command: 3 at index 0, num commands 0
10-30 07:20:58.624  2580  2595 V AudioPolicyService: AudioCommandThread() processing start output portId 546
10-30 07:20:58.624  2580  2595 D APM_AudioPolicyManager: startOutput portId 546 output primary->(primary output)(13), stream 1, session 4681
10-30 07:20:58.624  2580  2595 V APM_AudioPolicyManager: setBeaconMute(1) mBeaconMuteRefCount=1 mBeaconPlayingRefCount=0
10-30 07:20:58.625  2580  2595 V APM_AudioPolicyManager: selectOutputForMusicEffects selected output 13
10-30 07:20:58.625  2580  2595 V APM_AudioPolicyManager: getNewOutputDevices selected devices {type:0x2,@:}
10-30 07:20:58.626  2580  2595 V APM_AudioPolicyManager: setOutputDevices device {type:0x2,@:} delayMs 0
10-30 07:20:58.626  2580  2595 V APM_AudioPolicyManager: setOutputDevices() prevDevice {type:0x2,@:}
10-30 07:20:58.626  2580  2595 V APM_AudioPolicyManager: setOutputDevices: suppressing checkDeviceMuteStrategies
10-30 07:20:58.626  2580  2595 V APM_AudioPolicyManager: setOutputDevices setting same device {type:0x2,@:} or null device, force=0, patch handle=4
10-30 07:20:58.626  2580  2595 V AudioPolicyService: AudioCommandThread() going to sleep
10-30 07:20:58.627  1945  2548 V SoundPool: play returned 2710
10-30 07:20:58.628  1945  1965 V AudioSystem: ioConfigChanged() event 8
10-30 07:20:58.628  1945  1965 V AudioSystem: ioConfigChanged() AUDIO_CLIENT_STARTED  io 13 port 546 num callbacks 0
10-30 07:20:58.633  1363 18506 D sensors_hal_accel: handle_sns_client_event:446, accel_sample(accelcal_available:0): ts=285443646358092 ns; value = [0.160470, -0.024806, 9.822101], status=3
10-30 07:20:58.687  2580  2617 V AF::Track: getNextBuffer(571): underrun,  framesReady(0) < framesDesired(236), state: 6
10-30 07:20:58.697  1945 19073 V AudioTrack: stop(546): prior state:STATE_ACTIVE
10-30 07:20:58.698  2580 26577 V AF::Track: stop(571): calling pid 1945
10-30 07:20:58.714  1432  1432 D vendor.lge.hardware.thermal@1.2-impl: Read value from /proc/lge_power/adc/vts, 246
10-30 07:20:58.723  1432  1432 D vendor.lge.hardware.thermal@1.2-impl: Read value from /proc/lge_power/adc/vts, 246
10-30 07:20:58.725  2580  2618 D AF::Track: presentationComplete(571): set: mPresentationCompleteFrames 328944 audioHalFrames 624
10-30 07:20:58.725  2580  2618 V AF::Track: presentationComplete(571): waiting framesWritten:328320  mPresentationCompleteFrames:328944
10-30 07:20:58.745  2580  2618 V AF::Track: presentationComplete(571): presentationComplete() mPresentationCompleteFrames 328944 framesWritten 329280
10-30 07:20:58.745  2580  2618 V AF::Track: presentationComplete(571): complete framesWritten:329280  mPresentationCompleteFrames:328944
10-30 07:20:58.748  2580  2618 V AudioPolicyService: AudioCommandThread() adding stop output portId 546
10-30 07:20:58.750  2580  2618 V AudioPolicyService: inserting command: 4 at index 0, num commands 0
10-30 07:20:58.750  2580  2595 V AudioPolicyService: AudioCommandThread() processing stop output portId 546
10-30 07:20:58.750  2580  2595 V APM_AudioPolicyManager: stopOutput() portId 546 output 13, stream 1, session 4681
10-30 07:20:58.750  2580  2595 V APM_AudioPolicyManager: setBeaconMute(1) mBeaconMuteRefCount=0 mBeaconPlayingRefCount=0
10-30 07:20:58.751  2580  2595 V APM_AudioPolicyManager: getNewOutputDevices selected devices AUDIO_DEVICE_NONE
10-30 07:20:58.751  2580  2595 V APM_AudioPolicyManager: setOutputDevices device AUDIO_DEVICE_NONE delayMs 106
10-30 07:20:58.751  2580  2595 V APM_AudioPolicyManager: setOutputDevices() prevDevice {type:0x2,@:}
10-30 07:20:58.754  2580  2595 V APM_AudioPolicyManager: setOutputDevices setting same device AUDIO_DEVICE_NONE or null device, force=0, patch handle=4
10-30 07:20:58.755  2580  2595 V APM_AudioPolicyManager: selectOutputForMusicEffects selected output 13
10-30 07:20:58.755  2580  2595 V AudioPolicyService: AudioCommandThread() going to sleep
10-30 07:20:59.063 19032 19032 I ViewInteraction: Checking 'MatchesViewAssertion{viewMatcher=(view has effective visibility <VISIBLE> and view.getGlobalVisibleRect() to return non-empty rectangle)}' assertion on view an instance of android.widget.TextView and view.getText() with or without transformation to match: is "Subtotal: 0,00"
10-30 07:20:59.064 19032 19053 I TestRunner: finished: order_reset_after_cancel_from_accompaniment_menu(com.example.lunchtray.OrderFunctionalityTests)
