10-30 07:21:21.029 19032 19053 I TestRunner: started: radio_buttons_update_entree_menu_subtotal(com.example.lunchtray.OrderFunctionalityTests)
10-30 07:21:21.032 19032 19053 W Settings: Setting always_finish_activities has moved from android.provider.Settings.System to android.provider.Settings.Global, returning read-only value.
10-30 07:21:21.037  1499  1499 I SurfaceFlinger: Remove EffectLayer(0x7318055310) Surface(name=5efab5d NavigationBar0)/@0xb1951a3 - animation-leash of insets_animation#0 (parent=none)
10-30 07:21:21.037  1499  1499 I SurfaceFlinger: Remove EffectLayer(0x73180859a0) Surface(name=5efab5d NavigationBar0)/@0xb1951a3 - animation-leash of insets_animation#1 (parent=none)
10-30 07:21:21.037  1499  1499 I SurfaceFlinger: Remove EffectLayer(0x7318099890) Surface(name=dcb9bf0 StatusBar)/@0xac9fa55 - animation-leash of insets_animation#1 (parent=none)
10-30 07:21:21.037  1499  1499 I SurfaceFlinger: Remove EffectLayer(0x73180cccb0) Surface(name=dcb9bf0 StatusBar)/@0xac9fa55 - animation-leash of insets_animation#0 (parent=none)
10-30 07:21:21.037  1499  1499 D Layer   : Destroy Surface(name=5efab5d NavigationBar0)/@0xb1951a3 - animation-leash of insets_animation#0(0x7318055310)
10-30 07:21:21.037  1499  1499 D Layer   : Destroy Surface(name=5efab5d NavigationBar0)/@0xb1951a3 - animation-leash of insets_animation#1(0x73180859a0)
10-30 07:21:21.038  1499  1499 D Layer   : Destroy Surface(name=dcb9bf0 StatusBar)/@0xac9fa55 - animation-leash of insets_animation#1(0x7318099890)
10-30 07:21:21.038  1499  1499 D Layer   : Destroy Surface(name=dcb9bf0 StatusBar)/@0xac9fa55 - animation-leash of insets_animation#0(0x73180cccb0)
10-30 07:21:21.038  1673  1699 I PowerRM : System FW:1 IC:0 SO:0 GT:0 CAPP:-1 APP:0
10-30 07:21:21.038  1499  3633 D SurfaceFlinger: Create EffectLayer(0x73180859a0) Task=908#0
10-30 07:21:21.038  1673  1699 I PowerRM : FIA lock1 locked
10-30 07:21:21.038  1673  1699 E PRM_CONFIG_Parser: get_custom_config not found
10-30 07:21:21.039  1499  3633 D SurfaceFlinger: Create ContainerLayer(0x7318055310) ActivityRecord{1198eb8 u0 com.example.lunchtray/androidx.test.core.app.InstrumentationActivityInvoker$BootstrapActivity t908}#0
10-30 07:21:21.040  3488  3488 I [LGHome6]Launcher: onTopResumedActivityChanged state = false
10-30 07:21:21.041  1499  3633 D SurfaceFlinger: Create EffectLayer(0x73180ec1e0) Surface(name=5efab5d NavigationBar0)/@0xb1951a3 - animation-leash of insets_animation#1
10-30 07:21:21.042  2756  3836 I GameToolsControllerService: game removed from map {}
10-30 07:21:21.042  1499  3662 D SurfaceFlinger: Create EffectLayer(0x7318088730) Surface(name=dcb9bf0 StatusBar)/@0xac9fa55 - animation-leash of insets_animation#1
10-30 07:21:21.045  3488  3488 I [LGHome6]LauncherCallbacksImpl: Launcher.onPause // 9.60.21(96002100) this:com.lge.launcher3.LauncherExtension$LauncherCallbacksImpl@fcfd6f7
10-30 07:21:21.046  3097 31192 D RoundCornerMask: metaData is null
10-30 07:21:21.047  2756  3836 D StatusBar: mainDisplayTopActivityComponentName : ComponentInfo{com.example.lunchtray/androidx.test.core.app.InstrumentationActivityInvoker$BootstrapActivity}
10-30 07:21:21.048  1499  3633 D SurfaceFlinger: Create ContainerLayer(0x7318041420) 4b3b4c9 Splash Screen com.example.lunchtray#0
10-30 07:21:21.048  2756  2902 I TouchFilterInputStageHelper: [needTouchEventFilter] Displayid : 0
10-30 07:21:21.050  2756  2756 D NavigationModeController: getCurrentUserContext: contextUser=0 currentUser=0
10-30 07:21:21.051  2756  2756 D Bubbles : onTaskMovedToFront(), taskInfo = 908
10-30 07:21:21.053  5181  5202 D TopPackageTracker: activityChanged callMethod=1 packageName=com.example.lunchtray displayid=0
10-30 07:21:21.053  5181  5202 D TopPackageTracker: onTopPackageChanged displayId=0, com.lge.launcher3->com.example.lunchtray
10-30 07:21:21.053  5181  5202 D GameToolsWindow: getTopActivityAsDisplay : 0
10-30 07:21:21.054  5181  5181 D GameToolsWindow: getTopActivityAsDisplay : 0
10-30 07:21:21.054  1499  1499 I SurfaceFlinger: Remove EffectLayer(0x7318060950) Surface(name=5efab5d NavigationBar0)/@0xb1951a3 - animation-leash of insets_animation#0 (parent=none)
10-30 07:21:21.054  1499  1499 I SurfaceFlinger: Remove EffectLayer(0x73180fa5b0) Surface(name=dcb9bf0 StatusBar)/@0xac9fa55 - animation-leash of insets_animation#0 (parent=none)
10-30 07:21:21.054  5181  5181 I GameToolsService: no game is running, stop everything
10-30 07:21:21.054  5181  5181 I GameToolsWindow: forceHide, Game is Not Running
10-30 07:21:21.055  1499  3633 D SurfaceFlinger: Create EffectLayer(0x73180e0ba0) Surface(name=5efab5d NavigationBar0)/@0xb1951a3 - animation-leash of insets_animation#0
10-30 07:21:21.055  5181  5181 I GameToolsDBManager: DB changed to: false
10-30 07:21:21.055  1499  3633 D SurfaceFlinger: Create EffectLayer(0x73180a7c60) Surface(name=dcb9bf0 StatusBar)/@0xac9fa55 - animation-leash of insets_animation#0
10-30 07:21:21.055  5181  5202 I GameToolsService: no game is running, stop everything
10-30 07:21:21.055  5181  5202 I GameToolsWindow: forceHide, Game is Not Running
10-30 07:21:21.056  5181  5202 I GameToolsDBManager: DB changed to: false
10-30 07:21:21.056  5181  5202 D TopPackageTracker: activityChanged callMethod=1 packageName=com.example.lunchtray displayid=0
10-30 07:21:21.056  1945  3374 W ActivityManager: Sending non-protected broadcast com.sld.stop_game from system 3097:com.lge.systemserver/1000 pkg com.lge.systemservice
10-30 07:21:21.057  1945  3374 W ActivityManager: Sending non-protected broadcast com.sld.stop_game from system 3097:com.lge.systemserver/1000 pkg com.lge.systemservice
10-30 07:21:21.059  3097 31192 D RoundCornerMask: metaData is null
10-30 07:21:21.059  2756  2902 D HandGripFilter: getdisplaysize, x : 1080 y : 2460
10-30 07:21:21.061  1499  3633 D SurfaceFlinger: Create EffectLayer(0x731807d0f0) Surface(name=5efab5d NavigationBar0)/@0xb1951a3 - animation-leash of insets_animation#0
10-30 07:21:21.062  1499  1532 D SurfaceFlinger: Create EffectLayer(0x73180775d0) Surface(name=dcb9bf0 StatusBar)/@0xac9fa55 - animation-leash of insets_animation#0
10-30 07:21:21.067  3097 31192 D RoundCornerMask: metaData is null
10-30 07:21:21.068  1499  1533 D SurfaceFlinger: Create EffectLayer(0x7318071ab0) Surface(name=5efab5d NavigationBar0)/@0xb1951a3 - animation-leash of insets_animation#0
10-30 07:21:21.069  1499  3662 D SurfaceFlinger: Create EffectLayer(0x7318052580) Surface(name=dcb9bf0 StatusBar)/@0xac9fa55 - animation-leash of insets_animation#0
10-30 07:21:21.069  2756  2756 I StatusBar: updateStatusBarColor(): mApplyNotchStatusBar=false delay=true isPort=true
10-30 07:21:21.071  2756  3836 I GameToolsControllerService: game removed from map {}
10-30 07:21:21.072  3097 31192 D RoundCornerMask: metaData is null
10-30 07:21:21.072  1499  1499 I SurfaceFlinger: Remove EffectLayer(0x7318060950) Surface(name=5efab5d NavigationBar0)/@0xb1951a3 - animation-leash of insets_animation#0 (parent=none)
10-30 07:21:21.072  1499  1499 I SurfaceFlinger: Remove EffectLayer(0x73180775d0) Surface(name=dcb9bf0 StatusBar)/@0xac9fa55 - animation-leash of insets_animation#0 (parent=none)
10-30 07:21:21.072  1499  1499 I SurfaceFlinger: Remove EffectLayer(0x731807d0f0) Surface(name=5efab5d NavigationBar0)/@0xb1951a3 - animation-leash of insets_animation#0 (parent=none)
10-30 07:21:21.072  1499  1499 I SurfaceFlinger: Remove EffectLayer(0x731807fe80) Surface(name=9247903 com.example.lunchtray/com.example.lunchtray.MainActivity)/@0x34cd575 - animation-leash of starting_reveal#0 (parent=none)
10-30 07:21:21.072  1499  1499 I SurfaceFlinger: Remove EffectLayer(0x7318088730) Surface(name=dcb9bf0 StatusBar)/@0xac9fa55 - animation-leash of insets_animation#1 (parent=none)
10-30 07:21:21.072  1499  1499 I SurfaceFlinger: Remove EffectLayer(0x731809f3b0) Surface(name=3dafa82 com.example.lunchtray/androidx.fragment.app.testing.FragmentScenario$EmptyFragmentActivity)/@0xaf6f2fc - animation-leash of starting_reveal#0 (parent=none)
10-30 07:21:21.072  1499  1499 I SurfaceFlinger: Remove EffectLayer(0x73180a7c60) Surface(name=dcb9bf0 StatusBar)/@0xac9fa55 - animation-leash of insets_animation#0 (parent=none)
10-30 07:21:21.072  1499  1499 I SurfaceFlinger: Remove EffectLayer(0x73180e0ba0) Surface(name=5efab5d NavigationBar0)/@0xb1951a3 - animation-leash of insets_animation#0 (parent=none)
10-30 07:21:21.072  1499  1499 I SurfaceFlinger: Remove EffectLayer(0x73180ec1e0) Surface(name=5efab5d NavigationBar0)/@0xb1951a3 - animation-leash of insets_animation#1 (parent=none)
10-30 07:21:21.072  1499  1499 I SurfaceFlinger: Remove EffectLayer(0x73180fa5b0) Surface(name=dcb9bf0 StatusBar)/@0xac9fa55 - animation-leash of insets_animation#0 (parent=none)
10-30 07:21:21.072  3097  3097 D SLD     : DRM IS OFF STOP
10-30 07:21:21.072  1499  1499 D Layer   : Destroy Surface(name=5efab5d NavigationBar0)/@0xb1951a3 - animation-leash of insets_animation#0(0x7318060950)
10-30 07:21:21.072  1499  1499 D Layer   : Destroy Surface(name=9247903 com.example.lunchtray/com.example.lunchtray.MainActivity)/@0x34cd575 - animation-leash of starting_reveal#0(0x731807fe80)
10-30 07:21:21.072  1499  1499 D Layer   : Destroy Surface(name=3dafa82 com.example.lunchtray/androidx.fragment.app.testing.FragmentScenario$EmptyFragmentActivity)/@0xaf6f2fc - animation-leash of starting_reveal#0(0x731809f3b0)
10-30 07:21:21.072  1499  1499 D Layer   : Destroy Surface(name=dcb9bf0 StatusBar)/@0xac9fa55 - animation-leash of insets_animation#0(0x73180a7c60)
10-30 07:21:21.072  1499  1499 D Layer   : Destroy Surface(name=5efab5d NavigationBar0)/@0xb1951a3 - animation-leash of insets_animation#0(0x73180e0ba0)
10-30 07:21:21.072  1499  1499 D Layer   : Destroy Surface(name=dcb9bf0 StatusBar)/@0xac9fa55 - animation-leash of insets_animation#0(0x73180fa5b0)
10-30 07:21:21.072  1499  1499 D Layer   : Destroy Surface(name=dcb9bf0 StatusBar)/@0xac9fa55 - animation-leash of insets_animation#1(0x7318088730)
10-30 07:21:21.072  1499  1499 D Layer   : Destroy Surface(name=5efab5d NavigationBar0)/@0xb1951a3 - animation-leash of insets_animation#1(0x73180ec1e0)
10-30 07:21:21.073  1499  1533 D SurfaceFlinger: Create BufferStateLayer(0x73180fa5b0) Splash Screen com.example.lunchtray@2756#0
10-30 07:21:21.073  1945  1965 D InputDispatcher: Window went away: b82c9e2 com.lge.launcher3/com.lge.launcher3.LauncherExtension
10-30 07:21:21.073  1945  1965 D InputDispatcher: Window went away: 61a7f75 com.lge.launcher3/com.lge.launcher3.LauncherExtension
10-30 07:21:21.074  1499  3633 D SurfaceFlinger: Create EffectLayer(0x73180e0ba0) Surface(name=5efab5d NavigationBar0)/@0xb1951a3 - animation-leash of insets_animation#1
10-30 07:21:21.075  1499  3662 D SurfaceFlinger: Create EffectLayer(0x73180a7c60) Surface(name=dcb9bf0 StatusBar)/@0xac9fa55 - animation-leash of insets_animation#1
10-30 07:21:21.079 19032 19032 D LifecycleMonitor: Lifecycle status change: androidx.test.core.app.InstrumentationActivityInvoker$BootstrapActivity@2455b80 in: PRE_ON_CREATE
10-30 07:21:21.080 19032 19032 V ActivityScenario: Activity lifecycle changed event received but ignored because the intent does not match. startActivityIntent=Intent { act=android.intent.action.MAIN cat=[android.intent.category.LAUNCHER] cmp=com.example.lunchtray/.MainActivity }, activity.getIntent()=Intent { act=android.intent.action.MAIN cat=[android.intent.category.LAUNCHER] flg=0x10008000 cmp=com.example.lunchtray/androidx.test.core.app.InstrumentationActivityInvoker$BootstrapActivity (has extras) }, activity=androidx.test.core.app.InstrumentationActivityInvoker$BootstrapActivity@2455b80
10-30 07:21:21.080 19032 19032 V ActivityScenario: Activity lifecycle changed event received but ignored because the intent does not match. startActivityIntent=Intent { act=android.intent.action.MAIN cat=[android.intent.category.LAUNCHER] cmp=com.example.lunchtray/.MainActivity }, activity.getIntent()=Intent { act=android.intent.action.MAIN cat=[android.intent.category.LAUNCHER] flg=0x10008000 cmp=com.example.lunchtray/androidx.test.core.app.InstrumentationActivityInvoker$BootstrapActivity (has extras) }, activity=androidx.test.core.app.InstrumentationActivityInvoker$BootstrapActivity@2455b80
10-30 07:21:21.080 19032 19032 V ActivityScenario: Activity lifecycle changed event received but ignored because the intent does not match. startActivityIntent=Intent { act=android.intent.action.MAIN cat=[android.intent.category.LAUNCHER] cmp=com.example.lunchtray/.MainActivity }, activity.getIntent()=Intent { act=android.intent.action.MAIN cat=[android.intent.category.LAUNCHER] flg=0x10008000 cmp=com.example.lunchtray/androidx.test.core.app.InstrumentationActivityInvoker$BootstrapActivity (has extras) }, activity=androidx.test.core.app.InstrumentationActivityInvoker$BootstrapActivity@2455b80
10-30 07:21:21.080 19032 19032 V ActivityScenario: Activity lifecycle changed event received but ignored because the intent does not match. startActivityIntent=Intent { act=android.intent.action.MAIN cat=[android.intent.category.LAUNCHER] cmp=com.example.lunchtray/androidx.fragment.app.testing.FragmentScenario$EmptyFragmentActivity (has extras) }, activity.getIntent()=Intent { act=android.intent.action.MAIN cat=[android.intent.category.LAUNCHER] flg=0x10008000 cmp=com.example.lunchtray/androidx.test.core.app.InstrumentationActivityInvoker$BootstrapActivity (has extras) }, activity=androidx.test.core.app.InstrumentationActivityInvoker$BootstrapActivity@2455b80
10-30 07:21:21.080 19032 19032 V ActivityScenario: Activity lifecycle changed event received but ignored because the intent does not match. startActivityIntent=Intent { act=android.intent.action.MAIN cat=[android.intent.category.LAUNCHER] cmp=com.example.lunchtray/.MainActivity }, activity.getIntent()=Intent { act=android.intent.action.MAIN cat=[android.intent.category.LAUNCHER] flg=0x10008000 cmp=com.example.lunchtray/androidx.test.core.app.InstrumentationActivityInvoker$BootstrapActivity (has extras) }, activity=androidx.test.core.app.InstrumentationActivityInvoker$BootstrapActivity@2455b80
10-30 07:21:21.080 19032 19032 V ActivityScenario: Activity lifecycle changed event received but ignored because the intent does not match. startActivityIntent=Intent { act=android.intent.action.MAIN cat=[android.intent.category.LAUNCHER] cmp=com.example.lunchtray/androidx.fragment.app.testing.FragmentScenario$EmptyFragmentActivity (has extras) }, activity.getIntent()=Intent { act=android.intent.action.MAIN cat=[android.intent.category.LAUNCHER] flg=0x10008000 cmp=com.example.lunchtray/androidx.test.core.app.InstrumentationActivityInvoker$BootstrapActivity (has extras) }, activity=androidx.test.core.app.InstrumentationActivityInvoker$BootstrapActivity@2455b80
10-30 07:21:21.081  2756  3836 D StatusBar: mainDisplayTopActivityComponentName : ComponentInfo{com.example.lunchtray/androidx.test.core.app.InstrumentationActivityInvoker$BootstrapActivity}
10-30 07:21:21.082  2756  2787 W System  : A resource failed to call close.
10-30 07:21:21.083  2756  2787 W System  : A resource failed to call close.
10-30 07:21:21.083  2756  2787 W System  : A resource failed to call release.
10-30 07:21:21.083  2756  2787 W System  : A resource failed to call close.
10-30 07:21:21.083  2756  2787 W System  : A resource failed to call release.
10-30 07:21:21.084  2756  2787 W System  : A resource failed to call close.
10-30 07:21:21.084  2756  2787 W System  : A resource failed to call release.
10-30 07:21:21.084  2756  2787 W System  : A resource failed to call close.
10-30 07:21:21.084  2756  2787 W System  : A resource failed to call release.
10-30 07:21:21.084  2756  2787 W System  : A resource failed to call close.
10-30 07:21:21.084  2756  2787 W System  : A resource failed to call release.
10-30 07:21:21.085  2756  2787 W System  : A resource failed to call close.
10-30 07:21:21.085  2756  2787 W System  : A resource failed to call release.
10-30 07:21:21.085  2756  2787 W System  : A resource failed to call close.
10-30 07:21:21.085  2756  2787 W System  : A resource failed to call release.
10-30 07:21:21.088  1499  1533 D SurfaceFlinger: Create EffectLayer(0x731809f3b0) Surface(name=5efab5d NavigationBar0)/@0xb1951a3 - animation-leash of insets_animation#0
10-30 07:21:21.088  1499  1499 I SurfaceFlinger: Remove EffectLayer(0x731803b900) Surface(name=a493896 com.example.lunchtray/com.example.lunchtray.MainActivity)/@0x87a2070 - animation-leash of starting_reveal#0 (parent=none)
10-30 07:21:21.088  1499  1499 I SurfaceFlinger: Remove EffectLayer(0x7318052580) Surface(name=dcb9bf0 StatusBar)/@0xac9fa55 - animation-leash of insets_animation#0 (parent=none)
10-30 07:21:21.088  1499  1499 I SurfaceFlinger: Remove EffectLayer(0x7318066470) Surface(name=88633f0 com.example.lunchtray/com.example.lunchtray.MainActivity)/@0xa8e30fa - animation-leash of starting_reveal#0 (parent=none)
10-30 07:21:21.088  2756  2756 I StatusBar: updateStatusBarColor(): mApplyNotchStatusBar=false delay=true isPort=true
10-30 07:21:21.088  1499  1499 I SurfaceFlinger: Remove EffectLayer(0x731806bf90) Surface(name=433222d com.example.lunchtray/com.example.lunchtray.MainActivity)/@0xe24a54f - animation-leash of starting_reveal#0 (parent=none)
10-30 07:21:21.088  1499  1499 I SurfaceFlinger: Remove EffectLayer(0x7318071ab0) Surface(name=5efab5d NavigationBar0)/@0xb1951a3 - animation-leash of insets_animation#0 (parent=none)
10-30 07:21:21.088  1499  1499 I SurfaceFlinger: Remove EffectLayer(0x7318082c10) Task=903#0 (parent=none)
10-30 07:21:21.088  1499  1499 I SurfaceFlinger: Remove EffectLayer(0x731808e250) Task=902#0 (parent=none)
10-30 07:21:21.088  1499  1499 I SurfaceFlinger: Remove EffectLayer(0x731809c620) Surface(name=9884525 com.example.lunchtray/com.example.lunchtray.MainActivity)/@0x1f5f087 - animation-leash of starting_reveal#0 (parent=none)
10-30 07:21:21.088  1499  1499 I SurfaceFlinger: Remove EffectLayer(0x73180ad780) Surface(name=ffaf993 com.example.lunchtray/androidx.fragment.app.testing.FragmentScenario$EmptyFragmentActivity)/@0xcc6080b - animation-leash of starting_reveal#0 (parent=none)
10-30 07:21:21.088  1499  1499 I SurfaceFlinger: Remove EffectLayer(0x73180bbb50) Task=901#0 (parent=none)
10-30 07:21:21.088  1499  1499 I SurfaceFlinger: Remove EffectLayer(0x73180be8e0) Surface(name=a0473f5 com.example.lunchtray/com.example.lunchtray.MainActivity)/@0x96828d7 - animation-leash of starting_reveal#0 (parent=none)
10-30 07:21:21.088  1499  1499 I SurfaceFlinger: Remove EffectLayer(0x73180d27d0) Task=904#0 (parent=none)
10-30 07:21:21.088  1499  1499 I SurfaceFlinger: Remove EffectLayer(0x73180e9450) Task=900#0 (parent=none)
10-30 07:21:21.088  1499  1499 D Layer   : Destroy Surface(name=a493896 com.example.lunchtray/com.example.lunchtray.MainActivity)/@0x87a2070 - animation-leash of starting_reveal#0(0x731803b900)
10-30 07:21:21.088  1499  1499 D Layer   : Destroy Surface(name=88633f0 com.example.lunchtray/com.example.lunchtray.MainActivity)/@0xa8e30fa - animation-leash of starting_reveal#0(0x7318066470)
10-30 07:21:21.088  1499  1499 D Layer   : Destroy Surface(name=433222d com.example.lunchtray/com.example.lunchtray.MainActivity)/@0xe24a54f - animation-leash of starting_reveal#0(0x731806bf90)
10-30 07:21:21.088  1499  1499 D Layer   : Destroy Task=903#0(0x7318082c10)
10-30 07:21:21.088  1499  1499 D Layer   : Destroy Task=902#0(0x731808e250)
10-30 07:21:21.088 19032 19032 D LifecycleMonitor: Lifecycle status change: androidx.test.core.app.InstrumentationActivityInvoker$BootstrapActivity@2455b80 in: CREATED
10-30 07:21:21.088  1499  1499 D Layer   : Destroy Surface(name=9884525 com.example.lunchtray/com.example.lunchtray.MainActivity)/@0x1f5f087 - animation-leash of starting_reveal#0(0x731809c620)
10-30 07:21:21.088  1499  1499 D Layer   : Destroy Surface(name=ffaf993 com.example.lunchtray/androidx.fragment.app.testing.FragmentScenario$EmptyFragmentActivity)/@0xcc6080b - animation-leash of starting_reveal#0(0x73180ad780)
10-30 07:21:21.088  1499  1499 D Layer   : Destroy Task=901#0(0x73180bbb50)
10-30 07:21:21.088  1499  1499 D Layer   : Destroy Surface(name=a0473f5 com.example.lunchtray/com.example.lunchtray.MainActivity)/@0x96828d7 - animation-leash of starting_reveal#0(0x73180be8e0)
10-30 07:21:21.088  1499  1499 D Layer   : Destroy Task=904#0(0x73180d27d0)
10-30 07:21:21.088  1499  1499 D Layer   : Destroy Task=900#0(0x73180e9450)
10-30 07:21:21.088 19032 19032 V ActivityScenario: Activity lifecycle changed event received but ignored because the intent does not match. startActivityIntent=Intent { act=android.intent.action.MAIN cat=[android.intent.category.LAUNCHER] cmp=com.example.lunchtray/.MainActivity }, activity.getIntent()=Intent { act=android.intent.action.MAIN cat=[android.intent.category.LAUNCHER] flg=0x10008000 cmp=com.example.lunchtray/androidx.test.core.app.InstrumentationActivityInvoker$BootstrapActivity (has extras) }, activity=androidx.test.core.app.InstrumentationActivityInvoker$BootstrapActivity@2455b80
10-30 07:21:21.089 19032 19032 V ActivityScenario: Activity lifecycle changed event received but ignored because the intent does not match. startActivityIntent=Intent { act=android.intent.action.MAIN cat=[android.intent.category.LAUNCHER] cmp=com.example.lunchtray/.MainActivity }, activity.getIntent()=Intent { act=android.intent.action.MAIN cat=[android.intent.category.LAUNCHER] flg=0x10008000 cmp=com.example.lunchtray/androidx.test.core.app.InstrumentationActivityInvoker$BootstrapActivity (has extras) }, activity=androidx.test.core.app.InstrumentationActivityInvoker$BootstrapActivity@2455b80
10-30 07:21:21.089 19032 19032 V ActivityScenario: Activity lifecycle changed event received but ignored because the intent does not match. startActivityIntent=Intent { act=android.intent.action.MAIN cat=[android.intent.category.LAUNCHER] cmp=com.example.lunchtray/.MainActivity }, activity.getIntent()=Intent { act=android.intent.action.MAIN cat=[android.intent.category.LAUNCHER] flg=0x10008000 cmp=com.example.lunchtray/androidx.test.core.app.InstrumentationActivityInvoker$BootstrapActivity (has extras) }, activity=androidx.test.core.app.InstrumentationActivityInvoker$BootstrapActivity@2455b80
10-30 07:21:21.089 19032 19032 V ActivityScenario: Activity lifecycle changed event received but ignored because the intent does not match. startActivityIntent=Intent { act=android.intent.action.MAIN cat=[android.intent.category.LAUNCHER] cmp=com.example.lunchtray/androidx.fragment.app.testing.FragmentScenario$EmptyFragmentActivity (has extras) }, activity.getIntent()=Intent { act=android.intent.action.MAIN cat=[android.intent.category.LAUNCHER] flg=0x10008000 cmp=com.example.lunchtray/androidx.test.core.app.InstrumentationActivityInvoker$BootstrapActivity (has extras) }, activity=androidx.test.core.app.InstrumentationActivityInvoker$BootstrapActivity@2455b80
10-30 07:21:21.089 19032 19032 V ActivityScenario: Activity lifecycle changed event received but ignored because the intent does not match. startActivityIntent=Intent { act=android.intent.action.MAIN cat=[android.intent.category.LAUNCHER] cmp=com.example.lunchtray/.MainActivity }, activity.getIntent()=Intent { act=android.intent.action.MAIN cat=[android.intent.category.LAUNCHER] flg=0x10008000 cmp=com.example.lunchtray/androidx.test.core.app.InstrumentationActivityInvoker$BootstrapActivity (has extras) }, activity=androidx.test.core.app.InstrumentationActivityInvoker$BootstrapActivity@2455b80
10-30 07:21:21.089 19032 19032 V ActivityScenario: Activity lifecycle changed event received but ignored because the intent does not match. startActivityIntent=Intent { act=android.intent.action.MAIN cat=[android.intent.category.LAUNCHER] cmp=com.example.lunchtray/androidx.fragment.app.testing.FragmentScenario$EmptyFragmentActivity (has extras) }, activity.getIntent()=Intent { act=android.intent.action.MAIN cat=[android.intent.category.LAUNCHER] flg=0x10008000 cmp=com.example.lunchtray/androidx.test.core.app.InstrumentationActivityInvoker$BootstrapActivity (has extras) }, activity=androidx.test.core.app.InstrumentationActivityInvoker$BootstrapActivity@2455b80
10-30 07:21:21.089  2756  3836 I GameToolsControllerService: game removed from map {}
10-30 07:21:21.089  1499  3662 D SurfaceFlinger: Create EffectLayer(0x73180be8e0) Surface(name=dcb9bf0 StatusBar)/@0xac9fa55 - animation-leash of insets_animation#0
10-30 07:21:21.090 19032 19032 D LifecycleMonitor: Lifecycle status change: androidx.test.core.app.InstrumentationActivityInvoker$BootstrapActivity@2455b80 in: STARTED
10-30 07:21:21.090 19032 19032 V ActivityScenario: Activity lifecycle changed event received but ignored because the intent does not match. startActivityIntent=Intent { act=android.intent.action.MAIN cat=[android.intent.category.LAUNCHER] cmp=com.example.lunchtray/.MainActivity }, activity.getIntent()=Intent { act=android.intent.action.MAIN cat=[android.intent.category.LAUNCHER] flg=0x10008000 cmp=com.example.lunchtray/androidx.test.core.app.InstrumentationActivityInvoker$BootstrapActivity (has extras) }, activity=androidx.test.core.app.InstrumentationActivityInvoker$BootstrapActivity@2455b80
10-30 07:21:21.090 19032 19032 V ActivityScenario: Activity lifecycle changed event received but ignored because the intent does not match. startActivityIntent=Intent { act=android.intent.action.MAIN cat=[android.intent.category.LAUNCHER] cmp=com.example.lunchtray/.MainActivity }, activity.getIntent()=Intent { act=android.intent.action.MAIN cat=[android.intent.category.LAUNCHER] flg=0x10008000 cmp=com.example.lunchtray/androidx.test.core.app.InstrumentationActivityInvoker$BootstrapActivity (has extras) }, activity=androidx.test.core.app.InstrumentationActivityInvoker$BootstrapActivity@2455b80
10-30 07:21:21.090 19032 19032 V ActivityScenario: Activity lifecycle changed event received but ignored because the intent does not match. startActivityIntent=Intent { act=android.intent.action.MAIN cat=[android.intent.category.LAUNCHER] cmp=com.example.lunchtray/.MainActivity }, activity.getIntent()=Intent { act=android.intent.action.MAIN cat=[android.intent.category.LAUNCHER] flg=0x10008000 cmp=com.example.lunchtray/androidx.test.core.app.InstrumentationActivityInvoker$BootstrapActivity (has extras) }, activity=androidx.test.core.app.InstrumentationActivityInvoker$BootstrapActivity@2455b80
10-30 07:21:21.090 19032 19032 V ActivityScenario: Activity lifecycle changed event received but ignored because the intent does not match. startActivityIntent=Intent { act=android.intent.action.MAIN cat=[android.intent.category.LAUNCHER] cmp=com.example.lunchtray/androidx.fragment.app.testing.FragmentScenario$EmptyFragmentActivity (has extras) }, activity.getIntent()=Intent { act=android.intent.action.MAIN cat=[android.intent.category.LAUNCHER] flg=0x10008000 cmp=com.example.lunchtray/androidx.test.core.app.InstrumentationActivityInvoker$BootstrapActivity (has extras) }, activity=androidx.test.core.app.InstrumentationActivityInvoker$BootstrapActivity@2455b80
10-30 07:21:21.091 19032 19032 V ActivityScenario: Activity lifecycle changed event received but ignored because the intent does not match. startActivityIntent=Intent { act=android.intent.action.MAIN cat=[android.intent.category.LAUNCHER] cmp=com.example.lunchtray/.MainActivity }, activity.getIntent()=Intent { act=android.intent.action.MAIN cat=[android.intent.category.LAUNCHER] flg=0x10008000 cmp=com.example.lunchtray/androidx.test.core.app.InstrumentationActivityInvoker$BootstrapActivity (has extras) }, activity=androidx.test.core.app.InstrumentationActivityInvoker$BootstrapActivity@2455b80
10-30 07:21:21.091 19032 19032 V ActivityScenario: Activity lifecycle changed event received but ignored because the intent does not match. startActivityIntent=Intent { act=android.intent.action.MAIN cat=[android.intent.category.LAUNCHER] cmp=com.example.lunchtray/androidx.fragment.app.testing.FragmentScenario$EmptyFragmentActivity (has extras) }, activity.getIntent()=Intent { act=android.intent.action.MAIN cat=[android.intent.category.LAUNCHER] flg=0x10008000 cmp=com.example.lunchtray/androidx.test.core.app.InstrumentationActivityInvoker$BootstrapActivity (has extras) }, activity=androidx.test.core.app.InstrumentationActivityInvoker$BootstrapActivity@2455b80
10-30 07:21:21.093  2756  2756 I SizeCompatUIController: onSizeCompatInfoChanged#0 called
10-30 07:21:21.093  2756  2756 D ImageWallpaper.DrawableEngine@114146216#0: drawFrame(onVisibilityChanged-INVISIBLE)
10-30 07:21:21.093  2756  2756 D ImageWallpaper.DrawableEngine@114146216#0: drawFrame, !redrawNeeded && !mOffsetsChanged
10-30 07:21:21.094  1499  3662 D SurfaceFlinger: Create EffectLayer(0x73180bbb50) Surface(name=dcb9bf0 StatusBar)/@0xac9fa55 - animation-leash of insets_animation#0
10-30 07:21:21.094  1499  3662 D SurfaceFlinger: Create EffectLayer(0x73180ad780) Surface(name=5efab5d NavigationBar0)/@0xb1951a3 - animation-leash of insets_animation#0
10-30 07:21:21.096  2756  2756 I LightBarTransitionsController: appTransitionStarting():  [isKeyguardGoingAway = false], [(mDisplayId != displayId) = false], [!forced = true]
10-30 07:21:21.096  2756  2756 I LightBarTransitionsController: animateIconTint() : skip : mNextDarkIntensity = 0.0
10-30 07:21:21.096  2756  2756 I LightBarTransitionsController: appTransitionStarting():  [isKeyguardGoingAway = false], [(mDisplayId != displayId) = false], [!forced = true]
10-30 07:21:21.096  2756  2756 I LightBarTransitionsController: appTransitionStarting():  [isKeyguardGoingAway = false], [(mDisplayId != displayId) = false], [!forced = true]
10-30 07:21:21.099  2756  3836 D StatusBar: mainDisplayTopActivityComponentName : ComponentInfo{com.example.lunchtray/androidx.test.core.app.InstrumentationActivityInvoker$BootstrapActivity}
10-30 07:21:21.099  2756  3244 D PhoneStatusBarPolicy: updateManagedProfile userId = 0
10-30 07:21:21.102  1499  3662 D SurfaceFlinger: Create ContainerLayer(0x731809c620) ActivityRecord{f0ee52e u0 com.example.lunchtray/androidx.fragment.app.testing.FragmentScenario$EmptyFragmentActivity t908}#0
10-30 07:21:21.104  1673  1699 I PowerRM : System FW:1 IC:0 SO:0 GT:0 CAPP:-1 APP:0
10-30 07:21:21.104  1673  1699 E PRM_CONFIG_Parser: get_custom_config not found
10-30 07:21:21.104  1499  1499 I SurfaceFlinger: Remove ContainerLayer(0x7317fb2e00) dcb9bf0 StatusBar#0 (parent=Surface(name=dcb9bf0 StatusBar)/@0xac9fa55 - animation-leash of insets_animation#0)
10-30 07:21:21.104  1499  1499 I SurfaceFlinger: Remove BufferStateLayer(0x7317fcc810) StatusBar@2756#0 (parent=dcb9bf0 StatusBar#0)
10-30 07:21:21.104  1499  1499 I SurfaceFlinger: Remove EffectLayer(0x7318052580) Surface(name=dcb9bf0 StatusBar)/@0xac9fa55 - animation-leash of insets_animation#0 (parent=none)
10-30 07:21:21.104  1499  1499 I SurfaceFlinger: Remove EffectLayer(0x7318071ab0) Surface(name=5efab5d NavigationBar0)/@0xb1951a3 - animation-leash of insets_animation#0 (parent=none)
10-30 07:21:21.104  1499  1499 I SurfaceFlinger: Remove EffectLayer(0x73180775d0) Surface(name=dcb9bf0 StatusBar)/@0xac9fa55 - animation-leash of insets_animation#0 (parent=none)
10-30 07:21:21.104  1499  1499 I SurfaceFlinger: Remove EffectLayer(0x731807d0f0) Surface(name=5efab5d NavigationBar0)/@0xb1951a3 - animation-leash of insets_animation#0 (parent=none)
10-30 07:21:21.104  1499  1499 I SurfaceFlinger: Remove EffectLayer(0x731809f3b0) Surface(name=5efab5d NavigationBar0)/@0xb1951a3 - animation-leash of insets_animation#0 (parent=none)
10-30 07:21:21.105  1499  1499 I SurfaceFlinger: Remove EffectLayer(0x73180a7c60) Surface(name=dcb9bf0 StatusBar)/@0xac9fa55 - animation-leash of insets_animation#1 (parent=none)
10-30 07:21:21.105  1499  1499 I SurfaceFlinger: Remove EffectLayer(0x73180be8e0) Surface(name=dcb9bf0 StatusBar)/@0xac9fa55 - animation-leash of insets_animation#0 (parent=none)
10-30 07:21:21.105  1499  1499 I SurfaceFlinger: Remove EffectLayer(0x73180e0ba0) Surface(name=5efab5d NavigationBar0)/@0xb1951a3 - animation-leash of insets_animation#1 (parent=none)
10-30 07:21:21.105  1499  1499 D Layer   : Destroy Surface(name=dcb9bf0 StatusBar)/@0xac9fa55 - animation-leash of insets_animation#0(0x7318052580)
10-30 07:21:21.105  1499  1499 D Layer   : Destroy Surface(name=5efab5d NavigationBar0)/@0xb1951a3 - animation-leash of insets_animation#0(0x7318071ab0)
10-30 07:21:21.105  1499  1499 D Layer   : Destroy Surface(name=dcb9bf0 StatusBar)/@0xac9fa55 - animation-leash of insets_animation#0(0x73180775d0)
10-30 07:21:21.105  1499  1499 D Layer   : Destroy Surface(name=5efab5d NavigationBar0)/@0xb1951a3 - animation-leash of insets_animation#0(0x731807d0f0)
10-30 07:21:21.105  2756  2756 I LightBarTransitionsController: animateIconTint() : skip : mNextDarkIntensity = 0.0
10-30 07:21:21.106 19032 19032 D LifecycleMonitor: Lifecycle status change: androidx.test.core.app.InstrumentationActivityInvoker$BootstrapActivity@2455b80 in: RESUMED
10-30 07:21:21.106 19032 19032 V ActivityScenario: Activity lifecycle changed event received but ignored because the intent does not match. startActivityIntent=Intent { act=android.intent.action.MAIN cat=[android.intent.category.LAUNCHER] cmp=com.example.lunchtray/.MainActivity }, activity.getIntent()=Intent { act=android.intent.action.MAIN cat=[android.intent.category.LAUNCHER] flg=0x10008000 cmp=com.example.lunchtray/androidx.test.core.app.InstrumentationActivityInvoker$BootstrapActivity (has extras) }, activity=androidx.test.core.app.InstrumentationActivityInvoker$BootstrapActivity@2455b80
10-30 07:21:21.106 19032 19032 V ActivityScenario: Activity lifecycle changed event received but ignored because the intent does not match. startActivityIntent=Intent { act=android.intent.action.MAIN cat=[android.intent.category.LAUNCHER] cmp=com.example.lunchtray/.MainActivity }, activity.getIntent()=Intent { act=android.intent.action.MAIN cat=[android.intent.category.LAUNCHER] flg=0x10008000 cmp=com.example.lunchtray/androidx.test.core.app.InstrumentationActivityInvoker$BootstrapActivity (has extras) }, activity=androidx.test.core.app.InstrumentationActivityInvoker$BootstrapActivity@2455b80
10-30 07:21:21.106 19032 19032 V ActivityScenario: Activity lifecycle changed event received but ignored because the intent does not match. startActivityIntent=Intent { act=android.intent.action.MAIN cat=[android.intent.category.LAUNCHER] cmp=com.example.lunchtray/.MainActivity }, activity.getIntent()=Intent { act=android.intent.action.MAIN cat=[android.intent.category.LAUNCHER] flg=0x10008000 cmp=com.example.lunchtray/androidx.test.core.app.InstrumentationActivityInvoker$BootstrapActivity (has extras) }, activity=androidx.test.core.app.InstrumentationActivityInvoker$BootstrapActivity@2455b80
10-30 07:21:21.106 19032 19032 V ActivityScenario: Activity lifecycle changed event received but ignored because the intent does not match. startActivityIntent=Intent { act=android.intent.action.MAIN cat=[android.intent.category.LAUNCHER] cmp=com.example.lunchtray/androidx.fragment.app.testing.FragmentScenario$EmptyFragmentActivity (has extras) }, activity.getIntent()=Intent { act=android.intent.action.MAIN cat=[android.intent.category.LAUNCHER] flg=0x10008000 cmp=com.example.lunchtray/androidx.test.core.app.InstrumentationActivityInvoker$BootstrapActivity (has extras) }, activity=androidx.test.core.app.InstrumentationActivityInvoker$BootstrapActivity@2455b80
10-30 07:21:21.106 19032 19032 V ActivityScenario: Activity lifecycle changed event received but ignored because the intent does not match. startActivityIntent=Intent { act=android.intent.action.MAIN cat=[android.intent.category.LAUNCHER] cmp=com.example.lunchtray/.MainActivity }, activity.getIntent()=Intent { act=android.intent.action.MAIN cat=[android.intent.category.LAUNCHER] flg=0x10008000 cmp=com.example.lunchtray/androidx.test.core.app.InstrumentationActivityInvoker$BootstrapActivity (has extras) }, activity=androidx.test.core.app.InstrumentationActivityInvoker$BootstrapActivity@2455b80
10-30 07:21:21.106 19032 19032 V ActivityScenario: Activity lifecycle changed event received but ignored because the intent does not match. startActivityIntent=Intent { act=android.intent.action.MAIN cat=[android.intent.category.LAUNCHER] cmp=com.example.lunchtray/androidx.fragment.app.testing.FragmentScenario$EmptyFragmentActivity (has extras) }, activity.getIntent()=Intent { act=android.intent.action.MAIN cat=[android.intent.category.LAUNCHER] flg=0x10008000 cmp=com.example.lunchtray/androidx.test.core.app.InstrumentationActivityInvoker$BootstrapActivity (has extras) }, activity=androidx.test.core.app.InstrumentationActivityInvoker$BootstrapActivity@2455b80
10-30 07:21:21.106  2756  2756 D SysUiState: setFlag#0 flags=16 enabled=false
10-30 07:21:21.106  2756  2756 D SysUiState: setFlag#0 flags=32 enabled=false
10-30 07:21:21.106  2756  2756 D SysUiState: setFlag#0 flags=2 enabled=false
10-30 07:21:21.106  2756  2756 D SysUiState: setFlag#0 flags=262144 enabled=false
10-30 07:21:21.106  2756  2756 D SysUiState: setFlag#0 flags=131072 enabled=true
10-30 07:21:21.106  2756  2756 D SysUiState: commitUpdate#0
10-30 07:21:21.106  2756  2756 D SysUiState: updateFlags#0 updated: old=0 new=131072
10-30 07:21:21.107  2756  2756 D OverviewProxyService: notifySystemUiStateFlags, display id = 0, flags = 131072
10-30 07:21:21.107  3488  4802 I [LGHome6]TouchInteractionService: onSystemUiStateChanged. displayId(0), stateFlags(131072)
10-30 07:21:21.108  2756  2756 I StatusBar: updateStatusBarColor(): mApplyNotchStatusBar=false delay=true isPort=true
10-30 07:21:21.108  2756  3836 I GameToolsControllerService: game removed from map {}
10-30 07:21:21.109  3097 31192 D RoundCornerMask: metaData is null
10-30 07:21:21.109  2756  3836 D StatusBar: mainDisplayTopActivityComponentName : ComponentInfo{com.example.lunchtray/androidx.fragment.app.testing.FragmentScenario$EmptyFragmentActivity}
10-30 07:21:21.110  1499  1499 I MiniDump: -------------------------------------------------------------------------------------------
10-30 07:21:21.110  1499  1499 I MiniDump: [ROTATION_0] H |  Comp Type |  Transform |  Alpha |  Disp Frame (LTRB) |  Source Crop (LTRB) | Frame Rate  | Disp[4630946736071014273] ""
10-30 07:21:21.110  1499  1499 I MiniDump: 0x73180fa5b0 |     DEVICE |          0 | 1.000 |    0    0 1080 2460 |   0.0   0.0 1080.0 2460.0 | Splash Screen com.example.lunchtray@2756#0
10-30 07:21:21.110  1499  1499 I MiniDump: 0x7317fcc810 |     DEVICE |          0 | 1.000 |    0    0 1080   76 |   0.0   0.0 1080.0  76.0 | StatusBar@2756#0
10-30 07:21:21.110  1499  1499 I MiniDump: 0x7317fd50c0 |     DEVICE |          0 | 1.000 |    0 2334 1080 2460 |   0.0   0.0 1080.0 126.0 | NavigationBar0@2756#0
10-30 07:21:21.110  1499  1499 I MiniDump: 0x7317fbb6b0 |     DEVICE |          0 | 1.000 |    0    0 1080   88 |   0.0   0.0 1080.0  88.0 | ScreenDecorOverlay@2756#0
10-30 07:21:21.110  1499  1499 I MiniDump: 0x7317fb8920 |     DEVICE |          0 | 1.000 |    0 2372 1080 2460 |   0.0   0.0 1080.0  88.0 | ScreenDecorOverlayBottom@2756#0
10-30 07:21:21.112 15222 15222 I A       : (REDACTED) onApplyWindowInsets: systemWindowInsets=%s
10-30 07:21:21.112 15222 15222 I A       : (REDACTED) onApplyWindowInsets: systemWindowInsets=%s
10-30 07:21:21.112 19032 19032 D LifecycleMonitor: Lifecycle status change: androidx.test.core.app.InstrumentationActivityInvoker$BootstrapActivity@2455b80 in: PAUSED
10-30 07:21:21.113 19032 19032 V ActivityScenario: Activity lifecycle changed event received but ignored because the intent does not match. startActivityIntent=Intent { act=android.intent.action.MAIN cat=[android.intent.category.LAUNCHER] cmp=com.example.lunchtray/.MainActivity }, activity.getIntent()=Intent { act=android.intent.action.MAIN cat=[android.intent.category.LAUNCHER] flg=0x10008000 cmp=com.example.lunchtray/androidx.test.core.app.InstrumentationActivityInvoker$BootstrapActivity (has extras) }, activity=androidx.test.core.app.InstrumentationActivityInvoker$BootstrapActivity@2455b80
10-30 07:21:21.113 19032 19032 V ActivityScenario: Activity lifecycle changed event received but ignored because the intent does not match. startActivityIntent=Intent { act=android.intent.action.MAIN cat=[android.intent.category.LAUNCHER] cmp=com.example.lunchtray/.MainActivity }, activity.getIntent()=Intent { act=android.intent.action.MAIN cat=[android.intent.category.LAUNCHER] flg=0x10008000 cmp=com.example.lunchtray/androidx.test.core.app.InstrumentationActivityInvoker$BootstrapActivity (has extras) }, activity=androidx.test.core.app.InstrumentationActivityInvoker$BootstrapActivity@2455b80
10-30 07:21:21.113 19032 19032 V ActivityScenario: Activity lifecycle changed event received but ignored because the intent does not match. startActivityIntent=Intent { act=android.intent.action.MAIN cat=[android.intent.category.LAUNCHER] cmp=com.example.lunchtray/.MainActivity }, activity.getIntent()=Intent { act=android.intent.action.MAIN cat=[android.intent.category.LAUNCHER] flg=0x10008000 cmp=com.example.lunchtray/androidx.test.core.app.InstrumentationActivityInvoker$BootstrapActivity (has extras) }, activity=androidx.test.core.app.InstrumentationActivityInvoker$BootstrapActivity@2455b80
10-30 07:21:21.113 19032 19032 V ActivityScenario: Activity lifecycle changed event received but ignored because the intent does not match. startActivityIntent=Intent { act=android.intent.action.MAIN cat=[android.intent.category.LAUNCHER] cmp=com.example.lunchtray/androidx.fragment.app.testing.FragmentScenario$EmptyFragmentActivity (has extras) }, activity.getIntent()=Intent { act=android.intent.action.MAIN cat=[android.intent.category.LAUNCHER] flg=0x10008000 cmp=com.example.lunchtray/androidx.test.core.app.InstrumentationActivityInvoker$BootstrapActivity (has extras) }, activity=androidx.test.core.app.InstrumentationActivityInvoker$BootstrapActivity@2455b80
10-30 07:21:21.113 19032 19032 V ActivityScenario: Activity lifecycle changed event received but ignored because the intent does not match. startActivityIntent=Intent { act=android.intent.action.MAIN cat=[android.intent.category.LAUNCHER] cmp=com.example.lunchtray/.MainActivity }, activity.getIntent()=Intent { act=android.intent.action.MAIN cat=[android.intent.category.LAUNCHER] flg=0x10008000 cmp=com.example.lunchtray/androidx.test.core.app.InstrumentationActivityInvoker$BootstrapActivity (has extras) }, activity=androidx.test.core.app.InstrumentationActivityInvoker$BootstrapActivity@2455b80
10-30 07:21:21.113  3097 16942 D RoundCornerMask: metaData is null
10-30 07:21:21.113 19032 19032 V ActivityScenario: Activity lifecycle changed event received but ignored because the intent does not match. startActivityIntent=Intent { act=android.intent.action.MAIN cat=[android.intent.category.LAUNCHER] cmp=com.example.lunchtray/androidx.fragment.app.testing.FragmentScenario$EmptyFragmentActivity (has extras) }, activity.getIntent()=Intent { act=android.intent.action.MAIN cat=[android.intent.category.LAUNCHER] flg=0x10008000 cmp=com.example.lunchtray/androidx.test.core.app.InstrumentationActivityInvoker$BootstrapActivity (has extras) }, activity=androidx.test.core.app.InstrumentationActivityInvoker$BootstrapActivity@2455b80
10-30 07:21:21.113  2756  3836 I GameToolsControllerService: game removed from map {}
10-30 07:21:21.113  2756  2756 I StatusBar: updateStatusBarColor(): mApplyNotchStatusBar=false delay=true isPort=true
10-30 07:21:21.116  5181  5202 D TopPackageTracker: activityChanged callMethod=1 packageName=com.example.lunchtray displayid=0
10-30 07:21:21.116  5181  5202 D TopPackageTracker: activityChanged callMethod=1 packageName=com.example.lunchtray displayid=0
10-30 07:21:21.118  2756  2756 I LightBarTransitionsController: appTransitionStarting():  [isKeyguardGoingAway = false], [(mDisplayId != displayId) = false], [!forced = true]
10-30 07:21:21.118  2756  2756 I LightBarTransitionsController: animateIconTint() : skip : mNextDarkIntensity = 0.0
10-30 07:21:21.118  2756  2756 I LightBarTransitionsController: appTransitionStarting():  [isKeyguardGoingAway = false], [(mDisplayId != displayId) = false], [!forced = true]
10-30 07:21:21.118  2756  2756 I LightBarTransitionsController: appTransitionStarting():  [isKeyguardGoingAway = false], [(mDisplayId != displayId) = false], [!forced = true]
10-30 07:21:21.120  2756  3836 D StatusBar: mainDisplayTopActivityComponentName : ComponentInfo{com.example.lunchtray/androidx.fragment.app.testing.FragmentScenario$EmptyFragmentActivity}
10-30 07:21:21.121  1499  1499 I SurfaceFlinger: Remove EffectLayer(0x73180a7c60) Surface(name=dcb9bf0 StatusBar)/@0xac9fa55 - animation-leash of insets_animation#1 (parent=none)
10-30 07:21:21.121  2756  3244 D PhoneStatusBarPolicy: updateManagedProfile userId = 0
10-30 07:21:21.121  1499  1499 I SurfaceFlinger: Remove EffectLayer(0x73180e0ba0) Surface(name=5efab5d NavigationBar0)/@0xb1951a3 - animation-leash of insets_animation#1 (parent=none)
10-30 07:21:21.121  1499  1499 D Layer   : Destroy Surface(name=dcb9bf0 StatusBar)/@0xac9fa55 - animation-leash of insets_animation#1(0x73180a7c60)
10-30 07:21:21.121  1499  1499 D Layer   : Destroy Surface(name=5efab5d NavigationBar0)/@0xb1951a3 - animation-leash of insets_animation#1(0x73180e0ba0)
10-30 07:21:21.122  3097 16942 D RoundCornerMask: metaData is null
10-30 07:21:21.124 19032 19032 D LifecycleMonitor: Lifecycle status change: androidx.fragment.app.testing.FragmentScenario$EmptyFragmentActivity@bad9c0a in: PRE_ON_CREATE
10-30 07:21:21.125 19032 19032 V ActivityScenario: Activity lifecycle changed event received but ignored because the intent does not match. startActivityIntent=Intent { act=android.intent.action.MAIN cat=[android.intent.category.LAUNCHER] cmp=com.example.lunchtray/.MainActivity }, activity.getIntent()=Intent { act=android.intent.action.MAIN cat=[android.intent.category.LAUNCHER] cmp=com.example.lunchtray/androidx.fragment.app.testing.FragmentScenario$EmptyFragmentActivity (has extras) }, activity=androidx.fragment.app.testing.FragmentScenario$EmptyFragmentActivity@bad9c0a
10-30 07:21:21.125 19032 19032 V ActivityScenario: Activity lifecycle changed event received but ignored because the intent does not match. startActivityIntent=Intent { act=android.intent.action.MAIN cat=[android.intent.category.LAUNCHER] cmp=com.example.lunchtray/.MainActivity }, activity.getIntent()=Intent { act=android.intent.action.MAIN cat=[android.intent.category.LAUNCHER] cmp=com.example.lunchtray/androidx.fragment.app.testing.FragmentScenario$EmptyFragmentActivity (has extras) }, activity=androidx.fragment.app.testing.FragmentScenario$EmptyFragmentActivity@bad9c0a
10-30 07:21:21.125 19032 19032 V ActivityScenario: Activity lifecycle changed event received but ignored because the intent does not match. startActivityIntent=Intent { act=android.intent.action.MAIN cat=[android.intent.category.LAUNCHER] cmp=com.example.lunchtray/.MainActivity }, activity.getIntent()=Intent { act=android.intent.action.MAIN cat=[android.intent.category.LAUNCHER] cmp=com.example.lunchtray/androidx.fragment.app.testing.FragmentScenario$EmptyFragmentActivity (has extras) }, activity=androidx.fragment.app.testing.FragmentScenario$EmptyFragmentActivity@bad9c0a
10-30 07:21:21.125 19032 19032 V ActivityScenario: Activity lifecycle changed event received but ignored because the reported transition was not ON_CREATE while the last known transition was DESTROYED
10-30 07:21:21.125  3097 16942 D RoundCornerMask: metaData is null
10-30 07:21:21.125 19032 19032 V ActivityScenario: Activity lifecycle changed event received but ignored because the intent does not match. startActivityIntent=Intent { act=android.intent.action.MAIN cat=[android.intent.category.LAUNCHER] cmp=com.example.lunchtray/.MainActivity }, activity.getIntent()=Intent { act=android.intent.action.MAIN cat=[android.intent.category.LAUNCHER] cmp=com.example.lunchtray/androidx.fragment.app.testing.FragmentScenario$EmptyFragmentActivity (has extras) }, activity=androidx.fragment.app.testing.FragmentScenario$EmptyFragmentActivity@bad9c0a
10-30 07:21:21.125 19032 19032 V ActivityScenario: Activity lifecycle changed event received but ignored because the reported transition was not ON_CREATE while the last known transition was PRE_ON_CREATE
10-30 07:21:21.126  2756  2756 I StatusBar: updateStatusBarColor(): mApplyNotchStatusBar=false delay=true isPort=true
10-30 07:21:21.126  2756  2756 I LightBarTransitionsController: animateIconTint() : skip : mNextDarkIntensity = 0.0
10-30 07:21:21.126  2756  3836 I GameToolsControllerService: game removed from map {}
10-30 07:21:21.127  2756  2756 I BarTransitions.PhoneStatusBarTransitions: setNotchColor color = 0
10-30 07:21:21.130  2756  3836 D StatusBar: mainDisplayTopActivityComponentName : ComponentInfo{com.example.lunchtray/androidx.fragment.app.testing.FragmentScenario$EmptyFragmentActivity}
10-30 07:21:21.131  3488  3488 I [LGHome6]StateManager: [RecentsAnimation] goToState(): (LauncherState - 0 -> LauncherState - 0), animated=false, delay=0, onCompleteRunnable=null
10-30 07:21:21.131  3488  3488 I [LGHome6]StateManager: [RecentsAnimation] goToState(): 1. isInState LauncherState - 0
10-30 07:21:21.131  3488  3488 I [LGHome6]Launcher: Launcher.onStop
10-30 07:21:21.132  2756  2756 I StatusBar: updateStatusBarColor(): mApplyNotchStatusBar=false delay=true isPort=true
10-30 07:21:21.132  2756  3836 I GameToolsControllerService: game removed from map {}
10-30 07:21:21.132  2756  2756 I LightBarTransitionsController: animateIconTint() : skip : mNextDarkIntensity = 0.0
10-30 07:21:21.133  3488  3488 I [LGHome6]EditModeOffManager: EditModeOffManager is not running
10-30 07:21:21.134  2756  2756 I BarTransitions.PhoneStatusBarTransitions: setNotchColor color = 0
10-30 07:21:21.134 19032 19032 D LifecycleMonitor: Lifecycle status change: androidx.fragment.app.testing.FragmentScenario$EmptyFragmentActivity@bad9c0a in: CREATED
