10-30 07:21:03.468 19032 19053 I TestRunner: started: order_snackbar(com.example.lunchtray.OrderFunctionalityTests)
10-30 07:21:03.472  1499  1499 I SurfaceFlinger: Remove ContainerLayer(0x7317fb2e00) dcb9bf0 StatusBar#0 (parent=Surface(name=dcb9bf0 StatusBar)/@0xac9fa55 - animation-leash of insets_animation#1)
10-30 07:21:03.472  1499  1499 I SurfaceFlinger: Remove BufferStateLayer(0x7317fcc810) StatusBar@2756#0 (parent=dcb9bf0 StatusBar#0)
10-30 07:21:03.472  1499  1499 I SurfaceFlinger: Remove EffectLayer(0x7317ff45f0) Task=902#1 (parent=none)
10-30 07:21:03.472  1499  1499 I SurfaceFlinger: Remove EffectLayer(0x7318033050) Surface(name=5efab5d NavigationBar0)/@0xb1951a3 - animation-leash of insets_animation#1 (parent=none)
10-30 07:21:03.472  1499  1499 I SurfaceFlinger: Remove EffectLayer(0x731803b900) Surface(name=dcb9bf0 StatusBar)/@0xac9fa55 - animation-leash of insets_animation#1 (parent=none)
10-30 07:21:03.472  1499  1499 I SurfaceFlinger: Remove EffectLayer(0x73180636e0) Surface(name=e4973b7 InputMethod)/@0x766a28d - animation-leash of insets_animation#0 (parent=none)
10-30 07:21:03.472  1499  1499 I SurfaceFlinger: Remove EffectLayer(0x7318074840) Surface(name=dcb9bf0 StatusBar)/@0xac9fa55 - animation-leash of insets_animation#0 (parent=none)
10-30 07:21:03.472  1499  1499 I SurfaceFlinger: Remove EffectLayer(0x731807d0f0) Surface(name=5efab5d NavigationBar0)/@0xb1951a3 - animation-leash of insets_animation#0 (parent=none)
10-30 07:21:03.472  1499  1499 I SurfaceFlinger: Remove BufferStateLayer(0x7318082c10) com.example.lunchtray/com.example.lunchtray.MainActivity@19032#0 (parent=none)
10-30 07:21:03.472  1499  1499 I SurfaceFlinger: Remove ContainerLayer(0x7318088730) ActivityRecord{5365692 u0 com.example.lunchtray/.MainActivity t902}#0 (parent=none)
10-30 07:21:03.472  1499  1499 I SurfaceFlinger: Remove EffectLayer(0x731808e250) Task=902#0 (parent=none)
10-30 07:21:03.472  1499  1499 I SurfaceFlinger: Remove EffectLayer(0x731809c620) Surface(name=5efab5d NavigationBar0)/@0xb1951a3 - animation-leash of insets_animation#1 (parent=none)
10-30 07:21:03.472  1499  1499 I SurfaceFlinger: Remove EffectLayer(0x73180a2140) Surface(name=5efab5d NavigationBar0)/@0xb1951a3 - animation-leash of insets_animation#0 (parent=none)
10-30 07:21:03.472  1499  1499 I SurfaceFlinger: Remove EffectLayer(0x73180be8e0) Surface(name=dcb9bf0 StatusBar)/@0xac9fa55 - animation-leash of insets_animation#0 (parent=none)
10-30 07:21:03.472  1499  1499 I SurfaceFlinger: Remove EffectLayer(0x73180d5560) Surface(name=dcb9bf0 StatusBar)/@0xac9fa55 - animation-leash of insets_animation#1 (parent=none)
10-30 07:21:03.472  1499  1499 I SurfaceFlinger: Remove ContainerLayer(0x73180d82f0) 88633f0 com.example.lunchtray/com.example.lunchtray.MainActivity#0 (parent=none)
10-30 07:21:03.472  1499  1499 D Layer   : Destroy Task=902#1(0x7317ff45f0)
10-30 07:21:03.472  1499  1499 D Layer   : Destroy Surface(name=5efab5d NavigationBar0)/@0xb1951a3 - animation-leash of insets_animation#1(0x7318033050)
10-30 07:21:03.472  1499  1499 D Layer   : Destroy Surface(name=e4973b7 InputMethod)/@0x766a28d - animation-leash of insets_animation#0(0x73180636e0)
10-30 07:21:03.472  1499  1499 D Layer   : Destroy Surface(name=dcb9bf0 StatusBar)/@0xac9fa55 - animation-leash of insets_animation#0(0x7318074840)
10-30 07:21:03.472  1499  1499 D Layer   : Destroy Surface(name=5efab5d NavigationBar0)/@0xb1951a3 - animation-leash of insets_animation#0(0x731807d0f0)
10-30 07:21:03.472  1499  1499 D Layer   : Destroy Surface(name=dcb9bf0 StatusBar)/@0xac9fa55 - animation-leash of insets_animation#1(0x73180d5560)
10-30 07:21:03.472  1499  1499 D Layer   : Destroy com.example.lunchtray/com.example.lunchtray.MainActivity@19032#0(0x7318082c10)
10-30 07:21:03.472  1499  1499 D Layer   : Destroy ActivityRecord{5365692 u0 com.example.lunchtray/.MainActivity t902}#0(0x7318088730)
10-30 07:21:03.473  1499  1499 D Layer   : Destroy 88633f0 com.example.lunchtray/com.example.lunchtray.MainActivity#0(0x73180d82f0)
10-30 07:21:03.473  1945  2521 D InputDispatcher: Window went away: com.example.lunchtray/com.example.lunchtray.MainActivity@19032#0
10-30 07:21:03.473 19032 19053 W Settings: Setting always_finish_activities has moved from android.provider.Settings.System to android.provider.Settings.Global, returning read-only value.
10-30 07:21:03.479  1499  3662 D SurfaceFlinger: Create EffectLayer(0x7318082c10) Task=903#0
10-30 07:21:03.479  1673  1699 I PowerRM : System FW:1 IC:0 SO:0 GT:0 CAPP:-1 APP:0
10-30 07:21:03.479  1673  1699 I PowerRM : FIA lock1 locked
10-30 07:21:03.479  1673  1699 E PRM_CONFIG_Parser: get_custom_config not found
10-30 07:21:03.482  1499  3662 D SurfaceFlinger: Create ContainerLayer(0x73180d5560) ActivityRecord{fc5283b u0 com.example.lunchtray/androidx.test.core.app.InstrumentationActivityInvoker$BootstrapActivity t903}#0
10-30 07:21:03.484  3488  3488 I [LGHome6]Launcher: onTopResumedActivityChanged state = false
10-30 07:21:03.486  2756  3836 I GameToolsControllerService: game removed from map {}
10-30 07:21:03.486  1499  3662 D SurfaceFlinger: Create EffectLayer(0x731807d0f0) Surface(name=5efab5d NavigationBar0)/@0xb1951a3 - animation-leash of insets_animation#1
10-30 07:21:03.487  1499  3633 D SurfaceFlinger: Create EffectLayer(0x7318074840) Surface(name=dcb9bf0 StatusBar)/@0xac9fa55 - animation-leash of insets_animation#0
10-30 07:21:03.488  1499  1499 I SurfaceFlinger: Remove EffectLayer(0x731803b900) Surface(name=dcb9bf0 StatusBar)/@0xac9fa55 - animation-leash of insets_animation#1 (parent=none)
10-30 07:21:03.488  1499  1499 I SurfaceFlinger: Remove EffectLayer(0x731809c620) Surface(name=5efab5d NavigationBar0)/@0xb1951a3 - animation-leash of insets_animation#1 (parent=none)
10-30 07:21:03.488  1499  1499 I SurfaceFlinger: Remove EffectLayer(0x73180a2140) Surface(name=5efab5d NavigationBar0)/@0xb1951a3 - animation-leash of insets_animation#0 (parent=none)
10-30 07:21:03.488  1499  1499 I SurfaceFlinger: Remove EffectLayer(0x73180be8e0) Surface(name=dcb9bf0 StatusBar)/@0xac9fa55 - animation-leash of insets_animation#0 (parent=none)
10-30 07:21:03.488  1499  1499 D Layer   : Destroy Surface(name=dcb9bf0 StatusBar)/@0xac9fa55 - animation-leash of insets_animation#1(0x731803b900)
10-30 07:21:03.488  1499  1499 D Layer   : Destroy Surface(name=5efab5d NavigationBar0)/@0xb1951a3 - animation-leash of insets_animation#1(0x731809c620)
10-30 07:21:03.488  1499  1499 D Layer   : Destroy Surface(name=5efab5d NavigationBar0)/@0xb1951a3 - animation-leash of insets_animation#0(0x73180a2140)
10-30 07:21:03.488  1499  1499 D Layer   : Destroy Surface(name=dcb9bf0 StatusBar)/@0xac9fa55 - animation-leash of insets_animation#0(0x73180be8e0)
10-30 07:21:03.491  2756  2756 D Bubbles : onTaskMovedToFront(), taskInfo = 903
10-30 07:21:03.491  3488  3488 I [LGHome6]LauncherCallbacksImpl: Launcher.onPause // 9.60.21(96002100) this:com.lge.launcher3.LauncherExtension$LauncherCallbacksImpl@fcfd6f7
10-30 07:21:03.492  2756  2756 D NavigationModeController: getCurrentUserContext: contextUser=0 currentUser=0
10-30 07:21:03.493  1499  3633 D SurfaceFlinger: Create ContainerLayer(0x731809c620) 6c94d22 Splash Screen com.example.lunchtray#0
10-30 07:21:03.493  3097 31192 D RoundCornerMask: metaData is null
10-30 07:21:03.494  2756  2902 I TouchFilterInputStageHelper: [needTouchEventFilter] Displayid : 0
10-30 07:21:03.495  3097 31192 D RoundCornerMask: metaData is null
10-30 07:21:03.499  5181  5181 D GameToolsWindow: getTopActivityAsDisplay : 0
10-30 07:21:03.500  1499  3633 D SurfaceFlinger: Create EffectLayer(0x731803b900) Surface(name=5efab5d NavigationBar0)/@0xb1951a3 - animation-leash of insets_animation#2
10-30 07:21:03.500  5181 24859 D TopPackageTracker: activityChanged callMethod=1 packageName=com.example.lunchtray displayid=0
10-30 07:21:03.500  5181 24859 D TopPackageTracker: activityChanged callMethod=1 packageName=com.example.lunchtray displayid=0
10-30 07:21:03.500  5181  5181 I GameToolsService: no game is running, stop everything
10-30 07:21:03.500  5181  5181 I GameToolsWindow: forceHide, Game is Not Running
10-30 07:21:03.501  1499  3662 D SurfaceFlinger: Create EffectLayer(0x7318088730) Surface(name=dcb9bf0 StatusBar)/@0xac9fa55 - animation-leash of insets_animation#2
10-30 07:21:03.501  5181  5181 I GameToolsDBManager: DB changed to: false
10-30 07:21:03.502  1945  1965 W ActivityManager: Sending non-protected broadcast com.sld.stop_game from system 3097:com.lge.systemserver/1000 pkg com.lge.systemservice
10-30 07:21:03.502  1945  1965 W ActivityManager: Sending non-protected broadcast com.sld.stop_game from system 3097:com.lge.systemserver/1000 pkg com.lge.systemservice
10-30 07:21:03.505  1499  1499 I SurfaceFlinger: Remove ContainerLayer(0x7317fb2e00) dcb9bf0 StatusBar#0 (parent=Surface(name=dcb9bf0 StatusBar)/@0xac9fa55 - animation-leash of insets_animation#2)
10-30 07:21:03.505  1499  1499 I SurfaceFlinger: Remove BufferStateLayer(0x7317fcc810) StatusBar@2756#0 (parent=dcb9bf0 StatusBar#0)
10-30 07:21:03.505  1499  1499 I SurfaceFlinger: Remove EffectLayer(0x7318074840) Surface(name=dcb9bf0 StatusBar)/@0xac9fa55 - animation-leash of insets_animation#0 (parent=none)
10-30 07:21:03.505  1499  1499 I SurfaceFlinger: Remove EffectLayer(0x731807d0f0) Surface(name=5efab5d NavigationBar0)/@0xb1951a3 - animation-leash of insets_animation#1 (parent=none)
10-30 07:21:03.505  1499  1499 I SurfaceFlinger: Remove EffectLayer(0x731809f3b0) Surface(name=dcb9bf0 StatusBar)/@0xac9fa55 - animation-leash of insets_animation#1 (parent=none)
10-30 07:21:03.505  1499  1499 I SurfaceFlinger: Remove EffectLayer(0x73180d27d0) Surface(name=5efab5d NavigationBar0)/@0xb1951a3 - animation-leash of insets_animation#0 (parent=none)
10-30 07:21:03.505  1499  1499 D Layer   : Destroy Surface(name=dcb9bf0 StatusBar)/@0xac9fa55 - animation-leash of insets_animation#1(0x731809f3b0)
10-30 07:21:03.505  1499  1499 D Layer   : Destroy Surface(name=5efab5d NavigationBar0)/@0xb1951a3 - animation-leash of insets_animation#0(0x73180d27d0)
10-30 07:21:03.505  1499  1499 D Layer   : Destroy Surface(name=5efab5d NavigationBar0)/@0xb1951a3 - animation-leash of insets_animation#1(0x731807d0f0)
10-30 07:21:03.508  2756  2902 D HandGripFilter: getdisplaysize, x : 1080 y : 2460
10-30 07:21:03.508  1499  3633 D SurfaceFlinger: Create EffectLayer(0x731809f3b0) Surface(name=5efab5d NavigationBar0)/@0xb1951a3 - animation-leash of insets_animation#0
10-30 07:21:03.509  1499  3633 D SurfaceFlinger: Create EffectLayer(0x73180be8e0) Surface(name=dcb9bf0 StatusBar)/@0xac9fa55 - animation-leash of insets_animation#0
10-30 07:21:03.510  2756  3836 D StatusBar: mainDisplayTopActivityComponentName : ComponentInfo{com.example.lunchtray/androidx.test.core.app.InstrumentationActivityInvoker$BootstrapActivity}
10-30 07:21:03.512  1499  3633 D SurfaceFlinger: Create BufferStateLayer(0x731807d0f0) Splash Screen com.example.lunchtray@2756#0
10-30 07:21:03.512  3097 16942 D RoundCornerMask: metaData is null
10-30 07:21:03.514  1499  1532 D SurfaceFlinger: Create EffectLayer(0x73180a2140) Surface(name=5efab5d NavigationBar0)/@0xb1951a3 - animation-leash of insets_animation#0
10-30 07:21:03.515  1499  1532 D SurfaceFlinger: Create EffectLayer(0x73180d82f0) Surface(name=dcb9bf0 StatusBar)/@0xac9fa55 - animation-leash of insets_animation#0
10-30 07:21:03.519  3097 16942 D RoundCornerMask: metaData is null
10-30 07:21:03.519  1499  3662 D SurfaceFlinger: Create EffectLayer(0x73180636e0) Surface(name=5efab5d NavigationBar0)/@0xb1951a3 - animation-leash of insets_animation#0
10-30 07:21:03.520  1499  3662 D SurfaceFlinger: Create EffectLayer(0x7318033050) Surface(name=dcb9bf0 StatusBar)/@0xac9fa55 - animation-leash of insets_animation#0
10-30 07:21:03.521  1499  1499 I SurfaceFlinger: Remove EffectLayer(0x731803b900) Surface(name=5efab5d NavigationBar0)/@0xb1951a3 - animation-leash of insets_animation#2 (parent=none)
10-30 07:21:03.521  1499  1499 I SurfaceFlinger: Remove EffectLayer(0x7318074840) Surface(name=dcb9bf0 StatusBar)/@0xac9fa55 - animation-leash of insets_animation#0 (parent=none)
10-30 07:21:03.521  1499  1499 I SurfaceFlinger: Remove EffectLayer(0x7318088730) Surface(name=dcb9bf0 StatusBar)/@0xac9fa55 - animation-leash of insets_animation#2 (parent=none)
10-30 07:21:03.521  1499  1499 I SurfaceFlinger: Remove EffectLayer(0x731809f3b0) Surface(name=5efab5d NavigationBar0)/@0xb1951a3 - animation-leash of insets_animation#0 (parent=none)
10-30 07:21:03.521  1499  1499 I SurfaceFlinger: Remove EffectLayer(0x73180be8e0) Surface(name=dcb9bf0 StatusBar)/@0xac9fa55 - animation-leash of insets_animation#0 (parent=none)
10-30 07:21:03.521  1499  1499 D Layer   : Destroy Surface(name=dcb9bf0 StatusBar)/@0xac9fa55 - animation-leash of insets_animation#0(0x7318074840)
10-30 07:21:03.521  1499  1499 D Layer   : Destroy Surface(name=5efab5d NavigationBar0)/@0xb1951a3 - animation-leash of insets_animation#0(0x731809f3b0)
10-30 07:21:03.521  1499  1499 D Layer   : Destroy Surface(name=dcb9bf0 StatusBar)/@0xac9fa55 - animation-leash of insets_animation#0(0x73180be8e0)
10-30 07:21:03.522  1499  1499 D Layer   : Destroy Surface(name=dcb9bf0 StatusBar)/@0xac9fa55 - animation-leash of insets_animation#2(0x7318088730)
10-30 07:21:03.522  1499  1499 D Layer   : Destroy Surface(name=5efab5d NavigationBar0)/@0xb1951a3 - animation-leash of insets_animation#2(0x731803b900)
10-30 07:21:03.523  3097  3097 D SLD     : DRM IS OFF STOP
10-30 07:21:03.523  1945  5026 D InputDispatcher: Window went away: b82c9e2 com.lge.launcher3/com.lge.launcher3.LauncherExtension
10-30 07:21:03.523  1945  5026 D InputDispatcher: Window went away: 61a7f75 com.lge.launcher3/com.lge.launcher3.LauncherExtension
10-30 07:21:03.523 19032 19032 D LifecycleMonitor: Lifecycle status change: androidx.test.core.app.InstrumentationActivityInvoker$BootstrapActivity@81c1f23 in: PRE_ON_CREATE
10-30 07:21:03.524 19032 19032 V ActivityScenario: Activity lifecycle changed event received but ignored because the intent does not match. startActivityIntent=Intent { act=android.intent.action.MAIN cat=[android.intent.category.LAUNCHER] cmp=com.example.lunchtray/.MainActivity }, activity.getIntent()=Intent { act=android.intent.action.MAIN cat=[android.intent.category.LAUNCHER] flg=0x10008000 cmp=com.example.lunchtray/androidx.test.core.app.InstrumentationActivityInvoker$BootstrapActivity (has extras) }, activity=androidx.test.core.app.InstrumentationActivityInvoker$BootstrapActivity@81c1f23
10-30 07:21:03.525  2756  2756 I StatusBar: updateStatusBarColor(): mApplyNotchStatusBar=false delay=true isPort=true
10-30 07:21:03.526  1499  3633 D SurfaceFlinger: Create EffectLayer(0x731803b900) Surface(name=5efab5d NavigationBar0)/@0xb1951a3 - animation-leash of insets_animation#1
10-30 07:21:03.527  1499  3633 D SurfaceFlinger: Create EffectLayer(0x7318088730) Surface(name=dcb9bf0 StatusBar)/@0xac9fa55 - animation-leash of insets_animation#1
10-30 07:21:03.527  2756  3836 I GameToolsControllerService: game removed from map {}
10-30 07:21:03.530  1499  1532 D SurfaceFlinger: Create EffectLayer(0x73180be8e0) Surface(name=Task=903)/@0xbbe0482 - animation-leash of app_transition#0
10-30 07:21:03.530  2756  2756 I SizeCompatUIController: onSizeCompatInfoChanged#0 called
10-30 07:21:03.531  1499  1532 D SurfaceFlinger: Create EffectLayer(0x731809f3b0) Surface(name=Task=1)/@0x67fdba6 - animation-leash of app_transition#0
10-30 07:21:03.531  1499  1532 D SurfaceFlinger: Create EffectLayer(0x7318074840) Surface(name=WindowToken{289a134 android.os.BinderProxy@8e8c488})/@0xcc92b00 - animation-leash of app_transition#0
10-30 07:21:03.531  2756  2756 I LightBarTransitionsController: appTransitionStarting():  [isKeyguardGoingAway = false], [(mDisplayId != displayId) = false], [!forced = true]
10-30 07:21:03.532  2756  2756 I LightBarTransitionsController: animateIconTint() : skip : mNextDarkIntensity = 0.0
10-30 07:21:03.532  2756  2756 I LightBarTransitionsController: appTransitionStarting():  [isKeyguardGoingAway = false], [(mDisplayId != displayId) = false], [!forced = true]
10-30 07:21:03.532  2756  2756 I LightBarTransitionsController: appTransitionStarting():  [isKeyguardGoingAway = false], [(mDisplayId != displayId) = false], [!forced = true]
10-30 07:21:03.533  1499  3633 D SurfaceFlinger: Create EffectLayer(0x73180d27d0) Surface(name=dcb9bf0 StatusBar)/@0xac9fa55 - animation-leash of insets_animation#1
10-30 07:21:03.533  1499  3633 D SurfaceFlinger: Create EffectLayer(0x7317ff45f0) Surface(name=5efab5d NavigationBar0)/@0xb1951a3 - animation-leash of insets_animation#1
10-30 07:21:03.534  2756  2756 I LightBarTransitionsController: animateIconTint() : skip : mNextDarkIntensity = 0.0
10-30 07:21:03.534  2756  2756 D SysUiState: setFlag#0 flags=16 enabled=false
10-30 07:21:03.534  2756  2756 D SysUiState: setFlag#0 flags=32 enabled=false
10-30 07:21:03.534  2756  2756 D SysUiState: setFlag#0 flags=2 enabled=false
10-30 07:21:03.534  2756  2756 D SysUiState: setFlag#0 flags=262144 enabled=false
10-30 07:21:03.534  2756  2756 D SysUiState: setFlag#0 flags=131072 enabled=true
10-30 07:21:03.535  2756  2756 D SysUiState: commitUpdate#0
10-30 07:21:03.535  2756  2756 D SysUiState: updateFlags#0 updated: old=0 new=131072
10-30 07:21:03.535  2756  2756 D OverviewProxyService: notifySystemUiStateFlags, display id = 0, flags = 131072
10-30 07:21:03.535  3488  4973 I [LGHome6]TouchInteractionService: onSystemUiStateChanged. displayId(0), stateFlags(131072)
10-30 07:21:03.536  2756  3244 D PhoneStatusBarPolicy: updateManagedProfile userId = 0
10-30 07:21:03.536  2756  3836 D StatusBar: mainDisplayTopActivityComponentName : ComponentInfo{com.example.lunchtray/androidx.test.core.app.InstrumentationActivityInvoker$BootstrapActivity}
10-30 07:21:03.539  1499  1499 I SurfaceFlinger: Remove EffectLayer(0x7318033050) Surface(name=dcb9bf0 StatusBar)/@0xac9fa55 - animation-leash of insets_animation#0 (parent=none)
10-30 07:21:03.539  1499  1499 I SurfaceFlinger: Remove EffectLayer(0x731803b900) Surface(name=5efab5d NavigationBar0)/@0xb1951a3 - animation-leash of insets_animation#1 (parent=none)
10-30 07:21:03.539  1499  1499 I SurfaceFlinger: Remove EffectLayer(0x73180636e0) Surface(name=5efab5d NavigationBar0)/@0xb1951a3 - animation-leash of insets_animation#0 (parent=none)
10-30 07:21:03.539  1499  1499 I SurfaceFlinger: Remove EffectLayer(0x7318088730) Surface(name=dcb9bf0 StatusBar)/@0xac9fa55 - animation-leash of insets_animation#1 (parent=none)
10-30 07:21:03.539  1499  1499 I SurfaceFlinger: Remove EffectLayer(0x73180a2140) Surface(name=5efab5d NavigationBar0)/@0xb1951a3 - animation-leash of insets_animation#0 (parent=none)
10-30 07:21:03.539  1499  1499 I SurfaceFlinger: Remove EffectLayer(0x73180d82f0) Surface(name=dcb9bf0 StatusBar)/@0xac9fa55 - animation-leash of insets_animation#0 (parent=none)
10-30 07:21:03.539  1499  1499 D Layer   : Destroy Surface(name=dcb9bf0 StatusBar)/@0xac9fa55 - animation-leash of insets_animation#0(0x73180d82f0)
10-30 07:21:03.539  1499  1499 D Layer   : Destroy Surface(name=5efab5d NavigationBar0)/@0xb1951a3 - animation-leash of insets_animation#0(0x73180a2140)
10-30 07:21:03.540  1945  1965 D InputDispatcher: Window went away: Splash Screen com.example.lunchtray@2756#0
10-30 07:21:03.540 19032 19032 D LifecycleMonitor: Lifecycle status change: androidx.test.core.app.InstrumentationActivityInvoker$BootstrapActivity@81c1f23 in: CREATED
10-30 07:21:03.541 19032 19032 V ActivityScenario: Activity lifecycle changed event received but ignored because the intent does not match. startActivityIntent=Intent { act=android.intent.action.MAIN cat=[android.intent.category.LAUNCHER] cmp=com.example.lunchtray/.MainActivity }, activity.getIntent()=Intent { act=android.intent.action.MAIN cat=[android.intent.category.LAUNCHER] flg=0x10008000 cmp=com.example.lunchtray/androidx.test.core.app.InstrumentationActivityInvoker$BootstrapActivity (has extras) }, activity=androidx.test.core.app.InstrumentationActivityInvoker$BootstrapActivity@81c1f23
10-30 07:21:03.541  2756  3836 I GameToolsControllerService: game removed from map {}
10-30 07:21:03.541  2756  2756 I StatusBar: updateStatusBarColor(): mApplyNotchStatusBar=false delay=true isPort=true
10-30 07:21:03.541  2756  2756 I LightBarTransitionsController: animateIconTint() : skip : mNextDarkIntensity = 0.0
10-30 07:21:03.542 19032 19032 D LifecycleMonitor: Lifecycle status change: androidx.test.core.app.InstrumentationActivityInvoker$BootstrapActivity@81c1f23 in: STARTED
10-30 07:21:03.542 19032 19032 V ActivityScenario: Activity lifecycle changed event received but ignored because the intent does not match. startActivityIntent=Intent { act=android.intent.action.MAIN cat=[android.intent.category.LAUNCHER] cmp=com.example.lunchtray/.MainActivity }, activity.getIntent()=Intent { act=android.intent.action.MAIN cat=[android.intent.category.LAUNCHER] flg=0x10008000 cmp=com.example.lunchtray/androidx.test.core.app.InstrumentationActivityInvoker$BootstrapActivity (has extras) }, activity=androidx.test.core.app.InstrumentationActivityInvoker$BootstrapActivity@81c1f23
10-30 07:21:03.542  2756  2756 D ImageWallpaper.DrawableEngine@114146216#0: drawFrame(onVisibilityChanged-INVISIBLE)
10-30 07:21:03.542  2756  2756 D ImageWallpaper.DrawableEngine@114146216#0: drawFrame, !redrawNeeded && !mOffsetsChanged
10-30 07:21:03.543  1499  1499 I MiniDump: -------------------------------------------------------------------------------------------
10-30 07:21:03.543  1499  1499 I MiniDump: [ROTATION_0] H |  Comp Type |  Transform |  Alpha |  Disp Frame (LTRB) |  Source Crop (LTRB) | Frame Rate  | Disp[4630946736071014273] ""
10-30 07:21:03.543  1499  1499 I MiniDump: 0x7317fe6220 |     DEVICE |          0 | 1.000 |    0    0 1080 2460 | 303.0   0.0 1383.0 2460.0 | Wallpaper BBQ wrapper#0
10-30 07:21:03.543  1499  1499 I MiniDump: 0x731807fe80 |     DEVICE |          0 | 1.000 |    0    0 1080 2460 |   0.0   0.0 1080.0 2460.0 | com.lge.launcher3/com.lge[...].LauncherExtension@3488#0
10-30 07:21:03.543  1499  1499 I MiniDump: 0x731807d0f0 |     DEVICE |          0 | 1.000 |    0    0 1080 2460 |   0.0   0.0 1080.0 2460.0 | Splash Screen com.example.lunchtray@2756#0
10-30 07:21:03.543  1499  1499 I MiniDump: 0x7317fcc810 |     DEVICE |          0 | 1.000 |    0    0 1080   76 |   0.0   0.0 1080.0  76.0 | StatusBar@2756#0
10-30 07:21:03.543  1499  1499 I MiniDump: 0x7317fd50c0 |     DEVICE |          0 | 1.000 |    0 2334 1080 2460 |   0.0   0.0 1080.0 126.0 | NavigationBar0@2756#0
10-30 07:21:03.543  1499  1499 I MiniDump: 0x7317fbb6b0 |     DEVICE |          0 | 1.000 |    0    0 1080   88 |   0.0   0.0 1080.0  88.0 | ScreenDecorOverlay@2756#0
10-30 07:21:03.543  1499  1499 I MiniDump: 0x7317fb8920 |     DEVICE |          0 | 1.000 |    0 2372 1080 2460 |   0.0   0.0 1080.0  88.0 | ScreenDecorOverlayBottom@2756#0
10-30 07:21:03.547  2756  3836 D StatusBar: mainDisplayTopActivityComponentName : ComponentInfo{com.example.lunchtray/androidx.test.core.app.InstrumentationActivityInvoker$BootstrapActivity}
10-30 07:21:03.548  1499  3633 D SurfaceFlinger: Create ContainerLayer(0x73180a2140) ActivityRecord{9c09f94 u0 com.example.lunchtray/.MainActivity t903}#0
10-30 07:21:03.550  1673  1699 I PowerRM : System FW:1 IC:0 SO:0 GT:0 CAPP:-1 APP:0
10-30 07:21:03.550  1673  1699 E PRM_CONFIG_Parser: get_custom_config not found
10-30 07:21:03.551 19032 19032 D LifecycleMonitor: Lifecycle status change: androidx.test.core.app.InstrumentationActivityInvoker$BootstrapActivity@81c1f23 in: RESUMED
10-30 07:21:03.552 19032 19032 V ActivityScenario: Activity lifecycle changed event received but ignored because the intent does not match. startActivityIntent=Intent { act=android.intent.action.MAIN cat=[android.intent.category.LAUNCHER] cmp=com.example.lunchtray/.MainActivity }, activity.getIntent()=Intent { act=android.intent.action.MAIN cat=[android.intent.category.LAUNCHER] flg=0x10008000 cmp=com.example.lunchtray/androidx.test.core.app.InstrumentationActivityInvoker$BootstrapActivity (has extras) }, activity=androidx.test.core.app.InstrumentationActivityInvoker$BootstrapActivity@81c1f23
10-30 07:21:03.553  2756  3836 I GameToolsControllerService: game removed from map {}
10-30 07:21:03.553  3097 16942 D RoundCornerMask: metaData is null
10-30 07:21:03.554 19032 19032 D LifecycleMonitor: Lifecycle status change: androidx.test.core.app.InstrumentationActivityInvoker$BootstrapActivity@81c1f23 in: PAUSED
10-30 07:21:03.554 19032 19032 V ActivityScenario: Activity lifecycle changed event received but ignored because the intent does not match. startActivityIntent=Intent { act=android.intent.action.MAIN cat=[android.intent.category.LAUNCHER] cmp=com.example.lunchtray/.MainActivity }, activity.getIntent()=Intent { act=android.intent.action.MAIN cat=[android.intent.category.LAUNCHER] flg=0x10008000 cmp=com.example.lunchtray/androidx.test.core.app.InstrumentationActivityInvoker$BootstrapActivity (has extras) }, activity=androidx.test.core.app.InstrumentationActivityInvoker$BootstrapActivity@81c1f23
10-30 07:21:03.555  2756  2756 I StatusBar: updateStatusBarColor(): mApplyNotchStatusBar=false delay=true isPort=true
10-30 07:21:03.555  1499  1499 I SurfaceFlinger: Remove ContainerLayer(0x7317f052b0) ImeContainer#0 (parent=ActivityRecord{90c7d48 u0 com.lge.launcher3/.LauncherExtension t731}#0)
10-30 07:21:03.555  1499  1499 I SurfaceFlinger: Remove EffectLayer(0x7317f520e0) Task=1#0 (parent=DefaultTaskDisplayArea#0)
10-30 07:21:03.555  1499  1499 I SurfaceFlinger: Remove ContainerLayer(0x7317f743a0) 61a7f75 com.lge.launcher3/com.lge.launcher3.LauncherExtension#0 (parent=ActivityRecord{90c7d48 u0 com.lge.launcher3/.LauncherExtension t731}#0)
10-30 07:21:03.555  1499  1499 I SurfaceFlinger: Remove ContainerLayer(0x7317f90b40) ActivityRecord{90c7d48 u0 com.lge.launcher3/.LauncherExtension t731}#0 (parent=Task=731#0)
10-30 07:21:03.555  1499  1499 I SurfaceFlinger: Remove EffectLayer(0x7317f938d0) Task=731#0 (parent=Task=1#0)
10-30 07:21:03.555  1499  1499 I SurfaceFlinger: Remove EffectLayer(0x7318033050) Surface(name=dcb9bf0 StatusBar)/@0xac9fa55 - animation-leash of insets_animation#0 (parent=none)
10-30 07:21:03.555  1499  1499 I SurfaceFlinger: Remove EffectLayer(0x731803b900) Surface(name=5efab5d NavigationBar0)/@0xb1951a3 - animation-leash of insets_animation#1 (parent=none)
10-30 07:21:03.555  1499  1499 I SurfaceFlinger: Remove EffectLayer(0x73180636e0) Surface(name=5efab5d NavigationBar0)/@0xb1951a3 - animation-leash of insets_animation#0 (parent=none)
10-30 07:21:03.555  1499  1499 I SurfaceFlinger: Remove EffectLayer(0x731807a360) Surface(name=e4973b7 InputMethod)/@0x766a28d - animation-leash of insets_animation#1 (parent=WindowToken{a01f095 android.os.Binder@8c1584c}#0)
10-30 07:21:03.555  1499  1499 I SurfaceFlinger: Remove BufferStateLayer(0x731807fe80) com.lge.launcher3/com.lge.launcher3.LauncherExtension@3488#0 (parent=61a7f75 com.lge.launcher3/com.lge.launcher3.LauncherExtension#0)
10-30 07:21:03.555  1499  1499 I SurfaceFlinger: Remove EffectLayer(0x7318088730) Surface(name=dcb9bf0 StatusBar)/@0xac9fa55 - animation-leash of insets_animation#1 (parent=none)
10-30 07:21:03.555  1499  1499 I SurfaceFlinger: Remove EffectLayer(0x731809f3b0) Surface(name=Task=1)/@0x67fdba6 - animation-leash of app_transition#0 (parent=none)
10-30 07:21:03.555  1499  1499 I SurfaceFlinger: Remove ContainerLayer(0x73180aa9f0) WindowToken{a01f095 android.os.Binder@8c1584c}#0 (parent=ImeContainer#0)
10-30 07:21:03.555  1499  1499 I SurfaceFlinger: Remove EffectLayer(0x73180be8e0) Surface(name=Task=903)/@0xbbe0482 - animation-leash of app_transition#0 (parent=none)
10-30 07:21:03.555  1499  1499 I SurfaceFlinger: Remove ContainerLayer(0x73180e66c0) b82c9e2 com.lge.launcher3/com.lge.launcher3.LauncherExtension#0 (parent=ActivityRecord{90c7d48 u0 com.lge.launcher3/.LauncherExtension t731}#0)
10-30 07:21:03.555  1499  1499 I SurfaceFlinger: Remove BufferStateLayer(0x73180ec1e0) com.lge.launcher3/com.lge.launcher3.LauncherExtension@15222#0 (parent=b82c9e2 com.lge.launcher3/com.lge.launcher3.LauncherExtension#0)
10-30 07:21:03.555  1499  1499 I SurfaceFlinger: Remove ContainerLayer(0x73180eef70) e4973b7 InputMethod#0 (parent=Surface(name=e4973b7 InputMethod)/@0x766a28d - animation-leash of insets_animation#1)
10-30 07:21:03.555  1499  1499 D Layer   : Destroy Surface(name=dcb9bf0 StatusBar)/@0xac9fa55 - animation-leash of insets_animation#0(0x7318033050)
10-30 07:21:03.555  1499  1499 D Layer   : Destroy Surface(name=5efab5d NavigationBar0)/@0xb1951a3 - animation-leash of insets_animation#1(0x731803b900)
10-30 07:21:03.555  1499  1499 D Layer   : Destroy Surface(name=5efab5d NavigationBar0)/@0xb1951a3 - animation-leash of insets_animation#0(0x73180636e0)
10-30 07:21:03.555  1499  1499 D Layer   : Destroy Surface(name=dcb9bf0 StatusBar)/@0xac9fa55 - animation-leash of insets_animation#1(0x7318088730)
10-30 07:21:03.555  1499  1499 D Layer   : Destroy Surface(name=Task=1)/@0x67fdba6 - animation-leash of app_transition#0(0x731809f3b0)
10-30 07:21:03.555  1499  1499 D Layer   : Destroy Surface(name=Task=903)/@0xbbe0482 - animation-leash of app_transition#0(0x73180be8e0)
10-30 07:21:03.556  3097 16942 D RoundCornerMask: metaData is null
10-30 07:21:03.557  2756  3836 D StatusBar: mainDisplayTopActivityComponentName : ComponentInfo{com.example.lunchtray/com.example.lunchtray.MainActivity}
10-30 07:21:03.558 15222 15222 I A       : (REDACTED) onApplyWindowInsets: systemWindowInsets=%s
10-30 07:21:03.558 15222 15222 I A       : (REDACTED) onApplyWindowInsets: systemWindowInsets=%s
10-30 07:21:03.560  5181 24859 D TopPackageTracker: activityChanged callMethod=1 packageName=com.example.lunchtray displayid=0
10-30 07:21:03.560  1499  1499 I MiniDump: -------------------------------------------------------------------------------------------
10-30 07:21:03.560  1499  1499 I MiniDump: [ROTATION_0] H |  Comp Type |  Transform |  Alpha |  Disp Frame (LTRB) |  Source Crop (LTRB) | Frame Rate  | Disp[4630946736071014273] ""
10-30 07:21:03.560  1499  1499 I MiniDump: 0x731807d0f0 |     DEVICE |          0 | 1.000 |    0    0 1080 2460 |   0.0   0.0 1080.0 2460.0 | Splash Screen com.example.lunchtray@2756#0
10-30 07:21:03.560  1499  1499 I MiniDump: 0x7317fcc810 |     DEVICE |          0 | 1.000 |    0    0 1080   76 |   0.0   0.0 1080.0  76.0 | StatusBar@2756#0
10-30 07:21:03.560  1499  1499 I MiniDump: 0x7317fd50c0 |     DEVICE |          0 | 1.000 |    0 2334 1080 2460 |   0.0   0.0 1080.0 126.0 | NavigationBar0@2756#0
10-30 07:21:03.560  1499  1499 I MiniDump: 0x7317fbb6b0 |     DEVICE |          0 | 1.000 |    0    0 1080   88 |   0.0   0.0 1080.0  88.0 | ScreenDecorOverlay@2756#0
10-30 07:21:03.560  1499  1499 I MiniDump: 0x7317fb8920 |     DEVICE |          0 | 1.000 |    0 2372 1080 2460 |   0.0   0.0 1080.0  88.0 | ScreenDecorOverlayBottom@2756#0
10-30 07:21:03.560  5181  5202 D TopPackageTracker: activityChanged callMethod=1 packageName=com.example.lunchtray displayid=0
10-30 07:21:03.562  2756  2756 I LightBarTransitionsController: appTransitionStarting():  [isKeyguardGoingAway = false], [(mDisplayId != displayId) = false], [!forced = true]
10-30 07:21:03.562  2756  2756 I LightBarTransitionsController: animateIconTint() : skip : mNextDarkIntensity = 0.0
10-30 07:21:03.562  2756  2756 I LightBarTransitionsController: appTransitionStarting():  [isKeyguardGoingAway = false], [(mDisplayId != displayId) = false], [!forced = true]
10-30 07:21:03.562  2756  2756 I LightBarTransitionsController: appTransitionStarting():  [isKeyguardGoingAway = false], [(mDisplayId != displayId) = false], [!forced = true]
10-30 07:21:03.564  2756  2756 I BarTransitions.PhoneStatusBarTransitions: setNotchColor color = 0
10-30 07:21:03.565  2756  3244 D PhoneStatusBarPolicy: updateManagedProfile userId = 0
10-30 07:21:03.565  3097 16942 D RoundCornerMask: metaData is null
10-30 07:21:03.565  3097 16942 D RoundCornerMask: metaData is null
10-30 07:21:03.567  2756  2756 I StatusBar: updateStatusBarColor(): mApplyNotchStatusBar=false delay=true isPort=true
10-30 07:21:03.567  2756  2756 I LightBarTransitionsController: animateIconTint() : skip : mNextDarkIntensity = 0.0
10-30 07:21:03.568  2756  3836 I GameToolsControllerService: game removed from map {}
10-30 07:21:03.569  2756  3836 D StatusBar: mainDisplayTopActivityComponentName : ComponentInfo{com.example.lunchtray/com.example.lunchtray.MainActivity}
10-30 07:21:03.569 19032 19032 D LifecycleMonitor: Lifecycle status change: com.example.lunchtray.MainActivity@4e31713 in: PRE_ON_CREATE
10-30 07:21:03.570 19032 19032 V ActivityScenario: Activity lifecycle changed event received but ignored because the reported transition was not ON_CREATE while the last known transition was PRE_ON_CREATE
10-30 07:21:03.571  2756  2756 I BarTransitions.PhoneStatusBarTransitions: setNotchColor color = 0
10-30 07:21:03.572  2756  2756 I StatusBar: updateStatusBarColor(): mApplyNotchStatusBar=false delay=true isPort=true
10-30 07:21:03.572  2756  3836 I GameToolsControllerService: game removed from map {}
10-30 07:21:03.572  2756  2756 I LightBarTransitionsController: animateIconTint() : skip : mNextDarkIntensity = 0.0
10-30 07:21:03.573  2756  3836 D StatusBar: mainDisplayTopActivityComponentName : ComponentInfo{com.example.lunchtray/com.example.lunchtray.MainActivity}
10-30 07:21:03.576  3488  3488 I [LGHome6]StateManager: [RecentsAnimation] goToState(): (LauncherState - 0 -> LauncherState - 0), animated=false, delay=0, onCompleteRunnable=null
10-30 07:21:03.576  3488  3488 I [LGHome6]StateManager: [RecentsAnimation] goToState(): 1. isInState LauncherState - 0
10-30 07:21:03.577  3488  3488 I [LGHome6]Launcher: Launcher.onStop
10-30 07:21:03.578  2756  3836 I GameToolsControllerService: game removed from map {}
10-30 07:21:03.578  2756  2756 I StatusBar: updateStatusBarColor(): mApplyNotchStatusBar=false delay=true isPort=true
10-30 07:21:03.578  2756  2756 I LightBarTransitionsController: animateIconTint() : skip : mNextDarkIntensity = 0.0
10-30 07:21:03.579  2756  3836 D StatusBar: mainDisplayTopActivityComponentName : ComponentInfo{com.example.lunchtray/com.example.lunchtray.MainActivity}
10-30 07:21:03.579  3488  3488 I [LGHome6]EditModeOffManager: EditModeOffManager is not running
10-30 07:21:03.581  2756  2756 I StatusBar: updateStatusBarColor(): mApplyNotchStatusBar=false delay=true isPort=true
10-30 07:21:03.581  2756  3836 I GameToolsControllerService: game removed from map {}
10-30 07:21:03.581  2756  2756 I LightBarTransitionsController: animateIconTint() : skip : mNextDarkIntensity = 0.0
10-30 07:21:03.582  2756  3836 D StatusBar: mainDisplayTopActivityComponentName : ComponentInfo{com.example.lunchtray/com.example.lunchtray.MainActivity}
10-30 07:21:03.582 15411 15411 I GsaVoiceInteractionSrv: Handling ACTION_STOP_HOTWORD
10-30 07:21:03.583 15411 15462 I HwDetectorWithState: (REDACTED) a: %d
10-30 07:21:03.584  2756  2756 I StatusBar: updateStatusBarColor(): mApplyNotchStatusBar=false delay=true isPort=true
10-30 07:21:03.584  2756  2756 I LightBarTransitionsController: animateIconTint() : skip : mNextDarkIntensity = 0.0
10-30 07:21:03.592 19032 19032 D LifecycleMonitor: Lifecycle status change: com.example.lunchtray.MainActivity@4e31713 in: CREATED
10-30 07:21:03.592 19032 19032 V ActivityScenario: Update currentActivityStage to CREATED, currentActivity=com.example.lunchtray.MainActivity@4e31713
10-30 07:21:03.599 19032 19032 D LifecycleMonitor: Lifecycle status change: com.example.lunchtray.MainActivity@4e31713 in: STARTED
10-30 07:21:03.599 19032 19032 V ActivityScenario: Update currentActivityStage to STARTED, currentActivity=com.example.lunchtray.MainActivity@4e31713
10-30 07:21:03.600 19032 19032 D LifecycleMonitor: Lifecycle status change: com.example.lunchtray.MainActivity@4e31713 in: RESUMED
10-30 07:21:03.601 19032 19032 V ActivityScenario: Update currentActivityStage to RESUMED, currentActivity=com.example.lunchtray.MainActivity@4e31713
10-30 07:21:03.604  1499  1499 I SurfaceFlinger: Remove BufferStateLayer(0x731807fe80) com.lge.launcher3/com.lge.launcher3.LauncherExtension@3488#0 (parent=none)
10-30 07:21:03.604  1499  1499 I SurfaceFlinger: Remove BufferStateLayer(0x73180ec1e0) com.lge.launcher3/com.lge.launcher3.LauncherExtension@15222#0 (parent=none)
10-30 07:21:03.604  1499  1499 D Layer   : Destroy com.lge.launcher3/com.lge.launcher3.LauncherExtension@3488#0(0x731807fe80)
10-30 07:21:03.604  1499  1499 D Layer   : Destroy com.lge.launcher3/com.lge.launcher3.LauncherExtension@15222#0(0x73180ec1e0)
10-30 07:21:03.605  1945  3374 D InputDispatcher: Window went away: com.lge.launcher3/com.lge.launcher3.LauncherExtension@15222#0
10-30 07:21:03.605  1945  3374 D InputDispatcher: Window went away: com.lge.launcher3/com.lge.launcher3.LauncherExtension@3488#0
10-30 07:21:03.605  1499  3633 D SurfaceFlinger: Create ContainerLayer(0x73180859a0) a0473f5 com.example.lunchtray/com.example.lunchtray.MainActivity#0
10-30 07:21:03.607 19032 19032 D DecorView: [DecorView][notifyViewAdded] token = android.view.ViewRootImpl$WEx@8394fe9
10-30 07:21:03.608 19032 19032 I TouchFilterInputStageHelper: [needTouchEventFilter] Displayid : 0
10-30 07:21:03.609 19032 19032 D HandGripFilter: getdisplaysize, x : 1080 y : 2460
10-30 07:21:03.609 19032 19032 D LifecycleMonitor: Lifecycle status change: androidx.test.core.app.InstrumentationActivityInvoker$BootstrapActivity@81c1f23 in: STOPPED
10-30 07:21:03.610 19032 19032 V ActivityScenario: Activity lifecycle changed event received but ignored because the intent does not match. startActivityIntent=Intent { act=android.intent.action.MAIN cat=[android.intent.category.LAUNCHER] cmp=com.example.lunchtray/.MainActivity }, activity.getIntent()=Intent { act=android.intent.action.MAIN cat=[android.intent.category.LAUNCHER] flg=0x10008000 cmp=com.example.lunchtray/androidx.test.core.app.InstrumentationActivityInvoker$BootstrapActivity (has extras) }, activity=androidx.test.core.app.InstrumentationActivityInvoker$BootstrapActivity@81c1f23
10-30 07:21:03.625  1499  1532 D SurfaceFlinger: Create BufferStateLayer(0x73180ec1e0) com.example.lunchtray/com.example.lunchtray.MainActivity@19032#0
10-30 07:21:03.628  1499  3633 D SurfaceFlinger: Create EffectLayer(0x731809f3b0) Surface(name=dcb9bf0 StatusBar)/@0xac9fa55 - animation-leash of insets_animation#0
10-30 07:21:03.629  1673  1699 I PowerRM : System FW:1 IC:0 SO:0 GT:0 CAPP:-1 APP:0
10-30 07:21:03.629  1673  1699 I PowerRM : System FW:0 IC:0 SO:0 GT:0 CAPP:-1 APP:0
10-30 07:21:03.629  1673  1699 I PowerRM : FIA lock1 unlocked
10-30 07:21:03.629  1499  3633 D SurfaceFlinger: Create EffectLayer(0x7318088730) Surface(name=5efab5d NavigationBar0)/@0xb1951a3 - animation-leash of insets_animation#0
10-30 07:21:03.629  1945  2015 D IStatusBar.Stub: updateNavigationBarColor(0, -16777216)
10-30 07:21:03.630  2756  4026 D IStatusBar.Stub : CommandQueue: updateNavigationBarColor(0, -16777216)
10-30 07:21:03.630  2756  2756 I NavigationThemeResource: display(0) notify navigation bar color(0xff000000)
10-30 07:21:03.630  2756  2756 I NavigationThemeResource: WmEx Color dark = -16777216
10-30 07:21:03.630  2756  2756 I NavigationThemeResource: NavigationKey(0) Color is changed(WHITE_WITH_BORDER -> WHITE)
10-30 07:21:03.630  2756  2756 I NavigationThemeResource:  BarMode=-1, Theme=WHITE, LightBackground=false, mNavigationLight=false (NOT Transparent)
10-30 07:21:03.630  2756  2756 I NavigationThemeResource: , Keyguard show=false, IME shown=false, Bar vertical=true, Panel expanded=false
10-30 07:21:03.641 25092 25171 I Finsky  : [34] hpl.run(19): Stats for Executor: BlockingExecutor kcy@47f051a[Running, pool size = 4, active threads = 0, queued tasks = 0, completed tasks = 125]
10-30 07:21:03.641 25092 25171 I Finsky  : [34] hpl.run(19): Stats for Executor: LightweightExecutor kcy@9bf484b[Running, pool size = 4, active threads = 0, queued tasks = 0, completed tasks = 735]
10-30 07:21:03.641 25092 25171 I Finsky  : [34] hpl.run(19): Stats for Executor: bgExecutor kcy@37ad228[Running, pool size = 4, active threads = 0, queued tasks = 0, completed tasks = 2879]
10-30 07:21:03.643  1499  3662 D SurfaceFlinger: Create EffectLayer(0x73180be8e0) Surface(name=a0473f5 com.example.lunchtray/com.example.lunchtray.MainActivity)/@0x96828d7 - animation-leash of starting_reveal#0
10-30 07:21:03.645  1945  2013 W ziparchive: Unable to open '/data/app/~~CTkNfAd8-4QQUyxJenjiaQ==/com.example.lunchtray-HUA09ORZeh3jzWgaP7ufBA==/base.dm': No such file or directory
10-30 07:21:03.646  1945  2013 I ActivityTaskManager: Displayed com.example.lunchtray/.MainActivity: +166ms
10-30 07:21:03.647 19032 19032 D RootViewPicker: Root not ready - waiting: 10ms for one to appear.
10-30 07:21:03.654  1499  1499 I SurfaceFlinger: Remove EffectLayer(0x7317ff45f0) Surface(name=5efab5d NavigationBar0)/@0xb1951a3 - animation-leash of insets_animation#1 (parent=none)
10-30 07:21:03.654  1499  1499 I SurfaceFlinger: Remove EffectLayer(0x73180d27d0) Surface(name=dcb9bf0 StatusBar)/@0xac9fa55 - animation-leash of insets_animation#1 (parent=none)
10-30 07:21:03.654  1499  1499 D Layer   : Destroy Surface(name=dcb9bf0 StatusBar)/@0xac9fa55 - animation-leash of insets_animation#1(0x73180d27d0)
10-30 07:21:03.654  1499  1499 D Layer   : Destroy Surface(name=5efab5d NavigationBar0)/@0xb1951a3 - animation-leash of insets_animation#1(0x7317ff45f0)
10-30 07:21:03.655  1499  3662 D SurfaceFlinger: Create EffectLayer(0x73180cccb0) Surface(name=6c94d22 Splash Screen com.example.lunchtray)/@0x81b3a3d - animation-leash of window_animation#0
10-30 07:21:03.656  1945  3374 D InputDispatcher: Window went away: com.example.lunchtray/com.example.lunchtray.MainActivity@19032#0
10-30 07:21:03.659  1499  1499 I MiniDump: -------------------------------------------------------------------------------------------
10-30 07:21:03.659  1499  1499 I MiniDump: [ROTATION_0] H |  Comp Type |  Transform |  Alpha |  Disp Frame (LTRB) |  Source Crop (LTRB) | Frame Rate  | Disp[4630946736071014273] ""
10-30 07:21:03.659  1499  1499 I MiniDump: 0x73180ec1e0 |     DEVICE |          0 | 1.000 |    0    0 1080 2460 |   0.0   0.0 1080.0 2460.0 | com.example.lunchtray/com[...]tray.MainActivity@19032#0
10-30 07:21:03.659  1499  1499 I MiniDump: 0x731807d0f0 |     DEVICE |          0 | 1.000 |    0    0 1080 2460 |   0.0   0.0 1080.0 2460.0 | Splash Screen com.example.lunchtray@2756#0
10-30 07:21:03.659  1499  1499 I MiniDump: 0x7317fcc810 |     DEVICE |          0 | 1.000 |    0    0 1080   76 |   0.0   0.0 1080.0  76.0 | StatusBar@2756#0
10-30 07:21:03.659  1499  1499 I MiniDump: 0x7317fd50c0 |     DEVICE |          0 | 0.307 |    0 2334 1080 2460 |   0.0   0.0 1080.0 126.0 | NavigationBar0@2756#0
10-30 07:21:03.659  1499  1499 I MiniDump: 0x7317fbb6b0 |     DEVICE |          0 | 1.000 |    0    0 1080   88 |   0.0   0.0 1080.0  88.0 | ScreenDecorOverlay@2756#0
10-30 07:21:03.659  1499  1499 I MiniDump: 0x7317fb8920 |     DEVICE |          0 | 1.000 |    0 2372 1080 2460 |   0.0   0.0 1080.0  88.0 | ScreenDecorOverlayBottom@2756#0
10-30 07:21:03.659  1945  1965 W InputManager-JNI: Input channel object '6c94d22 Splash Screen com.example.lunchtray (client)' was disposed without first being removed with the input manager!
10-30 07:21:03.662  1499  3662 D SurfaceFlinger: Create EffectLayer(0x73180636e0) Surface(name=e4973b7 InputMethod)/@0x766a28d - animation-leash of insets_animation#0
10-30 07:21:03.663  2756  2756 D NavigationModeController: getCurrentUserContext: contextUser=0 currentUser=0
10-30 07:21:03.664  1363 18492 D sensors_hal_light: handle_sns_std_sensor_event:79, ambient_light_event: ts=285449110075644, lux = 17, raw_adc=37, pdata=47
10-30 07:21:03.670  1499  3633 D SurfaceFlinger: Create EffectLayer(0x7318033050) Surface(name=WindowToken{289a134 android.os.BinderProxy@8e8c488})/@0xcc92b00 - animation-leash of app_transition#1
10-30 07:21:03.671  1499  1499 I SurfaceFlinger: Remove EffectLayer(0x731807a360) Surface(name=e4973b7 InputMethod)/@0x766a28d - animation-leash of insets_animation#1 (parent=none)
10-30 07:21:03.671  1499  1499 I SurfaceFlinger: Remove EffectLayer(0x73180be8e0) Surface(name=a0473f5 com.example.lunchtray/com.example.lunchtray.MainActivity)/@0x96828d7 - animation-leash of starting_reveal#0 (parent=none)
10-30 07:21:03.671  1499  1499 D Layer   : Destroy Surface(name=e4973b7 InputMethod)/@0x766a28d - animation-leash of insets_animation#1(0x731807a360)
10-30 07:21:03.672  1945  3374 D InputDispatcher: Window went away: 6c94d22 Splash Screen com.example.lunchtray
10-30 07:21:03.673  2756  3815 D NavigationModeController: getCurrentUserContext: contextUser=0 currentUser=0
10-30 07:21:03.673  2756  3815 D NavigationModeController: getCurrentUserContext: contextUser=0 currentUser=0
10-30 07:21:03.675  1499  1499 I MiniDump: -------------------------------------------------------------------------------------------
10-30 07:21:03.675  1499  1499 I MiniDump: [ROTATION_0] H |  Comp Type |  Transform |  Alpha |  Disp Frame (LTRB) |  Source Crop (LTRB) | Frame Rate  | Disp[4630946736071014273] ""
10-30 07:21:03.675  1499  1499 I MiniDump: 0x73180ec1e0 |     DEVICE |          0 | 1.000 |    0    0 1080 2460 |   0.0   0.0 1080.0 2460.0 | com.example.lunchtray/com[...]tray.MainActivity@19032#0
10-30 07:21:03.675  1499  1499 I MiniDump: 0x7317fcc810 |     DEVICE |          0 | 1.000 |    0    0 1080   76 |   0.0   0.0 1080.0  76.0 | StatusBar@2756#0
10-30 07:21:03.675  1499  1499 I MiniDump: 0x7317fd50c0 |     DEVICE |          0 | 0.156 |    0 2334 1080 2460 |   0.0   0.0 1080.0 126.0 | NavigationBar0@2756#0
10-30 07:21:03.675  1499  1499 I MiniDump: 0x7317fbb6b0 |     DEVICE |          0 | 1.000 |    0    0 1080   88 |   0.0   0.0 1080.0  88.0 | ScreenDecorOverlay@2756#0
10-30 07:21:03.675  1499  1499 I MiniDump: 0x7317fb8920 |     DEVICE |          0 | 1.000 |    0 2372 1080 2460 |   0.0   0.0 1080.0  88.0 | ScreenDecorOverlayBottom@2756#0
10-30 07:21:03.687  1499  1499 I SurfaceFlinger: Remove ContainerLayer(0x7317fbe440) 5efab5d NavigationBar0#0 (parent=Surface(name=5efab5d NavigationBar0)/@0xb1951a3 - animation-leash of insets_animation#0)
10-30 07:21:03.687  1499  1499 I SurfaceFlinger: Remove BufferStateLayer(0x7317fd50c0) NavigationBar0@2756#0 (parent=5efab5d NavigationBar0#0)
10-30 07:21:03.687  1499  1499 I SurfaceFlinger: Remove ContainerLayer(0x7317fe8fb0) WindowToken{289a134 android.os.BinderProxy@8e8c488}#0 (parent=Surface(name=WindowToken{289a134 android.os.BinderProxy@8e8c488})/@0xcc92b00 - animation-leash of app_transition#1)
10-30 07:21:03.687  1499  1499 I SurfaceFlinger: Remove EffectLayer(0x7318074840) Surface(name=WindowToken{289a134 android.os.BinderProxy@8e8c488})/@0xcc92b00 - animation-leash of app_transition#0 (parent=none)
10-30 07:21:03.687  1499  1499 I SurfaceFlinger: Remove BufferStateLayer(0x731807d0f0) Splash Screen com.example.lunchtray@2756#0 (parent=none)
10-30 07:21:03.687  1499  1499 I SurfaceFlinger: Remove EffectLayer(0x7318088730) Surface(name=5efab5d NavigationBar0)/@0xb1951a3 - animation-leash of insets_animation#0 (parent=WindowToken{289a134 android.os.BinderProxy@8e8c488}#0)
10-30 07:21:03.687  1499  1499 I SurfaceFlinger: Remove ContainerLayer(0x731809c620) 6c94d22 Splash Screen com.example.lunchtray#0 (parent=none)
10-30 07:21:03.687  1499  1499 I SurfaceFlinger: Remove EffectLayer(0x73180cccb0) Surface(name=6c94d22 Splash Screen com.example.lunchtray)/@0x81b3a3d - animation-leash of window_animation#0 (parent=none)
10-30 07:21:03.687  1499  1499 D Layer   : Destroy Surface(name=6c94d22 Splash Screen com.example.lunchtray)/@0x81b3a3d - animation-leash of window_animation#0(0x73180cccb0)
10-30 07:21:03.687  1499  1499 D Layer   : Destroy 6c94d22 Splash Screen com.example.lunchtray#0(0x731809c620)
10-30 07:21:03.688  1499  1499 D Layer   : Destroy Splash Screen com.example.lunchtray@2756#0(0x731807d0f0)
10-30 07:21:03.688  1499  1499 D Layer   : Destroy Surface(name=WindowToken{289a134 android.os.BinderProxy@8e8c488})/@0xcc92b00 - animation-leash of app_transition#0(0x7318074840)
10-30 07:21:03.688 19032 19032 I ViewInteraction: Performing 'single click' action on view view.getId() is <2131231208/com.example.lunchtray:id/start_order_btn>
10-30 07:21:03.688  1945  5020 D InputDispatcher: Window went away: Splash Screen com.example.lunchtray@2756#0
10-30 07:21:03.690  1945  2498 D InputTransport: channel 'a0473f5 com.example.lunchtray/com.example.lunchtray.MainActivity (server)' : action=ACTION_DOWN(0), id=0, displayId=0, tooltype=0, deviceId=-1, source=0x1002, flags=0x0, edgeFlags=0x0, metaState=0x0, buttonState=0x1, downTime=123858621000000, eventTime=123858621000000, pointerCount=1
10-30 07:21:03.690  1945  2498 D InputTransport: channel 'edge-swipe (server)' : action=ACTION_DOWN(0), id=0, displayId=0, tooltype=0, deviceId=-1, source=0x1002, flags=0x0, edgeFlags=0x0, metaState=0x0, buttonState=0x1, downTime=123858621000000, eventTime=123858621000000, pointerCount=1
10-30 07:21:03.690  1945  2498 D InputTransport: channel 'swipe-up (server)' : action=ACTION_DOWN(0), id=0, displayId=0, tooltype=0, deviceId=-1, source=0x1002, flags=0x0, edgeFlags=0x0, metaState=0x0, buttonState=0x1, downTime=123858621000000, eventTime=123858621000000, pointerCount=1
10-30 07:21:03.690  1945  2498 D InputTransport: channel 'swipe-up (server)' : action=ACTION_DOWN(0), id=0, displayId=0, tooltype=0, deviceId=-1, source=0x1002, flags=0x0, edgeFlags=0x0, metaState=0x0, buttonState=0x1, downTime=123858621000000, eventTime=123858621000000, pointerCount=1
10-30 07:21:03.690  1945  2498 D InputTransport: channel 'swipe-up (server)' : action=ACTION_DOWN(0), id=0, displayId=0, tooltype=0, deviceId=-1, source=0x1002, flags=0x0, edgeFlags=0x0, metaState=0x0, buttonState=0x1, downTime=123858621000000, eventTime=123858621000000, pointerCount=1
