10-30 07:21:17.472 19032 19032 V ActivityScenario: Activity lifecycle changed event received but ignored because the intent does not match. startActivityIntent=Intent { act=android.intent.action.MAIN cat=[android.intent.category.LAUNCHER] cmp=com.example.lunchtray/.MainActivity }, activity.getIntent()=Intent { act=android.intent.action.MAIN cat=[android.intent.category.LAUNCHER] flg=0x10008000 cmp=com.example.lunchtray/androidx.test.core.app.InstrumentationActivityInvoker$BootstrapActivity (has extras) }, activity=androidx.test.core.app.InstrumentationActivityInvoker$BootstrapActivity@2ffb623
10-30 07:21:17.478  1499  1532 D SurfaceFlinger: Create BufferStateLayer(0x7318041420) com.example.lunchtray/com.example.lunchtray.MainActivity@19032#0
10-30 07:21:17.480  1499  2493 D SurfaceFlinger: Create EffectLayer(0x73180a7c60) Surface(name=dcb9bf0 StatusBar)/@0xac9fa55 - animation-leash of insets_animation#0
10-30 07:21:17.481  1499  1532 D SurfaceFlinger: Create EffectLayer(0x73180cccb0) Surface(name=5efab5d NavigationBar0)/@0xb1951a3 - animation-leash of insets_animation#0
10-30 07:21:17.481  1945  2015 D IStatusBar.Stub: updateNavigationBarColor(0, -16777216)
10-30 07:21:17.481  1673  1699 I PowerRM : System FW:1 IC:0 SO:0 GT:0 CAPP:-1 APP:0
10-30 07:21:17.481  1673  1699 I PowerRM : System FW:0 IC:0 SO:0 GT:0 CAPP:-1 APP:0
10-30 07:21:17.481  1673  1699 I PowerRM : FIA lock1 unlocked
10-30 07:21:17.481  2756  4295 D IStatusBar.Stub : CommandQueue: updateNavigationBarColor(0, -16777216)
10-30 07:21:17.481  2756  2756 I NavigationThemeResource: display(0) notify navigation bar color(0xff000000)
10-30 07:21:17.481  2756  2756 I NavigationThemeResource: WmEx Color dark = -16777216
10-30 07:21:17.481  2756  2756 I NavigationThemeResource: NavigationKey(0) Color is changed(WHITE_WITH_BORDER -> WHITE)
10-30 07:21:17.481  2756  2756 I NavigationThemeResource:  BarMode=-1, Theme=WHITE, LightBackground=false, mNavigationLight=false (NOT Transparent)
10-30 07:21:17.481  2756  2756 I NavigationThemeResource: , Keyguard show=false, IME shown=false, Bar vertical=true, Panel expanded=false
10-30 07:21:17.493  1499  3633 D SurfaceFlinger: Create EffectLayer(0x731807fe80) Surface(name=9247903 com.example.lunchtray/com.example.lunchtray.MainActivity)/@0x34cd575 - animation-leash of starting_reveal#0
10-30 07:21:17.494  1945  2013 W ziparchive: Unable to open '/data/app/~~CTkNfAd8-4QQUyxJenjiaQ==/com.example.lunchtray-HUA09ORZeh3jzWgaP7ufBA==/base.dm': No such file or directory
10-30 07:21:17.495  1945  2013 I ActivityTaskManager: Displayed com.example.lunchtray/.MainActivity: +140ms
10-30 07:21:17.496 19032 19032 D RootViewPicker: Root not ready - waiting: 10ms for one to appear.
10-30 07:21:17.501  1499  1499 I SurfaceFlinger: Remove EffectLayer(0x7317ff45f0) Surface(name=5efab5d NavigationBar0)/@0xb1951a3 - animation-leash of insets_animation#1 (parent=none)
10-30 07:21:17.501  1499  1499 I SurfaceFlinger: Remove EffectLayer(0x7318033050) Surface(name=dcb9bf0 StatusBar)/@0xac9fa55 - animation-leash of insets_animation#1 (parent=none)
10-30 07:21:17.501  1499  1499 D Layer   : Destroy Surface(name=dcb9bf0 StatusBar)/@0xac9fa55 - animation-leash of insets_animation#1(0x7318033050)
10-30 07:21:17.501  1499  1499 D Layer   : Destroy Surface(name=5efab5d NavigationBar0)/@0xb1951a3 - animation-leash of insets_animation#1(0x7317ff45f0)
10-30 07:21:17.502  1499  3633 D SurfaceFlinger: Create EffectLayer(0x7318060950) Surface(name=7549f87 Splash Screen com.example.lunchtray)/@0xfceac68 - animation-leash of window_animation#0
10-30 07:21:17.502  1945  1965 D InputDispatcher: Window went away: com.example.lunchtray/com.example.lunchtray.MainActivity@19032#0
10-30 07:21:17.506  1499  1499 I MiniDump: -------------------------------------------------------------------------------------------
10-30 07:21:17.506  1499  1499 I MiniDump: [ROTATION_0] H |  Comp Type |  Transform |  Alpha |  Disp Frame (LTRB) |  Source Crop (LTRB) | Frame Rate  | Disp[4630946736071014273] ""
10-30 07:21:17.506  1499  1499 I MiniDump: 0x7318041420 |     DEVICE |          0 | 1.000 |    0    0 1080 2460 |   0.0   0.0 1080.0 2460.0 | com.example.lunchtray/com[...]tray.MainActivity@19032#0
10-30 07:21:17.506  1499  1499 I MiniDump: 0x73180859a0 |     DEVICE |          0 | 1.000 |    0    0 1080 2460 |   0.0   0.0 1080.0 2460.0 | Splash Screen com.example.lunchtray@2756#0
10-30 07:21:17.506  1499  1499 I MiniDump: 0x7317fcc810 |     DEVICE |          0 | 1.000 |    0    0 1080   76 |   0.0   0.0 1080.0  76.0 | StatusBar@2756#0
10-30 07:21:17.506  1499  1499 I MiniDump: 0x7317fd50c0 |     DEVICE |          0 | 1.000 |    0 2334 1080 2460 |   0.0   0.0 1080.0 126.0 | NavigationBar0@2756#0
10-30 07:21:17.506  1499  1499 I MiniDump: 0x7317fbb6b0 |     DEVICE |          0 | 1.000 |    0    0 1080   88 |   0.0   0.0 1080.0  88.0 | ScreenDecorOverlay@2756#0
10-30 07:21:17.506  1945  4035 W InputManager-JNI: Input channel object '7549f87 Splash Screen com.example.lunchtray (client)' was disposed without first being removed with the input manager!
10-30 07:21:17.506  1499  1499 I MiniDump: 0x7317fb8920 |     DEVICE |          0 | 1.000 |    0 2372 1080 2460 |   0.0   0.0 1080.0  88.0 | ScreenDecorOverlayBottom@2756#0
10-30 07:21:17.509  1499  3633 D SurfaceFlinger: Create EffectLayer(0x73180775d0) Surface(name=e4973b7 InputMethod)/@0x766a28d - animation-leash of insets_animation#0
10-30 07:21:17.518  1499  1499 I SurfaceFlinger: Remove EffectLayer(0x731807fe80) Surface(name=9247903 com.example.lunchtray/com.example.lunchtray.MainActivity)/@0x34cd575 - animation-leash of starting_reveal#0 (parent=none)
10-30 07:21:17.518  1499  1499 I SurfaceFlinger: Remove EffectLayer(0x73180cfa40) Surface(name=e4973b7 InputMethod)/@0x766a28d - animation-leash of insets_animation#1 (parent=none)
10-30 07:21:17.518  1499  1499 D Layer   : Destroy Surface(name=e4973b7 InputMethod)/@0x766a28d - animation-leash of insets_animation#1(0x73180cfa40)
10-30 07:21:17.519  1945  4035 D InputDispatcher: Window went away: 7549f87 Splash Screen com.example.lunchtray
10-30 07:21:17.520  2756  3815 D NavigationModeController: getCurrentUserContext: contextUser=0 currentUser=0
10-30 07:21:17.520  2756  3815 D NavigationModeController: getCurrentUserContext: contextUser=0 currentUser=0
10-30 07:21:17.522  1499  1499 I MiniDump: -------------------------------------------------------------------------------------------
10-30 07:21:17.522  1499  1499 I MiniDump: [ROTATION_0] H |  Comp Type |  Transform |  Alpha |  Disp Frame (LTRB) |  Source Crop (LTRB) | Frame Rate  | Disp[4630946736071014273] ""
10-30 07:21:17.522  1499  1499 I MiniDump: 0x7318041420 |     DEVICE |          0 | 1.000 |    0    0 1080 2460 |   0.0   0.0 1080.0 2460.0 | com.example.lunchtray/com[...]tray.MainActivity@19032#0
10-30 07:21:17.522  1499  1499 I MiniDump: 0x7317fcc810 |     DEVICE |          0 | 1.000 |    0    0 1080   76 |   0.0   0.0 1080.0  76.0 | StatusBar@2756#0
10-30 07:21:17.522  1499  1499 I MiniDump: 0x7317fd50c0 |     DEVICE |          0 | 1.000 |    0 2334 1080 2460 |   0.0   0.0 1080.0 126.0 | NavigationBar0@2756#0
10-30 07:21:17.522  1499  1499 I MiniDump: 0x7317fbb6b0 |     DEVICE |          0 | 1.000 |    0    0 1080   88 |   0.0   0.0 1080.0  88.0 | ScreenDecorOverlay@2756#0
10-30 07:21:17.522  1499  1499 I MiniDump: 0x7317fb8920 |     DEVICE |          0 | 1.000 |    0 2372 1080 2460 |   0.0   0.0 1080.0  88.0 | ScreenDecorOverlayBottom@2756#0
10-30 07:21:17.522  2756  2756 D NavigationModeController: getCurrentUserContext: contextUser=0 currentUser=0
10-30 07:21:17.534  1499  1499 I SurfaceFlinger: Remove EffectLayer(0x7318060950) Surface(name=7549f87 Splash Screen com.example.lunchtray)/@0xfceac68 - animation-leash of window_animation#0 (parent=none)
10-30 07:21:17.534  1499  1499 I SurfaceFlinger: Remove BufferStateLayer(0x73180859a0) Splash Screen com.example.lunchtray@2756#0 (parent=none)
10-30 07:21:17.534  1499  1499 I SurfaceFlinger: Remove ContainerLayer(0x73180e0ba0) 7549f87 Splash Screen com.example.lunchtray#0 (parent=none)
10-30 07:21:17.534  1499  1499 D Layer   : Destroy Surface(name=7549f87 Splash Screen com.example.lunchtray)/@0xfceac68 - animation-leash of window_animation#0(0x7318060950)
10-30 07:21:17.535  1499  1499 D Layer   : Destroy 7549f87 Splash Screen com.example.lunchtray#0(0x73180e0ba0)
10-30 07:21:17.535  1499  1499 D Layer   : Destroy Splash Screen com.example.lunchtray@2756#0(0x73180859a0)
10-30 07:21:17.535  1945  4035 D InputDispatcher: Window went away: Splash Screen com.example.lunchtray@2756#0
10-30 07:21:17.536 19032 19032 I ViewInteraction: Performing 'single click' action on view view.getId() is <2131231208/com.example.lunchtray:id/start_order_btn>
10-30 07:21:17.537  1945  2498 D InputTransport: channel '9247903 com.example.lunchtray/com.example.lunchtray.MainActivity (server)' : action=ACTION_DOWN(0), id=0, displayId=0, tooltype=0, deviceId=-1, source=0x1002, flags=0x0, edgeFlags=0x0, metaState=0x0, buttonState=0x1, downTime=123872469000000, eventTime=123872469000000, pointerCount=1
10-30 07:21:17.537  1945  2498 D InputTransport: channel 'edge-swipe (server)' : action=ACTION_DOWN(0), id=0, displayId=0, tooltype=0, deviceId=-1, source=0x1002, flags=0x0, edgeFlags=0x0, metaState=0x0, buttonState=0x1, downTime=123872469000000, eventTime=123872469000000, pointerCount=1
10-30 07:21:17.537  1945  2498 D InputTransport: channel 'swipe-up (server)' : action=ACTION_DOWN(0), id=0, displayId=0, tooltype=0, deviceId=-1, source=0x1002, flags=0x0, edgeFlags=0x0, metaState=0x0, buttonState=0x1, downTime=123872469000000, eventTime=123872469000000, pointerCount=1
10-30 07:21:17.537  1945  2498 D InputTransport: channel 'swipe-up (server)' : action=ACTION_DOWN(0), id=0, displayId=0, tooltype=0, deviceId=-1, source=0x1002, flags=0x0, edgeFlags=0x0, metaState=0x0, buttonState=0x1, downTime=123872469000000, eventTime=123872469000000, pointerCount=1
10-30 07:21:17.537  1945  2498 D InputTransport: channel 'swipe-up (server)' : action=ACTION_DOWN(0), id=0, displayId=0, tooltype=0, deviceId=-1, source=0x1002, flags=0x0, edgeFlags=0x0, metaState=0x0, buttonState=0x1, downTime=123872469000000, eventTime=123872469000000, pointerCount=1
10-30 07:21:17.537  1945  2498 D InputTransport: channel 'swipe-up (server)' : action=ACTION_DOWN(0), id=0, displayId=0, tooltype=0, deviceId=-1, source=0x1002, flags=0x0, edgeFlags=0x0, metaState=0x0, buttonState=0x1, downTime=123872469000000, eventTime=123872469000000, pointerCount=1
10-30 07:21:17.537  1945  2498 D InputTransport: channel 'PointerEventDispatcher0 (server)' : action=ACTION_DOWN(0), id=0, displayId=0, tooltype=0, deviceId=-1, source=0x1002, flags=0x0, edgeFlags=0x0, metaState=0x0, buttonState=0x1, downTime=123872469000000, eventTime=123872469000000, pointerCount=1
10-30 07:21:17.571  1363 18492 D sensors_hal_light: handle_sns_std_sensor_event:79, ambient_light_event: ts=285463017218383, lux = 18, raw_adc=38, pdata=43
10-30 07:21:17.585  2756  2756 I BarTransitions.PhoneStatusBarTransitions: setNotchColor color = 0
10-30 07:21:17.617  2756  2756 I BarTransitions.PhoneStatusBarTransitions: setNotchColor color = 0
10-30 07:21:17.619  1945  2498 D InputTransport: channel '9247903 com.example.lunchtray/com.example.lunchtray.MainActivity (server)' : action=ACTION_UP(0), id=0, displayId=0, tooltype=1, deviceId=-1, source=0x1002, flags=0x0, edgeFlags=0x0, metaState=0x0, buttonState=0x1, downTime=123872469000000, eventTime=123872551000000, pointerCount=1
10-30 07:21:17.619  1945  2498 D InputTransport: channel 'edge-swipe (server)' : action=ACTION_UP(0), id=0, displayId=0, tooltype=1, deviceId=-1, source=0x1002, flags=0x0, edgeFlags=0x0, metaState=0x0, buttonState=0x1, downTime=123872469000000, eventTime=123872551000000, pointerCount=1
10-30 07:21:17.619  1945  2498 D InputTransport: channel 'swipe-up (server)' : action=ACTION_UP(0), id=0, displayId=0, tooltype=1, deviceId=-1, source=0x1002, flags=0x0, edgeFlags=0x0, metaState=0x0, buttonState=0x1, downTime=123872469000000, eventTime=123872551000000, pointerCount=1
10-30 07:21:17.619  1945  2498 D InputTransport: channel 'swipe-up (server)' : action=ACTION_UP(0), id=0, displayId=0, tooltype=1, deviceId=-1, source=0x1002, flags=0x0, edgeFlags=0x0, metaState=0x0, buttonState=0x1, downTime=123872469000000, eventTime=123872551000000, pointerCount=1
10-30 07:21:17.619  1945  2498 D InputTransport: channel 'swipe-up (server)' : action=ACTION_UP(0), id=0, displayId=0, tooltype=1, deviceId=-1, source=0x1002, flags=0x0, edgeFlags=0x0, metaState=0x0, buttonState=0x1, downTime=123872469000000, eventTime=123872551000000, pointerCount=1
10-30 07:21:17.619  1945  2498 D InputTransport: channel 'swipe-up (server)' : action=ACTION_UP(0), id=0, displayId=0, tooltype=1, deviceId=-1, source=0x1002, flags=0x0, edgeFlags=0x0, metaState=0x0, buttonState=0x1, downTime=123872469000000, eventTime=123872551000000, pointerCount=1
10-30 07:21:17.619  1945  2498 D InputTransport: channel 'PointerEventDispatcher0 (server)' : action=ACTION_UP(0), id=0, displayId=0, tooltype=1, deviceId=-1, source=0x1002, flags=0x0, edgeFlags=0x0, metaState=0x0, buttonState=0x1, downTime=123872469000000, eventTime=123872551000000, pointerCount=1
10-30 07:21:17.619 19032 19032 I View    : PerformClick: com.google.android.material.button.MaterialButton{39f5c7a VFED..C.. ...P.... 349,1045-731,1171 #7f0801e8 app:id/start_order_btn}
10-30 07:21:17.619 19032 19032 I View    : MotionEvent.ACTION_UP: mPrivateFlags: 16828464,   mHasPerformedLongPress: false,   mIgnoreNextUpEvent: false
10-30 07:21:17.620  1945  2548 V SoundPool: play(soundID=1, leftVolume=1.000000, rightVolume=1.000000, priority=0, loop=0, rate=1.000000)
10-30 07:21:17.621  1945  2548 V AudioTrack: setSampleRate(572): prior state:STATE_STOPPED rate:48000
10-30 07:21:17.621  1945  2548 V AudioTrack: start(572): prior state:STATE_STOPPED
10-30 07:21:17.621  1945  2548 V AudioTrack: start(572): server read:0  cumulative flushed:0  client written:0
10-30 07:21:17.621  2580  2580 V AF::Track: start(597): calling pid 1945 session 5353
10-30 07:21:17.621  2580  2580 V AudioPolicyService: AudioCommandThread() adding start output portId 572
10-30 07:21:17.621  2580  2580 V AudioPolicyService: inserting command: 3 at index 0, num commands 0
10-30 07:21:17.621  2580  2595 V AudioPolicyService: AudioCommandThread() processing start output portId 572
10-30 07:21:17.621  2580  2595 D APM_AudioPolicyManager: startOutput portId 572 output primary->(primary output)(13), stream 1, session 5353
10-30 07:21:17.621  2580  2595 V APM_AudioPolicyManager: setBeaconMute(1) mBeaconMuteRefCount=1 mBeaconPlayingRefCount=0
10-30 07:21:17.621  2580  2595 V APM_AudioPolicyManager: selectOutputForMusicEffects selected output 13
10-30 07:21:17.621  2580  2595 V APM_AudioPolicyManager: getNewOutputDevices selected devices {type:0x2,@:}
10-30 07:21:17.621  2580  2595 V APM_AudioPolicyManager: setOutputDevices device {type:0x2,@:} delayMs 0
10-30 07:21:17.621  2580  2595 V APM_AudioPolicyManager: setOutputDevices() prevDevice {type:0x2,@:}
10-30 07:21:17.621  2580  2595 V APM_AudioPolicyManager: setOutputDevices: suppressing checkDeviceMuteStrategies
10-30 07:21:17.621  2580  2595 V APM_AudioPolicyManager: setOutputDevices setting same device {type:0x2,@:} or null device, force=0, patch handle=4
10-30 07:21:17.622  2580  2595 V AudioPolicyService: AudioCommandThread() going to sleep
10-30 07:21:17.622  1945  2548 V SoundPool: play returned 2742
10-30 07:21:17.626  1945  4035 V AudioSystem: ioConfigChanged() event 8
10-30 07:21:17.626  1945  4035 V AudioSystem: ioConfigChanged() AUDIO_CLIENT_STARTED  io 13 port 572 num callbacks 0
10-30 07:21:17.626  2756  2756 I BarTransitions.PhoneStatusBarTransitions: setNotchColor color = 0
10-30 07:21:17.633  2756  2756 I BarTransitions.PhoneStatusBarTransitions: setNotchColor color = 0
10-30 07:21:17.643  2756  2756 I BarTransitions.PhoneStatusBarTransitions: setNotchColor color = 0
10-30 07:21:17.644  2756  2756 I BarTransitions.PhoneStatusBarTransitions: setNotchColor color = 0
10-30 07:21:17.646  2756  2756 I BarTransitions.PhoneStatusBarTransitions: setNotchColor color = 0
10-30 07:21:17.649  2756  2756 I BarTransitions.PhoneStatusBarTransitions: setNotchColor color = 0
10-30 07:21:17.672  1363 18492 D sensors_hal_light: handle_sns_std_sensor_event:79, ambient_light_event: ts=285463118726820, lux = 19, raw_adc=40, pdata=35
10-30 07:21:17.680  2580  2617 V AF::Track: getNextBuffer(597): underrun,  framesReady(0) < framesDesired(236), state: 6
10-30 07:21:17.680  1945 19073 V AudioTrack: stop(572): prior state:STATE_ACTIVE
10-30 07:21:17.681  2580  2580 V AF::Track: stop(597): calling pid 1945
10-30 07:21:17.706  2580  2618 D AF::Track: presentationComplete(597): set: mPresentationCompleteFrames 1239984 audioHalFrames 624
10-30 07:21:17.706  2580  2618 V AF::Track: presentationComplete(597): waiting framesWritten:1239360  mPresentationCompleteFrames:1239984
10-30 07:21:17.726  2580  2618 V AF::Track: presentationComplete(597): presentationComplete() mPresentationCompleteFrames 1239984 framesWritten 1240320
10-30 07:21:17.726  2580  2618 V AF::Track: presentationComplete(597): complete framesWritten:1240320  mPresentationCompleteFrames:1239984
10-30 07:21:17.729  2580  2618 V AudioPolicyService: AudioCommandThread() adding stop output portId 572
10-30 07:21:17.729  2580  2618 V AudioPolicyService: inserting command: 4 at index 0, num commands 0
10-30 07:21:17.729  2580  2595 V AudioPolicyService: AudioCommandThread() processing stop output portId 572
10-30 07:21:17.729  2580  2595 V APM_AudioPolicyManager: stopOutput() portId 572 output 13, stream 1, session 5353
10-30 07:21:17.729  2580  2595 V APM_AudioPolicyManager: setBeaconMute(1) mBeaconMuteRefCount=0 mBeaconPlayingRefCount=0
10-30 07:21:17.729  2580  2595 V APM_AudioPolicyManager: getNewOutputDevices selected devices AUDIO_DEVICE_NONE
10-30 07:21:17.729  2580  2595 V APM_AudioPolicyManager: setOutputDevices device AUDIO_DEVICE_NONE delayMs 106
10-30 07:21:17.729  2580  2595 V APM_AudioPolicyManager: setOutputDevices() prevDevice {type:0x2,@:}
10-30 07:21:17.730  2580  2595 V APM_AudioPolicyManager: setOutputDevices setting same device AUDIO_DEVICE_NONE or null device, force=0, patch handle=4
10-30 07:21:17.730  2580  2595 V APM_AudioPolicyManager: selectOutputForMusicEffects selected output 13
10-30 07:21:17.730  2580  2595 V AudioPolicyService: AudioCommandThread() going to sleep
10-30 07:21:17.953  2756  2756 I NetworkController.WifiSignalController: Change in state to: connected=true,enabled=true,level=2,inetCondition=1,iconGroup=IconGroup(Default Wi-Fi Icons),activityIn=false,activityOut=false,rssi=-73,lteadvancedmode=0,ssid="WohnzimmerWLAN",wifiStandard=0,isReady=false,isTransient=false,isDefault=false,statusLabel=null,isCarrierMerged=false,subId=0,isGigaWiFi=false,isAttWifiCall=false,detailedState=CONNECTED
10-30 07:21:17.954  2756  2756 I NetworkController: [getDataController] getDefaultDataSubId : dataSubId is 2
10-30 07:21:17.954  2756  2756 I NetworkController.WifiSignalController: updateIconGroup() : mWifiGeneration = 4
10-30 07:21:17.954  2756  2756 I NetworkController.WifiSignalController: updateIconGroup() : connected = true, mCurrentState.isAttWifiCall = false
10-30 07:21:17.954  2756  2756 I MSimUtils: getSubId : 2
10-30 07:21:17.955  2756  2756 I MSimUtils: getSubId : 2
10-30 07:21:17.966  2756  2756 D BarBackgroundDrawable: draw() : targetColor = 0, canvas = android.graphics.RecordingCanvas@df9fdf3, this = com.android.systemui.statusbar.phone.BarTransitions$BarBackgroundDrawable@7c723ac
10-30 07:21:17.968  2756  2756 D StatusBarNotificationPresenter: isShowNotificationIconsOnly() orientation: 1
10-30 07:21:17.969  2756  2756 D StatusBarNotificationPresenter: isShowNotificationIconsOnly() orientation: 1
10-30 07:21:18.009 19032 19032 I ViewInteraction: Performing 'single click' action on view view.getId() is <2131230844/com.example.lunchtray:id/cauliflower>
10-30 07:21:18.014  1945  2498 D InputTransport: channel '9247903 com.example.lunchtray/com.example.lunchtray.MainActivity (server)' : action=ACTION_DOWN(0), id=0, displayId=0, tooltype=0, deviceId=-1, source=0x1002, flags=0x0, edgeFlags=0x0, metaState=0x0, buttonState=0x1, downTime=123872943000000, eventTime=123872943000000, pointerCount=1
10-30 07:21:18.014  1945  2498 D InputTransport: channel 'edge-swipe (server)' : action=ACTION_DOWN(0), id=0, displayId=0, tooltype=0, deviceId=-1, source=0x1002, flags=0x0, edgeFlags=0x0, metaState=0x0, buttonState=0x1, downTime=123872943000000, eventTime=123872943000000, pointerCount=1
10-30 07:21:18.014  1945  2498 D InputTransport: channel 'swipe-up (server)' : action=ACTION_DOWN(0), id=0, displayId=0, tooltype=0, deviceId=-1, source=0x1002, flags=0x0, edgeFlags=0x0, metaState=0x0, buttonState=0x1, downTime=123872943000000, eventTime=123872943000000, pointerCount=1
10-30 07:21:18.014  1945  2498 D InputTransport: channel 'swipe-up (server)' : action=ACTION_DOWN(0), id=0, displayId=0, tooltype=0, deviceId=-1, source=0x1002, flags=0x0, edgeFlags=0x0, metaState=0x0, buttonState=0x1, downTime=123872943000000, eventTime=123872943000000, pointerCount=1
10-30 07:21:18.014  1945  2498 D InputTransport: channel 'swipe-up (server)' : action=ACTION_DOWN(0), id=0, displayId=0, tooltype=0, deviceId=-1, source=0x1002, flags=0x0, edgeFlags=0x0, metaState=0x0, buttonState=0x1, downTime=123872943000000, eventTime=123872943000000, pointerCount=1
10-30 07:21:18.015  1945  2498 D InputTransport: channel 'swipe-up (server)' : action=ACTION_DOWN(0), id=0, displayId=0, tooltype=0, deviceId=-1, source=0x1002, flags=0x0, edgeFlags=0x0, metaState=0x0, buttonState=0x1, downTime=123872943000000, eventTime=123872943000000, pointerCount=1
10-30 07:21:18.015  1945  2498 D InputTransport: channel 'PointerEventDispatcher0 (server)' : action=ACTION_DOWN(0), id=0, displayId=0, tooltype=0, deviceId=-1, source=0x1002, flags=0x0, edgeFlags=0x0, metaState=0x0, buttonState=0x1, downTime=123872943000000, eventTime=123872943000000, pointerCount=1
10-30 07:21:18.098  1945  2498 D InputTransport: channel '9247903 com.example.lunchtray/com.example.lunchtray.MainActivity (server)' : action=ACTION_UP(0), id=0, displayId=0, tooltype=1, deviceId=-1, source=0x1002, flags=0x0, edgeFlags=0x0, metaState=0x0, buttonState=0x1, downTime=123872943000000, eventTime=123873026000000, pointerCount=1
10-30 07:21:18.099  1945  2498 D InputTransport: channel 'edge-swipe (server)' : action=ACTION_UP(0), id=0, displayId=0, tooltype=1, deviceId=-1, source=0x1002, flags=0x0, edgeFlags=0x0, metaState=0x0, buttonState=0x1, downTime=123872943000000, eventTime=123873026000000, pointerCount=1
10-30 07:21:18.099  1945  2498 D InputTransport: channel 'swipe-up (server)' : action=ACTION_UP(0), id=0, displayId=0, tooltype=1, deviceId=-1, source=0x1002, flags=0x0, edgeFlags=0x0, metaState=0x0, buttonState=0x1, downTime=123872943000000, eventTime=123873026000000, pointerCount=1
10-30 07:21:18.099  1945  2498 D InputTransport: channel 'swipe-up (server)' : action=ACTION_UP(0), id=0, displayId=0, tooltype=1, deviceId=-1, source=0x1002, flags=0x0, edgeFlags=0x0, metaState=0x0, buttonState=0x1, downTime=123872943000000, eventTime=123873026000000, pointerCount=1
10-30 07:21:18.099  1945  2498 D InputTransport: channel 'swipe-up (server)' : action=ACTION_UP(0), id=0, displayId=0, tooltype=1, deviceId=-1, source=0x1002, flags=0x0, edgeFlags=0x0, metaState=0x0, buttonState=0x1, downTime=123872943000000, eventTime=123873026000000, pointerCount=1
10-30 07:21:18.099  1945  2498 D InputTransport: channel 'swipe-up (server)' : action=ACTION_UP(0), id=0, displayId=0, tooltype=1, deviceId=-1, source=0x1002, flags=0x0, edgeFlags=0x0, metaState=0x0, buttonState=0x1, downTime=123872943000000, eventTime=123873026000000, pointerCount=1
10-30 07:21:18.100  1945  2498 D InputTransport: channel 'PointerEventDispatcher0 (server)' : action=ACTION_UP(0), id=0, displayId=0, tooltype=1, deviceId=-1, source=0x1002, flags=0x0, edgeFlags=0x0, metaState=0x0, buttonState=0x1, downTime=123872943000000, eventTime=123873026000000, pointerCount=1
10-30 07:21:18.106 19032 19032 I View    : PerformClick: com.google.android.material.radiobutton.MaterialRadioButton{85f9f8c VFED..C.. ...p..ID 0,0-330,126 #7f08007c app:id/cauliflower}
10-30 07:21:18.107 19032 19032 I View    : MotionEvent.ACTION_UP: mPrivateFlags: -2128590800,   mHasPerformedLongPress: false,   mIgnoreNextUpEvent: false
10-30 07:21:18.134  1945  2548 V SoundPool: play(soundID=1, leftVolume=1.000000, rightVolume=1.000000, priority=0, loop=0, rate=1.000000)
10-30 07:21:18.135  1945  2548 V AudioTrack: setSampleRate(572): prior state:STATE_STOPPED rate:48000
10-30 07:21:18.135  1945  2548 V AudioTrack: start(572): prior state:STATE_STOPPED
10-30 07:21:18.135  1945  2548 V AudioTrack: start(572): server read:-2644  cumulative flushed:0  client written:0
10-30 07:21:18.136  2580  2580 V AF::Track: start(597): calling pid 1945 session 5353
10-30 07:21:18.136  2580  2580 V AudioPolicyService: AudioCommandThread() adding start output portId 572
10-30 07:21:18.137  2580  2580 V AudioPolicyService: inserting command: 3 at index 0, num commands 0
10-30 07:21:18.137  2580  2595 V AudioPolicyService: AudioCommandThread() processing start output portId 572
10-30 07:21:18.137  2580  2595 D APM_AudioPolicyManager: startOutput portId 572 output primary->(primary output)(13), stream 1, session 5353
10-30 07:21:18.137  2580  2595 V APM_AudioPolicyManager: setBeaconMute(1) mBeaconMuteRefCount=1 mBeaconPlayingRefCount=0
10-30 07:21:18.138  2580  2595 V APM_AudioPolicyManager: selectOutputForMusicEffects selected output 13
10-30 07:21:18.138  2580  2595 V APM_AudioPolicyManager: getNewOutputDevices selected devices {type:0x2,@:}
10-30 07:21:18.139  2580  2595 V APM_AudioPolicyManager: setOutputDevices device {type:0x2,@:} delayMs 0
10-30 07:21:18.139  2580  2595 V APM_AudioPolicyManager: setOutputDevices() prevDevice {type:0x2,@:}
10-30 07:21:18.139  2580  2595 V APM_AudioPolicyManager: setOutputDevices: suppressing checkDeviceMuteStrategies
10-30 07:21:18.139  2580  2595 V APM_AudioPolicyManager: setOutputDevices setting same device {type:0x2,@:} or null device, force=0, patch handle=4
10-30 07:21:18.139  2580  2595 V AudioPolicyService: AudioCommandThread() going to sleep
10-30 07:21:18.141  1945  2548 V SoundPool: play returned 2743
10-30 07:21:18.144  1945  4035 D WifiClientModeImpl[wlan0]: getConativeWiFiQualityStatus keep previous WifiQuailityInfo
10-30 07:21:18.146  1945  4035 V AudioSystem: ioConfigChanged() event 8
10-30 07:21:18.146  1945  4035 V AudioSystem: ioConfigChanged() AUDIO_CLIENT_STARTED  io 13 port 572 num callbacks 0
10-30 07:21:18.200  2580  2617 V AF::Track: getNextBuffer(597): underrun,  framesReady(0) < framesDesired(236), state: 6
10-30 07:21:18.206  2580  2618 D AF::Track: presentationComplete(597): set: mPresentationCompleteFrames 1263984 audioHalFrames 624
10-30 07:21:18.207  2580  2618 V AF::Track: presentationComplete(597): waiting framesWritten:1263360  mPresentationCompleteFrames:1263984
10-30 07:21:18.211  1945 19073 V AudioTrack: stop(572): prior state:STATE_ACTIVE
10-30 07:21:18.211  2580  2580 V AF::Track: stop(597): calling pid 1945
10-30 07:21:18.247  2580  2618 V AF::Track: presentationComplete(597): presentationComplete() mPresentationCompleteFrames 1263984 framesWritten 1265280
10-30 07:21:18.247  2580  2618 V AF::Track: presentationComplete(597): complete framesWritten:1265280  mPresentationCompleteFrames:1263984
10-30 07:21:18.257  2580  2618 V AudioPolicyService: AudioCommandThread() adding stop output portId 572
10-30 07:21:18.259  2580  2618 V AudioPolicyService: inserting command: 4 at index 0, num commands 0
10-30 07:21:18.259  2580  2595 V AudioPolicyService: AudioCommandThread() processing stop output portId 572
10-30 07:21:18.259  2580  2595 V APM_AudioPolicyManager: stopOutput() portId 572 output 13, stream 1, session 5353
10-30 07:21:18.259  2580  2595 V APM_AudioPolicyManager: setBeaconMute(1) mBeaconMuteRefCount=0 mBeaconPlayingRefCount=0
10-30 07:21:18.260  2580  2595 V APM_AudioPolicyManager: getNewOutputDevices selected devices AUDIO_DEVICE_NONE
10-30 07:21:18.260  2580  2595 V APM_AudioPolicyManager: setOutputDevices device AUDIO_DEVICE_NONE delayMs 106
10-30 07:21:18.260  2580  2595 V APM_AudioPolicyManager: setOutputDevices() prevDevice {type:0x2,@:}
10-30 07:21:18.263  2580  2595 V APM_AudioPolicyManager: setOutputDevices setting same device AUDIO_DEVICE_NONE or null device, force=0, patch handle=4
10-30 07:21:18.264  2580  2595 V APM_AudioPolicyManager: selectOutputForMusicEffects selected output 13
10-30 07:21:18.264  2580  2595 V AudioPolicyService: AudioCommandThread() going to sleep
10-30 07:21:18.571 19032 19032 I ViewInteraction: Performing 'single click' action on view view.getId() is <2131231081/com.example.lunchtray:id/next_button>
10-30 07:21:18.580  1945  2498 D InputTransport: channel '9247903 com.example.lunchtray/com.example.lunchtray.MainActivity (server)' : action=ACTION_DOWN(0), id=0, displayId=0, tooltype=0, deviceId=-1, source=0x1002, flags=0x0, edgeFlags=0x0, metaState=0x0, buttonState=0x1, downTime=123873509000000, eventTime=123873509000000, pointerCount=1
10-30 07:21:18.581  1945  2498 D InputTransport: channel 'edge-swipe (server)' : action=ACTION_DOWN(0), id=0, displayId=0, tooltype=0, deviceId=-1, source=0x1002, flags=0x0, edgeFlags=0x0, metaState=0x0, buttonState=0x1, downTime=123873509000000, eventTime=123873509000000, pointerCount=1
10-30 07:21:18.581  1945  2498 D InputTransport: channel 'swipe-up (server)' : action=ACTION_DOWN(0), id=0, displayId=0, tooltype=0, deviceId=-1, source=0x1002, flags=0x0, edgeFlags=0x0, metaState=0x0, buttonState=0x1, downTime=123873509000000, eventTime=123873509000000, pointerCount=1
10-30 07:21:18.581  1945  2498 D InputTransport: channel 'swipe-up (server)' : action=ACTION_DOWN(0), id=0, displayId=0, tooltype=0, deviceId=-1, source=0x1002, flags=0x0, edgeFlags=0x0, metaState=0x0, buttonState=0x1, downTime=123873509000000, eventTime=123873509000000, pointerCount=1
10-30 07:21:18.581  1945  2498 D InputTransport: channel 'swipe-up (server)' : action=ACTION_DOWN(0), id=0, displayId=0, tooltype=0, deviceId=-1, source=0x1002, flags=0x0, edgeFlags=0x0, metaState=0x0, buttonState=0x1, downTime=123873509000000, eventTime=123873509000000, pointerCount=1
10-30 07:21:18.581  1945  2498 D InputTransport: channel 'swipe-up (server)' : action=ACTION_DOWN(0), id=0, displayId=0, tooltype=0, deviceId=-1, source=0x1002, flags=0x0, edgeFlags=0x0, metaState=0x0, buttonState=0x1, downTime=123873509000000, eventTime=123873509000000, pointerCount=1
10-30 07:21:18.581  1945  2498 D InputTransport: channel 'PointerEventDispatcher0 (server)' : action=ACTION_DOWN(0), id=0, displayId=0, tooltype=0, deviceId=-1, source=0x1002, flags=0x0, edgeFlags=0x0, metaState=0x0, buttonState=0x1, downTime=123873509000000, eventTime=123873509000000, pointerCount=1
10-30 07:21:18.634  1363 18506 D sensors_hal_accel: handle_sns_client_event:446, accel_sample(accelcal_available:0): ts=285463579862133 ns; value = [0.161668, -0.026004, 9.811560], status=3
10-30 07:21:18.663  1945  2498 D InputTransport: channel '9247903 com.example.lunchtray/com.example.lunchtray.MainActivity (server)' : action=ACTION_UP(0), id=0, displayId=0, tooltype=1, deviceId=-1, source=0x1002, flags=0x0, edgeFlags=0x0, metaState=0x0, buttonState=0x1, downTime=123873509000000, eventTime=123873592000000, pointerCount=1
10-30 07:21:18.664  1945  2498 D InputTransport: channel 'edge-swipe (server)' : action=ACTION_UP(0), id=0, displayId=0, tooltype=1, deviceId=-1, source=0x1002, flags=0x0, edgeFlags=0x0, metaState=0x0, buttonState=0x1, downTime=123873509000000, eventTime=123873592000000, pointerCount=1
10-30 07:21:18.664  1945  2498 D InputTransport: channel 'swipe-up (server)' : action=ACTION_UP(0), id=0, displayId=0, tooltype=1, deviceId=-1, source=0x1002, flags=0x0, edgeFlags=0x0, metaState=0x0, buttonState=0x1, downTime=123873509000000, eventTime=123873592000000, pointerCount=1
10-30 07:21:18.664  1945  2498 D InputTransport: channel 'swipe-up (server)' : action=ACTION_UP(0), id=0, displayId=0, tooltype=1, deviceId=-1, source=0x1002, flags=0x0, edgeFlags=0x0, metaState=0x0, buttonState=0x1, downTime=123873509000000, eventTime=123873592000000, pointerCount=1
10-30 07:21:18.664  1945  2498 D InputTransport: channel 'swipe-up (server)' : action=ACTION_UP(0), id=0, displayId=0, tooltype=1, deviceId=-1, source=0x1002, flags=0x0, edgeFlags=0x0, metaState=0x0, buttonState=0x1, downTime=123873509000000, eventTime=123873592000000, pointerCount=1
10-30 07:21:18.664  1945  2498 D InputTransport: channel 'swipe-up (server)' : action=ACTION_UP(0), id=0, displayId=0, tooltype=1, deviceId=-1, source=0x1002, flags=0x0, edgeFlags=0x0, metaState=0x0, buttonState=0x1, downTime=123873509000000, eventTime=123873592000000, pointerCount=1
10-30 07:21:18.664  1945  2498 D InputTransport: channel 'PointerEventDispatcher0 (server)' : action=ACTION_UP(0), id=0, displayId=0, tooltype=1, deviceId=-1, source=0x1002, flags=0x0, edgeFlags=0x0, metaState=0x0, buttonState=0x1, downTime=123873509000000, eventTime=123873592000000, pointerCount=1
10-30 07:21:18.675 19032 19032 I View    : PerformClick: com.google.android.material.button.MaterialButton{eed446d VFED..C.. ...p..ID 561,1458-1038,1584 #7f080169 app:id/next_button}
10-30 07:21:18.675 19032 19032 I View    : MotionEvent.ACTION_UP: mPrivateFlags: -2128590800,   mHasPerformedLongPress: false,   mIgnoreNextUpEvent: false
10-30 07:21:18.700  1945  2548 V SoundPool: play(soundID=1, leftVolume=1.000000, rightVolume=1.000000, priority=0, loop=0, rate=1.000000)
10-30 07:21:18.702  1945  2548 V AudioTrack: setSampleRate(572): prior state:STATE_STOPPED rate:48000
10-30 07:21:18.703  1945  2548 V AudioTrack: start(572): prior state:STATE_STOPPED
10-30 07:21:18.703  1945  2548 V AudioTrack: start(572): server read:-5288  cumulative flushed:0  client written:0
10-30 07:21:18.703  2580  2580 V AF::Track: start(597): calling pid 1945 session 5353
10-30 07:21:18.703  2580  2580 V AudioPolicyService: AudioCommandThread() adding start output portId 572
10-30 07:21:18.704  2580  2580 V AudioPolicyService: inserting command: 3 at index 0, num commands 0
10-30 07:21:18.704  2580  2595 V AudioPolicyService: AudioCommandThread() processing start output portId 572
10-30 07:21:18.704  2580  2595 D APM_AudioPolicyManager: startOutput portId 572 output primary->(primary output)(13), stream 1, session 5353
10-30 07:21:18.704  2580  2595 V APM_AudioPolicyManager: setBeaconMute(1) mBeaconMuteRefCount=1 mBeaconPlayingRefCount=0
10-30 07:21:18.705  2580  2595 V APM_AudioPolicyManager: selectOutputForMusicEffects selected output 13
10-30 07:21:18.705  2580  2595 V APM_AudioPolicyManager: getNewOutputDevices selected devices {type:0x2,@:}
10-30 07:21:18.705  2580  2595 V APM_AudioPolicyManager: setOutputDevices device {type:0x2,@:} delayMs 0
10-30 07:21:18.705  2580  2595 V APM_AudioPolicyManager: setOutputDevices() prevDevice {type:0x2,@:}
10-30 07:21:18.705  2580  2595 V APM_AudioPolicyManager: setOutputDevices: suppressing checkDeviceMuteStrategies
10-30 07:21:18.705  2580  2595 V APM_AudioPolicyManager: setOutputDevices setting same device {type:0x2,@:} or null device, force=0, patch handle=4
10-30 07:21:18.706  2580  2595 V AudioPolicyService: AudioCommandThread() going to sleep
10-30 07:21:18.706  1945  2548 V SoundPool: play returned 2744
10-30 07:21:18.709  1945  4035 V AudioSystem: ioConfigChanged() event 8
10-30 07:21:18.709  1945  4035 V AudioSystem: ioConfigChanged() AUDIO_CLIENT_STARTED  io 13 port 572 num callbacks 0
10-30 07:21:18.731  1432  1432 D vendor.lge.hardware.thermal@1.2-impl: Read value from /proc/lge_power/adc/vts, 250
10-30 07:21:18.743  1432  1432 D vendor.lge.hardware.thermal@1.2-impl: Read value from /proc/lge_power/adc/vts, 250
10-30 07:21:18.767  2580  2617 V AF::Track: getNextBuffer(597): underrun,  framesReady(0) < framesDesired(236), state: 6
10-30 07:21:18.769  2580  2618 D AF::Track: presentationComplete(597): set: mPresentationCompleteFrames 1290864 audioHalFrames 624
10-30 07:21:18.769  2580  2618 V AF::Track: presentationComplete(597): waiting framesWritten:1290240  mPresentationCompleteFrames:1290864
10-30 07:21:18.776  1945 19073 V AudioTrack: stop(572): prior state:STATE_ACTIVE
10-30 07:21:18.777  2580  2580 V AF::Track: stop(597): calling pid 1945
10-30 07:21:18.809  2580  2618 V AF::Track: presentationComplete(597): presentationComplete() mPresentationCompleteFrames 1290864 framesWritten 1292160
10-30 07:21:18.809  2580  2618 V AF::Track: presentationComplete(597): complete framesWritten:1292160  mPresentationCompleteFrames:1290864
10-30 07:21:18.816  2580  2618 V AudioPolicyService: AudioCommandThread() adding stop output portId 572
10-30 07:21:18.817  2580  2618 V AudioPolicyService: inserting command: 4 at index 0, num commands 0
10-30 07:21:18.817  2580  2595 V AudioPolicyService: AudioCommandThread() processing stop output portId 572
10-30 07:21:18.817  2580  2595 V APM_AudioPolicyManager: stopOutput() portId 572 output 13, stream 1, session 5353
10-30 07:21:18.817  2580  2595 V APM_AudioPolicyManager: setBeaconMute(1) mBeaconMuteRefCount=0 mBeaconPlayingRefCount=0
10-30 07:21:18.818  2580  2595 V APM_AudioPolicyManager: getNewOutputDevices selected devices AUDIO_DEVICE_NONE
10-30 07:21:18.818  2580  2595 V APM_AudioPolicyManager: setOutputDevices device AUDIO_DEVICE_NONE delayMs 106
10-30 07:21:18.818  2580  2595 V APM_AudioPolicyManager: setOutputDevices() prevDevice {type:0x2,@:}
10-30 07:21:18.821  2580  2595 V APM_AudioPolicyManager: setOutputDevices setting same device AUDIO_DEVICE_NONE or null device, force=0, patch handle=4
10-30 07:21:18.822  2580  2595 V APM_AudioPolicyManager: selectOutputForMusicEffects selected output 13
10-30 07:21:18.823  2580  2595 V AudioPolicyService: AudioCommandThread() going to sleep
10-30 07:21:19.132 19032 19032 I ViewInteraction: Performing 'single click' action on view view.getId() is <2131231187/com.example.lunchtray:id/soup>
10-30 07:21:19.139  1945  2498 D InputTransport: channel '9247903 com.example.lunchtray/com.example.lunchtray.MainActivity (server)' : action=ACTION_DOWN(0), id=0, displayId=0, tooltype=0, deviceId=-1, source=0x1002, flags=0x0, edgeFlags=0x0, metaState=0x0, buttonState=0x1, downTime=123874067000000, eventTime=123874067000000, pointerCount=1
10-30 07:21:19.140  1945  2498 D InputTransport: channel 'edge-swipe (server)' : action=ACTION_DOWN(0), id=0, displayId=0, tooltype=0, deviceId=-1, source=0x1002, flags=0x0, edgeFlags=0x0, metaState=0x0, buttonState=0x1, downTime=123874067000000, eventTime=123874067000000, pointerCount=1
10-30 07:21:19.140  1945  2498 D InputTransport: channel 'swipe-up (server)' : action=ACTION_DOWN(0), id=0, displayId=0, tooltype=0, deviceId=-1, source=0x1002, flags=0x0, edgeFlags=0x0, metaState=0x0, buttonState=0x1, downTime=123874067000000, eventTime=123874067000000, pointerCount=1
10-30 07:21:19.140  1945  2498 D InputTransport: channel 'swipe-up (server)' : action=ACTION_DOWN(0), id=0, displayId=0, tooltype=0, deviceId=-1, source=0x1002, flags=0x0, edgeFlags=0x0, metaState=0x0, buttonState=0x1, downTime=123874067000000, eventTime=123874067000000, pointerCount=1
10-30 07:21:19.140  1945  2498 D InputTransport: channel 'swipe-up (server)' : action=ACTION_DOWN(0), id=0, displayId=0, tooltype=0, deviceId=-1, source=0x1002, flags=0x0, edgeFlags=0x0, metaState=0x0, buttonState=0x1, downTime=123874067000000, eventTime=123874067000000, pointerCount=1
10-30 07:21:19.140  1945  2498 D InputTransport: channel 'swipe-up (server)' : action=ACTION_DOWN(0), id=0, displayId=0, tooltype=0, deviceId=-1, source=0x1002, flags=0x0, edgeFlags=0x0, metaState=0x0, buttonState=0x1, downTime=123874067000000, eventTime=123874067000000, pointerCount=1
10-30 07:21:19.140  1945  2498 D InputTransport: channel 'PointerEventDispatcher0 (server)' : action=ACTION_DOWN(0), id=0, displayId=0, tooltype=0, deviceId=-1, source=0x1002, flags=0x0, edgeFlags=0x0, metaState=0x0, buttonState=0x1, downTime=123874067000000, eventTime=123874067000000, pointerCount=1
10-30 07:21:19.145  1945  4035 D WifiClientModeImpl[wlan0]: getConativeWiFiQualityStatus keep previous WifiQuailityInfo
10-30 07:21:19.221  1945  2498 D InputTransport: channel '9247903 com.example.lunchtray/com.example.lunchtray.MainActivity (server)' : action=ACTION_UP(0), id=0, displayId=0, tooltype=1, deviceId=-1, source=0x1002, flags=0x0, edgeFlags=0x0, metaState=0x0, buttonState=0x1, downTime=123874067000000, eventTime=123874150000000, pointerCount=1
10-30 07:21:19.222  1945  2498 D InputTransport: channel 'edge-swipe (server)' : action=ACTION_UP(0), id=0, displayId=0, tooltype=1, deviceId=-1, source=0x1002, flags=0x0, edgeFlags=0x0, metaState=0x0, buttonState=0x1, downTime=123874067000000, eventTime=123874150000000, pointerCount=1
10-30 07:21:19.222  1945  2498 D InputTransport: channel 'swipe-up (server)' : action=ACTION_UP(0), id=0, displayId=0, tooltype=1, deviceId=-1, source=0x1002, flags=0x0, edgeFlags=0x0, metaState=0x0, buttonState=0x1, downTime=123874067000000, eventTime=123874150000000, pointerCount=1
10-30 07:21:19.222  1945  2498 D InputTransport: channel 'swipe-up (server)' : action=ACTION_UP(0), id=0, displayId=0, tooltype=1, deviceId=-1, source=0x1002, flags=0x0, edgeFlags=0x0, metaState=0x0, buttonState=0x1, downTime=123874067000000, eventTime=123874150000000, pointerCount=1
10-30 07:21:19.222  1945  2498 D InputTransport: channel 'swipe-up (server)' : action=ACTION_UP(0), id=0, displayId=0, tooltype=1, deviceId=-1, source=0x1002, flags=0x0, edgeFlags=0x0, metaState=0x0, buttonState=0x1, downTime=123874067000000, eventTime=123874150000000, pointerCount=1
10-30 07:21:19.222  1945  2498 D InputTransport: channel 'swipe-up (server)' : action=ACTION_UP(0), id=0, displayId=0, tooltype=1, deviceId=-1, source=0x1002, flags=0x0, edgeFlags=0x0, metaState=0x0, buttonState=0x1, downTime=123874067000000, eventTime=123874150000000, pointerCount=1
10-30 07:21:19.223  1945  2498 D InputTransport: channel 'PointerEventDispatcher0 (server)' : action=ACTION_UP(0), id=0, displayId=0, tooltype=1, deviceId=-1, source=0x1002, flags=0x0, edgeFlags=0x0, metaState=0x0, buttonState=0x1, downTime=123874067000000, eventTime=123874150000000, pointerCount=1
10-30 07:21:19.230 19032 19032 I View    : PerformClick: com.google.android.material.radiobutton.MaterialRadioButton{2f7749d VFED..C.. ...p..ID 0,326-582,452 #7f0801d3 app:id/soup}
10-30 07:21:19.230 19032 19032 I View    : MotionEvent.ACTION_UP: mPrivateFlags: -2128590800,   mHasPerformedLongPress: false,   mIgnoreNextUpEvent: false
10-30 07:21:19.269  1945  2548 V SoundPool: play(soundID=1, leftVolume=1.000000, rightVolume=1.000000, priority=0, loop=0, rate=1.000000)
10-30 07:21:19.270  1945  2548 V AudioTrack: setSampleRate(572): prior state:STATE_STOPPED rate:48000
10-30 07:21:19.270  1945  2548 V AudioTrack: start(572): prior state:STATE_STOPPED
10-30 07:21:19.270  1945  2548 V AudioTrack: start(572): server read:-7932  cumulative flushed:0  client written:0
10-30 07:21:19.270  2580  2580 V AF::Track: start(597): calling pid 1945 session 5353
10-30 07:21:19.270  2580  2580 V AudioPolicyService: AudioCommandThread() adding start output portId 572
10-30 07:21:19.271  2580  2580 V AudioPolicyService: inserting command: 3 at index 0, num commands 0
10-30 07:21:19.272  2580  2595 V AudioPolicyService: AudioCommandThread() processing start output portId 572
10-30 07:21:19.272  2580  2595 D APM_AudioPolicyManager: startOutput portId 572 output primary->(primary output)(13), stream 1, session 5353
10-30 07:21:19.272  2580  2595 V APM_AudioPolicyManager: setBeaconMute(1) mBeaconMuteRefCount=1 mBeaconPlayingRefCount=0
10-30 07:21:19.272  2580  2595 V APM_AudioPolicyManager: selectOutputForMusicEffects selected output 13
10-30 07:21:19.273  2580  2595 V APM_AudioPolicyManager: getNewOutputDevices selected devices {type:0x2,@:}
10-30 07:21:19.273  2580  2595 V APM_AudioPolicyManager: setOutputDevices device {type:0x2,@:} delayMs 0
10-30 07:21:19.273  2580  2595 V APM_AudioPolicyManager: setOutputDevices() prevDevice {type:0x2,@:}
10-30 07:21:19.273  2580  2595 V APM_AudioPolicyManager: setOutputDevices: suppressing checkDeviceMuteStrategies
10-30 07:21:19.273  2580  2595 V APM_AudioPolicyManager: setOutputDevices setting same device {type:0x2,@:} or null device, force=0, patch handle=4
10-30 07:21:19.273  2580  2595 V AudioPolicyService: AudioCommandThread() going to sleep
10-30 07:21:19.274  1945  2548 V SoundPool: play returned 2745
10-30 07:21:19.277  1945  4035 V AudioSystem: ioConfigChanged() event 8
10-30 07:21:19.277  1945  4035 V AudioSystem: ioConfigChanged() AUDIO_CLIENT_STARTED  io 13 port 572 num callbacks 0
10-30 07:21:19.334  2580  2617 V AF::Track: getNextBuffer(597): underrun,  framesReady(0) < framesDesired(236), state: 6
10-30 07:21:19.344  1945 19073 V AudioTrack: stop(572): prior state:STATE_ACTIVE
10-30 07:21:19.345  2580  2580 V AF::Track: stop(597): calling pid 1945
10-30 07:21:19.346  2580  2618 D AF::Track: presentationComplete(597): set: mPresentationCompleteFrames 1318704 audioHalFrames 624
10-30 07:21:19.346  2580  2618 V AF::Track: presentationComplete(597): waiting framesWritten:1318080  mPresentationCompleteFrames:1318704
10-30 07:21:19.385  2580  2618 V AF::Track: presentationComplete(597): presentationComplete() mPresentationCompleteFrames 1318704 framesWritten 1320000
10-30 07:21:19.386  2580  2618 V AF::Track: presentationComplete(597): complete framesWritten:1320000  mPresentationCompleteFrames:1318704
10-30 07:21:19.389  2580  2618 V AudioPolicyService: AudioCommandThread() adding stop output portId 572
10-30 07:21:19.391  2580  2618 V AudioPolicyService: inserting command: 4 at index 0, num commands 0
10-30 07:21:19.391  2580  2595 V AudioPolicyService: AudioCommandThread() processing stop output portId 572
10-30 07:21:19.391  2580  2595 V APM_AudioPolicyManager: stopOutput() portId 572 output 13, stream 1, session 5353
10-30 07:21:19.391  2580  2595 V APM_AudioPolicyManager: setBeaconMute(1) mBeaconMuteRefCount=0 mBeaconPlayingRefCount=0
10-30 07:21:19.392  2580  2595 V APM_AudioPolicyManager: getNewOutputDevices selected devices AUDIO_DEVICE_NONE
10-30 07:21:19.392  2580  2595 V APM_AudioPolicyManager: setOutputDevices device AUDIO_DEVICE_NONE delayMs 106
10-30 07:21:19.392  2580  2595 V APM_AudioPolicyManager: setOutputDevices() prevDevice {type:0x2,@:}
10-30 07:21:19.396  2580  2595 V APM_AudioPolicyManager: setOutputDevices setting same device AUDIO_DEVICE_NONE or null device, force=0, patch handle=4
10-30 07:21:19.396  2580  2595 V APM_AudioPolicyManager: selectOutputForMusicEffects selected output 13
10-30 07:21:19.397  2580  2595 V AudioPolicyService: AudioCommandThread() going to sleep
10-30 07:21:19.648  1673  1699 I PowerRM : CF-1 b-1
10-30 07:21:19.648  1673  1699 I PowerRM : REQF = -1
10-30 07:21:19.648  1673  1699 I Powercontrol_Client: Notify refreshrate 160:60:-1
10-30 07:21:19.649  1418  1447 I vendor.lge.hardware.powercontrol@1.3-impl: notify_refreshrate_limit to 160/60/-1
10-30 07:21:19.682 19032 19032 I ViewInteraction: Performing 'single click' action on view view.getId() is <2131230842/com.example.lunchtray:id/cancel_button>
10-30 07:21:19.689  1945  2498 D InputTransport: channel '9247903 com.example.lunchtray/com.example.lunchtray.MainActivity (server)' : action=ACTION_DOWN(0), id=0, displayId=0, tooltype=0, deviceId=-1, source=0x1002, flags=0x0, edgeFlags=0x0, metaState=0x0, buttonState=0x1, downTime=123874618000000, eventTime=123874618000000, pointerCount=1
10-30 07:21:19.689  1945  2498 D InputTransport: channel 'edge-swipe (server)' : action=ACTION_DOWN(0), id=0, displayId=0, tooltype=0, deviceId=-1, source=0x1002, flags=0x0, edgeFlags=0x0, metaState=0x0, buttonState=0x1, downTime=123874618000000, eventTime=123874618000000, pointerCount=1
10-30 07:21:19.690  1945  2498 D InputTransport: channel 'swipe-up (server)' : action=ACTION_DOWN(0), id=0, displayId=0, tooltype=0, deviceId=-1, source=0x1002, flags=0x0, edgeFlags=0x0, metaState=0x0, buttonState=0x1, downTime=123874618000000, eventTime=123874618000000, pointerCount=1
10-30 07:21:19.690  1945  2498 D InputTransport: channel 'swipe-up (server)' : action=ACTION_DOWN(0), id=0, displayId=0, tooltype=0, deviceId=-1, source=0x1002, flags=0x0, edgeFlags=0x0, metaState=0x0, buttonState=0x1, downTime=123874618000000, eventTime=123874618000000, pointerCount=1
10-30 07:21:19.690  1945  2498 D InputTransport: channel 'swipe-up (server)' : action=ACTION_DOWN(0), id=0, displayId=0, tooltype=0, deviceId=-1, source=0x1002, flags=0x0, edgeFlags=0x0, metaState=0x0, buttonState=0x1, downTime=123874618000000, eventTime=123874618000000, pointerCount=1
10-30 07:21:19.690  1945  2498 D InputTransport: channel 'swipe-up (server)' : action=ACTION_DOWN(0), id=0, displayId=0, tooltype=0, deviceId=-1, source=0x1002, flags=0x0, edgeFlags=0x0, metaState=0x0, buttonState=0x1, downTime=123874618000000, eventTime=123874618000000, pointerCount=1
10-30 07:21:19.690  1945  2498 D InputTransport: channel 'PointerEventDispatcher0 (server)' : action=ACTION_DOWN(0), id=0, displayId=0, tooltype=0, deviceId=-1, source=0x1002, flags=0x0, edgeFlags=0x0, metaState=0x0, buttonState=0x1, downTime=123874618000000, eventTime=123874618000000, pointerCount=1
10-30 07:21:19.772  1945  2498 D InputTransport: channel '9247903 com.example.lunchtray/com.example.lunchtray.MainActivity (server)' : action=ACTION_UP(0), id=0, displayId=0, tooltype=1, deviceId=-1, source=0x1002, flags=0x0, edgeFlags=0x0, metaState=0x0, buttonState=0x1, downTime=123874618000000, eventTime=123874701000000, pointerCount=1
