10-30 07:21:19.773  1945  2498 D InputTransport: channel 'edge-swipe (server)' : action=ACTION_UP(0), id=0, displayId=0, tooltype=1, deviceId=-1, source=0x1002, flags=0x0, edgeFlags=0x0, metaState=0x0, buttonState=0x1, downTime=123874618000000, eventTime=123874701000000, pointerCount=1
10-30 07:21:19.773  1945  2498 D InputTransport: channel 'swipe-up (server)' : action=ACTION_UP(0), id=0, displayId=0, tooltype=1, deviceId=-1, source=0x1002, flags=0x0, edgeFlags=0x0, metaState=0x0, buttonState=0x1, downTime=123874618000000, eventTime=123874701000000, pointerCount=1
10-30 07:21:19.773  1945  2498 D InputTransport: channel 'swipe-up (server)' : action=ACTION_UP(0), id=0, displayId=0, tooltype=1, deviceId=-1, source=0x1002, flags=0x0, edgeFlags=0x0, metaState=0x0, buttonState=0x1, downTime=123874618000000, eventTime=123874701000000, pointerCount=1
10-30 07:21:19.773  1945  2498 D InputTransport: channel 'swipe-up (server)' : action=ACTION_UP(0), id=0, displayId=0, tooltype=1, deviceId=-1, source=0x1002, flags=0x0, edgeFlags=0x0, metaState=0x0, buttonState=0x1, downTime=123874618000000, eventTime=123874701000000, pointerCount=1
10-30 07:21:19.773  1945  2498 D InputTransport: channel 'swipe-up (server)' : action=ACTION_UP(0), id=0, displayId=0, tooltype=1, deviceId=-1, source=0x1002, flags=0x0, edgeFlags=0x0, metaState=0x0, buttonState=0x1, downTime=123874618000000, eventTime=123874701000000, pointerCount=1
10-30 07:21:19.773  1945  2498 D InputTransport: channel 'PointerEventDispatcher0 (server)' : action=ACTION_UP(0), id=0, displayId=0, tooltype=1, deviceId=-1, source=0x1002, flags=0x0, edgeFlags=0x0, metaState=0x0, buttonState=0x1, downTime=123874618000000, eventTime=123874701000000, pointerCount=1
10-30 07:21:19.779 19032 19032 I View    : PerformClick: com.google.android.material.button.MaterialButton{8a8c7ca VFED..C.. ...p..ID 42,1364-519,1490 #7f08007a app:id/cancel_button}
10-30 07:21:19.779 19032 19032 I View    : MotionEvent.ACTION_UP: mPrivateFlags: -2128590800,   mHasPerformedLongPress: false,   mIgnoreNextUpEvent: false
10-30 07:21:19.823  1945  2548 V SoundPool: play(soundID=1, leftVolume=1.000000, rightVolume=1.000000, priority=0, loop=0, rate=1.000000)
10-30 07:21:19.824  1945  2548 V AudioTrack: setSampleRate(572): prior state:STATE_STOPPED rate:48000
10-30 07:21:19.825  1945  2548 V AudioTrack: start(572): prior state:STATE_STOPPED
10-30 07:21:19.825  1945  2548 V AudioTrack: start(572): server read:-10576  cumulative flushed:0  client written:0
10-30 07:21:19.825  2580  2580 V AF::Track: start(597): calling pid 1945 session 5353
10-30 07:21:19.825  2580  2580 V AudioPolicyService: AudioCommandThread() adding start output portId 572
10-30 07:21:19.826  2580  2580 V AudioPolicyService: inserting command: 3 at index 0, num commands 0
10-30 07:21:19.828  2580  2595 V AudioPolicyService: AudioCommandThread() processing start output portId 572
10-30 07:21:19.828  2580  2595 D APM_AudioPolicyManager: startOutput portId 572 output primary->(primary output)(13), stream 1, session 5353
10-30 07:21:19.828  2580  2595 V APM_AudioPolicyManager: setBeaconMute(1) mBeaconMuteRefCount=1 mBeaconPlayingRefCount=0
10-30 07:21:19.828  2580  2595 V APM_AudioPolicyManager: selectOutputForMusicEffects selected output 13
10-30 07:21:19.829  2580  2595 V APM_AudioPolicyManager: getNewOutputDevices selected devices {type:0x2,@:}
10-30 07:21:19.829  2580  2595 V APM_AudioPolicyManager: setOutputDevices device {type:0x2,@:} delayMs 0
10-30 07:21:19.829  2580  2595 V APM_AudioPolicyManager: setOutputDevices() prevDevice {type:0x2,@:}
10-30 07:21:19.829  2580  2595 V APM_AudioPolicyManager: setOutputDevices: suppressing checkDeviceMuteStrategies
10-30 07:21:19.829  2580  2595 V APM_AudioPolicyManager: setOutputDevices setting same device {type:0x2,@:} or null device, force=0, patch handle=4
10-30 07:21:19.829  2580  2595 V AudioPolicyService: AudioCommandThread() going to sleep
10-30 07:21:19.831  1945  2548 V SoundPool: play returned 2746
10-30 07:21:19.833  1945  4035 V AudioSystem: ioConfigChanged() event 8
10-30 07:21:19.833  1945  4035 V AudioSystem: ioConfigChanged() AUDIO_CLIENT_STARTED  io 13 port 572 num callbacks 0
10-30 07:21:19.887  2580  2617 V AF::Track: getNextBuffer(597): underrun,  framesReady(0) < framesDesired(236), state: 6
10-30 07:21:19.897  1945 19073 V AudioTrack: stop(572): prior state:STATE_ACTIVE
10-30 07:21:19.898  2580  2580 V AF::Track: stop(597): calling pid 1945
10-30 07:21:19.924  2580  2618 D AF::Track: presentationComplete(597): set: mPresentationCompleteFrames 1346544 audioHalFrames 624
10-30 07:21:19.925  2580  2618 V AF::Track: presentationComplete(597): waiting framesWritten:1345920  mPresentationCompleteFrames:1346544
10-30 07:21:19.944  2580  2618 V AF::Track: presentationComplete(597): presentationComplete() mPresentationCompleteFrames 1346544 framesWritten 1346880
10-30 07:21:19.944  2580  2618 V AF::Track: presentationComplete(597): complete framesWritten:1346880  mPresentationCompleteFrames:1346544
10-30 07:21:19.948  2580  2618 V AudioPolicyService: AudioCommandThread() adding stop output portId 572
10-30 07:21:19.949  2580  2618 V AudioPolicyService: inserting command: 4 at index 0, num commands 0
10-30 07:21:19.950  2580  2595 V AudioPolicyService: AudioCommandThread() processing stop output portId 572
10-30 07:21:19.950  2580  2595 V APM_AudioPolicyManager: stopOutput() portId 572 output 13, stream 1, session 5353
10-30 07:21:19.950  2580  2595 V APM_AudioPolicyManager: setBeaconMute(1) mBeaconMuteRefCount=0 mBeaconPlayingRefCount=0
10-30 07:21:19.950  2580  2595 V APM_AudioPolicyManager: getNewOutputDevices selected devices AUDIO_DEVICE_NONE
10-30 07:21:19.951  2580  2595 V APM_AudioPolicyManager: setOutputDevices device AUDIO_DEVICE_NONE delayMs 106
10-30 07:21:19.951  2580  2595 V APM_AudioPolicyManager: setOutputDevices() prevDevice {type:0x2,@:}
10-30 07:21:19.954  2580  2595 V APM_AudioPolicyManager: setOutputDevices setting same device AUDIO_DEVICE_NONE or null device, force=0, patch handle=4
10-30 07:21:19.954  2580  2595 V APM_AudioPolicyManager: selectOutputForMusicEffects selected output 13
10-30 07:21:19.955  2580  2595 V AudioPolicyService: AudioCommandThread() going to sleep
10-30 07:21:20.148  1945  4035 D WifiClientModeImpl[wlan0]: getConativeWiFiQualityStatus keep previous WifiQuailityInfo
10-30 07:21:20.248 19032 19032 I ViewInteraction: Performing 'single click' action on view view.getId() is <2131231208/com.example.lunchtray:id/start_order_btn>
10-30 07:21:20.258  1945  2498 D InputTransport: channel '9247903 com.example.lunchtray/com.example.lunchtray.MainActivity (server)' : action=ACTION_DOWN(0), id=0, displayId=0, tooltype=0, deviceId=-1, source=0x1002, flags=0x0, edgeFlags=0x0, metaState=0x0, buttonState=0x1, downTime=123875186000000, eventTime=123875186000000, pointerCount=1
10-30 07:21:20.258  1945  2498 D InputTransport: channel 'edge-swipe (server)' : action=ACTION_DOWN(0), id=0, displayId=0, tooltype=0, deviceId=-1, source=0x1002, flags=0x0, edgeFlags=0x0, metaState=0x0, buttonState=0x1, downTime=123875186000000, eventTime=123875186000000, pointerCount=1
10-30 07:21:20.258  1945  2498 D InputTransport: channel 'swipe-up (server)' : action=ACTION_DOWN(0), id=0, displayId=0, tooltype=0, deviceId=-1, source=0x1002, flags=0x0, edgeFlags=0x0, metaState=0x0, buttonState=0x1, downTime=123875186000000, eventTime=123875186000000, pointerCount=1
10-30 07:21:20.258  1945  2498 D InputTransport: channel 'swipe-up (server)' : action=ACTION_DOWN(0), id=0, displayId=0, tooltype=0, deviceId=-1, source=0x1002, flags=0x0, edgeFlags=0x0, metaState=0x0, buttonState=0x1, downTime=123875186000000, eventTime=123875186000000, pointerCount=1
10-30 07:21:20.258  1945  2498 D InputTransport: channel 'swipe-up (server)' : action=ACTION_DOWN(0), id=0, displayId=0, tooltype=0, deviceId=-1, source=0x1002, flags=0x0, edgeFlags=0x0, metaState=0x0, buttonState=0x1, downTime=123875186000000, eventTime=123875186000000, pointerCount=1
10-30 07:21:20.258  1945  2498 D InputTransport: channel 'swipe-up (server)' : action=ACTION_DOWN(0), id=0, displayId=0, tooltype=0, deviceId=-1, source=0x1002, flags=0x0, edgeFlags=0x0, metaState=0x0, buttonState=0x1, downTime=123875186000000, eventTime=123875186000000, pointerCount=1
10-30 07:21:20.259  1945  2498 D InputTransport: channel 'PointerEventDispatcher0 (server)' : action=ACTION_DOWN(0), id=0, displayId=0, tooltype=0, deviceId=-1, source=0x1002, flags=0x0, edgeFlags=0x0, metaState=0x0, buttonState=0x1, downTime=123875186000000, eventTime=123875186000000, pointerCount=1
10-30 07:21:20.339  1945  2498 D InputTransport: channel '9247903 com.example.lunchtray/com.example.lunchtray.MainActivity (server)' : action=ACTION_UP(0), id=0, displayId=0, tooltype=1, deviceId=-1, source=0x1002, flags=0x0, edgeFlags=0x0, metaState=0x0, buttonState=0x1, downTime=123875186000000, eventTime=123875267000000, pointerCount=1
10-30 07:21:20.339  1945  2498 D InputTransport: channel 'edge-swipe (server)' : action=ACTION_UP(0), id=0, displayId=0, tooltype=1, deviceId=-1, source=0x1002, flags=0x0, edgeFlags=0x0, metaState=0x0, buttonState=0x1, downTime=123875186000000, eventTime=123875267000000, pointerCount=1
10-30 07:21:20.339  1945  2498 D InputTransport: channel 'swipe-up (server)' : action=ACTION_UP(0), id=0, displayId=0, tooltype=1, deviceId=-1, source=0x1002, flags=0x0, edgeFlags=0x0, metaState=0x0, buttonState=0x1, downTime=123875186000000, eventTime=123875267000000, pointerCount=1
10-30 07:21:20.340  1945  2498 D InputTransport: channel 'swipe-up (server)' : action=ACTION_UP(0), id=0, displayId=0, tooltype=1, deviceId=-1, source=0x1002, flags=0x0, edgeFlags=0x0, metaState=0x0, buttonState=0x1, downTime=123875186000000, eventTime=123875267000000, pointerCount=1
10-30 07:21:20.340  1945  2498 D InputTransport: channel 'swipe-up (server)' : action=ACTION_UP(0), id=0, displayId=0, tooltype=1, deviceId=-1, source=0x1002, flags=0x0, edgeFlags=0x0, metaState=0x0, buttonState=0x1, downTime=123875186000000, eventTime=123875267000000, pointerCount=1
10-30 07:21:20.340  1945  2498 D InputTransport: channel 'swipe-up (server)' : action=ACTION_UP(0), id=0, displayId=0, tooltype=1, deviceId=-1, source=0x1002, flags=0x0, edgeFlags=0x0, metaState=0x0, buttonState=0x1, downTime=123875186000000, eventTime=123875267000000, pointerCount=1
10-30 07:21:20.340  1945  2498 D InputTransport: channel 'PointerEventDispatcher0 (server)' : action=ACTION_UP(0), id=0, displayId=0, tooltype=1, deviceId=-1, source=0x1002, flags=0x0, edgeFlags=0x0, metaState=0x0, buttonState=0x1, downTime=123875186000000, eventTime=123875267000000, pointerCount=1
10-30 07:21:20.342 19032 19032 I View    : PerformClick: com.google.android.material.button.MaterialButton{9432b30 VFED..C.. ...P.... 349,1045-731,1171 #7f0801e8 app:id/start_order_btn}
10-30 07:21:20.343 19032 19032 I View    : MotionEvent.ACTION_UP: mPrivateFlags: 16828464,   mHasPerformedLongPress: false,   mIgnoreNextUpEvent: false
10-30 07:21:20.347  1945  2548 V SoundPool: play(soundID=1, leftVolume=1.000000, rightVolume=1.000000, priority=0, loop=0, rate=1.000000)
10-30 07:21:20.349  1945  2548 V AudioTrack: setSampleRate(572): prior state:STATE_STOPPED rate:48000
10-30 07:21:20.349  1945  2548 V AudioTrack: start(572): prior state:STATE_STOPPED
10-30 07:21:20.350  1945  2548 V AudioTrack: start(572): server read:-13220  cumulative flushed:0  client written:0
10-30 07:21:20.350  2580  2580 V AF::Track: start(597): calling pid 1945 session 5353
10-30 07:21:20.350  2580  2580 V AudioPolicyService: AudioCommandThread() adding start output portId 572
10-30 07:21:20.354  2580  2580 V AudioPolicyService: inserting command: 3 at index 0, num commands 0
10-30 07:21:20.355  2580  2595 V AudioPolicyService: AudioCommandThread() processing start output portId 572
10-30 07:21:20.355  2580  2595 D APM_AudioPolicyManager: startOutput portId 572 output primary->(primary output)(13), stream 1, session 5353
10-30 07:21:20.355  2580  2595 V APM_AudioPolicyManager: setBeaconMute(1) mBeaconMuteRefCount=1 mBeaconPlayingRefCount=0
10-30 07:21:20.356  2580  2595 V APM_AudioPolicyManager: selectOutputForMusicEffects selected output 13
10-30 07:21:20.356  2580  2595 V APM_AudioPolicyManager: getNewOutputDevices selected devices {type:0x2,@:}
10-30 07:21:20.356  2580  2595 V APM_AudioPolicyManager: setOutputDevices device {type:0x2,@:} delayMs 0
10-30 07:21:20.356  2580  2595 V APM_AudioPolicyManager: setOutputDevices() prevDevice {type:0x2,@:}
10-30 07:21:20.356  2580  2595 V APM_AudioPolicyManager: setOutputDevices: suppressing checkDeviceMuteStrategies
10-30 07:21:20.356  2580  2595 V APM_AudioPolicyManager: setOutputDevices setting same device {type:0x2,@:} or null device, force=0, patch handle=4
10-30 07:21:20.357  2580  2595 V AudioPolicyService: AudioCommandThread() going to sleep
10-30 07:21:20.358  1945  2548 V SoundPool: play returned 2747
10-30 07:21:20.363  1945  4035 V AudioSystem: ioConfigChanged() event 8
10-30 07:21:20.363  1945  4035 V AudioSystem: ioConfigChanged() AUDIO_CLIENT_STARTED  io 13 port 572 num callbacks 0
10-30 07:21:20.420  2580  2617 V AF::Track: getNextBuffer(597): underrun,  framesReady(0) < framesDesired(236), state: 6
10-30 07:21:20.423  2580  2618 D AF::Track: presentationComplete(597): set: mPresentationCompleteFrames 1370544 audioHalFrames 624
10-30 07:21:20.423  2580  2618 V AF::Track: presentationComplete(597): waiting framesWritten:1369920  mPresentationCompleteFrames:1370544
10-30 07:21:20.427  1945 19073 V AudioTrack: stop(572): prior state:STATE_ACTIVE
10-30 07:21:20.428  2580  2580 V AF::Track: stop(597): calling pid 1945
10-30 07:21:20.463  2580  2618 V AF::Track: presentationComplete(597): presentationComplete() mPresentationCompleteFrames 1370544 framesWritten 1371840
10-30 07:21:20.463  2580  2618 V AF::Track: presentationComplete(597): complete framesWritten:1371840  mPresentationCompleteFrames:1370544
10-30 07:21:20.470  2580  2618 V AudioPolicyService: AudioCommandThread() adding stop output portId 572
10-30 07:21:20.471  2580  2618 V AudioPolicyService: inserting command: 4 at index 0, num commands 0
10-30 07:21:20.471  2580  2595 V AudioPolicyService: AudioCommandThread() processing stop output portId 572
10-30 07:21:20.471  2580  2595 V APM_AudioPolicyManager: stopOutput() portId 572 output 13, stream 1, session 5353
10-30 07:21:20.471  2580  2595 V APM_AudioPolicyManager: setBeaconMute(1) mBeaconMuteRefCount=0 mBeaconPlayingRefCount=0
10-30 07:21:20.472  2580  2595 V APM_AudioPolicyManager: getNewOutputDevices selected devices AUDIO_DEVICE_NONE
10-30 07:21:20.472  2580  2595 V APM_AudioPolicyManager: setOutputDevices device AUDIO_DEVICE_NONE delayMs 106
10-30 07:21:20.472  2580  2595 V APM_AudioPolicyManager: setOutputDevices() prevDevice {type:0x2,@:}
10-30 07:21:20.475  2580  2595 V APM_AudioPolicyManager: setOutputDevices setting same device AUDIO_DEVICE_NONE or null device, force=0, patch handle=4
10-30 07:21:20.476  2580  2595 V APM_AudioPolicyManager: selectOutputForMusicEffects selected output 13
10-30 07:21:20.476  2580  2595 V AudioPolicyService: AudioCommandThread() going to sleep
10-30 07:21:20.634  1363 18506 D sensors_hal_accel: handle_sns_client_event:446, accel_sample(accelcal_available:0): ts=285465573165466 ns; value = [0.161668, -0.025525, 9.809883], status=3
10-30 07:21:20.839 19032 19032 I ViewInteraction: Checking 'MatchesViewAssertion{viewMatcher=(view has effective visibility <VISIBLE> and view.getGlobalVisibleRect() to return non-empty rectangle)}' assertion on view an instance of android.widget.TextView and view.getText() with or without transformation to match: is "Subtotal: 0,00"
10-30 07:21:20.841 19032 19053 I TestRunner: finished: order_reset_after_cancel_from_side_menu(com.example.lunchtray.OrderFunctionalityTests)
