10-30 07:21:06.369  1945  2498 D InputTransport: channel 'swipe-up (server)' : action=ACTION_DOWN(0), id=0, displayId=0, tooltype=0, deviceId=-1, source=0x1002, flags=0x0, edgeFlags=0x0, metaState=0x0, buttonState=0x1, downTime=123861298000000, eventTime=123861298000000, pointerCount=1
10-30 07:21:06.369  1945  2498 D InputTransport: channel 'swipe-up (server)' : action=ACTION_DOWN(0), id=0, displayId=0, tooltype=0, deviceId=-1, source=0x1002, flags=0x0, edgeFlags=0x0, metaState=0x0, buttonState=0x1, downTime=123861298000000, eventTime=123861298000000, pointerCount=1
10-30 07:21:06.370  1945  2498 D InputTransport: channel 'swipe-up (server)' : action=ACTION_DOWN(0), id=0, displayId=0, tooltype=0, deviceId=-1, source=0x1002, flags=0x0, edgeFlags=0x0, metaState=0x0, buttonState=0x1, downTime=123861298000000, eventTime=123861298000000, pointerCount=1
10-30 07:21:06.370  1945  2498 D InputTransport: channel 'swipe-up (server)' : action=ACTION_DOWN(0), id=0, displayId=0, tooltype=0, deviceId=-1, source=0x1002, flags=0x0, edgeFlags=0x0, metaState=0x0, buttonState=0x1, downTime=123861298000000, eventTime=123861298000000, pointerCount=1
10-30 07:21:06.370  1945  2498 D InputTransport: channel 'PointerEventDispatcher0 (server)' : action=ACTION_DOWN(0), id=0, displayId=0, tooltype=0, deviceId=-1, source=0x1002, flags=0x0, edgeFlags=0x0, metaState=0x0, buttonState=0x1, downTime=123861298000000, eventTime=123861298000000, pointerCount=1
10-30 07:21:06.452  1945  2498 D InputTransport: channel 'a0473f5 com.example.lunchtray/com.example.lunchtray.MainActivity (server)' : action=ACTION_UP(0), id=0, displayId=0, tooltype=1, deviceId=-1, source=0x1002, flags=0x0, edgeFlags=0x0, metaState=0x0, buttonState=0x1, downTime=123861298000000, eventTime=123861381000000, pointerCount=1
10-30 07:21:06.452  1945  2498 D InputTransport: channel 'edge-swipe (server)' : action=ACTION_UP(0), id=0, displayId=0, tooltype=1, deviceId=-1, source=0x1002, flags=0x0, edgeFlags=0x0, metaState=0x0, buttonState=0x1, downTime=123861298000000, eventTime=123861381000000, pointerCount=1
10-30 07:21:06.453  1945  2498 D InputTransport: channel 'swipe-up (server)' : action=ACTION_UP(0), id=0, displayId=0, tooltype=1, deviceId=-1, source=0x1002, flags=0x0, edgeFlags=0x0, metaState=0x0, buttonState=0x1, downTime=123861298000000, eventTime=123861381000000, pointerCount=1
10-30 07:21:06.453  1945  2498 D InputTransport: channel 'swipe-up (server)' : action=ACTION_UP(0), id=0, displayId=0, tooltype=1, deviceId=-1, source=0x1002, flags=0x0, edgeFlags=0x0, metaState=0x0, buttonState=0x1, downTime=123861298000000, eventTime=123861381000000, pointerCount=1
10-30 07:21:06.453  1945  2498 D InputTransport: channel 'swipe-up (server)' : action=ACTION_UP(0), id=0, displayId=0, tooltype=1, deviceId=-1, source=0x1002, flags=0x0, edgeFlags=0x0, metaState=0x0, buttonState=0x1, downTime=123861298000000, eventTime=123861381000000, pointerCount=1
10-30 07:21:06.453  1945  2498 D InputTransport: channel 'swipe-up (server)' : action=ACTION_UP(0), id=0, displayId=0, tooltype=1, deviceId=-1, source=0x1002, flags=0x0, edgeFlags=0x0, metaState=0x0, buttonState=0x1, downTime=123861298000000, eventTime=123861381000000, pointerCount=1
10-30 07:21:06.453  1945  2498 D InputTransport: channel 'PointerEventDispatcher0 (server)' : action=ACTION_UP(0), id=0, displayId=0, tooltype=1, deviceId=-1, source=0x1002, flags=0x0, edgeFlags=0x0, metaState=0x0, buttonState=0x1, downTime=123861298000000, eventTime=123861381000000, pointerCount=1
10-30 07:21:06.460 19032 19032 I View    : PerformClick: com.google.android.material.radiobutton.MaterialRadioButton{74ef792 VFED..C.. ...p..ID 0,0-309,126 #7f080073 app:id/bread}
10-30 07:21:06.460 19032 19032 I View    : MotionEvent.ACTION_UP: mPrivateFlags: -2128590800,   mHasPerformedLongPress: false,   mIgnoreNextUpEvent: false
10-30 07:21:06.506  1945  2548 V SoundPool: play(soundID=1, leftVolume=1.000000, rightVolume=1.000000, priority=0, loop=0, rate=1.000000)
10-30 07:21:06.508  1945  2548 V AudioTrack: setSampleRate(546): prior state:STATE_STOPPED rate:48000
10-30 07:21:06.508  1945  2548 V AudioTrack: start(546): prior state:STATE_STOPPED
10-30 07:21:06.508  1945  2548 V AudioTrack: start(546): server read:-848724  cumulative flushed:0  client written:0
10-30 07:21:06.509  2580 26577 V AF::Track: start(571): calling pid 1945 session 4681
10-30 07:21:06.509  2580 26577 V AudioPolicyService: AudioCommandThread() adding start output portId 546
10-30 07:21:06.511  2580 26577 V AudioPolicyService: inserting command: 3 at index 0, num commands 0
10-30 07:21:06.512  2580  2595 V AudioPolicyService: AudioCommandThread() processing start output portId 546
10-30 07:21:06.512  2580  2595 D APM_AudioPolicyManager: startOutput portId 546 output primary->(primary output)(13), stream 1, session 4681
10-30 07:21:06.512  2580  2595 V APM_AudioPolicyManager: setBeaconMute(1) mBeaconMuteRefCount=1 mBeaconPlayingRefCount=0
10-30 07:21:06.512  2580  2595 V APM_AudioPolicyManager: selectOutputForMusicEffects selected output 13
10-30 07:21:06.513  2580  2595 V APM_AudioPolicyManager: getNewOutputDevices selected devices {type:0x2,@:}
10-30 07:21:06.513  2580  2595 V APM_AudioPolicyManager: setOutputDevices device {type:0x2,@:} delayMs 0
10-30 07:21:06.513  2580  2595 V APM_AudioPolicyManager: setOutputDevices() prevDevice {type:0x2,@:}
10-30 07:21:06.513  2580  2595 V APM_AudioPolicyManager: setOutputDevices: suppressing checkDeviceMuteStrategies
10-30 07:21:06.513  2580  2595 V APM_AudioPolicyManager: setOutputDevices setting same device {type:0x2,@:} or null device, force=0, patch handle=4
10-30 07:21:06.513  2580  2595 V AudioPolicyService: AudioCommandThread() going to sleep
10-30 07:21:06.515  1945  2548 V SoundPool: play returned 2723
10-30 07:21:06.522  1945  3374 V AudioSystem: ioConfigChanged() event 8
10-30 07:21:06.522  1945  3374 V AudioSystem: ioConfigChanged() AUDIO_CLIENT_STARTED  io 13 port 546 num callbacks 0
10-30 07:21:06.580  2580  2617 V AF::Track: getNextBuffer(571): underrun,  framesReady(0) < framesDesired(236), state: 6
10-30 07:21:06.582  2580  2618 D AF::Track: presentationComplete(571): set: mPresentationCompleteFrames 706224 audioHalFrames 624
10-30 07:21:06.582  2580  2618 V AF::Track: presentationComplete(571): waiting framesWritten:705600  mPresentationCompleteFrames:706224
10-30 07:21:06.588  1945 19073 V AudioTrack: stop(546): prior state:STATE_ACTIVE
10-30 07:21:06.589  2580 26577 V AF::Track: stop(571): calling pid 1945
10-30 07:21:06.622  2580  2618 V AF::Track: presentationComplete(571): presentationComplete() mPresentationCompleteFrames 706224 framesWritten 707520
10-30 07:21:06.622  2580  2618 V AF::Track: presentationComplete(571): complete framesWritten:707520  mPresentationCompleteFrames:706224
10-30 07:21:06.628  2580  2618 V AudioPolicyService: AudioCommandThread() adding stop output portId 546
10-30 07:21:06.629  2580  2618 V AudioPolicyService: inserting command: 4 at index 0, num commands 0
10-30 07:21:06.630  2580  2595 V AudioPolicyService: AudioCommandThread() processing stop output portId 546
10-30 07:21:06.630  2580  2595 V APM_AudioPolicyManager: stopOutput() portId 546 output 13, stream 1, session 4681
10-30 07:21:06.630  2580  2595 V APM_AudioPolicyManager: setBeaconMute(1) mBeaconMuteRefCount=0 mBeaconPlayingRefCount=0
10-30 07:21:06.630  2580  2595 V APM_AudioPolicyManager: getNewOutputDevices selected devices AUDIO_DEVICE_NONE
10-30 07:21:06.630  2580  2595 V APM_AudioPolicyManager: setOutputDevices device AUDIO_DEVICE_NONE delayMs 106
10-30 07:21:06.630  2580  2595 V APM_AudioPolicyManager: setOutputDevices() prevDevice {type:0x2,@:}
10-30 07:21:06.633  1363 18506 D sensors_hal_accel: handle_sns_client_event:446, accel_sample(accelcal_available:0): ts=285451620226738 ns; value = [0.160949, -0.025765, 9.833838], status=3
10-30 07:21:06.633  2580  2595 V APM_AudioPolicyManager: setOutputDevices setting same device AUDIO_DEVICE_NONE or null device, force=0, patch handle=4
10-30 07:21:06.634  2580  2595 V APM_AudioPolicyManager: selectOutputForMusicEffects selected output 13
10-30 07:21:06.634  2580  2595 V AudioPolicyService: AudioCommandThread() going to sleep
10-30 07:21:06.913 19032 19032 I ViewInteraction: Performing 'single click' action on view view.getId() is <2131231081/com.example.lunchtray:id/next_button>
10-30 07:21:06.922  1945  2498 D InputTransport: channel 'a0473f5 com.example.lunchtray/com.example.lunchtray.MainActivity (server)' : action=ACTION_DOWN(0), id=0, displayId=0, tooltype=0, deviceId=-1, source=0x1002, flags=0x0, edgeFlags=0x0, metaState=0x0, buttonState=0x1, downTime=123861850000000, eventTime=123861851000000, pointerCount=1
10-30 07:21:06.922  1945  2498 D InputTransport: channel 'edge-swipe (server)' : action=ACTION_DOWN(0), id=0, displayId=0, tooltype=0, deviceId=-1, source=0x1002, flags=0x0, edgeFlags=0x0, metaState=0x0, buttonState=0x1, downTime=123861850000000, eventTime=123861851000000, pointerCount=1
10-30 07:21:06.922  1945  2498 D InputTransport: channel 'swipe-up (server)' : action=ACTION_DOWN(0), id=0, displayId=0, tooltype=0, deviceId=-1, source=0x1002, flags=0x0, edgeFlags=0x0, metaState=0x0, buttonState=0x1, downTime=123861850000000, eventTime=123861851000000, pointerCount=1
10-30 07:21:06.922  1945  2498 D InputTransport: channel 'swipe-up (server)' : action=ACTION_DOWN(0), id=0, displayId=0, tooltype=0, deviceId=-1, source=0x1002, flags=0x0, edgeFlags=0x0, metaState=0x0, buttonState=0x1, downTime=123861850000000, eventTime=123861851000000, pointerCount=1
10-30 07:21:06.922  1945  2498 D InputTransport: channel 'swipe-up (server)' : action=ACTION_DOWN(0), id=0, displayId=0, tooltype=0, deviceId=-1, source=0x1002, flags=0x0, edgeFlags=0x0, metaState=0x0, buttonState=0x1, downTime=123861850000000, eventTime=123861851000000, pointerCount=1
10-30 07:21:06.923  1945  2498 D InputTransport: channel 'swipe-up (server)' : action=ACTION_DOWN(0), id=0, displayId=0, tooltype=0, deviceId=-1, source=0x1002, flags=0x0, edgeFlags=0x0, metaState=0x0, buttonState=0x1, downTime=123861850000000, eventTime=123861851000000, pointerCount=1
10-30 07:21:06.923  1945  2498 D InputTransport: channel 'PointerEventDispatcher0 (server)' : action=ACTION_DOWN(0), id=0, displayId=0, tooltype=0, deviceId=-1, source=0x1002, flags=0x0, edgeFlags=0x0, metaState=0x0, buttonState=0x1, downTime=123861850000000, eventTime=123861851000000, pointerCount=1
10-30 07:21:07.001  1945  2498 D InputTransport: channel 'a0473f5 com.example.lunchtray/com.example.lunchtray.MainActivity (server)' : action=ACTION_UP(0), id=0, displayId=0, tooltype=1, deviceId=-1, source=0x1002, flags=0x0, edgeFlags=0x0, metaState=0x0, buttonState=0x1, downTime=123861850000000, eventTime=123861932000000, pointerCount=1
10-30 07:21:07.001  1945  2498 D InputTransport: channel 'edge-swipe (server)' : action=ACTION_UP(0), id=0, displayId=0, tooltype=1, deviceId=-1, source=0x1002, flags=0x0, edgeFlags=0x0, metaState=0x0, buttonState=0x1, downTime=123861850000000, eventTime=123861932000000, pointerCount=1
10-30 07:21:07.002  1945  2498 D InputTransport: channel 'swipe-up (server)' : action=ACTION_UP(0), id=0, displayId=0, tooltype=1, deviceId=-1, source=0x1002, flags=0x0, edgeFlags=0x0, metaState=0x0, buttonState=0x1, downTime=123861850000000, eventTime=123861932000000, pointerCount=1
10-30 07:21:07.002  1945  2498 D InputTransport: channel 'swipe-up (server)' : action=ACTION_UP(0), id=0, displayId=0, tooltype=1, deviceId=-1, source=0x1002, flags=0x0, edgeFlags=0x0, metaState=0x0, buttonState=0x1, downTime=123861850000000, eventTime=123861932000000, pointerCount=1
10-30 07:21:07.002  1945  2498 D InputTransport: channel 'swipe-up (server)' : action=ACTION_UP(0), id=0, displayId=0, tooltype=1, deviceId=-1, source=0x1002, flags=0x0, edgeFlags=0x0, metaState=0x0, buttonState=0x1, downTime=123861850000000, eventTime=123861932000000, pointerCount=1
10-30 07:21:07.002  1945  2498 D InputTransport: channel 'swipe-up (server)' : action=ACTION_UP(0), id=0, displayId=0, tooltype=1, deviceId=-1, source=0x1002, flags=0x0, edgeFlags=0x0, metaState=0x0, buttonState=0x1, downTime=123861850000000, eventTime=123861932000000, pointerCount=1
10-30 07:21:07.002  1945  2498 D InputTransport: channel 'PointerEventDispatcher0 (server)' : action=ACTION_UP(0), id=0, displayId=0, tooltype=1, deviceId=-1, source=0x1002, flags=0x0, edgeFlags=0x0, metaState=0x0, buttonState=0x1, downTime=123861850000000, eventTime=123861932000000, pointerCount=1
10-30 07:21:07.007 19032 19032 I View    : PerformClick: com.google.android.material.button.MaterialButton{d7455bb VFED..C.. ...p..ID 561,1038-1038,1164 #7f080169 app:id/next_button}
10-30 07:21:07.007 19032 19032 I View    : MotionEvent.ACTION_UP: mPrivateFlags: -2128590800,   mHasPerformedLongPress: false,   mIgnoreNextUpEvent: false
10-30 07:21:07.024  1945  2548 V SoundPool: play(soundID=1, leftVolume=1.000000, rightVolume=1.000000, priority=0, loop=0, rate=1.000000)
10-30 07:21:07.026  1945  2548 V AudioTrack: setSampleRate(546): prior state:STATE_STOPPED rate:48000
10-30 07:21:07.026  1945  2548 V AudioTrack: start(546): prior state:STATE_STOPPED
10-30 07:21:07.026  1945  2548 V AudioTrack: start(546): server read:-851368  cumulative flushed:0  client written:0
10-30 07:21:07.026  2580 26577 V AF::Track: start(571): calling pid 1945 session 4681
10-30 07:21:07.026  2580 26577 V AudioPolicyService: AudioCommandThread() adding start output portId 546
10-30 07:21:07.027  2580 26577 V AudioPolicyService: inserting command: 3 at index 0, num commands 0
10-30 07:21:07.028  2580  2595 V AudioPolicyService: AudioCommandThread() processing start output portId 546
10-30 07:21:07.029  2580  2595 D APM_AudioPolicyManager: startOutput portId 546 output primary->(primary output)(13), stream 1, session 4681
10-30 07:21:07.029  2580  2595 V APM_AudioPolicyManager: setBeaconMute(1) mBeaconMuteRefCount=1 mBeaconPlayingRefCount=0
10-30 07:21:07.029  2580  2595 V APM_AudioPolicyManager: selectOutputForMusicEffects selected output 13
10-30 07:21:07.029  2580  2595 V APM_AudioPolicyManager: getNewOutputDevices selected devices {type:0x2,@:}
10-30 07:21:07.030  2580  2595 V APM_AudioPolicyManager: setOutputDevices device {type:0x2,@:} delayMs 0
10-30 07:21:07.030  2580  2595 V APM_AudioPolicyManager: setOutputDevices() prevDevice {type:0x2,@:}
10-30 07:21:07.030  2580  2595 V APM_AudioPolicyManager: setOutputDevices: suppressing checkDeviceMuteStrategies
10-30 07:21:07.030  2580  2595 V APM_AudioPolicyManager: setOutputDevices setting same device {type:0x2,@:} or null device, force=0, patch handle=4
10-30 07:21:07.030  2580  2595 V AudioPolicyService: AudioCommandThread() going to sleep
10-30 07:21:07.031  1945  2548 V SoundPool: play returned 2726
10-30 07:21:07.031  1945  3374 V AudioSystem: ioConfigChanged() event 8
10-30 07:21:07.031  1945  3374 V AudioSystem: ioConfigChanged() AUDIO_CLIENT_STARTED  io 13 port 546 num callbacks 0
10-30 07:21:07.087  2580  2617 V AF::Track: getNextBuffer(571): underrun,  framesReady(0) < framesDesired(236), state: 6
10-30 07:21:07.097  1945 19073 V AudioTrack: stop(546): prior state:STATE_ACTIVE
10-30 07:21:07.098  2580 26577 V AF::Track: stop(571): calling pid 1945
10-30 07:21:07.123  2580  2618 D AF::Track: presentationComplete(571): set: mPresentationCompleteFrames 732144 audioHalFrames 624
10-30 07:21:07.123  2580  2618 V AF::Track: presentationComplete(571): waiting framesWritten:731520  mPresentationCompleteFrames:732144
10-30 07:21:07.129  1945  5020 D WifiClientModeImpl[wlan0]: getConativeWiFiQualityStatus keep previous WifiQuailityInfo
10-30 07:21:07.143  2580  2618 V AF::Track: presentationComplete(571): presentationComplete() mPresentationCompleteFrames 732144 framesWritten 732480
10-30 07:21:07.143  2580  2618 V AF::Track: presentationComplete(571): complete framesWritten:732480  mPresentationCompleteFrames:732144
10-30 07:21:07.149  2580  2618 V AudioPolicyService: AudioCommandThread() adding stop output portId 546
10-30 07:21:07.150  2580  2618 V AudioPolicyService: inserting command: 4 at index 0, num commands 0
10-30 07:21:07.152  2580  2595 V AudioPolicyService: AudioCommandThread() processing stop output portId 546
10-30 07:21:07.152  2580  2595 V APM_AudioPolicyManager: stopOutput() portId 546 output 13, stream 1, session 4681
10-30 07:21:07.152  2580  2595 V APM_AudioPolicyManager: setBeaconMute(1) mBeaconMuteRefCount=0 mBeaconPlayingRefCount=0
10-30 07:21:07.153  2580  2595 V APM_AudioPolicyManager: getNewOutputDevices selected devices AUDIO_DEVICE_NONE
10-30 07:21:07.153  2580  2595 V APM_AudioPolicyManager: setOutputDevices device AUDIO_DEVICE_NONE delayMs 106
10-30 07:21:07.153  2580  2595 V APM_AudioPolicyManager: setOutputDevices() prevDevice {type:0x2,@:}
10-30 07:21:07.156  2580  2595 V APM_AudioPolicyManager: setOutputDevices setting same device AUDIO_DEVICE_NONE or null device, force=0, patch handle=4
10-30 07:21:07.156  2580  2595 V APM_AudioPolicyManager: selectOutputForMusicEffects selected output 13
10-30 07:21:07.156  2580  2595 V AudioPolicyService: AudioCommandThread() going to sleep
10-30 07:21:07.461 19032 19032 I ViewInteraction: Performing 'single click' action on view view.getId() is <2131231216/com.example.lunchtray:id/submit_button>
10-30 07:21:07.470  1945  2498 D InputTransport: channel 'a0473f5 com.example.lunchtray/com.example.lunchtray.MainActivity (server)' : action=ACTION_DOWN(0), id=0, displayId=0, tooltype=0, deviceId=-1, source=0x1002, flags=0x0, edgeFlags=0x0, metaState=0x0, buttonState=0x1, downTime=123862398000000, eventTime=123862398000000, pointerCount=1
10-30 07:21:07.471  1945  2498 D InputTransport: channel 'edge-swipe (server)' : action=ACTION_DOWN(0), id=0, displayId=0, tooltype=0, deviceId=-1, source=0x1002, flags=0x0, edgeFlags=0x0, metaState=0x0, buttonState=0x1, downTime=123862398000000, eventTime=123862398000000, pointerCount=1
10-30 07:21:07.471  1945  2498 D InputTransport: channel 'swipe-up (server)' : action=ACTION_DOWN(0), id=0, displayId=0, tooltype=0, deviceId=-1, source=0x1002, flags=0x0, edgeFlags=0x0, metaState=0x0, buttonState=0x1, downTime=123862398000000, eventTime=123862398000000, pointerCount=1
10-30 07:21:07.471  1945  2498 D InputTransport: channel 'swipe-up (server)' : action=ACTION_DOWN(0), id=0, displayId=0, tooltype=0, deviceId=-1, source=0x1002, flags=0x0, edgeFlags=0x0, metaState=0x0, buttonState=0x1, downTime=123862398000000, eventTime=123862398000000, pointerCount=1
10-30 07:21:07.471  1945  2498 D InputTransport: channel 'swipe-up (server)' : action=ACTION_DOWN(0), id=0, displayId=0, tooltype=0, deviceId=-1, source=0x1002, flags=0x0, edgeFlags=0x0, metaState=0x0, buttonState=0x1, downTime=123862398000000, eventTime=123862398000000, pointerCount=1
10-30 07:21:07.471  1945  2498 D InputTransport: channel 'swipe-up (server)' : action=ACTION_DOWN(0), id=0, displayId=0, tooltype=0, deviceId=-1, source=0x1002, flags=0x0, edgeFlags=0x0, metaState=0x0, buttonState=0x1, downTime=123862398000000, eventTime=123862398000000, pointerCount=1
10-30 07:21:07.471  1945  2498 D InputTransport: channel 'PointerEventDispatcher0 (server)' : action=ACTION_DOWN(0), id=0, displayId=0, tooltype=0, deviceId=-1, source=0x1002, flags=0x0, edgeFlags=0x0, metaState=0x0, buttonState=0x1, downTime=123862398000000, eventTime=123862398000000, pointerCount=1
10-30 07:21:07.552  1945  2498 D InputTransport: channel 'a0473f5 com.example.lunchtray/com.example.lunchtray.MainActivity (server)' : action=ACTION_UP(0), id=0, displayId=0, tooltype=1, deviceId=-1, source=0x1002, flags=0x0, edgeFlags=0x0, metaState=0x0, buttonState=0x1, downTime=123862398000000, eventTime=123862481000000, pointerCount=1
10-30 07:21:07.553  1945  2498 D InputTransport: channel 'edge-swipe (server)' : action=ACTION_UP(0), id=0, displayId=0, tooltype=1, deviceId=-1, source=0x1002, flags=0x0, edgeFlags=0x0, metaState=0x0, buttonState=0x1, downTime=123862398000000, eventTime=123862481000000, pointerCount=1
10-30 07:21:07.553  1945  2498 D InputTransport: channel 'swipe-up (server)' : action=ACTION_UP(0), id=0, displayId=0, tooltype=1, deviceId=-1, source=0x1002, flags=0x0, edgeFlags=0x0, metaState=0x0, buttonState=0x1, downTime=123862398000000, eventTime=123862481000000, pointerCount=1
10-30 07:21:07.553  1945  2498 D InputTransport: channel 'swipe-up (server)' : action=ACTION_UP(0), id=0, displayId=0, tooltype=1, deviceId=-1, source=0x1002, flags=0x0, edgeFlags=0x0, metaState=0x0, buttonState=0x1, downTime=123862398000000, eventTime=123862481000000, pointerCount=1
10-30 07:21:07.553  1945  2498 D InputTransport: channel 'swipe-up (server)' : action=ACTION_UP(0), id=0, displayId=0, tooltype=1, deviceId=-1, source=0x1002, flags=0x0, edgeFlags=0x0, metaState=0x0, buttonState=0x1, downTime=123862398000000, eventTime=123862481000000, pointerCount=1
10-30 07:21:07.553  1945  2498 D InputTransport: channel 'swipe-up (server)' : action=ACTION_UP(0), id=0, displayId=0, tooltype=1, deviceId=-1, source=0x1002, flags=0x0, edgeFlags=0x0, metaState=0x0, buttonState=0x1, downTime=123862398000000, eventTime=123862481000000, pointerCount=1
10-30 07:21:07.553  1945  2498 D InputTransport: channel 'PointerEventDispatcher0 (server)' : action=ACTION_UP(0), id=0, displayId=0, tooltype=1, deviceId=-1, source=0x1002, flags=0x0, edgeFlags=0x0, metaState=0x0, buttonState=0x1, downTime=123862398000000, eventTime=123862481000000, pointerCount=1
10-30 07:21:07.563 19032 19032 I View    : PerformClick: com.google.android.material.button.MaterialButton{da5dda4 VFED..C.. ...p..ID 42,649-1038,775 #7f0801f0 app:id/submit_button}
10-30 07:21:07.563 19032 19032 I View    : MotionEvent.ACTION_UP: mPrivateFlags: -2128590800,   mHasPerformedLongPress: false,   mIgnoreNextUpEvent: false
10-30 07:21:07.596  1945  2548 V SoundPool: play(soundID=1, leftVolume=1.000000, rightVolume=1.000000, priority=0, loop=0, rate=1.000000)
10-30 07:21:07.597  1945  2548 V AudioTrack: setSampleRate(546): prior state:STATE_STOPPED rate:48000
10-30 07:21:07.598  1945  2548 V AudioTrack: start(546): prior state:STATE_STOPPED
10-30 07:21:07.598  1945  2548 V AudioTrack: start(546): server read:-854012  cumulative flushed:0  client written:0
10-30 07:21:07.598  2580 26577 V AF::Track: start(571): calling pid 1945 session 4681
10-30 07:21:07.598  2580 26577 V AudioPolicyService: AudioCommandThread() adding start output portId 546
10-30 07:21:07.599  2580 26577 V AudioPolicyService: inserting command: 3 at index 0, num commands 0
10-30 07:21:07.599  2580  2595 V AudioPolicyService: AudioCommandThread() processing start output portId 546
10-30 07:21:07.599  2580  2595 D APM_AudioPolicyManager: startOutput portId 546 output primary->(primary output)(13), stream 1, session 4681
10-30 07:21:07.599  2580  2595 V APM_AudioPolicyManager: setBeaconMute(1) mBeaconMuteRefCount=1 mBeaconPlayingRefCount=0
10-30 07:21:07.600  2580  2595 V APM_AudioPolicyManager: selectOutputForMusicEffects selected output 13
10-30 07:21:07.600  2580  2595 V APM_AudioPolicyManager: getNewOutputDevices selected devices {type:0x2,@:}
10-30 07:21:07.600  2580  2595 V APM_AudioPolicyManager: setOutputDevices device {type:0x2,@:} delayMs 0
10-30 07:21:07.600  2580  2595 V APM_AudioPolicyManager: setOutputDevices() prevDevice {type:0x2,@:}
10-30 07:21:07.601  2580  2595 V APM_AudioPolicyManager: setOutputDevices: suppressing checkDeviceMuteStrategies
10-30 07:21:07.601  2580  2595 V APM_AudioPolicyManager: setOutputDevices setting same device {type:0x2,@:} or null device, force=0, patch handle=4
10-30 07:21:07.601  2580  2595 V AudioPolicyService: AudioCommandThread() going to sleep
10-30 07:21:07.601  1945  2548 V SoundPool: play returned 2727
10-30 07:21:07.604  1945  5020 V AudioSystem: ioConfigChanged() event 8
10-30 07:21:07.604  1945  5020 V AudioSystem: ioConfigChanged() AUDIO_CLIENT_STARTED  io 13 port 546 num callbacks 0
10-30 07:21:07.660  2580  2617 V AF::Track: getNextBuffer(571): underrun,  framesReady(0) < framesDesired(236), state: 6
10-30 07:21:07.660  1945 19073 V AudioTrack: stop(546): prior state:STATE_ACTIVE
10-30 07:21:07.660  2580 26577 V AF::Track: stop(571): calling pid 1945
10-30 07:21:07.686  2580  2618 D AF::Track: presentationComplete(571): set: mPresentationCompleteFrames 759024 audioHalFrames 624
10-30 07:21:07.686  2580  2618 V AF::Track: presentationComplete(571): waiting framesWritten:758400  mPresentationCompleteFrames:759024
10-30 07:21:07.704  2580  2618 V AF::Track: presentationComplete(571): presentationComplete() mPresentationCompleteFrames 759024 framesWritten 759360
10-30 07:21:07.704  2580  2618 V AF::Track: presentationComplete(571): complete framesWritten:759360  mPresentationCompleteFrames:759024
10-30 07:21:07.708  2580  2618 V AudioPolicyService: AudioCommandThread() adding stop output portId 546
10-30 07:21:07.709  2580  2618 V AudioPolicyService: inserting command: 4 at index 0, num commands 0
10-30 07:21:07.710  2580  2595 V AudioPolicyService: AudioCommandThread() processing stop output portId 546
10-30 07:21:07.710  2580  2595 V APM_AudioPolicyManager: stopOutput() portId 546 output 13, stream 1, session 4681
10-30 07:21:07.710  2580  2595 V APM_AudioPolicyManager: setBeaconMute(1) mBeaconMuteRefCount=0 mBeaconPlayingRefCount=0
10-30 07:21:07.711  2580  2595 V APM_AudioPolicyManager: getNewOutputDevices selected devices AUDIO_DEVICE_NONE
10-30 07:21:07.711  2580  2595 V APM_AudioPolicyManager: setOutputDevices device AUDIO_DEVICE_NONE delayMs 106
10-30 07:21:07.711  2580  2595 V APM_AudioPolicyManager: setOutputDevices() prevDevice {type:0x2,@:}
10-30 07:21:07.713  2580  2595 V APM_AudioPolicyManager: setOutputDevices setting same device AUDIO_DEVICE_NONE or null device, force=0, patch handle=4
10-30 07:21:07.713  2580  2595 V APM_AudioPolicyManager: selectOutputForMusicEffects selected output 13
10-30 07:21:07.714  2580  2595 V AudioPolicyService: AudioCommandThread() going to sleep
10-30 07:21:08.037 19032 19032 I ViewInteraction: Checking 'MatchesViewAssertion{viewMatcher=(view has effective visibility <VISIBLE> and view.getGlobalVisibleRect() to return non-empty rectangle)}' assertion on view an instance of android.widget.TextView and view.getText() with or without transformation to match: a string containing "Order Submitted!"
10-30 07:21:08.038 19032 19053 I TestRunner: finished: order_snackbar(com.example.lunchtray.OrderFunctionalityTests)
