10-30 07:20:51.346 19032 19053 I TestRunner: started: radio_buttons_update_side_menu_subtotal(com.example.lunchtray.OrderFunctionalityTests)
10-30 07:20:51.354 19032 19053 W Settings: Setting always_finish_activities has moved from android.provider.Settings.System to android.provider.Settings.Global, returning read-only value.
10-30 07:20:51.363 19032 19053 D CompatibilityChangeReporter: Compat change id reported: 160794467; UID 10468; state: ENABLED
10-30 07:20:51.369  1499  1533 D SurfaceFlinger: Create EffectLayer(0x73180e9450) Task=900#0
10-30 07:20:51.371  1673  1699 I PowerRM : System FW:1 IC:0 SO:0 GT:0 CAPP:-1 APP:0
10-30 07:20:51.371  1673  1699 I PowerRM : FIA lock1 locked
10-30 07:20:51.371  1673  1699 E PRM_CONFIG_Parser: get_custom_config not found
10-30 07:20:51.372  1673  1699 I PowerRM : CF60 b0
10-30 07:20:51.372  1673  1699 I PowerRM : REQF = 60
10-30 07:20:51.372  1673  1699 I Powercontrol_Client: Notify refreshrate 160:60:60
10-30 07:20:51.372  1418  1447 I vendor.lge.hardware.powercontrol@1.3-impl: notify_refreshrate_limit to 160/60/60
10-30 07:20:51.375  1499  1533 D SurfaceFlinger: Create ContainerLayer(0x73180be8e0) ActivityRecord{14eef55 u0 com.example.lunchtray/androidx.test.core.app.InstrumentationActivityInvoker$BootstrapActivity t900}#0
10-30 07:20:51.377  3488  3488 I [LGHome6]Launcher: onTopResumedActivityChanged state = false
10-30 07:20:51.379  2756  3836 I GameToolsControllerService: game removed from map {}
10-30 07:20:51.379  1499  1533 D SurfaceFlinger: Create EffectLayer(0x731808e250) Surface(name=5efab5d NavigationBar0)/@0xb1951a3 - animation-leash of insets_animation#0
10-30 07:20:51.380  1499  1533 D SurfaceFlinger: Create EffectLayer(0x731807d0f0) Surface(name=dcb9bf0 StatusBar)/@0xac9fa55 - animation-leash of insets_animation#0
10-30 07:20:51.383  1499  1499 I SurfaceFlinger: Remove EffectLayer(0x73180636e0) Surface(name=dcb9bf0 StatusBar)/@0xac9fa55 - animation-leash of insets_animation#1 (parent=none)
10-30 07:20:51.383  1499  1499 I SurfaceFlinger: Remove EffectLayer(0x73180cfa40) Surface(name=5efab5d NavigationBar0)/@0xb1951a3 - animation-leash of insets_animation#1 (parent=none)
10-30 07:20:51.385  3488  3488 I [LGHome6]LauncherCallbacksImpl: Launcher.onPause // 9.60.21(96002100) this:com.lge.launcher3.LauncherExtension$LauncherCallbacksImpl@fcfd6f7
10-30 07:20:51.386  2756  3836 D StatusBar: mainDisplayTopActivityComponentName : ComponentInfo{com.example.lunchtray/androidx.test.core.app.InstrumentationActivityInvoker$BootstrapActivity}
10-30 07:20:51.386  3097 16942 D RoundCornerMask: metaData is null
10-30 07:20:51.387  1499  3662 D SurfaceFlinger: Create ContainerLayer(0x73180d82f0) 464cfc2 Splash Screen com.example.lunchtray#0
10-30 07:20:51.388  2756  2902 I TouchFilterInputStageHelper: [needTouchEventFilter] Displayid : 0
10-30 07:20:51.391  5181  5202 D TopPackageTracker: activityChanged callMethod=1 packageName=com.example.lunchtray displayid=0
10-30 07:20:51.391  5181  5202 D TopPackageTracker: onTopPackageChanged displayId=0, com.lge.launcher3->com.example.lunchtray
10-30 07:20:51.391  5181  5202 D GameToolsWindow: getTopActivityAsDisplay : 0
10-30 07:20:51.392  5181  5202 I GameToolsService: no game is running, stop everything
10-30 07:20:51.392  5181  5202 I GameToolsWindow: forceHide, Game is Not Running
10-30 07:20:51.392  1945  1965 W ActivityManager: Sending non-protected broadcast com.sld.stop_game from system 3097:com.lge.systemserver/1000 pkg com.lge.systemservice
10-30 07:20:51.392  1945  1965 W ActivityManager: Sending non-protected broadcast com.sld.stop_game from system 3097:com.lge.systemserver/1000 pkg com.lge.systemservice
10-30 07:20:51.392  1499  3662 D SurfaceFlinger: Create EffectLayer(0x73180a2140) Surface(name=5efab5d NavigationBar0)/@0xb1951a3 - animation-leash of insets_animation#1
10-30 07:20:51.393  1499  1533 D SurfaceFlinger: Create EffectLayer(0x73180d5560) Surface(name=dcb9bf0 StatusBar)/@0xac9fa55 - animation-leash of insets_animation#1
10-30 07:20:51.394  5181  5202 I GameToolsDBManager: DB changed to: false
10-30 07:20:51.394  5181  5202 D TopPackageTracker: activityChanged callMethod=1 packageName=com.example.lunchtray displayid=0
10-30 07:20:51.394  5181  5181 D GameToolsWindow: getTopActivityAsDisplay : 0
10-30 07:20:51.395  5181  5181 I GameToolsService: no game is running, stop everything
10-30 07:20:51.395  5181  5181 I GameToolsWindow: forceHide, Game is Not Running
10-30 07:20:51.395  5181  5181 I GameToolsDBManager: DB changed to: false
10-30 07:20:51.397  3097 16942 D RoundCornerMask: metaData is null
10-30 07:20:51.398  2756  2902 D HandGripFilter: getdisplaysize, x : 1080 y : 2460
10-30 07:20:51.399  1499  1499 I SurfaceFlinger: Remove EffectLayer(0x73180636e0) Surface(name=dcb9bf0 StatusBar)/@0xac9fa55 - animation-leash of insets_animation#1 (parent=none)
10-30 07:20:51.399  1499  1499 I SurfaceFlinger: Remove EffectLayer(0x731807d0f0) Surface(name=dcb9bf0 StatusBar)/@0xac9fa55 - animation-leash of insets_animation#0 (parent=none)
10-30 07:20:51.399  1499  1499 I SurfaceFlinger: Remove EffectLayer(0x731808e250) Surface(name=5efab5d NavigationBar0)/@0xb1951a3 - animation-leash of insets_animation#0 (parent=none)
10-30 07:20:51.399  1499  1499 I SurfaceFlinger: Remove EffectLayer(0x73180cfa40) Surface(name=5efab5d NavigationBar0)/@0xb1951a3 - animation-leash of insets_animation#1 (parent=none)
10-30 07:20:51.399  1499  1499 D Layer   : Destroy Surface(name=dcb9bf0 StatusBar)/@0xac9fa55 - animation-leash of insets_animation#1(0x73180636e0)
10-30 07:20:51.399  1499  1499 D Layer   : Destroy Surface(name=5efab5d NavigationBar0)/@0xb1951a3 - animation-leash of insets_animation#1(0x73180cfa40)
10-30 07:20:51.399  3097 16942 D RoundCornerMask: metaData is null
10-30 07:20:51.400  2756  2756 D NavigationModeController: getCurrentUserContext: contextUser=0 currentUser=0
10-30 07:20:51.400  1499  1533 D SurfaceFlinger: Create EffectLayer(0x73180cfa40) Surface(name=5efab5d NavigationBar0)/@0xb1951a3 - animation-leash of insets_animation#0
10-30 07:20:51.401  2756  2756 D Bubbles : onTaskMovedToFront(), taskInfo = 900
10-30 07:20:51.401  1499  1533 D SurfaceFlinger: Create EffectLayer(0x73180636e0) Surface(name=dcb9bf0 StatusBar)/@0xac9fa55 - animation-leash of insets_animation#0
10-30 07:20:51.403  3097 16942 D RoundCornerMask: metaData is null
10-30 07:20:51.404  1499  3633 D SurfaceFlinger: Create BufferStateLayer(0x731806bf90) Splash Screen com.example.lunchtray@2756#0
10-30 07:20:51.405  1499  1533 D SurfaceFlinger: Create EffectLayer(0x731807fe80) Surface(name=5efab5d NavigationBar0)/@0xb1951a3 - animation-leash of insets_animation#0
10-30 07:20:51.406  1499  1533 D SurfaceFlinger: Create EffectLayer(0x7318041420) Surface(name=dcb9bf0 StatusBar)/@0xac9fa55 - animation-leash of insets_animation#0
10-30 07:20:51.409  2756  2756 I StatusBar: updateStatusBarColor(): mApplyNotchStatusBar=false delay=true isPort=true
10-30 07:20:51.411  1499  3633 D SurfaceFlinger: Create EffectLayer(0x7318082c10) Surface(name=5efab5d NavigationBar0)/@0xb1951a3 - animation-leash of insets_animation#0
10-30 07:20:51.411  2756  3836 I GameToolsControllerService: game removed from map {}
10-30 07:20:51.411  1499  3662 D SurfaceFlinger: Create EffectLayer(0x73180cccb0) Surface(name=dcb9bf0 StatusBar)/@0xac9fa55 - animation-leash of insets_animation#0
10-30 07:20:51.414  1499  3662 D SurfaceFlinger: Create EffectLayer(0x73180a7c60) Surface(name=5efab5d NavigationBar0)/@0xb1951a3 - animation-leash of insets_animation#0
10-30 07:20:51.414  3097  3097 D SLD     : DRM IS OFF STOP
10-30 07:20:51.415  1499  1532 D SurfaceFlinger: Create EffectLayer(0x731809f3b0) Surface(name=dcb9bf0 StatusBar)/@0xac9fa55 - animation-leash of insets_animation#0
10-30 07:20:51.418  1499  2493 D SurfaceFlinger: Create EffectLayer(0x731808b4c0) Surface(name=5efab5d NavigationBar0)/@0xb1951a3 - animation-leash of insets_animation#1
10-30 07:20:51.418  1499  1499 I SurfaceFlinger: Remove ContainerLayer(0x7317fb2e00) dcb9bf0 StatusBar#0 (parent=Surface(name=dcb9bf0 StatusBar)/@0xac9fa55 - animation-leash of insets_animation#0)
10-30 07:20:51.418  1499  1499 I SurfaceFlinger: Remove BufferStateLayer(0x7317fcc810) StatusBar@2756#0 (parent=dcb9bf0 StatusBar#0)
10-30 07:20:51.418  1499  1499 I SurfaceFlinger: Remove EffectLayer(0x7318041420) Surface(name=dcb9bf0 StatusBar)/@0xac9fa55 - animation-leash of insets_animation#0 (parent=none)
10-30 07:20:51.418  1499  1499 I SurfaceFlinger: Remove EffectLayer(0x73180636e0) Surface(name=dcb9bf0 StatusBar)/@0xac9fa55 - animation-leash of insets_animation#0 (parent=none)
10-30 07:20:51.418  1499  1499 I SurfaceFlinger: Remove EffectLayer(0x731807d0f0) Surface(name=dcb9bf0 StatusBar)/@0xac9fa55 - animation-leash of insets_animation#0 (parent=none)
10-30 07:20:51.418  1499  1499 I SurfaceFlinger: Remove EffectLayer(0x731807fe80) Surface(name=5efab5d NavigationBar0)/@0xb1951a3 - animation-leash of insets_animation#0 (parent=none)
10-30 07:20:51.418  1499  1499 I SurfaceFlinger: Remove EffectLayer(0x7318082c10) Surface(name=5efab5d NavigationBar0)/@0xb1951a3 - animation-leash of insets_animation#0 (parent=none)
10-30 07:20:51.418  1499  1499 I SurfaceFlinger: Remove EffectLayer(0x731808e250) Surface(name=5efab5d NavigationBar0)/@0xb1951a3 - animation-leash of insets_animation#0 (parent=none)
10-30 07:20:51.418  1499  1499 I SurfaceFlinger: Remove EffectLayer(0x73180a2140) Surface(name=5efab5d NavigationBar0)/@0xb1951a3 - animation-leash of insets_animation#1 (parent=none)
10-30 07:20:51.418  1499  1499 I SurfaceFlinger: Remove EffectLayer(0x73180cccb0) Surface(name=dcb9bf0 StatusBar)/@0xac9fa55 - animation-leash of insets_animation#0 (parent=none)
10-30 07:20:51.418  1499  1499 I SurfaceFlinger: Remove EffectLayer(0x73180cfa40) Surface(name=5efab5d NavigationBar0)/@0xb1951a3 - animation-leash of insets_animation#0 (parent=none)
10-30 07:20:51.418  1499  1499 I SurfaceFlinger: Remove EffectLayer(0x73180d5560) Surface(name=dcb9bf0 StatusBar)/@0xac9fa55 - animation-leash of insets_animation#1 (parent=none)
10-30 07:20:51.418  1499  1499 D Layer   : Destroy Surface(name=dcb9bf0 StatusBar)/@0xac9fa55 - animation-leash of insets_animation#0(0x7318041420)
10-30 07:20:51.418  1499  1499 D Layer   : Destroy Surface(name=dcb9bf0 StatusBar)/@0xac9fa55 - animation-leash of insets_animation#0(0x73180636e0)
10-30 07:20:51.418  1499  1499 D Layer   : Destroy Surface(name=dcb9bf0 StatusBar)/@0xac9fa55 - animation-leash of insets_animation#0(0x731807d0f0)
10-30 07:20:51.419  1499  1499 D Layer   : Destroy Surface(name=5efab5d NavigationBar0)/@0xb1951a3 - animation-leash of insets_animation#0(0x731807fe80)
10-30 07:20:51.419  1499  1499 D Layer   : Destroy Surface(name=5efab5d NavigationBar0)/@0xb1951a3 - animation-leash of insets_animation#0(0x7318082c10)
10-30 07:20:51.419  1499  1499 D Layer   : Destroy Surface(name=5efab5d NavigationBar0)/@0xb1951a3 - animation-leash of insets_animation#0(0x731808e250)
10-30 07:20:51.419  1499  1499 D Layer   : Destroy Surface(name=dcb9bf0 StatusBar)/@0xac9fa55 - animation-leash of insets_animation#0(0x73180cccb0)
10-30 07:20:51.419  1499  1499 D Layer   : Destroy Surface(name=5efab5d NavigationBar0)/@0xb1951a3 - animation-leash of insets_animation#0(0x73180cfa40)
10-30 07:20:51.419  1499  1499 D Layer   : Destroy Surface(name=dcb9bf0 StatusBar)/@0xac9fa55 - animation-leash of insets_animation#1(0x73180d5560)
10-30 07:20:51.419  1499  1499 D Layer   : Destroy Surface(name=5efab5d NavigationBar0)/@0xb1951a3 - animation-leash of insets_animation#1(0x73180a2140)
10-30 07:20:51.419  1499  2493 D SurfaceFlinger: Create EffectLayer(0x73180cfa40) Surface(name=dcb9bf0 StatusBar)/@0xac9fa55 - animation-leash of insets_animation#1
10-30 07:20:51.420  1945  2521 D InputDispatcher: Window went away: b82c9e2 com.lge.launcher3/com.lge.launcher3.LauncherExtension
10-30 07:20:51.420  1945  2521 D InputDispatcher: Window went away: 61a7f75 com.lge.launcher3/com.lge.launcher3.LauncherExtension
10-30 07:20:51.422  2756  3836 D StatusBar: mainDisplayTopActivityComponentName : ComponentInfo{com.example.lunchtray/androidx.test.core.app.InstrumentationActivityInvoker$BootstrapActivity}
10-30 07:20:51.423  1499  2493 D SurfaceFlinger: Create EffectLayer(0x73180cccb0) Surface(name=5efab5d NavigationBar0)/@0xb1951a3 - animation-leash of insets_animation#1
10-30 07:20:51.424  1499  2493 D SurfaceFlinger: Create EffectLayer(0x7318082c10) Surface(name=dcb9bf0 StatusBar)/@0xac9fa55 - animation-leash of insets_animation#1
10-30 07:20:51.426  1499  3633 D SurfaceFlinger: Create EffectLayer(0x73180a2140) Surface(name=Task=900)/@0x2154770 - animation-leash of app_transition#0
10-30 07:20:51.426  2756  2756 I SizeCompatUIController: onSizeCompatInfoChanged#0 called
10-30 07:20:51.427  1499  3633 D SurfaceFlinger: Create EffectLayer(0x73180d5560) Surface(name=Task=1)/@0x67fdba6 - animation-leash of app_transition#0
10-30 07:20:51.428  1499  3633 D SurfaceFlinger: Create EffectLayer(0x731807fe80) Surface(name=WindowToken{289a134 android.os.BinderProxy@8e8c488})/@0xcc92b00 - animation-leash of app_transition#0
10-30 07:20:51.428  2756  2756 I LightBarTransitionsController: appTransitionStarting():  [isKeyguardGoingAway = false], [(mDisplayId != displayId) = false], [!forced = true]
10-30 07:20:51.428  2756  2756 I LightBarTransitionsController: animateIconTint() : skip : mNextDarkIntensity = 0.0
10-30 07:20:51.428  2756  2756 I LightBarTransitionsController: appTransitionStarting():  [isKeyguardGoingAway = false], [(mDisplayId != displayId) = false], [!forced = true]
10-30 07:20:51.428  2756  2756 I LightBarTransitionsController: appTransitionStarting():  [isKeyguardGoingAway = false], [(mDisplayId != displayId) = false], [!forced = true]
10-30 07:20:51.429  1499  3633 D SurfaceFlinger: Create EffectLayer(0x731807d0f0) Surface(name=dcb9bf0 StatusBar)/@0xac9fa55 - animation-leash of insets_animation#1
10-30 07:20:51.430  1499  3633 D SurfaceFlinger: Create EffectLayer(0x73180636e0) Surface(name=5efab5d NavigationBar0)/@0xb1951a3 - animation-leash of insets_animation#1
10-30 07:20:51.430  2756  2756 I LightBarTransitionsController: animateIconTint() : skip : mNextDarkIntensity = 0.0
10-30 07:20:51.431  2756  2756 D SysUiState: setFlag#0 flags=16 enabled=false
10-30 07:20:51.431  2756  2756 D SysUiState: setFlag#0 flags=32 enabled=false
10-30 07:20:51.431  2756  2756 D SysUiState: setFlag#0 flags=2 enabled=false
10-30 07:20:51.431  2756  2756 D SysUiState: setFlag#0 flags=262144 enabled=false
10-30 07:20:51.431  2756  2756 D SysUiState: setFlag#0 flags=131072 enabled=true
10-30 07:20:51.431  2756  2756 D SysUiState: commitUpdate#0
10-30 07:20:51.431  2756  2756 D SysUiState: updateFlags#0 updated: old=0 new=131072
10-30 07:20:51.431  2756  2756 D OverviewProxyService: notifySystemUiStateFlags, display id = 0, flags = 131072
10-30 07:20:51.431  3488 29460 I [LGHome6]TouchInteractionService: onSystemUiStateChanged. displayId(0), stateFlags(131072)
10-30 07:20:51.434  1499  1499 I SurfaceFlinger: Remove EffectLayer(0x7318082c10) Surface(name=dcb9bf0 StatusBar)/@0xac9fa55 - animation-leash of insets_animation#1 (parent=none)
10-30 07:20:51.434  1499  1499 I SurfaceFlinger: Remove EffectLayer(0x731808b4c0) Surface(name=5efab5d NavigationBar0)/@0xb1951a3 - animation-leash of insets_animation#1 (parent=none)
10-30 07:20:51.434  1499  1499 I SurfaceFlinger: Remove EffectLayer(0x731809f3b0) Surface(name=dcb9bf0 StatusBar)/@0xac9fa55 - animation-leash of insets_animation#0 (parent=none)
10-30 07:20:51.434  1499  1499 I SurfaceFlinger: Remove EffectLayer(0x73180a7c60) Surface(name=5efab5d NavigationBar0)/@0xb1951a3 - animation-leash of insets_animation#0 (parent=none)
10-30 07:20:51.434  1499  1499 I SurfaceFlinger: Remove EffectLayer(0x73180cccb0) Surface(name=5efab5d NavigationBar0)/@0xb1951a3 - animation-leash of insets_animation#1 (parent=none)
10-30 07:20:51.434  1499  1499 I SurfaceFlinger: Remove EffectLayer(0x73180cfa40) Surface(name=dcb9bf0 StatusBar)/@0xac9fa55 - animation-leash of insets_animation#1 (parent=none)
10-30 07:20:51.434 19032 19032 D LifecycleMonitor: Lifecycle status change: androidx.test.core.app.InstrumentationActivityInvoker$BootstrapActivity@397759a in: PRE_ON_CREATE
10-30 07:20:51.435 19032 19032 V ActivityScenario: Activity lifecycle changed event received but ignored because the intent does not match. startActivityIntent=Intent { act=android.intent.action.MAIN cat=[android.intent.category.LAUNCHER] cmp=com.example.lunchtray/androidx.fragment.app.testing.FragmentScenario$EmptyFragmentActivity (has extras) }, activity.getIntent()=Intent { act=android.intent.action.MAIN cat=[android.intent.category.LAUNCHER] flg=0x10008000 cmp=com.example.lunchtray/androidx.test.core.app.InstrumentationActivityInvoker$BootstrapActivity (has extras) }, activity=androidx.test.core.app.InstrumentationActivityInvoker$BootstrapActivity@397759a
10-30 07:20:51.435  2756  2756 I StatusBar: updateStatusBarColor(): mApplyNotchStatusBar=false delay=true isPort=true
10-30 07:20:51.435  2756  2756 I LightBarTransitionsController: animateIconTint() : skip : mNextDarkIntensity = 0.0
10-30 07:20:51.435  2756  3836 I GameToolsControllerService: game removed from map {}
10-30 07:20:51.436  2756  2756 D ImageWallpaper.DrawableEngine@114146216#0: drawFrame(onVisibilityChanged-INVISIBLE)
10-30 07:20:51.436  2756  2756 D ImageWallpaper.DrawableEngine@114146216#0: drawFrame, !redrawNeeded && !mOffsetsChanged
10-30 07:20:51.438  1499  1499 I MiniDump: -------------------------------------------------------------------------------------------
10-30 07:20:51.438  1499  1499 I MiniDump: [ROTATION_0] H |  Comp Type |  Transform |  Alpha |  Disp Frame (LTRB) |  Source Crop (LTRB) | Frame Rate  | Disp[4630946736071014273] ""
10-30 07:20:51.438  1499  1499 I MiniDump: 0x7317fe6220 |     DEVICE |          0 | 1.000 |    0    0 1080 2460 | 303.0   0.0 1383.0 2460.0 | Wallpaper BBQ wrapper#0
10-30 07:20:51.438  1499  1499 I MiniDump: 0x73180ad780 |     DEVICE |          0 | 1.000 |    0    0 1080 2460 |   0.0   0.0 1080.0 2460.0 | com.lge.launcher3/com.lge[...].LauncherExtension@3488#0
10-30 07:20:51.438  1499  1499 I MiniDump: 0x731806bf90 |     DEVICE |          0 | 1.000 |    0    0 1080 2460 |   0.0   0.0 1080.0 2460.0 | Splash Screen com.example.lunchtray@2756#0
10-30 07:20:51.438  1499  1499 I MiniDump: 0x7317fcc810 |     DEVICE |          0 | 1.000 |    0    0 1080   76 |   0.0   0.0 1080.0  76.0 | StatusBar@2756#0
10-30 07:20:51.438  1499  1499 I MiniDump: 0x7317fd50c0 |     DEVICE |          0 | 1.000 |    0 2334 1080 2460 |   0.0   0.0 1080.0 126.0 | NavigationBar0@2756#0
10-30 07:20:51.438  1499  1499 I MiniDump: 0x7317fbb6b0 |     DEVICE |          0 | 1.000 |    0    0 1080   88 |   0.0   0.0 1080.0  88.0 | ScreenDecorOverlay@2756#0
10-30 07:20:51.438  1499  1499 I MiniDump: 0x7317fb8920 |     DEVICE |          0 | 1.000 |    0 2372 1080 2460 |   0.0   0.0 1080.0  88.0 | ScreenDecorOverlayBottom@2756#0
10-30 07:20:51.439  2756  3244 D PhoneStatusBarPolicy: updateManagedProfile userId = 0
10-30 07:20:51.440  2756  3836 D StatusBar: mainDisplayTopActivityComponentName : ComponentInfo{com.example.lunchtray/androidx.test.core.app.InstrumentationActivityInvoker$BootstrapActivity}
10-30 07:20:51.441  2756  3836 I GameToolsControllerService: game removed from map {}
10-30 07:20:51.442  2756  3836 D StatusBar: mainDisplayTopActivityComponentName : ComponentInfo{com.example.lunchtray/androidx.test.core.app.InstrumentationActivityInvoker$BootstrapActivity}
10-30 07:20:51.450  1499  1499 I SurfaceFlinger: Remove ContainerLayer(0x7317f052b0) ImeContainer#0 (parent=ActivityRecord{90c7d48 u0 com.lge.launcher3/.LauncherExtension t731}#0)
10-30 07:20:51.450  1499  1499 I SurfaceFlinger: Remove EffectLayer(0x7317f520e0) Task=1#0 (parent=DefaultTaskDisplayArea#0)
10-30 07:20:51.450  1499  1499 I SurfaceFlinger: Remove ContainerLayer(0x7317f743a0) 61a7f75 com.lge.launcher3/com.lge.launcher3.LauncherExtension#0 (parent=ActivityRecord{90c7d48 u0 com.lge.launcher3/.LauncherExtension t731}#0)
10-30 07:20:51.450 19032 19032 D LifecycleMonitor: Lifecycle status change: androidx.test.core.app.InstrumentationActivityInvoker$BootstrapActivity@397759a in: CREATED
10-30 07:20:51.450  1499  1499 I SurfaceFlinger: Remove ContainerLayer(0x7317f90b40) ActivityRecord{90c7d48 u0 com.lge.launcher3/.LauncherExtension t731}#0 (parent=Task=731#0)
10-30 07:20:51.450  1499  1499 I SurfaceFlinger: Remove EffectLayer(0x7317f938d0) Task=731#0 (parent=Task=1#0)
10-30 07:20:51.450  1499  1499 I SurfaceFlinger: Remove EffectLayer(0x7318082c10) Surface(name=dcb9bf0 StatusBar)/@0xac9fa55 - animation-leash of insets_animation#1 (parent=none)
10-30 07:20:51.450  1499  1499 I SurfaceFlinger: Remove EffectLayer(0x731808b4c0) Surface(name=5efab5d NavigationBar0)/@0xb1951a3 - animation-leash of insets_animation#1 (parent=none)
10-30 07:20:51.450  1499  1499 I SurfaceFlinger: Remove EffectLayer(0x731809f3b0) Surface(name=dcb9bf0 StatusBar)/@0xac9fa55 - animation-leash of insets_animation#0 (parent=none)
10-30 07:20:51.450  1499  1499 I SurfaceFlinger: Remove EffectLayer(0x73180a2140) Surface(name=Task=900)/@0x2154770 - animation-leash of app_transition#0 (parent=none)
10-30 07:20:51.450  1499  1499 I SurfaceFlinger: Remove EffectLayer(0x73180a7c60) Surface(name=5efab5d NavigationBar0)/@0xb1951a3 - animation-leash of insets_animation#0 (parent=none)
10-30 07:20:51.450  1499  1499 I SurfaceFlinger: Remove ContainerLayer(0x73180aa9f0) WindowToken{a01f095 android.os.Binder@8c1584c}#0 (parent=ImeContainer#0)
10-30 07:20:51.450  1499  1499 I SurfaceFlinger: Remove BufferStateLayer(0x73180ad780) com.lge.launcher3/com.lge.launcher3.LauncherExtension@3488#0 (parent=61a7f75 com.lge.launcher3/com.lge.launcher3.LauncherExtension#0)
10-30 07:20:51.450  1499  1499 I SurfaceFlinger: Remove EffectLayer(0x73180bbb50) Surface(name=e4973b7 InputMethod)/@0x766a28d - animation-leash of insets_animation#2 (parent=WindowToken{a01f095 android.os.Binder@8c1584c}#0)
10-30 07:20:51.450  1499  1499 I SurfaceFlinger: Remove EffectLayer(0x73180cccb0) Surface(name=5efab5d NavigationBar0)/@0xb1951a3 - animation-leash of insets_animation#1 (parent=none)
10-30 07:20:51.450  1499  1499 I SurfaceFlinger: Remove EffectLayer(0x73180cfa40) Surface(name=dcb9bf0 StatusBar)/@0xac9fa55 - animation-leash of insets_animation#1 (parent=none)
10-30 07:20:51.450  2756  2756 I StatusBar: updateStatusBarColor(): mApplyNotchStatusBar=false delay=true isPort=true
10-30 07:20:51.450  1499  1499 I SurfaceFlinger: Remove BufferStateLayer(0x73180d27d0) com.lge.launcher3/com.lge.launcher3.LauncherExtension@15222#0 (parent=b82c9e2 com.lge.launcher3/com.lge.launcher3.LauncherExtension#0)
10-30 07:20:51.450  1499  1499 I SurfaceFlinger: Remove EffectLayer(0x73180d5560) Surface(name=Task=1)/@0x67fdba6 - animation-leash of app_transition#0 (parent=none)
10-30 07:20:51.450  1499  1499 I SurfaceFlinger: Remove ContainerLayer(0x73180e66c0) b82c9e2 com.lge.launcher3/com.lge.launcher3.LauncherExtension#0 (parent=ActivityRecord{90c7d48 u0 com.lge.launcher3/.LauncherExtension t731}#0)
10-30 07:20:51.450  1499  1499 I SurfaceFlinger: Remove ContainerLayer(0x73180eef70) e4973b7 InputMethod#0 (parent=Surface(name=e4973b7 InputMethod)/@0x766a28d - animation-leash of insets_animation#2)
10-30 07:20:51.450  1499  1499 D Layer   : Destroy Surface(name=dcb9bf0 StatusBar)/@0xac9fa55 - animation-leash of insets_animation#1(0x7318082c10)
10-30 07:20:51.450  2756  2756 I LightBarTransitionsController: animateIconTint() : skip : mNextDarkIntensity = 0.0
10-30 07:20:51.450  1499  1499 D Layer   : Destroy Surface(name=5efab5d NavigationBar0)/@0xb1951a3 - animation-leash of insets_animation#1(0x731808b4c0)
10-30 07:20:51.450 19032 19032 V ActivityScenario: Activity lifecycle changed event received but ignored because the intent does not match. startActivityIntent=Intent { act=android.intent.action.MAIN cat=[android.intent.category.LAUNCHER] cmp=com.example.lunchtray/androidx.fragment.app.testing.FragmentScenario$EmptyFragmentActivity (has extras) }, activity.getIntent()=Intent { act=android.intent.action.MAIN cat=[android.intent.category.LAUNCHER] flg=0x10008000 cmp=com.example.lunchtray/androidx.test.core.app.InstrumentationActivityInvoker$BootstrapActivity (has extras) }, activity=androidx.test.core.app.InstrumentationActivityInvoker$BootstrapActivity@397759a
10-30 07:20:51.450  1499  1499 D Layer   : Destroy Surface(name=dcb9bf0 StatusBar)/@0xac9fa55 - animation-leash of insets_animation#0(0x731809f3b0)
10-30 07:20:51.450  1499  1499 D Layer   : Destroy Surface(name=5efab5d NavigationBar0)/@0xb1951a3 - animation-leash of insets_animation#0(0x73180a7c60)
10-30 07:20:51.450  1499  1499 D Layer   : Destroy Surface(name=5efab5d NavigationBar0)/@0xb1951a3 - animation-leash of insets_animation#1(0x73180cccb0)
10-30 07:20:51.450  1499  1499 D Layer   : Destroy Surface(name=dcb9bf0 StatusBar)/@0xac9fa55 - animation-leash of insets_animation#1(0x73180cfa40)
10-30 07:20:51.450  1499  1499 D Layer   : Destroy Surface(name=Task=1)/@0x67fdba6 - animation-leash of app_transition#0(0x73180d5560)
10-30 07:20:51.450  1499  1499 D Layer   : Destroy Surface(name=Task=900)/@0x2154770 - animation-leash of app_transition#0(0x73180a2140)
10-30 07:20:51.451  2756  2756 I StatusBar: updateStatusBarColor(): mApplyNotchStatusBar=false delay=true isPort=true
10-30 07:20:51.451  2756  2756 I LightBarTransitionsController: animateIconTint() : skip : mNextDarkIntensity = 0.0
10-30 07:20:51.451 19032 19032 D LifecycleMonitor: Lifecycle status change: androidx.test.core.app.InstrumentationActivityInvoker$BootstrapActivity@397759a in: STARTED
10-30 07:20:51.452 19032 19032 V ActivityScenario: Activity lifecycle changed event received but ignored because the intent does not match. startActivityIntent=Intent { act=android.intent.action.MAIN cat=[android.intent.category.LAUNCHER] cmp=com.example.lunchtray/androidx.fragment.app.testing.FragmentScenario$EmptyFragmentActivity (has extras) }, activity.getIntent()=Intent { act=android.intent.action.MAIN cat=[android.intent.category.LAUNCHER] flg=0x10008000 cmp=com.example.lunchtray/androidx.test.core.app.InstrumentationActivityInvoker$BootstrapActivity (has extras) }, activity=androidx.test.core.app.InstrumentationActivityInvoker$BootstrapActivity@397759a
10-30 07:20:51.453 15222 15222 I A       : (REDACTED) onApplyWindowInsets: systemWindowInsets=%s
10-30 07:20:51.453 15222 15222 I A       : (REDACTED) onApplyWindowInsets: systemWindowInsets=%s
10-30 07:20:51.455  1499  1499 I MiniDump: -------------------------------------------------------------------------------------------
10-30 07:20:51.455  1499  1499 I MiniDump: [ROTATION_0] H |  Comp Type |  Transform |  Alpha |  Disp Frame (LTRB) |  Source Crop (LTRB) | Frame Rate  | Disp[4630946736071014273] ""
10-30 07:20:51.455  1499  1499 I MiniDump: 0x731806bf90 |     DEVICE |          0 | 1.000 |    0    0 1080 2460 |   0.0   0.0 1080.0 2460.0 | Splash Screen com.example.lunchtray@2756#0
10-30 07:20:51.455  1499  1499 I MiniDump: 0x7317fcc810 |     DEVICE |          0 | 1.000 |    0    0 1080   76 |   0.0   0.0 1080.0  76.0 | StatusBar@2756#0
10-30 07:20:51.455  1499  1499 I MiniDump: 0x7317fd50c0 |     DEVICE |          0 | 1.000 |    0 2334 1080 2460 |   0.0   0.0 1080.0 126.0 | NavigationBar0@2756#0
10-30 07:20:51.455  1499  1499 I MiniDump: 0x7317fbb6b0 |     DEVICE |          0 | 1.000 |    0    0 1080   88 |   0.0   0.0 1080.0  88.0 | ScreenDecorOverlay@2756#0
10-30 07:20:51.455  1499  1499 I MiniDump: 0x7317fb8920 |     DEVICE |          0 | 1.000 |    0 2372 1080 2460 |   0.0   0.0 1080.0  88.0 | ScreenDecorOverlayBottom@2756#0
10-30 07:20:51.458  1499  3633 D SurfaceFlinger: Create ContainerLayer(0x7318041420) ActivityRecord{56b74ff u0 com.example.lunchtray/androidx.fragment.app.testing.FragmentScenario$EmptyFragmentActivity t900}#0
10-30 07:20:51.460  2756  3836 I GameToolsControllerService: game removed from map {}
10-30 07:20:51.460  1673  1699 I PowerRM : System FW:1 IC:0 SO:0 GT:0 CAPP:-1 APP:0
10-30 07:20:51.460  1673  1699 E PRM_CONFIG_Parser: get_custom_config not found
10-30 07:20:51.462 19032 19032 D LifecycleMonitor: Lifecycle status change: androidx.test.core.app.InstrumentationActivityInvoker$BootstrapActivity@397759a in: RESUMED
10-30 07:20:51.462 19032 19032 V ActivityScenario: Activity lifecycle changed event received but ignored because the intent does not match. startActivityIntent=Intent { act=android.intent.action.MAIN cat=[android.intent.category.LAUNCHER] cmp=com.example.lunchtray/androidx.fragment.app.testing.FragmentScenario$EmptyFragmentActivity (has extras) }, activity.getIntent()=Intent { act=android.intent.action.MAIN cat=[android.intent.category.LAUNCHER] flg=0x10008000 cmp=com.example.lunchtray/androidx.test.core.app.InstrumentationActivityInvoker$BootstrapActivity (has extras) }, activity=androidx.test.core.app.InstrumentationActivityInvoker$BootstrapActivity@397759a
10-30 07:20:51.463  3097 22921 D RoundCornerMask: metaData is null
10-30 07:20:51.463  2756  3836 D StatusBar: mainDisplayTopActivityComponentName : ComponentInfo{com.example.lunchtray/androidx.fragment.app.testing.FragmentScenario$EmptyFragmentActivity}
10-30 07:20:51.464  3097 22921 D RoundCornerMask: metaData is null
10-30 07:20:51.464 19032 19032 D LifecycleMonitor: Lifecycle status change: androidx.test.core.app.InstrumentationActivityInvoker$BootstrapActivity@397759a in: PAUSED
10-30 07:20:51.464 19032 19032 V ActivityScenario: Activity lifecycle changed event received but ignored because the intent does not match. startActivityIntent=Intent { act=android.intent.action.MAIN cat=[android.intent.category.LAUNCHER] cmp=com.example.lunchtray/androidx.fragment.app.testing.FragmentScenario$EmptyFragmentActivity (has extras) }, activity.getIntent()=Intent { act=android.intent.action.MAIN cat=[android.intent.category.LAUNCHER] flg=0x10008000 cmp=com.example.lunchtray/androidx.test.core.app.InstrumentationActivityInvoker$BootstrapActivity (has extras) }, activity=androidx.test.core.app.InstrumentationActivityInvoker$BootstrapActivity@397759a
10-30 07:20:51.465  2756  2756 I StatusBar: updateStatusBarColor(): mApplyNotchStatusBar=false delay=true isPort=true
10-30 07:20:51.465  2756  3836 I GameToolsControllerService: game removed from map {}
10-30 07:20:51.467  5181 22893 D TopPackageTracker: activityChanged callMethod=1 packageName=com.example.lunchtray displayid=0
10-30 07:20:51.468  5181 24859 D TopPackageTracker: activityChanged callMethod=1 packageName=com.example.lunchtray displayid=0
10-30 07:20:51.469  2756  2756 I LightBarTransitionsController: appTransitionStarting():  [isKeyguardGoingAway = false], [(mDisplayId != displayId) = false], [!forced = true]
10-30 07:20:51.469  2756  2756 I LightBarTransitionsController: animateIconTint() : skip : mNextDarkIntensity = 0.0
10-30 07:20:51.469  2756  2756 I LightBarTransitionsController: appTransitionStarting():  [isKeyguardGoingAway = false], [(mDisplayId != displayId) = false], [!forced = true]
10-30 07:20:51.469  2756  2756 I LightBarTransitionsController: appTransitionStarting():  [isKeyguardGoingAway = false], [(mDisplayId != displayId) = false], [!forced = true]
10-30 07:20:51.472  2756  3836 D StatusBar: mainDisplayTopActivityComponentName : ComponentInfo{com.example.lunchtray/androidx.fragment.app.testing.FragmentScenario$EmptyFragmentActivity}
10-30 07:20:51.473  3097  3752 D RoundCornerMask: metaData is null
10-30 07:20:51.474  2756  3244 D PhoneStatusBarPolicy: updateManagedProfile userId = 0
10-30 07:20:51.478  3097  3752 D RoundCornerMask: metaData is null
10-30 07:20:51.478  3488  3488 I [LGHome6]StateManager: [RecentsAnimation] goToState(): (LauncherState - 0 -> LauncherState - 0), animated=false, delay=0, onCompleteRunnable=null
10-30 07:20:51.478  3488  3488 I [LGHome6]StateManager: [RecentsAnimation] goToState(): 1. isInState LauncherState - 0
10-30 07:20:51.478  2756  2756 I StatusBar: updateStatusBarColor(): mApplyNotchStatusBar=false delay=true isPort=true
10-30 07:20:51.479  2756  2756 I LightBarTransitionsController: animateIconTint() : skip : mNextDarkIntensity = 0.0
10-30 07:20:51.479  2756  3836 I GameToolsControllerService: game removed from map {}
10-30 07:20:51.481  2756  3836 D StatusBar: mainDisplayTopActivityComponentName : ComponentInfo{com.example.lunchtray/androidx.fragment.app.testing.FragmentScenario$EmptyFragmentActivity}
10-30 07:20:51.483  2756  2756 I StatusBar: updateStatusBarColor(): mApplyNotchStatusBar=false delay=true isPort=true
10-30 07:20:51.483  2756  2756 I LightBarTransitionsController: animateIconTint() : skip : mNextDarkIntensity = 0.0
10-30 07:20:51.483  2756  3836 I GameToolsControllerService: game removed from map {}
10-30 07:20:51.483  3488  3488 I [LGHome6]Launcher: Launcher.onStop
10-30 07:20:51.486  3488  3488 I [LGHome6]EditModeOffManager: EditModeOffManager is not running
10-30 07:20:51.488 15411 15411 I GsaVoiceInteractionSrv: Handling ACTION_STOP_HOTWORD
10-30 07:20:51.488 19032 19032 D LifecycleMonitor: Lifecycle status change: androidx.fragment.app.testing.FragmentScenario$EmptyFragmentActivity@d307aec in: PRE_ON_CREATE
10-30 07:20:51.489 19032 19032 V ActivityScenario: Activity lifecycle changed event received but ignored because the reported transition was not ON_CREATE while the last known transition was PRE_ON_CREATE
10-30 07:20:51.489 15411 15458 I HwDetectorWithState: (REDACTED) a: %d
10-30 07:20:51.490  2756  3836 D StatusBar: mainDisplayTopActivityComponentName : ComponentInfo{com.example.lunchtray/androidx.fragment.app.testing.FragmentScenario$EmptyFragmentActivity}
10-30 07:20:51.493  2756  2756 I StatusBar: updateStatusBarColor(): mApplyNotchStatusBar=false delay=true isPort=true
10-30 07:20:51.493  2756  2756 I LightBarTransitionsController: animateIconTint() : skip : mNextDarkIntensity = 0.0
10-30 07:20:51.515 19032 19032 D LifecycleMonitor: Lifecycle status change: androidx.fragment.app.testing.FragmentScenario$EmptyFragmentActivity@d307aec in: CREATED
10-30 07:20:51.515 19032 19032 V ActivityScenario: Update currentActivityStage to CREATED, currentActivity=androidx.fragment.app.testing.FragmentScenario$EmptyFragmentActivity@d307aec
10-30 07:20:51.516  1499  1499 I SurfaceFlinger: Remove BufferStateLayer(0x73180ad780) com.lge.launcher3/com.lge.launcher3.LauncherExtension@3488#0 (parent=none)
10-30 07:20:51.516  1499  1499 I SurfaceFlinger: Remove BufferStateLayer(0x73180d27d0) com.lge.launcher3/com.lge.launcher3.LauncherExtension@15222#0 (parent=none)
10-30 07:20:51.516  1499  1499 D Layer   : Destroy com.lge.launcher3/com.lge.launcher3.LauncherExtension@3488#0(0x73180ad780)
10-30 07:20:51.516 19032 19032 D LifecycleMonitor: Lifecycle status change: androidx.fragment.app.testing.FragmentScenario$EmptyFragmentActivity@d307aec in: STARTED
10-30 07:20:51.516 19032 19032 V ActivityScenario: Update currentActivityStage to STARTED, currentActivity=androidx.fragment.app.testing.FragmentScenario$EmptyFragmentActivity@d307aec
10-30 07:20:51.516  1499  1499 D Layer   : Destroy com.lge.launcher3/com.lge.launcher3.LauncherExtension@15222#0(0x73180d27d0)
10-30 07:20:51.517 19032 19032 D LifecycleMonitor: Lifecycle status change: androidx.fragment.app.testing.FragmentScenario$EmptyFragmentActivity@d307aec in: RESUMED
10-30 07:20:51.517  1945  1965 D InputDispatcher: Window went away: com.lge.launcher3/com.lge.launcher3.LauncherExtension@15222#0
10-30 07:20:51.517  1945  1965 D InputDispatcher: Window went away: com.lge.launcher3/com.lge.launcher3.LauncherExtension@3488#0
10-30 07:20:51.517 19032 19032 V ActivityScenario: Update currentActivityStage to RESUMED, currentActivity=androidx.fragment.app.testing.FragmentScenario$EmptyFragmentActivity@d307aec
10-30 07:20:51.528  1499  3633 D SurfaceFlinger: Create ContainerLayer(0x73180d27d0) ffaf993 com.example.lunchtray/androidx.fragment.app.testing.FragmentScenario$EmptyFragmentActivity#0
10-30 07:20:51.529 19032 19032 D DecorView: [DecorView][notifyViewAdded] token = android.view.ViewRootImpl$WEx@ada6377
10-30 07:20:51.531 19032 19032 I TouchFilterInputStageHelper: [needTouchEventFilter] Displayid : 0
10-30 07:20:51.532 19032 19032 D HandGripFilter: getdisplaysize, x : 1080 y : 2460
10-30 07:20:51.533 19032 19032 D LifecycleMonitor: Lifecycle status change: androidx.test.core.app.InstrumentationActivityInvoker$BootstrapActivity@397759a in: STOPPED
10-30 07:20:51.533 19032 19032 V ActivityScenario: Activity lifecycle changed event received but ignored because the intent does not match. startActivityIntent=Intent { act=android.intent.action.MAIN cat=[android.intent.category.LAUNCHER] cmp=com.example.lunchtray/androidx.fragment.app.testing.FragmentScenario$EmptyFragmentActivity (has extras) }, activity.getIntent()=Intent { act=android.intent.action.MAIN cat=[android.intent.category.LAUNCHER] flg=0x10008000 cmp=com.example.lunchtray/androidx.test.core.app.InstrumentationActivityInvoker$BootstrapActivity (has extras) }, activity=androidx.test.core.app.InstrumentationActivityInvoker$BootstrapActivity@397759a
10-30 07:20:51.537  1499  3633 D SurfaceFlinger: Create BufferStateLayer(0x73180cfa40) com.example.lunchtray/androidx.fragment.app.testing.FragmentScenario$EmptyFragmentActivity@19032#0
10-30 07:20:51.539  1499  3633 D SurfaceFlinger: Create EffectLayer(0x73180a2140) Surface(name=dcb9bf0 StatusBar)/@0xac9fa55 - animation-leash of insets_animation#0
10-30 07:20:51.540  1673  1699 I PowerRM : System FW:1 IC:0 SO:0 GT:0 CAPP:-1 APP:0
10-30 07:20:51.540  1673  1699 I PowerRM : System FW:0 IC:0 SO:0 GT:0 CAPP:-1 APP:0
10-30 07:20:51.540  1673  1699 I PowerRM : FIA lock1 unlocked
10-30 07:20:51.540  1499  3633 D SurfaceFlinger: Create EffectLayer(0x73180cccb0) Surface(name=5efab5d NavigationBar0)/@0xb1951a3 - animation-leash of insets_animation#0
10-30 07:20:51.540  1945  2015 D IStatusBar.Stub: updateNavigationBarColor(0, -16777216)
10-30 07:20:51.540  2756  2792 D IStatusBar.Stub : CommandQueue: updateNavigationBarColor(0, -16777216)
10-30 07:20:51.541  2756  2756 I NavigationThemeResource: display(0) notify navigation bar color(0xff000000)
10-30 07:20:51.541  2756  2756 I NavigationThemeResource: WmEx Color dark = -16777216
10-30 07:20:51.541  2756  2756 I NavigationThemeResource: NavigationKey(0) Color is changed(WHITE_WITH_BORDER -> WHITE)
10-30 07:20:51.541  2756  2756 I NavigationThemeResource:  BarMode=-1, Theme=WHITE, LightBackground=false, mNavigationLight=false (NOT Transparent)
10-30 07:20:51.541  2756  2756 I NavigationThemeResource: , Keyguard show=false, IME shown=false, Bar vertical=true, Panel expanded=false
10-30 07:20:51.544 19032 19056 I AdrenoGLES-0: QUALCOMM build                   : f83ada69d2, I20db3b803a
10-30 07:20:51.544 19032 19056 I AdrenoGLES-0: Build Date                       : 12/28/21
10-30 07:20:51.544 19032 19056 I AdrenoGLES-0: OpenGL ES Shader Compiler Version: EV031.32.02.17
10-30 07:20:51.544 19032 19056 I AdrenoGLES-0: Local Branch                     : mybranchec67a507-9f2e-f1ab-8d51-08f1eafda2d0
10-30 07:20:51.544 19032 19056 I AdrenoGLES-0: Remote Branch                    : quic/gfx-adreno.lnx.1.0.r143-rel
10-30 07:20:51.544 19032 19056 I AdrenoGLES-0: Remote Branch                    : NONE
10-30 07:20:51.544 19032 19056 I AdrenoGLES-0: Reconstruct Branch               : NOTHING
10-30 07:20:51.544 19032 19056 I AdrenoGLES-0: Build Config                     : S P 12.1.1 AArch64
10-30 07:20:51.544 19032 19056 I AdrenoGLES-0: Driver Path                      : /vendor/lib64/egl/libGLESv2_adreno.so
10-30 07:20:51.546 19032 19056 I AdrenoGLES-0: PFP: 0x016ee190, ME: 0x00000000
10-30 07:20:51.553  1348  1622 I SDM     : HWCDisplay::GetColorModeCount: Supported color mode count = 3
10-30 07:20:51.554  1348  1622 I SDM     : HWCDisplay::GetColorModes: Supports color mode[0] = 0
10-30 07:20:51.554  1348  1622 I SDM     : HWCDisplay::GetColorModes: Supports color mode[1] = 7
10-30 07:20:51.554  1348  1622 I SDM     : HWCDisplay::GetColorModes: Supports color mode[2] = 9
10-30 07:20:51.554  1499  1532 E HWComposer: getSupportedContentTypes: getSupportedContentTypes failed for display 4630946736071014273: Unsupported (8)
10-30 07:20:51.554 19032 19056 D hw-ProcessState: Binder ioctl to enable oneway spam detection failed: Invalid argument
10-30 07:20:51.555   711   711 I hwservicemanager: getTransport: Cannot find entry android.hardware.graphics.mapper@4.0::IMapper/default in either framework or device VINTF manifest.
10-30 07:20:51.555 19032 19064 I Gralloc4: mapper 4.x is not supported
10-30 07:20:51.555   711   711 I hwservicemanager: getTransport: Cannot find entry android.hardware.graphics.mapper@3.0::IMapper/default in either framework or device VINTF manifest.
10-30 07:20:51.555 19032 19064 W Gralloc3: mapper 3.x is not supported
10-30 07:20:51.557   711   711 I hwservicemanager: getTransport: Cannot find entry android.hardware.graphics.allocator@4.0::IAllocator/default in either framework or device VINTF manifest.
10-30 07:20:51.557 19032 19064 W Gralloc4: allocator 4.x is not supported
10-30 07:20:51.557   711   711 I hwservicemanager: getTransport: Cannot find entry android.hardware.graphics.allocator@3.0::IAllocator/default in either framework or device VINTF manifest.
10-30 07:20:51.557 19032 19064 W Gralloc3: allocator 3.x is not supported
10-30 07:20:51.566  1499  1499 I SurfaceFlinger: Remove EffectLayer(0x73180636e0) Surface(name=5efab5d NavigationBar0)/@0xb1951a3 - animation-leash of insets_animation#1 (parent=none)
10-30 07:20:51.566  1499  1499 I SurfaceFlinger: Remove EffectLayer(0x731807d0f0) Surface(name=dcb9bf0 StatusBar)/@0xac9fa55 - animation-leash of insets_animation#1 (parent=none)
10-30 07:20:51.566  1499  1499 D Layer   : Destroy Surface(name=dcb9bf0 StatusBar)/@0xac9fa55 - animation-leash of insets_animation#1(0x731807d0f0)
10-30 07:20:51.566  1499  1499 D Layer   : Destroy Surface(name=5efab5d NavigationBar0)/@0xb1951a3 - animation-leash of insets_animation#1(0x73180636e0)
10-30 07:20:51.566  1499  3633 D SurfaceFlinger: Create EffectLayer(0x7317ff45f0) Surface(name=WindowToken{289a134 android.os.BinderProxy@8e8c488})/@0xcc92b00 - animation-leash of app_transition#1
10-30 07:20:51.567  1945  1965 D InputDispatcher: Window went away: com.example.lunchtray/androidx.fragment.app.testing.FragmentScenario$EmptyFragmentActivity@19032#0
10-30 07:20:51.568  2756  2756 D NavigationModeController: getCurrentUserContext: contextUser=0 currentUser=0
10-30 07:20:51.574  1499  3633 D SurfaceFlinger: Create EffectLayer(0x73180ad780) Surface(name=ffaf993 com.example.lunchtray/androidx.fragment.app.testing.FragmentScenario$EmptyFragmentActivity)/@0xcc6080b - animation-leash of starting_reveal#0
10-30 07:20:51.576  1945  2013 W ziparchive: Unable to open '/data/app/~~CTkNfAd8-4QQUyxJenjiaQ==/com.example.lunchtray-HUA09ORZeh3jzWgaP7ufBA==/base.dm': No such file or directory
10-30 07:20:51.577  1945  2013 I ActivityTaskManager: Displayed com.example.lunchtray/androidx.fragment.app.testing.FragmentScenario$EmptyFragmentActivity: +209ms
10-30 07:20:51.583  1499  1499 I SurfaceFlinger: Remove ContainerLayer(0x7317fbe440) 5efab5d NavigationBar0#0 (parent=Surface(name=5efab5d NavigationBar0)/@0xb1951a3 - animation-leash of insets_animation#0)
10-30 07:20:51.583  1499  1499 I SurfaceFlinger: Remove BufferStateLayer(0x7317fd50c0) NavigationBar0@2756#0 (parent=5efab5d NavigationBar0#0)
10-30 07:20:51.583  1499  1499 I SurfaceFlinger: Remove ContainerLayer(0x7317fe8fb0) WindowToken{289a134 android.os.BinderProxy@8e8c488}#0 (parent=Surface(name=WindowToken{289a134 android.os.BinderProxy@8e8c488})/@0xcc92b00 - animation-leash of app_transition#1)
10-30 07:20:51.583  1499  1499 I SurfaceFlinger: Remove EffectLayer(0x731807fe80) Surface(name=WindowToken{289a134 android.os.BinderProxy@8e8c488})/@0xcc92b00 - animation-leash of app_transition#0 (parent=none)
10-30 07:20:51.583  1499  1499 I SurfaceFlinger: Remove EffectLayer(0x73180cccb0) Surface(name=5efab5d NavigationBar0)/@0xb1951a3 - animation-leash of insets_animation#0 (parent=WindowToken{289a134 android.os.BinderProxy@8e8c488}#0)
10-30 07:20:51.583  1499  1499 D Layer   : Destroy Surface(name=WindowToken{289a134 android.os.BinderProxy@8e8c488})/@0xcc92b00 - animation-leash of app_transition#0(0x731807fe80)
10-30 07:20:51.583  1499  3633 D SurfaceFlinger: Create EffectLayer(0x73180a7c60) Surface(name=464cfc2 Splash Screen com.example.lunchtray)/@0x8a0b2cc - animation-leash of window_animation#0
10-30 07:20:51.584  1363 18492 D sensors_hal_light: handle_sns_std_sensor_event:79, ambient_light_event: ts=285437030140801, lux = 17, raw_adc=37, pdata=51
10-30 07:20:51.587  1945  5031 W InputManager-JNI: Input channel object '464cfc2 Splash Screen com.example.lunchtray (client)' was disposed without first being removed with the input manager!
10-30 07:20:51.588  1499  1499 I MiniDump: -------------------------------------------------------------------------------------------
10-30 07:20:51.588  1499  1499 I MiniDump: [ROTATION_0] H |  Comp Type |  Transform |  Alpha |  Disp Frame (LTRB) |  Source Crop (LTRB) | Frame Rate  | Disp[4630946736071014273] ""
10-30 07:20:51.588  1499  1499 I MiniDump: 0x73180cfa40 |     DEVICE |          0 | 1.000 |    0    0 1080 2460 |   0.0   0.0 1080.0 2460.0 | com.example.lunchtray/and[...]yFragmentActivity@19032#0
10-30 07:20:51.588  1499  1499 I MiniDump: 0x731806bf90 |     DEVICE |          0 | 1.000 |    0    0 1080 2460 |   0.0   0.0 1080.0 2460.0 | Splash Screen com.example.lunchtray@2756#0
10-30 07:20:51.588  1499  1499 I MiniDump: 0x7317fcc810 |     DEVICE |          0 | 1.000 |    0    0 1080   76 |   0.0   0.0 1080.0  76.0 | StatusBar@2756#0
10-30 07:20:51.588  1499  1499 I MiniDump: 0x7317fbb6b0 |     DEVICE |          0 | 1.000 |    0    0 1080   88 |   0.0   0.0 1080.0  88.0 | ScreenDecorOverlay@2756#0
10-30 07:20:51.588  1499  1499 I MiniDump: 0x7317fb8920 |     DEVICE |          0 | 1.000 |    0 2372 1080 2460 |   0.0   0.0 1080.0  88.0 | ScreenDecorOverlayBottom@2756#0
10-30 07:20:51.590 19032 19032 D CompatibilityChangeReporter: Compat change id reported: 171228096; UID 10468; state: ENABLED
10-30 07:20:51.599  1499  1499 I SurfaceFlinger: Remove EffectLayer(0x73180ad780) Surface(name=ffaf993 com.example.lunchtray/androidx.fragment.app.testing.FragmentScenario$EmptyFragmentActivity)/@0xcc6080b - animation-leash of starting_reveal#0 (parent=none)
10-30 07:20:51.602  1499  1499 I MiniDump: -------------------------------------------------------------------------------------------
10-30 07:20:51.602  1499  1499 I MiniDump: [ROTATION_0] H |  Comp Type |  Transform |  Alpha |  Disp Frame (LTRB) |  Source Crop (LTRB) | Frame Rate  | Disp[4630946736071014273] ""
10-30 07:20:51.602  1499  1499 I MiniDump: 0x73180cfa40 |     DEVICE |          0 | 1.000 |    0    0 1080 2460 |   0.0   0.0 1080.0 2460.0 | com.example.lunchtray/and[...]yFragmentActivity@19032#0
10-30 07:20:51.602  1499  1499 I MiniDump: 0x7317fcc810 |     DEVICE |          0 | 1.000 |    0    0 1080   76 |   0.0   0.0 1080.0  76.0 | StatusBar@2756#0
10-30 07:20:51.602  1499  1499 I MiniDump: 0x7317fbb6b0 |     DEVICE |          0 | 1.000 |    0    0 1080   88 |   0.0   0.0 1080.0  88.0 | ScreenDecorOverlay@2756#0
10-30 07:20:51.602  1499  1499 I MiniDump: 0x7317fb8920 |     DEVICE |          0 | 1.000 |    0 2372 1080 2460 |   0.0   0.0 1080.0  88.0 | ScreenDecorOverlayBottom@2756#0
10-30 07:20:51.610  2756  2756 I BarTransitions.PhoneStatusBarTransitions: setNotchColor color = 0
10-30 07:20:51.616  1499  1499 I SurfaceFlinger: Remove BufferStateLayer(0x731806bf90) Splash Screen com.example.lunchtray@2756#0 (parent=none)
10-30 07:20:51.616  1499  1499 I SurfaceFlinger: Remove EffectLayer(0x73180a7c60) Surface(name=464cfc2 Splash Screen com.example.lunchtray)/@0x8a0b2cc - animation-leash of window_animation#0 (parent=none)
10-30 07:20:51.616  1499  1499 I SurfaceFlinger: Remove ContainerLayer(0x73180d82f0) 464cfc2 Splash Screen com.example.lunchtray#0 (parent=none)
10-30 07:20:51.616  1499  1499 D Layer   : Destroy Surface(name=464cfc2 Splash Screen com.example.lunchtray)/@0x8a0b2cc - animation-leash of window_animation#0(0x73180a7c60)
10-30 07:20:51.616  1499  1499 D Layer   : Destroy 464cfc2 Splash Screen com.example.lunchtray#0(0x73180d82f0)
10-30 07:20:51.616  1499  1499 D Layer   : Destroy Splash Screen com.example.lunchtray@2756#0(0x731806bf90)
10-30 07:20:51.617  1945  5031 D InputDispatcher: Window went away: 464cfc2 Splash Screen com.example.lunchtray
10-30 07:20:51.635  2756  2756 I BarTransitions.PhoneStatusBarTransitions: setNotchColor color = 0
10-30 07:20:51.650  2756  2756 I BarTransitions.PhoneStatusBarTransitions: setNotchColor color = 0
10-30 07:20:51.651  2756  2756 I BarTransitions.PhoneStatusBarTransitions: setNotchColor color = 0
10-30 07:20:51.664  2756  2756 I BarTransitions.PhoneStatusBarTransitions: setNotchColor color = 0
10-30 07:20:51.665 19032 19053 D EventInjectionStrategy: Creating injection strategy with input manager.
10-30 07:20:51.665 19032 19053 W ample.lunchtra: Accessing hidden method Landroid/hardware/input/InputManager;->getInstance()Landroid/hardware/input/InputManager; (unsupported, reflection, allowed)
10-30 07:20:51.665 19032 19053 W ample.lunchtra: Accessing hidden method Landroid/hardware/input/InputManager;->injectInputEvent(Landroid/view/InputEvent;I)Z (unsupported, reflection, allowed)
10-30 07:20:51.665 19032 19053 W ample.lunchtra: Accessing hidden field Landroid/hardware/input/InputManager;->INJECT_INPUT_EVENT_MODE_WAIT_FOR_FINISH:I (unsupported, reflection, allowed)
10-30 07:20:51.678  2756  2756 I BarTransitions.PhoneStatusBarTransitions: setNotchColor color = 0
10-30 07:20:51.683  2756  2756 I BarTransitions.PhoneStatusBarTransitions: setNotchColor color = 0
