10-30 07:21:08.436  1499  1499 D Layer   : Destroy Surface(name=dcb9bf0 StatusBar)/@0xac9fa55 - animation-leash of insets_animation#1(0x7318071ab0)
10-30 07:21:08.436  1499  1499 D Layer   : Destroy Surface(name=5efab5d NavigationBar0)/@0xb1951a3 - animation-leash of insets_animation#1(0x7318060950)
10-30 07:21:08.437  1945  1965 D InputDispatcher: Window went away: com.example.lunchtray/com.example.lunchtray.MainActivity@19032#0
10-30 07:21:08.439  1499  2493 D SurfaceFlinger: Create EffectLayer(0x73180cccb0) Surface(name=5f14fe Splash Screen com.example.lunchtray)/@0x31ac2ba - animation-leash of window_animation#0
10-30 07:21:08.442  1499  1499 I MiniDump: -------------------------------------------------------------------------------------------
10-30 07:21:08.442  1499  1499 I MiniDump: [ROTATION_0] H |  Comp Type |  Transform |  Alpha |  Disp Frame (LTRB) |  Source Crop (LTRB) | Frame Rate  | Disp[4630946736071014273] ""
10-30 07:21:08.442  1499  1499 I MiniDump: 0x7317ff45f0 |     DEVICE |          0 | 1.000 |    0    0 1080 2460 |   0.0   0.0 1080.0 2460.0 | com.example.lunchtray/com[...]tray.MainActivity@19032#0
10-30 07:21:08.442  1499  1499 I MiniDump: 0x731807a360 |     DEVICE |          0 | 1.000 |    0    0 1080 2460 |   0.0   0.0 1080.0 2460.0 | Splash Screen com.example.lunchtray@2756#0
10-30 07:21:08.442  1499  1499 I MiniDump: 0x7317fcc810 |     DEVICE |          0 | 1.000 |    0    0 1080   76 |   0.0   0.0 1080.0  76.0 | StatusBar@2756#0
10-30 07:21:08.442  1499  1499 I MiniDump: 0x7317fd50c0 |     DEVICE |          0 | 1.000 |    0 2334 1080 2460 |   0.0   0.0 1080.0 126.0 | NavigationBar0@2756#0
10-30 07:21:08.442  1499  1499 I MiniDump: 0x7317fbb6b0 |     DEVICE |          0 | 1.000 |    0    0 1080   88 |   0.0   0.0 1080.0  88.0 | ScreenDecorOverlay@2756#0
10-30 07:21:08.443  1499  1499 I MiniDump: 0x7317fb8920 |     DEVICE |          0 | 1.000 |    0 2372 1080 2460 |   0.0   0.0 1080.0  88.0 | ScreenDecorOverlayBottom@2756#0
10-30 07:21:08.445  1945  1965 W InputManager-JNI: Input channel object '5f14fe Splash Screen com.example.lunchtray (client)' was disposed without first being removed with the input manager!
10-30 07:21:08.447  1499  1533 D SurfaceFlinger: Create EffectLayer(0x7318088730) Surface(name=e4973b7 InputMethod)/@0x766a28d - animation-leash of insets_animation#0
10-30 07:21:08.452  1499  1499 I SurfaceFlinger: Remove EffectLayer(0x731803b900) Surface(name=a493896 com.example.lunchtray/com.example.lunchtray.MainActivity)/@0x87a2070 - animation-leash of starting_reveal#0 (parent=none)
10-30 07:21:08.452  1499  1499 I SurfaceFlinger: Remove EffectLayer(0x73180441b0) Surface(name=e4973b7 InputMethod)/@0x766a28d - animation-leash of insets_animation#1 (parent=none)
10-30 07:21:08.452  1499  1499 I SurfaceFlinger: Remove EffectLayer(0x731808b4c0) Surface(name=dcb9bf0 StatusBar)/@0xac9fa55 - animation-leash of insets_animation#1 (parent=none)
10-30 07:21:08.452  1499  1499 I SurfaceFlinger: Remove EffectLayer(0x73180a7c60) Surface(name=5efab5d NavigationBar0)/@0xb1951a3 - animation-leash of insets_animation#1 (parent=none)
10-30 07:21:08.453  1499  1499 D Layer   : Destroy Surface(name=dcb9bf0 StatusBar)/@0xac9fa55 - animation-leash of insets_animation#1(0x731808b4c0)
10-30 07:21:08.453  1499  1499 D Layer   : Destroy Surface(name=5efab5d NavigationBar0)/@0xb1951a3 - animation-leash of insets_animation#1(0x73180a7c60)
10-30 07:21:08.453  1499  1499 D Layer   : Destroy Surface(name=e4973b7 InputMethod)/@0x766a28d - animation-leash of insets_animation#1(0x73180441b0)
10-30 07:21:08.454  1945  5020 D InputDispatcher: Window went away: 5f14fe Splash Screen com.example.lunchtray
10-30 07:21:08.455  2756  3815 D NavigationModeController: getCurrentUserContext: contextUser=0 currentUser=0
10-30 07:21:08.456  2756  3815 D NavigationModeController: getCurrentUserContext: contextUser=0 currentUser=0
10-30 07:21:08.457  1945  1958 I system_server: NativeAlloc concurrent copying GC freed 816090(41MB) AllocSpace objects, 53(4888KB) LOS objects, 42% free, 64MB/112MB, paused 166us,138us total 257.861ms
10-30 07:21:08.457  1499  1499 I MiniDump: -------------------------------------------------------------------------------------------
10-30 07:21:08.457  1499  1499 I MiniDump: [ROTATION_0] H |  Comp Type |  Transform |  Alpha |  Disp Frame (LTRB) |  Source Crop (LTRB) | Frame Rate  | Disp[4630946736071014273] ""
10-30 07:21:08.457  1499  1499 I MiniDump: 0x7317ff45f0 |     DEVICE |          0 | 1.000 |    0    0 1080 2460 |   0.0   0.0 1080.0 2460.0 | com.example.lunchtray/com[...]tray.MainActivity@19032#0
10-30 07:21:08.457  1499  1499 I MiniDump: 0x7317fcc810 |     DEVICE |          0 | 1.000 |    0    0 1080   76 |   0.0   0.0 1080.0  76.0 | StatusBar@2756#0
10-30 07:21:08.457  1499  1499 I MiniDump: 0x7317fd50c0 |     DEVICE |          0 | 1.000 |    0 2334 1080 2460 |   0.0   0.0 1080.0 126.0 | NavigationBar0@2756#0
10-30 07:21:08.457  1499  1499 I MiniDump: 0x7317fbb6b0 |     DEVICE |          0 | 1.000 |    0    0 1080   88 |   0.0   0.0 1080.0  88.0 | ScreenDecorOverlay@2756#0
10-30 07:21:08.457  1499  1499 I MiniDump: 0x7317fb8920 |     DEVICE |          0 | 1.000 |    0 2372 1080 2460 |   0.0   0.0 1080.0  88.0 | ScreenDecorOverlayBottom@2756#0
10-30 07:21:08.462  1945  1960 W System  : A resource failed to call release.
10-30 07:21:08.463  1945  1960 W System  : A resource failed to call release.
10-30 07:21:08.463  1945  1960 W System  : A resource failed to call close.
10-30 07:21:08.463  1945  1960 W System  : A resource failed to call release.
10-30 07:21:08.463  1945  1960 W System  : A resource failed to call close.
10-30 07:21:08.464  1945  1960 W System  : A resource failed to call release.
10-30 07:21:08.464  1945  1960 W System  : A resource failed to call close.
10-30 07:21:08.464  1945  1960 W System  : A resource failed to call release.
10-30 07:21:08.465  1945  1960 W System  : A resource failed to call close.
10-30 07:21:08.466  2756  2756 I BarTransitions.PhoneStatusBarTransitions: setNotchColor color = 0
10-30 07:21:08.467  1945  1960 W System  : A resource failed to call close.
10-30 07:21:08.467  1945  1960 W System  : A resource failed to call close.
10-30 07:21:08.469  1499  1499 I SurfaceFlinger: Remove BufferStateLayer(0x731807a360) Splash Screen com.example.lunchtray@2756#0 (parent=none)
10-30 07:21:08.469  1499  1499 I SurfaceFlinger: Remove ContainerLayer(0x731809c620) 5f14fe Splash Screen com.example.lunchtray#0 (parent=none)
10-30 07:21:08.469  1499  1499 I SurfaceFlinger: Remove EffectLayer(0x73180cccb0) Surface(name=5f14fe Splash Screen com.example.lunchtray)/@0x31ac2ba - animation-leash of window_animation#0 (parent=none)
10-30 07:21:08.469  1499  1499 D Layer   : Destroy Surface(name=5f14fe Splash Screen com.example.lunchtray)/@0x31ac2ba - animation-leash of window_animation#0(0x73180cccb0)
10-30 07:21:08.469  1499  1499 D Layer   : Destroy 5f14fe Splash Screen com.example.lunchtray#0(0x731809c620)
10-30 07:21:08.470  1499  1499 D Layer   : Destroy Splash Screen com.example.lunchtray@2756#0(0x731807a360)
10-30 07:21:08.470 19032 19032 I ViewInteraction: Performing 'single click' action on view view.getId() is <2131231208/com.example.lunchtray:id/start_order_btn>
10-30 07:21:08.471  1945  5020 D InputDispatcher: Window went away: Splash Screen com.example.lunchtray@2756#0
10-30 07:21:08.472  1945  2498 D InputTransport: channel 'a493896 com.example.lunchtray/com.example.lunchtray.MainActivity (server)' : action=ACTION_DOWN(0), id=0, displayId=0, tooltype=0, deviceId=-1, source=0x1002, flags=0x0, edgeFlags=0x0, metaState=0x0, buttonState=0x1, downTime=123863403000000, eventTime=123863403000000, pointerCount=1
10-30 07:21:08.472  1945  2498 D InputTransport: channel 'edge-swipe (server)' : action=ACTION_DOWN(0), id=0, displayId=0, tooltype=0, deviceId=-1, source=0x1002, flags=0x0, edgeFlags=0x0, metaState=0x0, buttonState=0x1, downTime=123863403000000, eventTime=123863403000000, pointerCount=1
10-30 07:21:08.472  1945  1960 W System  : A resource failed to call close.
10-30 07:21:08.472  1945  2498 D InputTransport: channel 'swipe-up (server)' : action=ACTION_DOWN(0), id=0, displayId=0, tooltype=0, deviceId=-1, source=0x1002, flags=0x0, edgeFlags=0x0, metaState=0x0, buttonState=0x1, downTime=123863403000000, eventTime=123863403000000, pointerCount=1
10-30 07:21:08.472  1945  2498 D InputTransport: channel 'swipe-up (server)' : action=ACTION_DOWN(0), id=0, displayId=0, tooltype=0, deviceId=-1, source=0x1002, flags=0x0, edgeFlags=0x0, metaState=0x0, buttonState=0x1, downTime=123863403000000, eventTime=123863403000000, pointerCount=1
10-30 07:21:08.472  1945  2498 D InputTransport: channel 'swipe-up (server)' : action=ACTION_DOWN(0), id=0, displayId=0, tooltype=0, deviceId=-1, source=0x1002, flags=0x0, edgeFlags=0x0, metaState=0x0, buttonState=0x1, downTime=123863403000000, eventTime=123863403000000, pointerCount=1
10-30 07:21:08.472  1945  2498 D InputTransport: channel 'swipe-up (server)' : action=ACTION_DOWN(0), id=0, displayId=0, tooltype=0, deviceId=-1, source=0x1002, flags=0x0, edgeFlags=0x0, metaState=0x0, buttonState=0x1, downTime=123863403000000, eventTime=123863403000000, pointerCount=1
10-30 07:21:08.472  1945  2498 D InputTransport: channel 'PointerEventDispatcher0 (server)' : action=ACTION_DOWN(0), id=0, displayId=0, tooltype=0, deviceId=-1, source=0x1002, flags=0x0, edgeFlags=0x0, metaState=0x0, buttonState=0x1, downTime=123863403000000, eventTime=123863403000000, pointerCount=1
10-30 07:21:08.483  1945  1960 W System  : A resource failed to call close.
10-30 07:21:08.495  2756  2756 I BarTransitions.PhoneStatusBarTransitions: setNotchColor color = 0
10-30 07:21:08.520  2756  2756 I BarTransitions.PhoneStatusBarTransitions: setNotchColor color = 0
10-30 07:21:08.535  1363 18492 D sensors_hal_light: handle_sns_std_sensor_event:79, ambient_light_event: ts=285453982727624, lux = 18, raw_adc=39, pdata=36
10-30 07:21:08.553  1945  2498 D InputTransport: channel 'a493896 com.example.lunchtray/com.example.lunchtray.MainActivity (server)' : action=ACTION_UP(0), id=0, displayId=0, tooltype=1, deviceId=-1, source=0x1002, flags=0x0, edgeFlags=0x0, metaState=0x0, buttonState=0x1, downTime=123863403000000, eventTime=123863485000000, pointerCount=1
10-30 07:21:08.553  1945  2498 D InputTransport: channel 'edge-swipe (server)' : action=ACTION_UP(0), id=0, displayId=0, tooltype=1, deviceId=-1, source=0x1002, flags=0x0, edgeFlags=0x0, metaState=0x0, buttonState=0x1, downTime=123863403000000, eventTime=123863485000000, pointerCount=1
10-30 07:21:08.553  1945  2498 D InputTransport: channel 'swipe-up (server)' : action=ACTION_UP(0), id=0, displayId=0, tooltype=1, deviceId=-1, source=0x1002, flags=0x0, edgeFlags=0x0, metaState=0x0, buttonState=0x1, downTime=123863403000000, eventTime=123863485000000, pointerCount=1
10-30 07:21:08.553  1945  2498 D InputTransport: channel 'swipe-up (server)' : action=ACTION_UP(0), id=0, displayId=0, tooltype=1, deviceId=-1, source=0x1002, flags=0x0, edgeFlags=0x0, metaState=0x0, buttonState=0x1, downTime=123863403000000, eventTime=123863485000000, pointerCount=1
10-30 07:21:08.553  1945  2498 D InputTransport: channel 'swipe-up (server)' : action=ACTION_UP(0), id=0, displayId=0, tooltype=1, deviceId=-1, source=0x1002, flags=0x0, edgeFlags=0x0, metaState=0x0, buttonState=0x1, downTime=123863403000000, eventTime=123863485000000, pointerCount=1
10-30 07:21:08.553  1945  2498 D InputTransport: channel 'swipe-up (server)' : action=ACTION_UP(0), id=0, displayId=0, tooltype=1, deviceId=-1, source=0x1002, flags=0x0, edgeFlags=0x0, metaState=0x0, buttonState=0x1, downTime=123863403000000, eventTime=123863485000000, pointerCount=1
10-30 07:21:08.553  1945  2498 D InputTransport: channel 'PointerEventDispatcher0 (server)' : action=ACTION_UP(0), id=0, displayId=0, tooltype=1, deviceId=-1, source=0x1002, flags=0x0, edgeFlags=0x0, metaState=0x0, buttonState=0x1, downTime=123863403000000, eventTime=123863485000000, pointerCount=1
10-30 07:21:08.553 19032 19032 I View    : PerformClick: com.google.android.material.button.MaterialButton{21a43ba VFED..C.. ...P.... 349,1045-731,1171 #7f0801e8 app:id/start_order_btn}
10-30 07:21:08.554 19032 19032 I View    : MotionEvent.ACTION_UP: mPrivateFlags: 16828464,   mHasPerformedLongPress: false,   mIgnoreNextUpEvent: false
10-30 07:21:08.554  1945  2548 V SoundPool: play(soundID=1, leftVolume=1.000000, rightVolume=1.000000, priority=0, loop=0, rate=1.000000)
10-30 07:21:08.555  1945  2548 V AudioTrack: setSampleRate(546): prior state:STATE_STOPPED rate:48000
10-30 07:21:08.555  1945  2548 V AudioTrack: start(546): prior state:STATE_STOPPED
10-30 07:21:08.555  1945  2548 V AudioTrack: start(546): server read:-856656  cumulative flushed:0  client written:0
10-30 07:21:08.555  2580 20491 V AF::Track: start(571): calling pid 1945 session 4681
10-30 07:21:08.555  2580 20491 V AudioPolicyService: AudioCommandThread() adding start output portId 546
10-30 07:21:08.555  2580 20491 V AudioPolicyService: inserting command: 3 at index 0, num commands 0
10-30 07:21:08.555  2580  2595 V AudioPolicyService: AudioCommandThread() processing start output portId 546
10-30 07:21:08.555  2580  2595 D APM_AudioPolicyManager: startOutput portId 546 output primary->(primary output)(13), stream 1, session 4681
10-30 07:21:08.555  2580  2595 V APM_AudioPolicyManager: setBeaconMute(1) mBeaconMuteRefCount=1 mBeaconPlayingRefCount=0
10-30 07:21:08.555  2580  2595 V APM_AudioPolicyManager: selectOutputForMusicEffects selected output 13
10-30 07:21:08.555  2580  2595 V APM_AudioPolicyManager: getNewOutputDevices selected devices {type:0x2,@:}
10-30 07:21:08.555  2580  2595 V APM_AudioPolicyManager: setOutputDevices device {type:0x2,@:} delayMs 0
10-30 07:21:08.555  2580  2595 V APM_AudioPolicyManager: setOutputDevices() prevDevice {type:0x2,@:}
10-30 07:21:08.556  2580  2595 V APM_AudioPolicyManager: setOutputDevices: suppressing checkDeviceMuteStrategies
10-30 07:21:08.556  2580  2595 V APM_AudioPolicyManager: setOutputDevices setting same device {type:0x2,@:} or null device, force=0, patch handle=4
10-30 07:21:08.556  2580  2595 V AudioPolicyService: AudioCommandThread() going to sleep
10-30 07:21:08.556  1945  2548 V SoundPool: play returned 2728
10-30 07:21:08.562  1945  5020 V AudioSystem: ioConfigChanged() event 8
10-30 07:21:08.562  1945  5020 V AudioSystem: ioConfigChanged() AUDIO_CLIENT_STARTED  io 13 port 546 num callbacks 0
10-30 07:21:08.569  2756  2756 I BarTransitions.PhoneStatusBarTransitions: setNotchColor color = 0
10-30 07:21:08.578  2756  2756 I BarTransitions.PhoneStatusBarTransitions: setNotchColor color = 0
10-30 07:21:08.580  2756  2756 I BarTransitions.PhoneStatusBarTransitions: setNotchColor color = 0
10-30 07:21:08.585  2756  2756 I BarTransitions.PhoneStatusBarTransitions: setNotchColor color = 0
10-30 07:21:08.596  2756  2756 I BarTransitions.PhoneStatusBarTransitions: setNotchColor color = 0
10-30 07:21:08.620  2580  2617 V AF::Track: getNextBuffer(571): underrun,  framesReady(0) < framesDesired(236), state: 6
10-30 07:21:08.622  2580  2618 D AF::Track: presentationComplete(571): set: mPresentationCompleteFrames 804144 audioHalFrames 624
10-30 07:21:08.622  2580  2618 V AF::Track: presentationComplete(571): waiting framesWritten:803520  mPresentationCompleteFrames:804144
10-30 07:21:08.629  1945 19073 V AudioTrack: stop(546): prior state:STATE_ACTIVE
10-30 07:21:08.629  2580 20491 V AF::Track: stop(571): calling pid 1945
10-30 07:21:08.662  2580  2618 V AF::Track: presentationComplete(571): presentationComplete() mPresentationCompleteFrames 804144 framesWritten 805440
10-30 07:21:08.662  2580  2618 V AF::Track: presentationComplete(571): complete framesWritten:805440  mPresentationCompleteFrames:804144
10-30 07:21:08.668  2580  2618 V AudioPolicyService: AudioCommandThread() adding stop output portId 546
10-30 07:21:08.668  2580  2618 V AudioPolicyService: inserting command: 4 at index 0, num commands 0
10-30 07:21:08.668  2580  2595 V AudioPolicyService: AudioCommandThread() processing stop output portId 546
10-30 07:21:08.668  2580  2595 V APM_AudioPolicyManager: stopOutput() portId 546 output 13, stream 1, session 4681
10-30 07:21:08.668  2580  2595 V APM_AudioPolicyManager: setBeaconMute(1) mBeaconMuteRefCount=0 mBeaconPlayingRefCount=0
10-30 07:21:08.668  2580  2595 V APM_AudioPolicyManager: getNewOutputDevices selected devices AUDIO_DEVICE_NONE
10-30 07:21:08.668  2580  2595 V APM_AudioPolicyManager: setOutputDevices device AUDIO_DEVICE_NONE delayMs 106
10-30 07:21:08.668  2580  2595 V APM_AudioPolicyManager: setOutputDevices() prevDevice {type:0x2,@:}
10-30 07:21:08.669  2580  2595 V APM_AudioPolicyManager: setOutputDevices setting same device AUDIO_DEVICE_NONE or null device, force=0, patch handle=4
10-30 07:21:08.669  2580  2595 V APM_AudioPolicyManager: selectOutputForMusicEffects selected output 13
10-30 07:21:08.669  2580  2595 V AudioPolicyService: AudioCommandThread() going to sleep
10-30 07:21:08.720  1432  1432 D vendor.lge.hardware.thermal@1.2-impl: Read value from /proc/lge_power/adc/vts, 248
10-30 07:21:08.727  1432  1432 D vendor.lge.hardware.thermal@1.2-impl: Read value from /proc/lge_power/adc/vts, 248
10-30 07:21:08.841  1363 18492 D sensors_hal_light: handle_sns_std_sensor_event:79, ambient_light_event: ts=285454287261947, lux = 20, raw_adc=41, pdata=38
10-30 07:21:08.948 19032 19032 I ViewInteraction: Performing 'single click' action on view view.getId() is <2131230844/com.example.lunchtray:id/cauliflower>
10-30 07:21:08.953  1945  2498 D InputTransport: channel 'a493896 com.example.lunchtray/com.example.lunchtray.MainActivity (server)' : action=ACTION_DOWN(0), id=0, displayId=0, tooltype=0, deviceId=-1, source=0x1002, flags=0x0, edgeFlags=0x0, metaState=0x0, buttonState=0x1, downTime=123863882000000, eventTime=123863882000000, pointerCount=1
10-30 07:21:08.953  1945  2498 D InputTransport: channel 'edge-swipe (server)' : action=ACTION_DOWN(0), id=0, displayId=0, tooltype=0, deviceId=-1, source=0x1002, flags=0x0, edgeFlags=0x0, metaState=0x0, buttonState=0x1, downTime=123863882000000, eventTime=123863882000000, pointerCount=1
10-30 07:21:08.953  1945  2498 D InputTransport: channel 'swipe-up (server)' : action=ACTION_DOWN(0), id=0, displayId=0, tooltype=0, deviceId=-1, source=0x1002, flags=0x0, edgeFlags=0x0, metaState=0x0, buttonState=0x1, downTime=123863882000000, eventTime=123863882000000, pointerCount=1
10-30 07:21:08.953  1945  2498 D InputTransport: channel 'swipe-up (server)' : action=ACTION_DOWN(0), id=0, displayId=0, tooltype=0, deviceId=-1, source=0x1002, flags=0x0, edgeFlags=0x0, metaState=0x0, buttonState=0x1, downTime=123863882000000, eventTime=123863882000000, pointerCount=1
10-30 07:21:08.953  1945  2498 D InputTransport: channel 'swipe-up (server)' : action=ACTION_DOWN(0), id=0, displayId=0, tooltype=0, deviceId=-1, source=0x1002, flags=0x0, edgeFlags=0x0, metaState=0x0, buttonState=0x1, downTime=123863882000000, eventTime=123863882000000, pointerCount=1
10-30 07:21:08.954  1945  2498 D InputTransport: channel 'swipe-up (server)' : action=ACTION_DOWN(0), id=0, displayId=0, tooltype=0, deviceId=-1, source=0x1002, flags=0x0, edgeFlags=0x0, metaState=0x0, buttonState=0x1, downTime=123863882000000, eventTime=123863882000000, pointerCount=1
10-30 07:21:08.954  1945  2498 D InputTransport: channel 'PointerEventDispatcher0 (server)' : action=ACTION_DOWN(0), id=0, displayId=0, tooltype=0, deviceId=-1, source=0x1002, flags=0x0, edgeFlags=0x0, metaState=0x0, buttonState=0x1, downTime=123863882000000, eventTime=123863882000000, pointerCount=1
10-30 07:21:09.036  1945  2498 D InputTransport: channel 'a493896 com.example.lunchtray/com.example.lunchtray.MainActivity (server)' : action=ACTION_UP(0), id=0, displayId=0, tooltype=1, deviceId=-1, source=0x1002, flags=0x0, edgeFlags=0x0, metaState=0x0, buttonState=0x1, downTime=123863882000000, eventTime=123863965000000, pointerCount=1
10-30 07:21:09.036  1945  2498 D InputTransport: channel 'edge-swipe (server)' : action=ACTION_UP(0), id=0, displayId=0, tooltype=1, deviceId=-1, source=0x1002, flags=0x0, edgeFlags=0x0, metaState=0x0, buttonState=0x1, downTime=123863882000000, eventTime=123863965000000, pointerCount=1
10-30 07:21:09.037  1945  2498 D InputTransport: channel 'swipe-up (server)' : action=ACTION_UP(0), id=0, displayId=0, tooltype=1, deviceId=-1, source=0x1002, flags=0x0, edgeFlags=0x0, metaState=0x0, buttonState=0x1, downTime=123863882000000, eventTime=123863965000000, pointerCount=1
10-30 07:21:09.037  1945  2498 D InputTransport: channel 'swipe-up (server)' : action=ACTION_UP(0), id=0, displayId=0, tooltype=1, deviceId=-1, source=0x1002, flags=0x0, edgeFlags=0x0, metaState=0x0, buttonState=0x1, downTime=123863882000000, eventTime=123863965000000, pointerCount=1
10-30 07:21:09.037  1945  2498 D InputTransport: channel 'swipe-up (server)' : action=ACTION_UP(0), id=0, displayId=0, tooltype=1, deviceId=-1, source=0x1002, flags=0x0, edgeFlags=0x0, metaState=0x0, buttonState=0x1, downTime=123863882000000, eventTime=123863965000000, pointerCount=1
10-30 07:21:09.037  1945  2498 D InputTransport: channel 'swipe-up (server)' : action=ACTION_UP(0), id=0, displayId=0, tooltype=1, deviceId=-1, source=0x1002, flags=0x0, edgeFlags=0x0, metaState=0x0, buttonState=0x1, downTime=123863882000000, eventTime=123863965000000, pointerCount=1
10-30 07:21:09.037  1945  2498 D InputTransport: channel 'PointerEventDispatcher0 (server)' : action=ACTION_UP(0), id=0, displayId=0, tooltype=1, deviceId=-1, source=0x1002, flags=0x0, edgeFlags=0x0, metaState=0x0, buttonState=0x1, downTime=123863882000000, eventTime=123863965000000, pointerCount=1
10-30 07:21:09.045 19032 19032 I View    : PerformClick: com.google.android.material.radiobutton.MaterialRadioButton{298f4cc VFED..C.. ...p..ID 0,0-330,126 #7f08007c app:id/cauliflower}
10-30 07:21:09.046 19032 19032 I View    : MotionEvent.ACTION_UP: mPrivateFlags: -2128590800,   mHasPerformedLongPress: false,   mIgnoreNextUpEvent: false
10-30 07:21:09.071  1945  2548 V SoundPool: play(soundID=1, leftVolume=1.000000, rightVolume=1.000000, priority=0, loop=0, rate=1.000000)
10-30 07:21:09.072  1945  2548 V AudioTrack: setSampleRate(546): prior state:STATE_STOPPED rate:48000
10-30 07:21:09.073  1945  2548 V AudioTrack: start(546): prior state:STATE_STOPPED
10-30 07:21:09.073  1945  2548 V AudioTrack: start(546): server read:-859300  cumulative flushed:0  client written:0
10-30 07:21:09.073  2580 20491 V AF::Track: start(571): calling pid 1945 session 4681
10-30 07:21:09.073  2580 20491 V AudioPolicyService: AudioCommandThread() adding start output portId 546
10-30 07:21:09.074  2580 20491 V AudioPolicyService: inserting command: 3 at index 0, num commands 0
10-30 07:21:09.075  2580  2595 V AudioPolicyService: AudioCommandThread() processing start output portId 546
10-30 07:21:09.075  2580  2595 D APM_AudioPolicyManager: startOutput portId 546 output primary->(primary output)(13), stream 1, session 4681
10-30 07:21:09.075  2580  2595 V APM_AudioPolicyManager: setBeaconMute(1) mBeaconMuteRefCount=1 mBeaconPlayingRefCount=0
10-30 07:21:09.075  2580  2595 V APM_AudioPolicyManager: selectOutputForMusicEffects selected output 13
10-30 07:21:09.076  2580  2595 V APM_AudioPolicyManager: getNewOutputDevices selected devices {type:0x2,@:}
10-30 07:21:09.076  2580  2595 V APM_AudioPolicyManager: setOutputDevices device {type:0x2,@:} delayMs 0
10-30 07:21:09.076  2580  2595 V APM_AudioPolicyManager: setOutputDevices() prevDevice {type:0x2,@:}
10-30 07:21:09.076  2580  2595 V APM_AudioPolicyManager: setOutputDevices: suppressing checkDeviceMuteStrategies
10-30 07:21:09.076  2580  2595 V APM_AudioPolicyManager: setOutputDevices setting same device {type:0x2,@:} or null device, force=0, patch handle=4
10-30 07:21:09.077  2580  2595 V AudioPolicyService: AudioCommandThread() going to sleep
10-30 07:21:09.077  1945  2548 V SoundPool: play returned 2729
10-30 07:21:09.086  1945  5020 V AudioSystem: ioConfigChanged() event 8
10-30 07:21:09.086  1945  5020 V AudioSystem: ioConfigChanged() AUDIO_CLIENT_STARTED  io 13 port 546 num callbacks 0
10-30 07:21:09.132  1945  5020 D WifiClientModeImpl[wlan0]: getConativeWiFiQualityStatus keep previous WifiQuailityInfo
10-30 07:21:09.140  2580  2617 V AF::Track: getNextBuffer(571): underrun,  framesReady(0) < framesDesired(236), state: 6
10-30 07:21:09.142  2580  2618 D AF::Track: presentationComplete(571): set: mPresentationCompleteFrames 829104 audioHalFrames 624
10-30 07:21:09.142  2580  2618 V AF::Track: presentationComplete(571): waiting framesWritten:828480  mPresentationCompleteFrames:829104
10-30 07:21:09.148  1945 19073 V AudioTrack: stop(546): prior state:STATE_ACTIVE
10-30 07:21:09.148  2580 20491 V AF::Track: stop(571): calling pid 1945
10-30 07:21:09.182  2580  2618 V AF::Track: presentationComplete(571): presentationComplete() mPresentationCompleteFrames 829104 framesWritten 830400
10-30 07:21:09.183  2580  2618 V AF::Track: presentationComplete(571): complete framesWritten:830400  mPresentationCompleteFrames:829104
10-30 07:21:09.189  2580  2618 V AudioPolicyService: AudioCommandThread() adding stop output portId 546
10-30 07:21:09.190  2580  2618 V AudioPolicyService: inserting command: 4 at index 0, num commands 0
10-30 07:21:09.191  2580  2595 V AudioPolicyService: AudioCommandThread() processing stop output portId 546
10-30 07:21:09.191  2580  2595 V APM_AudioPolicyManager: stopOutput() portId 546 output 13, stream 1, session 4681
10-30 07:21:09.191  2580  2595 V APM_AudioPolicyManager: setBeaconMute(1) mBeaconMuteRefCount=0 mBeaconPlayingRefCount=0
10-30 07:21:09.191  2580  2595 V APM_AudioPolicyManager: getNewOutputDevices selected devices AUDIO_DEVICE_NONE
10-30 07:21:09.191  2580  2595 V APM_AudioPolicyManager: setOutputDevices device AUDIO_DEVICE_NONE delayMs 106
10-30 07:21:09.191  2580  2595 V APM_AudioPolicyManager: setOutputDevices() prevDevice {type:0x2,@:}
10-30 07:21:09.195  2580  2595 V APM_AudioPolicyManager: setOutputDevices setting same device AUDIO_DEVICE_NONE or null device, force=0, patch handle=4
10-30 07:21:09.195  2580  2595 V APM_AudioPolicyManager: selectOutputForMusicEffects selected output 13
10-30 07:21:09.196  2580  2595 V AudioPolicyService: AudioCommandThread() going to sleep
10-30 07:21:09.506 19032 19032 I ViewInteraction: Performing 'single click' action on view view.getId() is <2131230842/com.example.lunchtray:id/cancel_button>
10-30 07:21:09.513 25092 25206 I Finsky  : [49] fgx.run(2): AIM: AppInfoManager-Perf > Destroying AppInfoManager ...
10-30 07:21:09.515  1945  2498 D InputTransport: channel 'a493896 com.example.lunchtray/com.example.lunchtray.MainActivity (server)' : action=ACTION_DOWN(0), id=0, displayId=0, tooltype=0, deviceId=-1, source=0x1002, flags=0x0, edgeFlags=0x0, metaState=0x0, buttonState=0x1, downTime=123864444000000, eventTime=123864444000000, pointerCount=1
10-30 07:21:09.515  1945  2498 D InputTransport: channel 'edge-swipe (server)' : action=ACTION_DOWN(0), id=0, displayId=0, tooltype=0, deviceId=-1, source=0x1002, flags=0x0, edgeFlags=0x0, metaState=0x0, buttonState=0x1, downTime=123864444000000, eventTime=123864444000000, pointerCount=1
10-30 07:21:09.515  1945  2498 D InputTransport: channel 'swipe-up (server)' : action=ACTION_DOWN(0), id=0, displayId=0, tooltype=0, deviceId=-1, source=0x1002, flags=0x0, edgeFlags=0x0, metaState=0x0, buttonState=0x1, downTime=123864444000000, eventTime=123864444000000, pointerCount=1
10-30 07:21:09.515  1945  2498 D InputTransport: channel 'swipe-up (server)' : action=ACTION_DOWN(0), id=0, displayId=0, tooltype=0, deviceId=-1, source=0x1002, flags=0x0, edgeFlags=0x0, metaState=0x0, buttonState=0x1, downTime=123864444000000, eventTime=123864444000000, pointerCount=1
10-30 07:21:09.515  1945  2498 D InputTransport: channel 'swipe-up (server)' : action=ACTION_DOWN(0), id=0, displayId=0, tooltype=0, deviceId=-1, source=0x1002, flags=0x0, edgeFlags=0x0, metaState=0x0, buttonState=0x1, downTime=123864444000000, eventTime=123864444000000, pointerCount=1
10-30 07:21:09.516  1945  2498 D InputTransport: channel 'swipe-up (server)' : action=ACTION_DOWN(0), id=0, displayId=0, tooltype=0, deviceId=-1, source=0x1002, flags=0x0, edgeFlags=0x0, metaState=0x0, buttonState=0x1, downTime=123864444000000, eventTime=123864444000000, pointerCount=1
10-30 07:21:09.516  1945  2498 D InputTransport: channel 'PointerEventDispatcher0 (server)' : action=ACTION_DOWN(0), id=0, displayId=0, tooltype=0, deviceId=-1, source=0x1002, flags=0x0, edgeFlags=0x0, metaState=0x0, buttonState=0x1, downTime=123864444000000, eventTime=123864444000000, pointerCount=1
10-30 07:21:09.598  1945  2498 D InputTransport: channel 'a493896 com.example.lunchtray/com.example.lunchtray.MainActivity (server)' : action=ACTION_UP(0), id=0, displayId=0, tooltype=1, deviceId=-1, source=0x1002, flags=0x0, edgeFlags=0x0, metaState=0x0, buttonState=0x1, downTime=123864444000000, eventTime=123864527000000, pointerCount=1
10-30 07:21:09.598  1945  2498 D InputTransport: channel 'edge-swipe (server)' : action=ACTION_UP(0), id=0, displayId=0, tooltype=1, deviceId=-1, source=0x1002, flags=0x0, edgeFlags=0x0, metaState=0x0, buttonState=0x1, downTime=123864444000000, eventTime=123864527000000, pointerCount=1
10-30 07:21:09.599  1945  2498 D InputTransport: channel 'swipe-up (server)' : action=ACTION_UP(0), id=0, displayId=0, tooltype=1, deviceId=-1, source=0x1002, flags=0x0, edgeFlags=0x0, metaState=0x0, buttonState=0x1, downTime=123864444000000, eventTime=123864527000000, pointerCount=1
10-30 07:21:09.599  1945  2498 D InputTransport: channel 'swipe-up (server)' : action=ACTION_UP(0), id=0, displayId=0, tooltype=1, deviceId=-1, source=0x1002, flags=0x0, edgeFlags=0x0, metaState=0x0, buttonState=0x1, downTime=123864444000000, eventTime=123864527000000, pointerCount=1
10-30 07:21:09.599  1945  2498 D InputTransport: channel 'swipe-up (server)' : action=ACTION_UP(0), id=0, displayId=0, tooltype=1, deviceId=-1, source=0x1002, flags=0x0, edgeFlags=0x0, metaState=0x0, buttonState=0x1, downTime=123864444000000, eventTime=123864527000000, pointerCount=1
10-30 07:21:09.599  1945  2498 D InputTransport: channel 'swipe-up (server)' : action=ACTION_UP(0), id=0, displayId=0, tooltype=1, deviceId=-1, source=0x1002, flags=0x0, edgeFlags=0x0, metaState=0x0, buttonState=0x1, downTime=123864444000000, eventTime=123864527000000, pointerCount=1
10-30 07:21:09.599  1945  2498 D InputTransport: channel 'PointerEventDispatcher0 (server)' : action=ACTION_UP(0), id=0, displayId=0, tooltype=1, deviceId=-1, source=0x1002, flags=0x0, edgeFlags=0x0, metaState=0x0, buttonState=0x1, downTime=123864444000000, eventTime=123864527000000, pointerCount=1
10-30 07:21:09.609 19032 19032 I View    : PerformClick: com.google.android.material.button.MaterialButton{97478ad VFED..C.. ...p..ID 42,1458-519,1584 #7f08007a app:id/cancel_button}
10-30 07:21:09.609 19032 19032 I View    : MotionEvent.ACTION_UP: mPrivateFlags: -2128590800,   mHasPerformedLongPress: false,   mIgnoreNextUpEvent: false
10-30 07:21:09.632  1945  2548 V SoundPool: play(soundID=1, leftVolume=1.000000, rightVolume=1.000000, priority=0, loop=0, rate=1.000000)
10-30 07:21:09.633  1945  2548 V AudioTrack: setSampleRate(546): prior state:STATE_STOPPED rate:48000
10-30 07:21:09.633  1945  2548 V AudioTrack: start(546): prior state:STATE_STOPPED
10-30 07:21:09.633  1945  2548 V AudioTrack: start(546): server read:-861944  cumulative flushed:0  client written:0
10-30 07:21:09.633  2580 20491 V AF::Track: start(571): calling pid 1945 session 4681
10-30 07:21:09.634  2580 20491 V AudioPolicyService: AudioCommandThread() adding start output portId 546
10-30 07:21:09.634  2580 20491 V AudioPolicyService: inserting command: 3 at index 0, num commands 0
10-30 07:21:09.634  2580  2595 V AudioPolicyService: AudioCommandThread() processing start output portId 546
10-30 07:21:09.635  2580  2595 D APM_AudioPolicyManager: startOutput portId 546 output primary->(primary output)(13), stream 1, session 4681
10-30 07:21:09.635  2580  2595 V APM_AudioPolicyManager: setBeaconMute(1) mBeaconMuteRefCount=1 mBeaconPlayingRefCount=0
10-30 07:21:09.635  2580  2595 V APM_AudioPolicyManager: selectOutputForMusicEffects selected output 13
10-30 07:21:09.635  2580  2595 V APM_AudioPolicyManager: getNewOutputDevices selected devices {type:0x2,@:}
10-30 07:21:09.635  2580  2595 V APM_AudioPolicyManager: setOutputDevices device {type:0x2,@:} delayMs 0
10-30 07:21:09.635  2580  2595 V APM_AudioPolicyManager: setOutputDevices() prevDevice {type:0x2,@:}
10-30 07:21:09.636  2580  2595 V APM_AudioPolicyManager: setOutputDevices: suppressing checkDeviceMuteStrategies
10-30 07:21:09.636  2580  2595 V APM_AudioPolicyManager: setOutputDevices setting same device {type:0x2,@:} or null device, force=0, patch handle=4
10-30 07:21:09.636  2580  2595 V AudioPolicyService: AudioCommandThread() going to sleep
10-30 07:21:09.636  1945  2548 V SoundPool: play returned 2730
10-30 07:21:09.644  1945  1965 V AudioSystem: ioConfigChanged() event 8
10-30 07:21:09.644  1945  1965 V AudioSystem: ioConfigChanged() AUDIO_CLIENT_STARTED  io 13 port 546 num callbacks 0
10-30 07:21:09.701  2580  2617 V AF::Track: getNextBuffer(571): underrun,  framesReady(0) < framesDesired(236), state: 6
10-30 07:21:09.703  2580  2618 D AF::Track: presentationComplete(571): set: mPresentationCompleteFrames 855984 audioHalFrames 624
10-30 07:21:09.703  2580  2618 V AF::Track: presentationComplete(571): waiting framesWritten:855360  mPresentationCompleteFrames:855984
10-30 07:21:09.706  1945 19073 V AudioTrack: stop(546): prior state:STATE_ACTIVE
10-30 07:21:09.707  2580 20491 V AF::Track: stop(571): calling pid 1945
10-30 07:21:09.743  2580  2618 V AF::Track: presentationComplete(571): presentationComplete() mPresentationCompleteFrames 855984 framesWritten 857280
10-30 07:21:09.744  2580  2618 V AF::Track: presentationComplete(571): complete framesWritten:857280  mPresentationCompleteFrames:855984
10-30 07:21:09.748  2580  2618 V AudioPolicyService: AudioCommandThread() adding stop output portId 546
10-30 07:21:09.749  2580  2618 V AudioPolicyService: inserting command: 4 at index 0, num commands 0
10-30 07:21:09.749  2580  2595 V AudioPolicyService: AudioCommandThread() processing stop output portId 546
10-30 07:21:09.749  2580  2595 V APM_AudioPolicyManager: stopOutput() portId 546 output 13, stream 1, session 4681
10-30 07:21:09.749  2580  2595 V APM_AudioPolicyManager: setBeaconMute(1) mBeaconMuteRefCount=0 mBeaconPlayingRefCount=0
10-30 07:21:09.749  2580  2595 V APM_AudioPolicyManager: getNewOutputDevices selected devices AUDIO_DEVICE_NONE
10-30 07:21:09.749  2580  2595 V APM_AudioPolicyManager: setOutputDevices device AUDIO_DEVICE_NONE delayMs 106
10-30 07:21:09.750  2580  2595 V APM_AudioPolicyManager: setOutputDevices() prevDevice {type:0x2,@:}
10-30 07:21:09.753  2580  2595 V APM_AudioPolicyManager: setOutputDevices setting same device AUDIO_DEVICE_NONE or null device, force=0, patch handle=4
10-30 07:21:09.753  2580  2595 V APM_AudioPolicyManager: selectOutputForMusicEffects selected output 13
10-30 07:21:09.753  2580  2595 V AudioPolicyService: AudioCommandThread() going to sleep
10-30 07:21:10.068 19032 19032 I ViewInteraction: Performing 'single click' action on view view.getId() is <2131231208/com.example.lunchtray:id/start_order_btn>
10-30 07:21:10.077  1945  2498 D InputTransport: channel 'a493896 com.example.lunchtray/com.example.lunchtray.MainActivity (server)' : action=ACTION_DOWN(0), id=0, displayId=0, tooltype=0, deviceId=-1, source=0x1002, flags=0x0, edgeFlags=0x0, metaState=0x0, buttonState=0x1, downTime=123865006000000, eventTime=123865006000000, pointerCount=1
10-30 07:21:10.078  1945  2498 D InputTransport: channel 'edge-swipe (server)' : action=ACTION_DOWN(0), id=0, displayId=0, tooltype=0, deviceId=-1, source=0x1002, flags=0x0, edgeFlags=0x0, metaState=0x0, buttonState=0x1, downTime=123865006000000, eventTime=123865006000000, pointerCount=1
10-30 07:21:10.078  1945  2498 D InputTransport: channel 'swipe-up (server)' : action=ACTION_DOWN(0), id=0, displayId=0, tooltype=0, deviceId=-1, source=0x1002, flags=0x0, edgeFlags=0x0, metaState=0x0, buttonState=0x1, downTime=123865006000000, eventTime=123865006000000, pointerCount=1
10-30 07:21:10.078  1945  2498 D InputTransport: channel 'swipe-up (server)' : action=ACTION_DOWN(0), id=0, displayId=0, tooltype=0, deviceId=-1, source=0x1002, flags=0x0, edgeFlags=0x0, metaState=0x0, buttonState=0x1, downTime=123865006000000, eventTime=123865006000000, pointerCount=1
10-30 07:21:10.078  1945  2498 D InputTransport: channel 'swipe-up (server)' : action=ACTION_DOWN(0), id=0, displayId=0, tooltype=0, deviceId=-1, source=0x1002, flags=0x0, edgeFlags=0x0, metaState=0x0, buttonState=0x1, downTime=123865006000000, eventTime=123865006000000, pointerCount=1
10-30 07:21:10.078  1945  2498 D InputTransport: channel 'swipe-up (server)' : action=ACTION_DOWN(0), id=0, displayId=0, tooltype=0, deviceId=-1, source=0x1002, flags=0x0, edgeFlags=0x0, metaState=0x0, buttonState=0x1, downTime=123865006000000, eventTime=123865006000000, pointerCount=1
10-30 07:21:10.079  1945  2498 D InputTransport: channel 'PointerEventDispatcher0 (server)' : action=ACTION_DOWN(0), id=0, displayId=0, tooltype=0, deviceId=-1, source=0x1002, flags=0x0, edgeFlags=0x0, metaState=0x0, buttonState=0x1, downTime=123865006000000, eventTime=123865006000000, pointerCount=1
10-30 07:21:10.133  1945  5020 D WifiClientModeImpl[wlan0]: getConativeWiFiQualityStatus keep previous WifiQuailityInfo
10-30 07:21:10.159  1945  2498 D InputTransport: channel 'a493896 com.example.lunchtray/com.example.lunchtray.MainActivity (server)' : action=ACTION_UP(0), id=0, displayId=0, tooltype=1, deviceId=-1, source=0x1002, flags=0x0, edgeFlags=0x0, metaState=0x0, buttonState=0x1, downTime=123865006000000, eventTime=123865089000000, pointerCount=1
10-30 07:21:10.160  1945  2498 D InputTransport: channel 'edge-swipe (server)' : action=ACTION_UP(0), id=0, displayId=0, tooltype=1, deviceId=-1, source=0x1002, flags=0x0, edgeFlags=0x0, metaState=0x0, buttonState=0x1, downTime=123865006000000, eventTime=123865089000000, pointerCount=1
10-30 07:21:10.160  1945  2498 D InputTransport: channel 'swipe-up (server)' : action=ACTION_UP(0), id=0, displayId=0, tooltype=1, deviceId=-1, source=0x1002, flags=0x0, edgeFlags=0x0, metaState=0x0, buttonState=0x1, downTime=123865006000000, eventTime=123865089000000, pointerCount=1
10-30 07:21:10.161  1945  2498 D InputTransport: channel 'swipe-up (server)' : action=ACTION_UP(0), id=0, displayId=0, tooltype=1, deviceId=-1, source=0x1002, flags=0x0, edgeFlags=0x0, metaState=0x0, buttonState=0x1, downTime=123865006000000, eventTime=123865089000000, pointerCount=1
10-30 07:21:10.161  1945  2498 D InputTransport: channel 'swipe-up (server)' : action=ACTION_UP(0), id=0, displayId=0, tooltype=1, deviceId=-1, source=0x1002, flags=0x0, edgeFlags=0x0, metaState=0x0, buttonState=0x1, downTime=123865006000000, eventTime=123865089000000, pointerCount=1
10-30 07:21:10.161  1945  2498 D InputTransport: channel 'swipe-up (server)' : action=ACTION_UP(0), id=0, displayId=0, tooltype=1, deviceId=-1, source=0x1002, flags=0x0, edgeFlags=0x0, metaState=0x0, buttonState=0x1, downTime=123865006000000, eventTime=123865089000000, pointerCount=1
10-30 07:21:10.161  1945  2498 D InputTransport: channel 'PointerEventDispatcher0 (server)' : action=ACTION_UP(0), id=0, displayId=0, tooltype=1, deviceId=-1, source=0x1002, flags=0x0, edgeFlags=0x0, metaState=0x0, buttonState=0x1, downTime=123865006000000, eventTime=123865089000000, pointerCount=1
10-30 07:21:10.164 19032 19032 I View    : PerformClick: com.google.android.material.button.MaterialButton{9882a25 VFED..C.. ...P.... 349,1045-731,1171 #7f0801e8 app:id/start_order_btn}
10-30 07:21:10.164 19032 19032 I View    : MotionEvent.ACTION_UP: mPrivateFlags: 16828464,   mHasPerformedLongPress: false,   mIgnoreNextUpEvent: false
10-30 07:21:10.168  1945  2548 V SoundPool: play(soundID=1, leftVolume=1.000000, rightVolume=1.000000, priority=0, loop=0, rate=1.000000)
10-30 07:21:10.170  1945  2548 V AudioTrack: setSampleRate(546): prior state:STATE_STOPPED rate:48000
10-30 07:21:10.170  1945  2548 V AudioTrack: start(546): prior state:STATE_STOPPED
10-30 07:21:10.170  1945  2548 V AudioTrack: start(546): server read:-864588  cumulative flushed:0  client written:0
10-30 07:21:10.170  2580 20491 V AF::Track: start(571): calling pid 1945 session 4681
10-30 07:21:10.170  2580 20491 V AudioPolicyService: AudioCommandThread() adding start output portId 546
10-30 07:21:10.171  2580 20491 V AudioPolicyService: inserting command: 3 at index 0, num commands 0
10-30 07:21:10.172  2580  2595 V AudioPolicyService: AudioCommandThread() processing start output portId 546
10-30 07:21:10.172  2580  2595 D APM_AudioPolicyManager: startOutput portId 546 output primary->(primary output)(13), stream 1, session 4681
10-30 07:21:10.172  2580  2595 V APM_AudioPolicyManager: setBeaconMute(1) mBeaconMuteRefCount=1 mBeaconPlayingRefCount=0
10-30 07:21:10.173  2580  2595 V APM_AudioPolicyManager: selectOutputForMusicEffects selected output 13
10-30 07:21:10.174  2580  2595 V APM_AudioPolicyManager: getNewOutputDevices selected devices {type:0x2,@:}
10-30 07:21:10.174  2580  2595 V APM_AudioPolicyManager: setOutputDevices device {type:0x2,@:} delayMs 0
10-30 07:21:10.175  2580  2595 V APM_AudioPolicyManager: setOutputDevices() prevDevice {type:0x2,@:}
10-30 07:21:10.175  2580  2595 V APM_AudioPolicyManager: setOutputDevices: suppressing checkDeviceMuteStrategies
10-30 07:21:10.175  2580  2595 V APM_AudioPolicyManager: setOutputDevices setting same device {type:0x2,@:} or null device, force=0, patch handle=4
10-30 07:21:10.175  2580  2595 V AudioPolicyService: AudioCommandThread() going to sleep
10-30 07:21:10.176  1945  2548 V SoundPool: play returned 2731
10-30 07:21:10.181  1945  5020 V AudioSystem: ioConfigChanged() event 8
10-30 07:21:10.182  1945  5020 V AudioSystem: ioConfigChanged() AUDIO_CLIENT_STARTED  io 13 port 546 num callbacks 0
10-30 07:21:10.241  2580  2617 V AF::Track: getNextBuffer(571): underrun,  framesReady(0) < framesDesired(236), state: 6
10-30 07:21:10.242  2580  2618 D AF::Track: presentationComplete(571): set: mPresentationCompleteFrames 881904 audioHalFrames 624
10-30 07:21:10.242  2580  2618 V AF::Track: presentationComplete(571): waiting framesWritten:881280  mPresentationCompleteFrames:881904
10-30 07:21:10.250  1945 19073 V AudioTrack: stop(546): prior state:STATE_ACTIVE
10-30 07:21:10.250  2580 20491 V AF::Track: stop(571): calling pid 1945
10-30 07:21:10.284  2580  2618 V AF::Track: presentationComplete(571): presentationComplete() mPresentationCompleteFrames 881904 framesWritten 883200
10-30 07:21:10.284  2580  2618 V AF::Track: presentationComplete(571): complete framesWritten:883200  mPresentationCompleteFrames:881904
10-30 07:21:10.288  2580  2618 V AudioPolicyService: AudioCommandThread() adding stop output portId 546
10-30 07:21:10.289  2580  2618 V AudioPolicyService: inserting command: 4 at index 0, num commands 0
10-30 07:21:10.289  2580  2595 V AudioPolicyService: AudioCommandThread() processing stop output portId 546
10-30 07:21:10.289  2580  2595 V APM_AudioPolicyManager: stopOutput() portId 546 output 13, stream 1, session 4681
10-30 07:21:10.289  2580  2595 V APM_AudioPolicyManager: setBeaconMute(1) mBeaconMuteRefCount=0 mBeaconPlayingRefCount=0
10-30 07:21:10.290  2580  2595 V APM_AudioPolicyManager: getNewOutputDevices selected devices AUDIO_DEVICE_NONE
10-30 07:21:10.290  2580  2595 V APM_AudioPolicyManager: setOutputDevices device AUDIO_DEVICE_NONE delayMs 106
10-30 07:21:10.290  2580  2595 V APM_AudioPolicyManager: setOutputDevices() prevDevice {type:0x2,@:}
10-30 07:21:10.292  2580  2595 V APM_AudioPolicyManager: setOutputDevices setting same device AUDIO_DEVICE_NONE or null device, force=0, patch handle=4
10-30 07:21:10.293  2580  2595 V APM_AudioPolicyManager: selectOutputForMusicEffects selected output 13
10-30 07:21:10.293  2580  2595 V AudioPolicyService: AudioCommandThread() going to sleep
10-30 07:21:10.611 19032 19032 I ViewInteraction: Checking 'MatchesViewAssertion{viewMatcher=(view has effective visibility <VISIBLE> and view.getGlobalVisibleRect() to return non-empty rectangle)}' assertion on view an instance of android.widget.TextView and view.getText() with or without transformation to match: is "Subtotal: 0,00"
10-30 07:21:10.613 19032 19053 I TestRunner: finished: order_reset_after_cancel_from_entree_menu(com.example.lunchtray.OrderFunctionalityTests)
