10-30 07:21:03.690  1945  2498 D InputTransport: channel 'swipe-up (server)' : action=ACTION_DOWN(0), id=0, displayId=0, tooltype=0, deviceId=-1, source=0x1002, flags=0x0, edgeFlags=0x0, metaState=0x0, buttonState=0x1, downTime=123858621000000, eventTime=123858621000000, pointerCount=1
10-30 07:21:03.690  1945  2498 D InputTransport: channel 'PointerEventDispatcher0 (server)' : action=ACTION_DOWN(0), id=0, displayId=0, tooltype=0, deviceId=-1, source=0x1002, flags=0x0, edgeFlags=0x0, metaState=0x0, buttonState=0x1, downTime=123858621000000, eventTime=123858621000000, pointerCount=1
10-30 07:21:03.692  1499  1499 I MiniDump: -------------------------------------------------------------------------------------------
10-30 07:21:03.692  1499  1499 I MiniDump: [ROTATION_0] H |  Comp Type |  Transform |  Alpha |  Disp Frame (LTRB) |  Source Crop (LTRB) | Frame Rate  | Disp[4630946736071014273] ""
10-30 07:21:03.692  1499  1499 I MiniDump: 0x73180ec1e0 |     DEVICE |          0 | 1.000 |    0    0 1080 2460 |   0.0   0.0 1080.0 2460.0 | com.example.lunchtray/com[...]tray.MainActivity@19032#0
10-30 07:21:03.692  1499  1499 I MiniDump: 0x7317fcc810 |     DEVICE |          0 | 1.000 |    0    0 1080   76 |   0.0   0.0 1080.0  76.0 | StatusBar@2756#0
10-30 07:21:03.692  1499  1499 I MiniDump: 0x7317fbb6b0 |     DEVICE |          0 | 1.000 |    0    0 1080   88 |   0.0   0.0 1080.0  88.0 | ScreenDecorOverlay@2756#0
10-30 07:21:03.692  1499  1499 I MiniDump: 0x7317fb8920 |     DEVICE |          0 | 1.000 |    0 2372 1080 2460 |   0.0   0.0 1080.0  88.0 | ScreenDecorOverlayBottom@2756#0
10-30 07:21:03.717  1432  1432 D vendor.lge.hardware.thermal@1.2-impl: Read value from /proc/lge_power/adc/vts, 247
10-30 07:21:03.725  2756  2756 I BarTransitions.PhoneStatusBarTransitions: setNotchColor color = 0
10-30 07:21:03.725  1432  1432 D vendor.lge.hardware.thermal@1.2-impl: Read value from /proc/lge_power/adc/vts, 247
10-30 07:21:03.742  2756  2756 I BarTransitions.PhoneStatusBarTransitions: setNotchColor color = 0
10-30 07:21:03.754  2756  2756 I BarTransitions.PhoneStatusBarTransitions: setNotchColor color = 0
10-30 07:21:03.765  1363 18492 D sensors_hal_light: handle_sns_std_sensor_event:79, ambient_light_event: ts=285449211586478, lux = 18, raw_adc=39, pdata=47
10-30 07:21:03.768  2756  2756 I BarTransitions.PhoneStatusBarTransitions: setNotchColor color = 0
10-30 07:21:03.769  1945  2498 D InputTransport: channel 'a0473f5 com.example.lunchtray/com.example.lunchtray.MainActivity (server)' : action=ACTION_UP(0), id=0, displayId=0, tooltype=1, deviceId=-1, source=0x1002, flags=0x0, edgeFlags=0x0, metaState=0x0, buttonState=0x1, downTime=123858621000000, eventTime=123858701000000, pointerCount=1
10-30 07:21:03.769  1945  2498 D InputTransport: channel 'edge-swipe (server)' : action=ACTION_UP(0), id=0, displayId=0, tooltype=1, deviceId=-1, source=0x1002, flags=0x0, edgeFlags=0x0, metaState=0x0, buttonState=0x1, downTime=123858621000000, eventTime=123858701000000, pointerCount=1
10-30 07:21:03.769  1945  2498 D InputTransport: channel 'swipe-up (server)' : action=ACTION_UP(0), id=0, displayId=0, tooltype=1, deviceId=-1, source=0x1002, flags=0x0, edgeFlags=0x0, metaState=0x0, buttonState=0x1, downTime=123858621000000, eventTime=123858701000000, pointerCount=1
10-30 07:21:03.769  1945  2498 D InputTransport: channel 'swipe-up (server)' : action=ACTION_UP(0), id=0, displayId=0, tooltype=1, deviceId=-1, source=0x1002, flags=0x0, edgeFlags=0x0, metaState=0x0, buttonState=0x1, downTime=123858621000000, eventTime=123858701000000, pointerCount=1
10-30 07:21:03.769  1945  2498 D InputTransport: channel 'swipe-up (server)' : action=ACTION_UP(0), id=0, displayId=0, tooltype=1, deviceId=-1, source=0x1002, flags=0x0, edgeFlags=0x0, metaState=0x0, buttonState=0x1, downTime=123858621000000, eventTime=123858701000000, pointerCount=1
10-30 07:21:03.769  1945  2498 D InputTransport: channel 'swipe-up (server)' : action=ACTION_UP(0), id=0, displayId=0, tooltype=1, deviceId=-1, source=0x1002, flags=0x0, edgeFlags=0x0, metaState=0x0, buttonState=0x1, downTime=123858621000000, eventTime=123858701000000, pointerCount=1
10-30 07:21:03.769  1945  2498 D InputTransport: channel 'PointerEventDispatcher0 (server)' : action=ACTION_UP(0), id=0, displayId=0, tooltype=1, deviceId=-1, source=0x1002, flags=0x0, edgeFlags=0x0, metaState=0x0, buttonState=0x1, downTime=123858621000000, eventTime=123858701000000, pointerCount=1
10-30 07:21:03.770 19032 19032 I View    : PerformClick: com.google.android.material.button.MaterialButton{63feea3 VFED..C.. ...P.... 349,1045-731,1171 #7f0801e8 app:id/start_order_btn}
10-30 07:21:03.770 19032 19032 I View    : MotionEvent.ACTION_UP: mPrivateFlags: 16828464,   mHasPerformedLongPress: false,   mIgnoreNextUpEvent: false
10-30 07:21:03.770  1945  2548 V SoundPool: play(soundID=1, leftVolume=1.000000, rightVolume=1.000000, priority=0, loop=0, rate=1.000000)
10-30 07:21:03.771  1945  2548 V AudioTrack: setSampleRate(546): prior state:STATE_STOPPED rate:48000
10-30 07:21:03.771  1945  2548 V AudioTrack: start(546): prior state:STATE_STOPPED
10-30 07:21:03.771  1945  2548 V AudioTrack: start(546): server read:-835504  cumulative flushed:0  client written:0
10-30 07:21:03.771  2580 26577 V AF::Track: start(571): calling pid 1945 session 4681
10-30 07:21:03.771  2580 26577 V AudioPolicyService: AudioCommandThread() adding start output portId 546
10-30 07:21:03.771  2580 26577 V AudioPolicyService: inserting command: 3 at index 0, num commands 0
10-30 07:21:03.771  2580  2595 V AudioPolicyService: AudioCommandThread() processing start output portId 546
10-30 07:21:03.771  2580  2595 D APM_AudioPolicyManager: startOutput portId 546 output primary->(primary output)(13), stream 1, session 4681
10-30 07:21:03.771  2580  2595 V APM_AudioPolicyManager: setBeaconMute(1) mBeaconMuteRefCount=1 mBeaconPlayingRefCount=0
10-30 07:21:03.772  2580  2595 V APM_AudioPolicyManager: selectOutputForMusicEffects selected output 13
10-30 07:21:03.772  2580  2595 V APM_AudioPolicyManager: getNewOutputDevices selected devices {type:0x2,@:}
10-30 07:21:03.772  2580  2595 V APM_AudioPolicyManager: setOutputDevices device {type:0x2,@:} delayMs 0
10-30 07:21:03.772  2580  2595 V APM_AudioPolicyManager: setOutputDevices() prevDevice {type:0x2,@:}
10-30 07:21:03.772  2580  2595 V APM_AudioPolicyManager: setOutputDevices: suppressing checkDeviceMuteStrategies
10-30 07:21:03.772  2580  2595 V APM_AudioPolicyManager: setOutputDevices setting same device {type:0x2,@:} or null device, force=0, patch handle=4
10-30 07:21:03.772  2580  2595 V AudioPolicyService: AudioCommandThread() going to sleep
10-30 07:21:03.772  1945  3374 V AudioSystem: ioConfigChanged() event 8
10-30 07:21:03.772  1945  3374 V AudioSystem: ioConfigChanged() AUDIO_CLIENT_STARTED  io 13 port 546 num callbacks 0
10-30 07:21:03.772  2756  2756 I BarTransitions.PhoneStatusBarTransitions: setNotchColor color = 0
10-30 07:21:03.772  1945  2548 V SoundPool: play returned 2718
10-30 07:21:03.778  2756  2756 I BarTransitions.PhoneStatusBarTransitions: setNotchColor color = 0
10-30 07:21:03.780  2756  2756 I BarTransitions.PhoneStatusBarTransitions: setNotchColor color = 0
10-30 07:21:03.784  2756  2756 I BarTransitions.PhoneStatusBarTransitions: setNotchColor color = 0
10-30 07:21:03.840  2580  2617 V AF::Track: getNextBuffer(571): underrun,  framesReady(0) < framesDesired(236), state: 6
10-30 07:21:03.843  2580  2618 D AF::Track: presentationComplete(571): set: mPresentationCompleteFrames 574704 audioHalFrames 624
10-30 07:21:03.843  2580  2618 V AF::Track: presentationComplete(571): waiting framesWritten:574080  mPresentationCompleteFrames:574704
10-30 07:21:03.845  1945 19073 V AudioTrack: stop(546): prior state:STATE_ACTIVE
10-30 07:21:03.845  2580 26577 V AF::Track: stop(571): calling pid 1945
10-30 07:21:03.883  2580  2618 V AF::Track: presentationComplete(571): presentationComplete() mPresentationCompleteFrames 574704 framesWritten 576000
10-30 07:21:03.883  2580  2618 V AF::Track: presentationComplete(571): complete framesWritten:576000  mPresentationCompleteFrames:574704
10-30 07:21:03.889  2580  2618 V AudioPolicyService: AudioCommandThread() adding stop output portId 546
10-30 07:21:03.889  2580  2618 V AudioPolicyService: inserting command: 4 at index 0, num commands 0
10-30 07:21:03.889  2580  2595 V AudioPolicyService: AudioCommandThread() processing stop output portId 546
10-30 07:21:03.889  2580  2595 V APM_AudioPolicyManager: stopOutput() portId 546 output 13, stream 1, session 4681
10-30 07:21:03.889  2580  2595 V APM_AudioPolicyManager: setBeaconMute(1) mBeaconMuteRefCount=0 mBeaconPlayingRefCount=0
10-30 07:21:03.889  2580  2595 V APM_AudioPolicyManager: getNewOutputDevices selected devices AUDIO_DEVICE_NONE
10-30 07:21:03.889  2580  2595 V APM_AudioPolicyManager: setOutputDevices device AUDIO_DEVICE_NONE delayMs 106
10-30 07:21:03.889  2580  2595 V APM_AudioPolicyManager: setOutputDevices() prevDevice {type:0x2,@:}
10-30 07:21:03.890  2580  2595 V APM_AudioPolicyManager: setOutputDevices setting same device AUDIO_DEVICE_NONE or null device, force=0, patch handle=4
10-30 07:21:03.890  2580  2595 V APM_AudioPolicyManager: selectOutputForMusicEffects selected output 13
10-30 07:21:03.890  2580  2595 V AudioPolicyService: AudioCommandThread() going to sleep
10-30 07:21:03.985  1499  1499 I SurfaceFlinger: Remove ContainerLayer(0x7317fbe440) 5efab5d NavigationBar0#0 (parent=Surface(name=5efab5d NavigationBar0)/@0xb1951a3 - animation-leash of insets_animation#0)
10-30 07:21:03.986  1499  1499 I SurfaceFlinger: Remove BufferStateLayer(0x7317fd50c0) NavigationBar0@2756#0 (parent=5efab5d NavigationBar0#0)
10-30 07:21:03.986  1499  1499 I SurfaceFlinger: Remove ContainerLayer(0x7317fe8fb0) WindowToken{289a134 android.os.BinderProxy@8e8c488}#0 (parent=Leaf:24:25#0)
10-30 07:21:03.986  1499  1499 I SurfaceFlinger: Remove EffectLayer(0x7318033050) Surface(name=WindowToken{289a134 android.os.BinderProxy@8e8c488})/@0xcc92b00 - animation-leash of app_transition#1 (parent=none)
10-30 07:21:03.986  1499  1499 I SurfaceFlinger: Remove EffectLayer(0x7318088730) Surface(name=5efab5d NavigationBar0)/@0xb1951a3 - animation-leash of insets_animation#0 (parent=WindowToken{289a134 android.os.BinderProxy@8e8c488}#0)
10-30 07:21:03.986  1499  1499 D Layer   : Destroy Surface(name=WindowToken{289a134 android.os.BinderProxy@8e8c488})/@0xcc92b00 - animation-leash of app_transition#1(0x7318033050)
10-30 07:21:03.989  1499  1499 I MiniDump: -------------------------------------------------------------------------------------------
10-30 07:21:03.989  1499  1499 I MiniDump: [ROTATION_0] H |  Comp Type |  Transform |  Alpha |  Disp Frame (LTRB) |  Source Crop (LTRB) | Frame Rate  | Disp[4630946736071014273] ""
10-30 07:21:03.989  1499  1499 I MiniDump: 0x73180ec1e0 |     DEVICE |          0 | 1.000 |    0    0 1080 2460 |   0.0   0.0 1080.0 2460.0 | com.example.lunchtray/com[...]tray.MainActivity@19032#0
10-30 07:21:03.989  1499  1499 I MiniDump: 0x7317fcc810 |     DEVICE |          0 | 1.000 |    0    0 1080   76 |   0.0   0.0 1080.0  76.0 | StatusBar@2756#0
10-30 07:21:03.989  1499  1499 I MiniDump: 0x7317fd50c0 |     DEVICE |          0 | 1.000 |    0 2334 1080 2460 |   0.0   0.0 1080.0 126.0 | NavigationBar0@2756#0
10-30 07:21:03.989  1499  1499 I MiniDump: 0x7317fbb6b0 |     DEVICE |          0 | 1.000 |    0    0 1080   88 |   0.0   0.0 1080.0  88.0 | ScreenDecorOverlay@2756#0
10-30 07:21:03.989  1499  1499 I MiniDump: 0x7317fb8920 |     DEVICE |          0 | 1.000 |    0 2372 1080 2460 |   0.0   0.0 1080.0  88.0 | ScreenDecorOverlayBottom@2756#0
10-30 07:21:04.124  1945  3374 D WifiClientModeImpl[wlan0]: getConativeWiFiQualityStatus keep previous WifiQuailityInfo
10-30 07:21:04.166 19032 19032 I ViewInteraction: Performing 'single click' action on view view.getId() is <2131230844/com.example.lunchtray:id/cauliflower>
10-30 07:21:04.171  1945  2498 D InputTransport: channel 'a0473f5 com.example.lunchtray/com.example.lunchtray.MainActivity (server)' : action=ACTION_DOWN(0), id=0, displayId=0, tooltype=0, deviceId=-1, source=0x1002, flags=0x0, edgeFlags=0x0, metaState=0x0, buttonState=0x1, downTime=123859100000000, eventTime=123859100000000, pointerCount=1
10-30 07:21:04.171  1945  2498 D InputTransport: channel 'edge-swipe (server)' : action=ACTION_DOWN(0), id=0, displayId=0, tooltype=0, deviceId=-1, source=0x1002, flags=0x0, edgeFlags=0x0, metaState=0x0, buttonState=0x1, downTime=123859100000000, eventTime=123859100000000, pointerCount=1
10-30 07:21:04.171  1945  2498 D InputTransport: channel 'swipe-up (server)' : action=ACTION_DOWN(0), id=0, displayId=0, tooltype=0, deviceId=-1, source=0x1002, flags=0x0, edgeFlags=0x0, metaState=0x0, buttonState=0x1, downTime=123859100000000, eventTime=123859100000000, pointerCount=1
10-30 07:21:04.171  1945  2498 D InputTransport: channel 'swipe-up (server)' : action=ACTION_DOWN(0), id=0, displayId=0, tooltype=0, deviceId=-1, source=0x1002, flags=0x0, edgeFlags=0x0, metaState=0x0, buttonState=0x1, downTime=123859100000000, eventTime=123859100000000, pointerCount=1
10-30 07:21:04.171  1945  2498 D InputTransport: channel 'swipe-up (server)' : action=ACTION_DOWN(0), id=0, displayId=0, tooltype=0, deviceId=-1, source=0x1002, flags=0x0, edgeFlags=0x0, metaState=0x0, buttonState=0x1, downTime=123859100000000, eventTime=123859100000000, pointerCount=1
10-30 07:21:04.171  1945  2498 D InputTransport: channel 'swipe-up (server)' : action=ACTION_DOWN(0), id=0, displayId=0, tooltype=0, deviceId=-1, source=0x1002, flags=0x0, edgeFlags=0x0, metaState=0x0, buttonState=0x1, downTime=123859100000000, eventTime=123859100000000, pointerCount=1
10-30 07:21:04.172  1945  2498 D InputTransport: channel 'PointerEventDispatcher0 (server)' : action=ACTION_DOWN(0), id=0, displayId=0, tooltype=0, deviceId=-1, source=0x1002, flags=0x0, edgeFlags=0x0, metaState=0x0, buttonState=0x1, downTime=123859100000000, eventTime=123859100000000, pointerCount=1
10-30 07:21:04.252  1945  2498 D InputTransport: channel 'a0473f5 com.example.lunchtray/com.example.lunchtray.MainActivity (server)' : action=ACTION_UP(0), id=0, displayId=0, tooltype=1, deviceId=-1, source=0x1002, flags=0x0, edgeFlags=0x0, metaState=0x0, buttonState=0x1, downTime=123859100000000, eventTime=123859182000000, pointerCount=1
10-30 07:21:04.253  1945  2498 D InputTransport: channel 'edge-swipe (server)' : action=ACTION_UP(0), id=0, displayId=0, tooltype=1, deviceId=-1, source=0x1002, flags=0x0, edgeFlags=0x0, metaState=0x0, buttonState=0x1, downTime=123859100000000, eventTime=123859182000000, pointerCount=1
10-30 07:21:04.253  1945  2498 D InputTransport: channel 'swipe-up (server)' : action=ACTION_UP(0), id=0, displayId=0, tooltype=1, deviceId=-1, source=0x1002, flags=0x0, edgeFlags=0x0, metaState=0x0, buttonState=0x1, downTime=123859100000000, eventTime=123859182000000, pointerCount=1
10-30 07:21:04.254  1945  2498 D InputTransport: channel 'swipe-up (server)' : action=ACTION_UP(0), id=0, displayId=0, tooltype=1, deviceId=-1, source=0x1002, flags=0x0, edgeFlags=0x0, metaState=0x0, buttonState=0x1, downTime=123859100000000, eventTime=123859182000000, pointerCount=1
10-30 07:21:04.254  1945  2498 D InputTransport: channel 'swipe-up (server)' : action=ACTION_UP(0), id=0, displayId=0, tooltype=1, deviceId=-1, source=0x1002, flags=0x0, edgeFlags=0x0, metaState=0x0, buttonState=0x1, downTime=123859100000000, eventTime=123859182000000, pointerCount=1
10-30 07:21:04.254  1945  2498 D InputTransport: channel 'swipe-up (server)' : action=ACTION_UP(0), id=0, displayId=0, tooltype=1, deviceId=-1, source=0x1002, flags=0x0, edgeFlags=0x0, metaState=0x0, buttonState=0x1, downTime=123859100000000, eventTime=123859182000000, pointerCount=1
10-30 07:21:04.254  1945  2498 D InputTransport: channel 'PointerEventDispatcher0 (server)' : action=ACTION_UP(0), id=0, displayId=0, tooltype=1, deviceId=-1, source=0x1002, flags=0x0, edgeFlags=0x0, metaState=0x0, buttonState=0x1, downTime=123859100000000, eventTime=123859182000000, pointerCount=1
10-30 07:21:04.258 19032 19032 I View    : PerformClick: com.google.android.material.radiobutton.MaterialRadioButton{7763c8d VFED..C.. ...p..ID 0,0-330,126 #7f08007c app:id/cauliflower}
10-30 07:21:04.259 19032 19032 I View    : MotionEvent.ACTION_UP: mPrivateFlags: -2128590800,   mHasPerformedLongPress: false,   mIgnoreNextUpEvent: false
10-30 07:21:04.296  1945  2548 V SoundPool: play(soundID=1, leftVolume=1.000000, rightVolume=1.000000, priority=0, loop=0, rate=1.000000)
10-30 07:21:04.298  1945  2548 V AudioTrack: setSampleRate(546): prior state:STATE_STOPPED rate:48000
10-30 07:21:04.298  1945  2548 V AudioTrack: start(546): prior state:STATE_STOPPED
10-30 07:21:04.298  1945  2548 V AudioTrack: start(546): server read:-838148  cumulative flushed:0  client written:0
10-30 07:21:04.299  2580 26577 V AF::Track: start(571): calling pid 1945 session 4681
10-30 07:21:04.299  2580 26577 V AudioPolicyService: AudioCommandThread() adding start output portId 546
10-30 07:21:04.300  2580 26577 V AudioPolicyService: inserting command: 3 at index 0, num commands 0
10-30 07:21:04.300  2580  2595 V AudioPolicyService: AudioCommandThread() processing start output portId 546
10-30 07:21:04.300  2580  2595 D APM_AudioPolicyManager: startOutput portId 546 output primary->(primary output)(13), stream 1, session 4681
10-30 07:21:04.301  2580  2595 V APM_AudioPolicyManager: setBeaconMute(1) mBeaconMuteRefCount=1 mBeaconPlayingRefCount=0
10-30 07:21:04.303  2580  2595 V APM_AudioPolicyManager: selectOutputForMusicEffects selected output 13
10-30 07:21:04.304  2580  2595 V APM_AudioPolicyManager: getNewOutputDevices selected devices {type:0x2,@:}
10-30 07:21:04.304  2580  2595 V APM_AudioPolicyManager: setOutputDevices device {type:0x2,@:} delayMs 0
10-30 07:21:04.304  2580  2595 V APM_AudioPolicyManager: setOutputDevices() prevDevice {type:0x2,@:}
10-30 07:21:04.304  2580  2595 V APM_AudioPolicyManager: setOutputDevices: suppressing checkDeviceMuteStrategies
10-30 07:21:04.304  2580  2595 V APM_AudioPolicyManager: setOutputDevices setting same device {type:0x2,@:} or null device, force=0, patch handle=4
10-30 07:21:04.304  2580  2595 V AudioPolicyService: AudioCommandThread() going to sleep
10-30 07:21:04.305  1945  5020 V AudioSystem: ioConfigChanged() event 8
10-30 07:21:04.305  1945  5020 V AudioSystem: ioConfigChanged() AUDIO_CLIENT_STARTED  io 13 port 546 num callbacks 0
10-30 07:21:04.307  1945  2548 V SoundPool: play returned 2719
10-30 07:21:04.380  2580  2617 V AF::Track: getNextBuffer(571): underrun,  framesReady(0) < framesDesired(236), state: 6
10-30 07:21:04.380  2580  2618 D AF::Track: presentationComplete(571): set: mPresentationCompleteFrames 600624 audioHalFrames 624
10-30 07:21:04.381  2580  2618 V AF::Track: presentationComplete(571): waiting framesWritten:600000  mPresentationCompleteFrames:600624
10-30 07:21:04.386  1945 19073 V AudioTrack: stop(546): prior state:STATE_ACTIVE
10-30 07:21:04.386  2580 26577 V AF::Track: stop(571): calling pid 1945
10-30 07:21:04.420  2580  2618 V AF::Track: presentationComplete(571): presentationComplete() mPresentationCompleteFrames 600624 framesWritten 601920
10-30 07:21:04.421  2580  2618 V AF::Track: presentationComplete(571): complete framesWritten:601920  mPresentationCompleteFrames:600624
10-30 07:21:04.428  2580  2618 V AudioPolicyService: AudioCommandThread() adding stop output portId 546
10-30 07:21:04.429  2580  2618 V AudioPolicyService: inserting command: 4 at index 0, num commands 0
10-30 07:21:04.429  2580  2595 V AudioPolicyService: AudioCommandThread() processing stop output portId 546
10-30 07:21:04.429  2580  2595 V APM_AudioPolicyManager: stopOutput() portId 546 output 13, stream 1, session 4681
10-30 07:21:04.429  2580  2595 V APM_AudioPolicyManager: setBeaconMute(1) mBeaconMuteRefCount=0 mBeaconPlayingRefCount=0
10-30 07:21:04.430  2580  2595 V APM_AudioPolicyManager: getNewOutputDevices selected devices AUDIO_DEVICE_NONE
10-30 07:21:04.430  2580  2595 V APM_AudioPolicyManager: setOutputDevices device AUDIO_DEVICE_NONE delayMs 106
10-30 07:21:04.430  2580  2595 V APM_AudioPolicyManager: setOutputDevices() prevDevice {type:0x2,@:}
10-30 07:21:04.433  2580  2595 V APM_AudioPolicyManager: setOutputDevices setting same device AUDIO_DEVICE_NONE or null device, force=0, patch handle=4
10-30 07:21:04.433  2580  2595 V APM_AudioPolicyManager: selectOutputForMusicEffects selected output 13
10-30 07:21:04.435  2580  2595 V AudioPolicyService: AudioCommandThread() going to sleep
10-30 07:21:04.633  1363 18506 D sensors_hal_accel: handle_sns_client_event:446, accel_sample(accelcal_available:0): ts=285449626773665 ns; value = [0.161668, -0.026004, 9.811800], status=3
10-30 07:21:04.706 19032 19032 I ViewInteraction: Performing 'single click' action on view view.getId() is <2131231081/com.example.lunchtray:id/next_button>
10-30 07:21:04.715  1945  2498 D InputTransport: channel 'a0473f5 com.example.lunchtray/com.example.lunchtray.MainActivity (server)' : action=ACTION_DOWN(0), id=0, displayId=0, tooltype=0, deviceId=-1, source=0x1002, flags=0x0, edgeFlags=0x0, metaState=0x0, buttonState=0x1, downTime=123859643000000, eventTime=123859643000000, pointerCount=1
10-30 07:21:04.715  1945  2498 D InputTransport: channel 'edge-swipe (server)' : action=ACTION_DOWN(0), id=0, displayId=0, tooltype=0, deviceId=-1, source=0x1002, flags=0x0, edgeFlags=0x0, metaState=0x0, buttonState=0x1, downTime=123859643000000, eventTime=123859643000000, pointerCount=1
10-30 07:21:04.715  1945  2498 D InputTransport: channel 'swipe-up (server)' : action=ACTION_DOWN(0), id=0, displayId=0, tooltype=0, deviceId=-1, source=0x1002, flags=0x0, edgeFlags=0x0, metaState=0x0, buttonState=0x1, downTime=123859643000000, eventTime=123859643000000, pointerCount=1
10-30 07:21:04.715  1945  2498 D InputTransport: channel 'swipe-up (server)' : action=ACTION_DOWN(0), id=0, displayId=0, tooltype=0, deviceId=-1, source=0x1002, flags=0x0, edgeFlags=0x0, metaState=0x0, buttonState=0x1, downTime=123859643000000, eventTime=123859643000000, pointerCount=1
10-30 07:21:04.715  1945  2498 D InputTransport: channel 'swipe-up (server)' : action=ACTION_DOWN(0), id=0, displayId=0, tooltype=0, deviceId=-1, source=0x1002, flags=0x0, edgeFlags=0x0, metaState=0x0, buttonState=0x1, downTime=123859643000000, eventTime=123859643000000, pointerCount=1
10-30 07:21:04.716  1945  2498 D InputTransport: channel 'swipe-up (server)' : action=ACTION_DOWN(0), id=0, displayId=0, tooltype=0, deviceId=-1, source=0x1002, flags=0x0, edgeFlags=0x0, metaState=0x0, buttonState=0x1, downTime=123859643000000, eventTime=123859643000000, pointerCount=1
10-30 07:21:04.716  1945  2498 D InputTransport: channel 'PointerEventDispatcher0 (server)' : action=ACTION_DOWN(0), id=0, displayId=0, tooltype=0, deviceId=-1, source=0x1002, flags=0x0, edgeFlags=0x0, metaState=0x0, buttonState=0x1, downTime=123859643000000, eventTime=123859643000000, pointerCount=1
10-30 07:21:04.793  1945  2498 D InputTransport: channel 'a0473f5 com.example.lunchtray/com.example.lunchtray.MainActivity (server)' : action=ACTION_UP(0), id=0, displayId=0, tooltype=1, deviceId=-1, source=0x1002, flags=0x0, edgeFlags=0x0, metaState=0x0, buttonState=0x1, downTime=123859643000000, eventTime=123859723000000, pointerCount=1
10-30 07:21:04.793  1945  2498 D InputTransport: channel 'edge-swipe (server)' : action=ACTION_UP(0), id=0, displayId=0, tooltype=1, deviceId=-1, source=0x1002, flags=0x0, edgeFlags=0x0, metaState=0x0, buttonState=0x1, downTime=123859643000000, eventTime=123859723000000, pointerCount=1
10-30 07:21:04.794  1945  2498 D InputTransport: channel 'swipe-up (server)' : action=ACTION_UP(0), id=0, displayId=0, tooltype=1, deviceId=-1, source=0x1002, flags=0x0, edgeFlags=0x0, metaState=0x0, buttonState=0x1, downTime=123859643000000, eventTime=123859723000000, pointerCount=1
10-30 07:21:04.794  1945  2498 D InputTransport: channel 'swipe-up (server)' : action=ACTION_UP(0), id=0, displayId=0, tooltype=1, deviceId=-1, source=0x1002, flags=0x0, edgeFlags=0x0, metaState=0x0, buttonState=0x1, downTime=123859643000000, eventTime=123859723000000, pointerCount=1
10-30 07:21:04.794  1945  2498 D InputTransport: channel 'swipe-up (server)' : action=ACTION_UP(0), id=0, displayId=0, tooltype=1, deviceId=-1, source=0x1002, flags=0x0, edgeFlags=0x0, metaState=0x0, buttonState=0x1, downTime=123859643000000, eventTime=123859723000000, pointerCount=1
10-30 07:21:04.794  1945  2498 D InputTransport: channel 'swipe-up (server)' : action=ACTION_UP(0), id=0, displayId=0, tooltype=1, deviceId=-1, source=0x1002, flags=0x0, edgeFlags=0x0, metaState=0x0, buttonState=0x1, downTime=123859643000000, eventTime=123859723000000, pointerCount=1
10-30 07:21:04.795  1945  2498 D InputTransport: channel 'PointerEventDispatcher0 (server)' : action=ACTION_UP(0), id=0, displayId=0, tooltype=1, deviceId=-1, source=0x1002, flags=0x0, edgeFlags=0x0, metaState=0x0, buttonState=0x1, downTime=123859643000000, eventTime=123859723000000, pointerCount=1
10-30 07:21:04.799 19032 19032 I View    : PerformClick: com.google.android.material.button.MaterialButton{fbb56fa VFED..C.. ...p..ID 561,1458-1038,1584 #7f080169 app:id/next_button}
10-30 07:21:04.800 19032 19032 I View    : MotionEvent.ACTION_UP: mPrivateFlags: -2128590800,   mHasPerformedLongPress: false,   mIgnoreNextUpEvent: false
10-30 07:21:04.830  1945  2548 V SoundPool: play(soundID=1, leftVolume=1.000000, rightVolume=1.000000, priority=0, loop=0, rate=1.000000)
10-30 07:21:04.832  1945  2548 V AudioTrack: setSampleRate(546): prior state:STATE_STOPPED rate:48000
10-30 07:21:04.833  1945  2548 V AudioTrack: start(546): prior state:STATE_STOPPED
10-30 07:21:04.833  1945  2548 V AudioTrack: start(546): server read:-840792  cumulative flushed:0  client written:0
10-30 07:21:04.833  2580 26577 V AF::Track: start(571): calling pid 1945 session 4681
10-30 07:21:04.833  2580 26577 V AudioPolicyService: AudioCommandThread() adding start output portId 546
10-30 07:21:04.835  2580 26577 V AudioPolicyService: inserting command: 3 at index 0, num commands 0
10-30 07:21:04.835  2580  2595 V AudioPolicyService: AudioCommandThread() processing start output portId 546
10-30 07:21:04.835  2580  2595 D APM_AudioPolicyManager: startOutput portId 546 output primary->(primary output)(13), stream 1, session 4681
10-30 07:21:04.835  2580  2595 V APM_AudioPolicyManager: setBeaconMute(1) mBeaconMuteRefCount=1 mBeaconPlayingRefCount=0
10-30 07:21:04.836  2580  2595 V APM_AudioPolicyManager: selectOutputForMusicEffects selected output 13
10-30 07:21:04.837  2580  2595 V APM_AudioPolicyManager: getNewOutputDevices selected devices {type:0x2,@:}
10-30 07:21:04.837  2580  2595 V APM_AudioPolicyManager: setOutputDevices device {type:0x2,@:} delayMs 0
10-30 07:21:04.837  2580  2595 V APM_AudioPolicyManager: setOutputDevices() prevDevice {type:0x2,@:}
10-30 07:21:04.837  2580  2595 V APM_AudioPolicyManager: setOutputDevices: suppressing checkDeviceMuteStrategies
10-30 07:21:04.837  2580  2595 V APM_AudioPolicyManager: setOutputDevices setting same device {type:0x2,@:} or null device, force=0, patch handle=4
10-30 07:21:04.838  2580  2595 V AudioPolicyService: AudioCommandThread() going to sleep
10-30 07:21:04.839  1945  2548 V SoundPool: play returned 2720
10-30 07:21:04.842  1945  3374 V AudioSystem: ioConfigChanged() event 8
10-30 07:21:04.842  1945  3374 V AudioSystem: ioConfigChanged() AUDIO_CLIENT_STARTED  io 13 port 546 num callbacks 0
10-30 07:21:04.900  2580  2617 V AF::Track: getNextBuffer(571): underrun,  framesReady(0) < framesDesired(236), state: 6
10-30 07:21:04.902  2580  2618 D AF::Track: presentationComplete(571): set: mPresentationCompleteFrames 625584 audioHalFrames 624
10-30 07:21:04.902  2580  2618 V AF::Track: presentationComplete(571): waiting framesWritten:624960  mPresentationCompleteFrames:625584
10-30 07:21:04.909  1945 19073 V AudioTrack: stop(546): prior state:STATE_ACTIVE
10-30 07:21:04.909  2580 26577 V AF::Track: stop(571): calling pid 1945
10-30 07:21:04.942  2580  2618 V AF::Track: presentationComplete(571): presentationComplete() mPresentationCompleteFrames 625584 framesWritten 626880
10-30 07:21:04.942  2580  2618 V AF::Track: presentationComplete(571): complete framesWritten:626880  mPresentationCompleteFrames:625584
10-30 07:21:04.949  2580  2618 V AudioPolicyService: AudioCommandThread() adding stop output portId 546
10-30 07:21:04.950  2580  2618 V AudioPolicyService: inserting command: 4 at index 0, num commands 0
10-30 07:21:04.950  2580  2595 V AudioPolicyService: AudioCommandThread() processing stop output portId 546
10-30 07:21:04.950  2580  2595 V APM_AudioPolicyManager: stopOutput() portId 546 output 13, stream 1, session 4681
10-30 07:21:04.951  2580  2595 V APM_AudioPolicyManager: setBeaconMute(1) mBeaconMuteRefCount=0 mBeaconPlayingRefCount=0
10-30 07:21:04.951  2580  2595 V APM_AudioPolicyManager: getNewOutputDevices selected devices AUDIO_DEVICE_NONE
10-30 07:21:04.951  2580  2595 V APM_AudioPolicyManager: setOutputDevices device AUDIO_DEVICE_NONE delayMs 106
10-30 07:21:04.951  2580  2595 V APM_AudioPolicyManager: setOutputDevices() prevDevice {type:0x2,@:}
10-30 07:21:04.955  2580  2595 V APM_AudioPolicyManager: setOutputDevices setting same device AUDIO_DEVICE_NONE or null device, force=0, patch handle=4
10-30 07:21:04.956  2580  2595 V APM_AudioPolicyManager: selectOutputForMusicEffects selected output 13
10-30 07:21:04.956  2580  2595 V AudioPolicyService: AudioCommandThread() going to sleep
10-30 07:21:05.126  1945  5020 D WifiClientModeImpl[wlan0]: getConativeWiFiQualityStatus keep previous WifiQuailityInfo
10-30 07:21:05.262 19032 19032 I ViewInteraction: Performing 'single click' action on view view.getId() is <2131231138/com.example.lunchtray:id/salad>
10-30 07:21:05.267  1945  2498 D InputTransport: channel 'a0473f5 com.example.lunchtray/com.example.lunchtray.MainActivity (server)' : action=ACTION_DOWN(0), id=0, displayId=0, tooltype=0, deviceId=-1, source=0x1002, flags=0x0, edgeFlags=0x0, metaState=0x0, buttonState=0x1, downTime=123860196000000, eventTime=123860196000000, pointerCount=1
10-30 07:21:05.267  1945  2498 D InputTransport: channel 'edge-swipe (server)' : action=ACTION_DOWN(0), id=0, displayId=0, tooltype=0, deviceId=-1, source=0x1002, flags=0x0, edgeFlags=0x0, metaState=0x0, buttonState=0x1, downTime=123860196000000, eventTime=123860196000000, pointerCount=1
10-30 07:21:05.267  1945  2498 D InputTransport: channel 'swipe-up (server)' : action=ACTION_DOWN(0), id=0, displayId=0, tooltype=0, deviceId=-1, source=0x1002, flags=0x0, edgeFlags=0x0, metaState=0x0, buttonState=0x1, downTime=123860196000000, eventTime=123860196000000, pointerCount=1
10-30 07:21:05.267  1945  2498 D InputTransport: channel 'swipe-up (server)' : action=ACTION_DOWN(0), id=0, displayId=0, tooltype=0, deviceId=-1, source=0x1002, flags=0x0, edgeFlags=0x0, metaState=0x0, buttonState=0x1, downTime=123860196000000, eventTime=123860196000000, pointerCount=1
10-30 07:21:05.267  1945  2498 D InputTransport: channel 'swipe-up (server)' : action=ACTION_DOWN(0), id=0, displayId=0, tooltype=0, deviceId=-1, source=0x1002, flags=0x0, edgeFlags=0x0, metaState=0x0, buttonState=0x1, downTime=123860196000000, eventTime=123860196000000, pointerCount=1
10-30 07:21:05.268  1945  2498 D InputTransport: channel 'swipe-up (server)' : action=ACTION_DOWN(0), id=0, displayId=0, tooltype=0, deviceId=-1, source=0x1002, flags=0x0, edgeFlags=0x0, metaState=0x0, buttonState=0x1, downTime=123860196000000, eventTime=123860196000000, pointerCount=1
10-30 07:21:05.268  1945  2498 D InputTransport: channel 'PointerEventDispatcher0 (server)' : action=ACTION_DOWN(0), id=0, displayId=0, tooltype=0, deviceId=-1, source=0x1002, flags=0x0, edgeFlags=0x0, metaState=0x0, buttonState=0x1, downTime=123860196000000, eventTime=123860196000000, pointerCount=1
10-30 07:21:05.349  1945  2498 D InputTransport: channel 'a0473f5 com.example.lunchtray/com.example.lunchtray.MainActivity (server)' : action=ACTION_UP(0), id=0, displayId=0, tooltype=1, deviceId=-1, source=0x1002, flags=0x0, edgeFlags=0x0, metaState=0x0, buttonState=0x1, downTime=123860196000000, eventTime=123860278000000, pointerCount=1
10-30 07:21:05.349  1945  2498 D InputTransport: channel 'edge-swipe (server)' : action=ACTION_UP(0), id=0, displayId=0, tooltype=1, deviceId=-1, source=0x1002, flags=0x0, edgeFlags=0x0, metaState=0x0, buttonState=0x1, downTime=123860196000000, eventTime=123860278000000, pointerCount=1
10-30 07:21:05.349  1945  2498 D InputTransport: channel 'swipe-up (server)' : action=ACTION_UP(0), id=0, displayId=0, tooltype=1, deviceId=-1, source=0x1002, flags=0x0, edgeFlags=0x0, metaState=0x0, buttonState=0x1, downTime=123860196000000, eventTime=123860278000000, pointerCount=1
10-30 07:21:05.350  1945  2498 D InputTransport: channel 'swipe-up (server)' : action=ACTION_UP(0), id=0, displayId=0, tooltype=1, deviceId=-1, source=0x1002, flags=0x0, edgeFlags=0x0, metaState=0x0, buttonState=0x1, downTime=123860196000000, eventTime=123860278000000, pointerCount=1
10-30 07:21:05.350  1945  2498 D InputTransport: channel 'swipe-up (server)' : action=ACTION_UP(0), id=0, displayId=0, tooltype=1, deviceId=-1, source=0x1002, flags=0x0, edgeFlags=0x0, metaState=0x0, buttonState=0x1, downTime=123860196000000, eventTime=123860278000000, pointerCount=1
10-30 07:21:05.350  1945  2498 D InputTransport: channel 'swipe-up (server)' : action=ACTION_UP(0), id=0, displayId=0, tooltype=1, deviceId=-1, source=0x1002, flags=0x0, edgeFlags=0x0, metaState=0x0, buttonState=0x1, downTime=123860196000000, eventTime=123860278000000, pointerCount=1
10-30 07:21:05.350  1945  2498 D InputTransport: channel 'PointerEventDispatcher0 (server)' : action=ACTION_UP(0), id=0, displayId=0, tooltype=1, deviceId=-1, source=0x1002, flags=0x0, edgeFlags=0x0, metaState=0x0, buttonState=0x1, downTime=123860196000000, eventTime=123860278000000, pointerCount=1
10-30 07:21:05.355 19032 19032 I View    : PerformClick: com.google.android.material.radiobutton.MaterialRadioButton{854d96a VFED..C.. ...p..ID 0,0-399,126 #7f0801a2 app:id/salad}
10-30 07:21:05.355 19032 19032 I View    : MotionEvent.ACTION_UP: mPrivateFlags: -2128590800,   mHasPerformedLongPress: false,   mIgnoreNextUpEvent: false
10-30 07:21:05.381  1945  2548 V SoundPool: play(soundID=1, leftVolume=1.000000, rightVolume=1.000000, priority=0, loop=0, rate=1.000000)
10-30 07:21:05.383  1945  2548 V AudioTrack: setSampleRate(546): prior state:STATE_STOPPED rate:48000
10-30 07:21:05.383  1945  2548 V AudioTrack: start(546): prior state:STATE_STOPPED
10-30 07:21:05.383  1945  2548 V AudioTrack: start(546): server read:-843436  cumulative flushed:0  client written:0
10-30 07:21:05.383  2580 26577 V AF::Track: start(571): calling pid 1945 session 4681
10-30 07:21:05.384  2580 26577 V AudioPolicyService: AudioCommandThread() adding start output portId 546
10-30 07:21:05.387  2580 26577 V AudioPolicyService: inserting command: 3 at index 0, num commands 0
10-30 07:21:05.388  2580  2595 V AudioPolicyService: AudioCommandThread() processing start output portId 546
10-30 07:21:05.388  2580  2595 D APM_AudioPolicyManager: startOutput portId 546 output primary->(primary output)(13), stream 1, session 4681
10-30 07:21:05.388  2580  2595 V APM_AudioPolicyManager: setBeaconMute(1) mBeaconMuteRefCount=1 mBeaconPlayingRefCount=0
10-30 07:21:05.389  2580  2595 V APM_AudioPolicyManager: selectOutputForMusicEffects selected output 13
10-30 07:21:05.389  2580  2595 V APM_AudioPolicyManager: getNewOutputDevices selected devices {type:0x2,@:}
10-30 07:21:05.389  2580  2595 V APM_AudioPolicyManager: setOutputDevices device {type:0x2,@:} delayMs 0
10-30 07:21:05.389  2580  2595 V APM_AudioPolicyManager: setOutputDevices() prevDevice {type:0x2,@:}
10-30 07:21:05.389  2580  2595 V APM_AudioPolicyManager: setOutputDevices: suppressing checkDeviceMuteStrategies
10-30 07:21:05.389  2580  2595 V APM_AudioPolicyManager: setOutputDevices setting same device {type:0x2,@:} or null device, force=0, patch handle=4
10-30 07:21:05.389  2580  2595 V AudioPolicyService: AudioCommandThread() going to sleep
10-30 07:21:05.392  1945  2548 V SoundPool: play returned 2721
10-30 07:21:05.392  1945  3374 V AudioSystem: ioConfigChanged() event 8
10-30 07:21:05.392  1945  3374 V AudioSystem: ioConfigChanged() AUDIO_CLIENT_STARTED  io 13 port 546 num callbacks 0
10-30 07:21:05.447  2580  2617 V AF::Track: getNextBuffer(571): underrun,  framesReady(0) < framesDesired(236), state: 6
10-30 07:21:05.448  1945 19073 V AudioTrack: stop(546): prior state:STATE_ACTIVE
10-30 07:21:05.448  2580 26577 V AF::Track: stop(571): calling pid 1945
10-30 07:21:05.483  2580  2618 D AF::Track: presentationComplete(571): set: mPresentationCompleteFrames 653424 audioHalFrames 624
10-30 07:21:05.483  2580  2618 V AF::Track: presentationComplete(571): waiting framesWritten:652800  mPresentationCompleteFrames:653424
10-30 07:21:05.503  2580  2618 V AF::Track: presentationComplete(571): presentationComplete() mPresentationCompleteFrames 653424 framesWritten 653760
10-30 07:21:05.503  2580  2618 V AF::Track: presentationComplete(571): complete framesWritten:653760  mPresentationCompleteFrames:653424
10-30 07:21:05.510  2580  2618 V AudioPolicyService: AudioCommandThread() adding stop output portId 546
10-30 07:21:05.511  2580  2618 V AudioPolicyService: inserting command: 4 at index 0, num commands 0
10-30 07:21:05.511  2580  2595 V AudioPolicyService: AudioCommandThread() processing stop output portId 546
10-30 07:21:05.511  2580  2595 V APM_AudioPolicyManager: stopOutput() portId 546 output 13, stream 1, session 4681
10-30 07:21:05.511  2580  2595 V APM_AudioPolicyManager: setBeaconMute(1) mBeaconMuteRefCount=0 mBeaconPlayingRefCount=0
10-30 07:21:05.512  2580  2595 V APM_AudioPolicyManager: getNewOutputDevices selected devices AUDIO_DEVICE_NONE
10-30 07:21:05.512  2580  2595 V APM_AudioPolicyManager: setOutputDevices device AUDIO_DEVICE_NONE delayMs 106
10-30 07:21:05.512  2580  2595 V APM_AudioPolicyManager: setOutputDevices() prevDevice {type:0x2,@:}
10-30 07:21:05.515  2580  2595 V APM_AudioPolicyManager: setOutputDevices setting same device AUDIO_DEVICE_NONE or null device, force=0, patch handle=4
10-30 07:21:05.516  2580  2595 V APM_AudioPolicyManager: selectOutputForMusicEffects selected output 13
10-30 07:21:05.516  2580  2595 V AudioPolicyService: AudioCommandThread() going to sleep
10-30 07:21:05.636  1673  1699 I PowerRM : CF-1 b-1
10-30 07:21:05.636  1673  1699 I PowerRM : REQF = -1
10-30 07:21:05.636  1673  1699 I Powercontrol_Client: Notify refreshrate 160:60:-1
10-30 07:21:05.637  1418  1447 I vendor.lge.hardware.powercontrol@1.3-impl: notify_refreshrate_limit to 160/60/-1
10-30 07:21:05.820 19032 19032 I ViewInteraction: Performing 'single click' action on view view.getId() is <2131231081/com.example.lunchtray:id/next_button>
10-30 07:21:05.826  1945  2498 D InputTransport: channel 'a0473f5 com.example.lunchtray/com.example.lunchtray.MainActivity (server)' : action=ACTION_DOWN(0), id=0, displayId=0, tooltype=0, deviceId=-1, source=0x1002, flags=0x0, edgeFlags=0x0, metaState=0x0, buttonState=0x1, downTime=123860756000000, eventTime=123860756000000, pointerCount=1
10-30 07:21:05.827  1945  2498 D InputTransport: channel 'edge-swipe (server)' : action=ACTION_DOWN(0), id=0, displayId=0, tooltype=0, deviceId=-1, source=0x1002, flags=0x0, edgeFlags=0x0, metaState=0x0, buttonState=0x1, downTime=123860756000000, eventTime=123860756000000, pointerCount=1
10-30 07:21:05.827  1945  2498 D InputTransport: channel 'swipe-up (server)' : action=ACTION_DOWN(0), id=0, displayId=0, tooltype=0, deviceId=-1, source=0x1002, flags=0x0, edgeFlags=0x0, metaState=0x0, buttonState=0x1, downTime=123860756000000, eventTime=123860756000000, pointerCount=1
10-30 07:21:05.827  1945  2498 D InputTransport: channel 'swipe-up (server)' : action=ACTION_DOWN(0), id=0, displayId=0, tooltype=0, deviceId=-1, source=0x1002, flags=0x0, edgeFlags=0x0, metaState=0x0, buttonState=0x1, downTime=123860756000000, eventTime=123860756000000, pointerCount=1
10-30 07:21:05.827  1945  2498 D InputTransport: channel 'swipe-up (server)' : action=ACTION_DOWN(0), id=0, displayId=0, tooltype=0, deviceId=-1, source=0x1002, flags=0x0, edgeFlags=0x0, metaState=0x0, buttonState=0x1, downTime=123860756000000, eventTime=123860756000000, pointerCount=1
10-30 07:21:05.827  1945  2498 D InputTransport: channel 'swipe-up (server)' : action=ACTION_DOWN(0), id=0, displayId=0, tooltype=0, deviceId=-1, source=0x1002, flags=0x0, edgeFlags=0x0, metaState=0x0, buttonState=0x1, downTime=123860756000000, eventTime=123860756000000, pointerCount=1
10-30 07:21:05.827  1945  2498 D InputTransport: channel 'PointerEventDispatcher0 (server)' : action=ACTION_DOWN(0), id=0, displayId=0, tooltype=0, deviceId=-1, source=0x1002, flags=0x0, edgeFlags=0x0, metaState=0x0, buttonState=0x1, downTime=123860756000000, eventTime=123860756000000, pointerCount=1
10-30 07:21:05.882  2756  2756 I NetworkController.WifiSignalController: Change in state to: connected=true,enabled=true,level=2,inetCondition=1,iconGroup=IconGroup(Default Wi-Fi Icons),activityIn=true,activityOut=false,rssi=-73,lteadvancedmode=0,ssid="WohnzimmerWLAN",wifiStandard=0,isReady=false,isTransient=false,isDefault=false,statusLabel=null,isCarrierMerged=false,subId=0,isGigaWiFi=false,isAttWifiCall=false,detailedState=CONNECTED
10-30 07:21:05.883  2756  2756 I NetworkController: [getDataController] getDefaultDataSubId : dataSubId is 2
10-30 07:21:05.886  2756  2756 I NetworkController.WifiSignalController: updateIconGroup() : mWifiGeneration = 4
10-30 07:21:05.886  2756  2756 I NetworkController.WifiSignalController: updateIconGroup() : connected = true, mCurrentState.isAttWifiCall = false
10-30 07:21:05.887  2756  2756 I MSimUtils: getSubId : 2
10-30 07:21:05.888  2756  2756 I MSimUtils: getSubId : 2
10-30 07:21:05.906  2756  2756 D BarBackgroundDrawable: draw() : targetColor = 0, canvas = android.graphics.RecordingCanvas@df9fdf3, this = com.android.systemui.statusbar.phone.BarTransitions$BarBackgroundDrawable@7c723ac
10-30 07:21:05.908  1945  2498 D InputTransport: channel 'a0473f5 com.example.lunchtray/com.example.lunchtray.MainActivity (server)' : action=ACTION_UP(0), id=0, displayId=0, tooltype=1, deviceId=-1, source=0x1002, flags=0x0, edgeFlags=0x0, metaState=0x0, buttonState=0x1, downTime=123860756000000, eventTime=123860838000000, pointerCount=1
10-30 07:21:05.909  1945  2498 D InputTransport: channel 'edge-swipe (server)' : action=ACTION_UP(0), id=0, displayId=0, tooltype=1, deviceId=-1, source=0x1002, flags=0x0, edgeFlags=0x0, metaState=0x0, buttonState=0x1, downTime=123860756000000, eventTime=123860838000000, pointerCount=1
10-30 07:21:05.909  1945  2498 D InputTransport: channel 'swipe-up (server)' : action=ACTION_UP(0), id=0, displayId=0, tooltype=1, deviceId=-1, source=0x1002, flags=0x0, edgeFlags=0x0, metaState=0x0, buttonState=0x1, downTime=123860756000000, eventTime=123860838000000, pointerCount=1
10-30 07:21:05.909  1945  2498 D InputTransport: channel 'swipe-up (server)' : action=ACTION_UP(0), id=0, displayId=0, tooltype=1, deviceId=-1, source=0x1002, flags=0x0, edgeFlags=0x0, metaState=0x0, buttonState=0x1, downTime=123860756000000, eventTime=123860838000000, pointerCount=1
10-30 07:21:05.909  1945  2498 D InputTransport: channel 'swipe-up (server)' : action=ACTION_UP(0), id=0, displayId=0, tooltype=1, deviceId=-1, source=0x1002, flags=0x0, edgeFlags=0x0, metaState=0x0, buttonState=0x1, downTime=123860756000000, eventTime=123860838000000, pointerCount=1
10-30 07:21:05.909  1945  2498 D InputTransport: channel 'swipe-up (server)' : action=ACTION_UP(0), id=0, displayId=0, tooltype=1, deviceId=-1, source=0x1002, flags=0x0, edgeFlags=0x0, metaState=0x0, buttonState=0x1, downTime=123860756000000, eventTime=123860838000000, pointerCount=1
10-30 07:21:05.909  1945  2498 D InputTransport: channel 'PointerEventDispatcher0 (server)' : action=ACTION_UP(0), id=0, displayId=0, tooltype=1, deviceId=-1, source=0x1002, flags=0x0, edgeFlags=0x0, metaState=0x0, buttonState=0x1, downTime=123860756000000, eventTime=123860838000000, pointerCount=1
10-30 07:21:05.915 19032 19032 I View    : PerformClick: com.google.android.material.button.MaterialButton{d0bd1b3 VFED..C.. ...p..ID 561,1364-1038,1490 #7f080169 app:id/next_button}
10-30 07:21:05.915 19032 19032 I View    : MotionEvent.ACTION_UP: mPrivateFlags: -2128590800,   mHasPerformedLongPress: false,   mIgnoreNextUpEvent: false
10-30 07:21:05.920  2756  2756 D StatusBarNotificationPresenter: isShowNotificationIconsOnly() orientation: 1
10-30 07:21:05.924  2756  2756 D StatusBarNotificationPresenter: isShowNotificationIconsOnly() orientation: 1
10-30 07:21:05.947  1945  2548 V SoundPool: play(soundID=1, leftVolume=1.000000, rightVolume=1.000000, priority=0, loop=0, rate=1.000000)
10-30 07:21:05.950  1945  2548 V AudioTrack: setSampleRate(546): prior state:STATE_STOPPED rate:48000
10-30 07:21:05.950  1945  2548 V AudioTrack: start(546): prior state:STATE_STOPPED
10-30 07:21:05.950  1945  2548 V AudioTrack: start(546): server read:-846080  cumulative flushed:0  client written:0
10-30 07:21:05.950  2580 26577 V AF::Track: start(571): calling pid 1945 session 4681
10-30 07:21:05.950  2580 26577 V AudioPolicyService: AudioCommandThread() adding start output portId 546
10-30 07:21:05.951  2580 26577 V AudioPolicyService: inserting command: 3 at index 0, num commands 0
10-30 07:21:05.951  2580  2595 V AudioPolicyService: AudioCommandThread() processing start output portId 546
10-30 07:21:05.951  2580  2595 D APM_AudioPolicyManager: startOutput portId 546 output primary->(primary output)(13), stream 1, session 4681
10-30 07:21:05.951  2580  2595 V APM_AudioPolicyManager: setBeaconMute(1) mBeaconMuteRefCount=1 mBeaconPlayingRefCount=0
10-30 07:21:05.951  2580  2595 V APM_AudioPolicyManager: selectOutputForMusicEffects selected output 13
10-30 07:21:05.951  2580  2595 V APM_AudioPolicyManager: getNewOutputDevices selected devices {type:0x2,@:}
10-30 07:21:05.951  2580  2595 V APM_AudioPolicyManager: setOutputDevices device {type:0x2,@:} delayMs 0
10-30 07:21:05.951  2580  2595 V APM_AudioPolicyManager: setOutputDevices() prevDevice {type:0x2,@:}
10-30 07:21:05.951  2580  2595 V APM_AudioPolicyManager: setOutputDevices: suppressing checkDeviceMuteStrategies
10-30 07:21:05.951  2580  2595 V APM_AudioPolicyManager: setOutputDevices setting same device {type:0x2,@:} or null device, force=0, patch handle=4
10-30 07:21:05.952  2580  2595 V AudioPolicyService: AudioCommandThread() going to sleep
10-30 07:21:05.952  1945  5020 V AudioSystem: ioConfigChanged() event 8
10-30 07:21:05.952  1945  5020 V AudioSystem: ioConfigChanged() AUDIO_CLIENT_STARTED  io 13 port 546 num callbacks 0
10-30 07:21:05.952  1945  2548 V SoundPool: play returned 2722
10-30 07:21:06.020  2580  2617 V AF::Track: getNextBuffer(571): underrun,  framesReady(0) < framesDesired(236), state: 6
10-30 07:21:06.024  2580  2618 D AF::Track: presentationComplete(571): set: mPresentationCompleteFrames 679344 audioHalFrames 624
10-30 07:21:06.024  2580  2618 V AF::Track: presentationComplete(571): waiting framesWritten:678720  mPresentationCompleteFrames:679344
10-30 07:21:06.026  1945 19073 V AudioTrack: stop(546): prior state:STATE_ACTIVE
10-30 07:21:06.026  2580 26577 V AF::Track: stop(571): calling pid 1945
10-30 07:21:06.065  2580  2618 V AF::Track: presentationComplete(571): presentationComplete() mPresentationCompleteFrames 679344 framesWritten 680640
10-30 07:21:06.065  2580  2618 V AF::Track: presentationComplete(571): complete framesWritten:680640  mPresentationCompleteFrames:679344
10-30 07:21:06.068  2580  2618 V AudioPolicyService: AudioCommandThread() adding stop output portId 546
10-30 07:21:06.069  2580  2618 V AudioPolicyService: inserting command: 4 at index 0, num commands 0
10-30 07:21:06.069  2580  2595 V AudioPolicyService: AudioCommandThread() processing stop output portId 546
10-30 07:21:06.069  2580  2595 V APM_AudioPolicyManager: stopOutput() portId 546 output 13, stream 1, session 4681
10-30 07:21:06.069  2580  2595 V APM_AudioPolicyManager: setBeaconMute(1) mBeaconMuteRefCount=0 mBeaconPlayingRefCount=0
10-30 07:21:06.070  2580  2595 V APM_AudioPolicyManager: getNewOutputDevices selected devices AUDIO_DEVICE_NONE
10-30 07:21:06.070  2580  2595 V APM_AudioPolicyManager: setOutputDevices device AUDIO_DEVICE_NONE delayMs 106
10-30 07:21:06.070  2580  2595 V APM_AudioPolicyManager: setOutputDevices() prevDevice {type:0x2,@:}
10-30 07:21:06.073  2580  2595 V APM_AudioPolicyManager: setOutputDevices setting same device AUDIO_DEVICE_NONE or null device, force=0, patch handle=4
10-30 07:21:06.074  2580  2595 V APM_AudioPolicyManager: selectOutputForMusicEffects selected output 13
10-30 07:21:06.074  2580  2595 V AudioPolicyService: AudioCommandThread() going to sleep
10-30 07:21:06.129  1945  5020 D WifiClientModeImpl[wlan0]: getConativeWiFiQualityStatus keep previous WifiQuailityInfo
10-30 07:21:06.364 19032 19032 I ViewInteraction: Performing 'single click' action on view view.getId() is <2131230835/com.example.lunchtray:id/bread>
10-30 07:21:06.369  1945  2498 D InputTransport: channel 'a0473f5 com.example.lunchtray/com.example.lunchtray.MainActivity (server)' : action=ACTION_DOWN(0), id=0, displayId=0, tooltype=0, deviceId=-1, source=0x1002, flags=0x0, edgeFlags=0x0, metaState=0x0, buttonState=0x1, downTime=123861298000000, eventTime=123861298000000, pointerCount=1
10-30 07:21:06.369  1945  2498 D InputTransport: channel 'edge-swipe (server)' : action=ACTION_DOWN(0), id=0, displayId=0, tooltype=0, deviceId=-1, source=0x1002, flags=0x0, edgeFlags=0x0, metaState=0x0, buttonState=0x1, downTime=123861298000000, eventTime=123861298000000, pointerCount=1
