10-30 07:21:27.528  2580 26577 V AF::Track: stop(597): calling pid 1945
10-30 07:21:27.564  2580  2618 D AF::Track: presentationComplete(597): set: mPresentationCompleteFrames 1713264 audioHalFrames 624
10-30 07:21:27.564  2580  2618 V AF::Track: presentationComplete(597): waiting framesWritten:1712640  mPresentationCompleteFrames:1713264
10-30 07:21:27.584  2580  2618 V AF::Track: presentationComplete(597): presentationComplete() mPresentationCompleteFrames 1713264 framesWritten 1713600
10-30 07:21:27.584  2580  2618 V AF::Track: presentationComplete(597): complete framesWritten:1713600  mPresentationCompleteFrames:1713264
10-30 07:21:27.588  2580  2618 V AudioPolicyService: AudioCommandThread() adding stop output portId 572
10-30 07:21:27.589  2580  2618 V AudioPolicyService: inserting command: 4 at index 0, num commands 0
10-30 07:21:27.591  2580  2595 V AudioPolicyService: AudioCommandThread() processing stop output portId 572
10-30 07:21:27.591  2580  2595 V APM_AudioPolicyManager: stopOutput() portId 572 output 13, stream 1, session 5353
10-30 07:21:27.591  2580  2595 V APM_AudioPolicyManager: setBeaconMute(1) mBeaconMuteRefCount=0 mBeaconPlayingRefCount=0
10-30 07:21:27.592  2580  2595 V APM_AudioPolicyManager: getNewOutputDevices selected devices AUDIO_DEVICE_NONE
10-30 07:21:27.592  2580  2595 V APM_AudioPolicyManager: setOutputDevices device AUDIO_DEVICE_NONE delayMs 106
10-30 07:21:27.592  2580  2595 V APM_AudioPolicyManager: setOutputDevices() prevDevice {type:0x2,@:}
10-30 07:21:27.595  2580  2595 V APM_AudioPolicyManager: setOutputDevices setting same device AUDIO_DEVICE_NONE or null device, force=0, patch handle=4
10-30 07:21:27.595  2580  2595 V APM_AudioPolicyManager: selectOutputForMusicEffects selected output 13
10-30 07:21:27.595  2580  2595 V AudioPolicyService: AudioCommandThread() going to sleep
10-30 07:21:27.886 19032 19032 I ViewInteraction: Performing 'single click' action on view view.getId() is <2131230842/com.example.lunchtray:id/cancel_button>
10-30 07:21:27.894  1945  2498 D InputTransport: channel '87d428 com.example.lunchtray/com.example.lunchtray.MainActivity (server)' : action=ACTION_DOWN(0), id=0, displayId=0, tooltype=0, deviceId=-1, source=0x1002, flags=0x0, edgeFlags=0x0, metaState=0x0, buttonState=0x1, downTime=123882822000000, eventTime=123882822000000, pointerCount=1
10-30 07:21:27.894  1945  2498 D InputTransport: channel 'edge-swipe (server)' : action=ACTION_DOWN(0), id=0, displayId=0, tooltype=0, deviceId=-1, source=0x1002, flags=0x0, edgeFlags=0x0, metaState=0x0, buttonState=0x1, downTime=123882822000000, eventTime=123882822000000, pointerCount=1
10-30 07:21:27.894  1945  2498 D InputTransport: channel 'swipe-up (server)' : action=ACTION_DOWN(0), id=0, displayId=0, tooltype=0, deviceId=-1, source=0x1002, flags=0x0, edgeFlags=0x0, metaState=0x0, buttonState=0x1, downTime=123882822000000, eventTime=123882822000000, pointerCount=1
10-30 07:21:27.894  1945  2498 D InputTransport: channel 'swipe-up (server)' : action=ACTION_DOWN(0), id=0, displayId=0, tooltype=0, deviceId=-1, source=0x1002, flags=0x0, edgeFlags=0x0, metaState=0x0, buttonState=0x1, downTime=123882822000000, eventTime=123882822000000, pointerCount=1
10-30 07:21:27.894  1945  2498 D InputTransport: channel 'swipe-up (server)' : action=ACTION_DOWN(0), id=0, displayId=0, tooltype=0, deviceId=-1, source=0x1002, flags=0x0, edgeFlags=0x0, metaState=0x0, buttonState=0x1, downTime=123882822000000, eventTime=123882822000000, pointerCount=1
10-30 07:21:27.894  1945  2498 D InputTransport: channel 'swipe-up (server)' : action=ACTION_DOWN(0), id=0, displayId=0, tooltype=0, deviceId=-1, source=0x1002, flags=0x0, edgeFlags=0x0, metaState=0x0, buttonState=0x1, downTime=123882822000000, eventTime=123882822000000, pointerCount=1
10-30 07:21:27.895  1945  2498 D InputTransport: channel 'PointerEventDispatcher0 (server)' : action=ACTION_DOWN(0), id=0, displayId=0, tooltype=0, deviceId=-1, source=0x1002, flags=0x0, edgeFlags=0x0, metaState=0x0, buttonState=0x1, downTime=123882822000000, eventTime=123882822000000, pointerCount=1
10-30 07:21:27.976  1945  2498 D InputTransport: channel '87d428 com.example.lunchtray/com.example.lunchtray.MainActivity (server)' : action=ACTION_UP(0), id=0, displayId=0, tooltype=1, deviceId=-1, source=0x1002, flags=0x0, edgeFlags=0x0, metaState=0x0, buttonState=0x1, downTime=123882822000000, eventTime=123882905000000, pointerCount=1
10-30 07:21:27.977  1945  2498 D InputTransport: channel 'edge-swipe (server)' : action=ACTION_UP(0), id=0, displayId=0, tooltype=1, deviceId=-1, source=0x1002, flags=0x0, edgeFlags=0x0, metaState=0x0, buttonState=0x1, downTime=123882822000000, eventTime=123882905000000, pointerCount=1
10-30 07:21:27.977  1945  2498 D InputTransport: channel 'swipe-up (server)' : action=ACTION_UP(0), id=0, displayId=0, tooltype=1, deviceId=-1, source=0x1002, flags=0x0, edgeFlags=0x0, metaState=0x0, buttonState=0x1, downTime=123882822000000, eventTime=123882905000000, pointerCount=1
10-30 07:21:27.977  1945  2498 D InputTransport: channel 'swipe-up (server)' : action=ACTION_UP(0), id=0, displayId=0, tooltype=1, deviceId=-1, source=0x1002, flags=0x0, edgeFlags=0x0, metaState=0x0, buttonState=0x1, downTime=123882822000000, eventTime=123882905000000, pointerCount=1
10-30 07:21:27.977  1945  2498 D InputTransport: channel 'swipe-up (server)' : action=ACTION_UP(0), id=0, displayId=0, tooltype=1, deviceId=-1, source=0x1002, flags=0x0, edgeFlags=0x0, metaState=0x0, buttonState=0x1, downTime=123882822000000, eventTime=123882905000000, pointerCount=1
10-30 07:21:27.978  1945  2498 D InputTransport: channel 'swipe-up (server)' : action=ACTION_UP(0), id=0, displayId=0, tooltype=1, deviceId=-1, source=0x1002, flags=0x0, edgeFlags=0x0, metaState=0x0, buttonState=0x1, downTime=123882822000000, eventTime=123882905000000, pointerCount=1
10-30 07:21:27.978  1945  2498 D InputTransport: channel 'PointerEventDispatcher0 (server)' : action=ACTION_UP(0), id=0, displayId=0, tooltype=1, deviceId=-1, source=0x1002, flags=0x0, edgeFlags=0x0, metaState=0x0, buttonState=0x1, downTime=123882822000000, eventTime=123882905000000, pointerCount=1
10-30 07:21:27.986 19032 19032 I View    : PerformClick: com.google.android.material.button.MaterialButton{df765e0 VFED..C.. ...p..ID 42,796-1038,922 #7f08007a app:id/cancel_button}
10-30 07:21:27.986 19032 19032 I View    : MotionEvent.ACTION_UP: mPrivateFlags: -2128590800,   mHasPerformedLongPress: false,   mIgnoreNextUpEvent: false
10-30 07:21:28.019  1945  2548 V SoundPool: play(soundID=1, leftVolume=1.000000, rightVolume=1.000000, priority=0, loop=0, rate=1.000000)
10-30 07:21:28.021  1945  2548 V AudioTrack: setSampleRate(572): prior state:STATE_STOPPED rate:48000
10-30 07:21:28.022  1945  2548 V AudioTrack: start(572): prior state:STATE_STOPPED
10-30 07:21:28.022  1945  2548 V AudioTrack: start(572): server read:-44948  cumulative flushed:0  client written:0
10-30 07:21:28.022  2580 26577 V AF::Track: start(597): calling pid 1945 session 5353
10-30 07:21:28.022  2580 26577 V AudioPolicyService: AudioCommandThread() adding start output portId 572
10-30 07:21:28.023  2580 26577 V AudioPolicyService: inserting command: 3 at index 0, num commands 0
10-30 07:21:28.023  2580  2595 V AudioPolicyService: AudioCommandThread() processing start output portId 572
10-30 07:21:28.023  2580  2595 D APM_AudioPolicyManager: startOutput portId 572 output primary->(primary output)(13), stream 1, session 5353
10-30 07:21:28.024  2580  2595 V APM_AudioPolicyManager: setBeaconMute(1) mBeaconMuteRefCount=1 mBeaconPlayingRefCount=0
10-30 07:21:28.024  2580  2595 V APM_AudioPolicyManager: selectOutputForMusicEffects selected output 13
10-30 07:21:28.025  2580  2595 V APM_AudioPolicyManager: getNewOutputDevices selected devices {type:0x2,@:}
10-30 07:21:28.025  2580  2595 V APM_AudioPolicyManager: setOutputDevices device {type:0x2,@:} delayMs 0
10-30 07:21:28.025  2580  2595 V APM_AudioPolicyManager: setOutputDevices() prevDevice {type:0x2,@:}
10-30 07:21:28.025  2580  2595 V APM_AudioPolicyManager: setOutputDevices: suppressing checkDeviceMuteStrategies
10-30 07:21:28.025  2580  2595 V APM_AudioPolicyManager: setOutputDevices setting same device {type:0x2,@:} or null device, force=0, patch handle=4
10-30 07:21:28.025  2580  2595 V AudioPolicyService: AudioCommandThread() going to sleep
10-30 07:21:28.026  1945  3374 V AudioSystem: ioConfigChanged() event 8
10-30 07:21:28.026  1945  3374 V AudioSystem: ioConfigChanged() AUDIO_CLIENT_STARTED  io 13 port 572 num callbacks 0
10-30 07:21:28.027  1945  2548 V SoundPool: play returned 2761
10-30 07:21:28.100  2580  2617 V AF::Track: getNextBuffer(597): underrun,  framesReady(0) < framesDesired(236), state: 6
10-30 07:21:28.103  2580  2618 D AF::Track: presentationComplete(597): set: mPresentationCompleteFrames 1739184 audioHalFrames 624
10-30 07:21:28.103  2580  2618 V AF::Track: presentationComplete(597): waiting framesWritten:1738560  mPresentationCompleteFrames:1739184
10-30 07:21:28.107  1945 19073 V AudioTrack: stop(572): prior state:STATE_ACTIVE
10-30 07:21:28.107  2580 26577 V AF::Track: stop(597): calling pid 1945
10-30 07:21:28.143  2580  2618 V AF::Track: presentationComplete(597): presentationComplete() mPresentationCompleteFrames 1739184 framesWritten 1740480
10-30 07:21:28.143  2580  2618 V AF::Track: presentationComplete(597): complete framesWritten:1740480  mPresentationCompleteFrames:1739184
10-30 07:21:28.150  2580  2618 V AudioPolicyService: AudioCommandThread() adding stop output portId 572
10-30 07:21:28.151  2580  2618 V AudioPolicyService: inserting command: 4 at index 0, num commands 0
10-30 07:21:28.152  2580  2595 V AudioPolicyService: AudioCommandThread() processing stop output portId 572
10-30 07:21:28.152  2580  2595 V APM_AudioPolicyManager: stopOutput() portId 572 output 13, stream 1, session 5353
10-30 07:21:28.152  2580  2595 V APM_AudioPolicyManager: setBeaconMute(1) mBeaconMuteRefCount=0 mBeaconPlayingRefCount=0
10-30 07:21:28.152  2580  2595 V APM_AudioPolicyManager: getNewOutputDevices selected devices AUDIO_DEVICE_NONE
10-30 07:21:28.152  2580  2595 V APM_AudioPolicyManager: setOutputDevices device AUDIO_DEVICE_NONE delayMs 106
10-30 07:21:28.152  2580  2595 V APM_AudioPolicyManager: setOutputDevices() prevDevice {type:0x2,@:}
10-30 07:21:28.155  2580  2595 V APM_AudioPolicyManager: setOutputDevices setting same device AUDIO_DEVICE_NONE or null device, force=0, patch handle=4
10-30 07:21:28.156  2580  2595 V APM_AudioPolicyManager: selectOutputForMusicEffects selected output 13
10-30 07:21:28.156  2580  2595 V AudioPolicyService: AudioCommandThread() going to sleep
10-30 07:21:28.160  1945  3374 D WifiClientModeImpl[wlan0]: getConativeWiFiQualityStatus keep previous WifiQuailityInfo
10-30 07:21:28.452 19032 19032 I ViewInteraction: Performing 'single click' action on view view.getId() is <2131231208/com.example.lunchtray:id/start_order_btn>
10-30 07:21:28.462  1945  2498 D InputTransport: channel '87d428 com.example.lunchtray/com.example.lunchtray.MainActivity (server)' : action=ACTION_DOWN(0), id=0, displayId=0, tooltype=0, deviceId=-1, source=0x1002, flags=0x0, edgeFlags=0x0, metaState=0x0, buttonState=0x1, downTime=123883390000000, eventTime=123883390000000, pointerCount=1
10-30 07:21:28.462  1945  2498 D InputTransport: channel 'edge-swipe (server)' : action=ACTION_DOWN(0), id=0, displayId=0, tooltype=0, deviceId=-1, source=0x1002, flags=0x0, edgeFlags=0x0, metaState=0x0, buttonState=0x1, downTime=123883390000000, eventTime=123883390000000, pointerCount=1
10-30 07:21:28.462  1945  2498 D InputTransport: channel 'swipe-up (server)' : action=ACTION_DOWN(0), id=0, displayId=0, tooltype=0, deviceId=-1, source=0x1002, flags=0x0, edgeFlags=0x0, metaState=0x0, buttonState=0x1, downTime=123883390000000, eventTime=123883390000000, pointerCount=1
10-30 07:21:28.462  1945  2498 D InputTransport: channel 'swipe-up (server)' : action=ACTION_DOWN(0), id=0, displayId=0, tooltype=0, deviceId=-1, source=0x1002, flags=0x0, edgeFlags=0x0, metaState=0x0, buttonState=0x1, downTime=123883390000000, eventTime=123883390000000, pointerCount=1
10-30 07:21:28.462  1945  2498 D InputTransport: channel 'swipe-up (server)' : action=ACTION_DOWN(0), id=0, displayId=0, tooltype=0, deviceId=-1, source=0x1002, flags=0x0, edgeFlags=0x0, metaState=0x0, buttonState=0x1, downTime=123883390000000, eventTime=123883390000000, pointerCount=1
10-30 07:21:28.463  1945  2498 D InputTransport: channel 'swipe-up (server)' : action=ACTION_DOWN(0), id=0, displayId=0, tooltype=0, deviceId=-1, source=0x1002, flags=0x0, edgeFlags=0x0, metaState=0x0, buttonState=0x1, downTime=123883390000000, eventTime=123883390000000, pointerCount=1
10-30 07:21:28.463  1945  2498 D InputTransport: channel 'PointerEventDispatcher0 (server)' : action=ACTION_DOWN(0), id=0, displayId=0, tooltype=0, deviceId=-1, source=0x1002, flags=0x0, edgeFlags=0x0, metaState=0x0, buttonState=0x1, downTime=123883390000000, eventTime=123883390000000, pointerCount=1
10-30 07:21:28.543  1945  2498 D InputTransport: channel '87d428 com.example.lunchtray/com.example.lunchtray.MainActivity (server)' : action=ACTION_UP(0), id=0, displayId=0, tooltype=1, deviceId=-1, source=0x1002, flags=0x0, edgeFlags=0x0, metaState=0x0, buttonState=0x1, downTime=123883390000000, eventTime=123883472000000, pointerCount=1
10-30 07:21:28.543  1945  2498 D InputTransport: channel 'edge-swipe (server)' : action=ACTION_UP(0), id=0, displayId=0, tooltype=1, deviceId=-1, source=0x1002, flags=0x0, edgeFlags=0x0, metaState=0x0, buttonState=0x1, downTime=123883390000000, eventTime=123883472000000, pointerCount=1
10-30 07:21:28.544  1945  2498 D InputTransport: channel 'swipe-up (server)' : action=ACTION_UP(0), id=0, displayId=0, tooltype=1, deviceId=-1, source=0x1002, flags=0x0, edgeFlags=0x0, metaState=0x0, buttonState=0x1, downTime=123883390000000, eventTime=123883472000000, pointerCount=1
10-30 07:21:28.544  1945  2498 D InputTransport: channel 'swipe-up (server)' : action=ACTION_UP(0), id=0, displayId=0, tooltype=1, deviceId=-1, source=0x1002, flags=0x0, edgeFlags=0x0, metaState=0x0, buttonState=0x1, downTime=123883390000000, eventTime=123883472000000, pointerCount=1
10-30 07:21:28.544  1945  2498 D InputTransport: channel 'swipe-up (server)' : action=ACTION_UP(0), id=0, displayId=0, tooltype=1, deviceId=-1, source=0x1002, flags=0x0, edgeFlags=0x0, metaState=0x0, buttonState=0x1, downTime=123883390000000, eventTime=123883472000000, pointerCount=1
10-30 07:21:28.544  1945  2498 D InputTransport: channel 'swipe-up (server)' : action=ACTION_UP(0), id=0, displayId=0, tooltype=1, deviceId=-1, source=0x1002, flags=0x0, edgeFlags=0x0, metaState=0x0, buttonState=0x1, downTime=123883390000000, eventTime=123883472000000, pointerCount=1
10-30 07:21:28.544  1945  2498 D InputTransport: channel 'PointerEventDispatcher0 (server)' : action=ACTION_UP(0), id=0, displayId=0, tooltype=1, deviceId=-1, source=0x1002, flags=0x0, edgeFlags=0x0, metaState=0x0, buttonState=0x1, downTime=123883390000000, eventTime=123883472000000, pointerCount=1
10-30 07:21:28.546 19032 19032 I View    : PerformClick: com.google.android.material.button.MaterialButton{f7963cd VFED..C.. ...P.... 349,1045-731,1171 #7f0801e8 app:id/start_order_btn}
10-30 07:21:28.546 19032 19032 I View    : MotionEvent.ACTION_UP: mPrivateFlags: 16828464,   mHasPerformedLongPress: false,   mIgnoreNextUpEvent: false
10-30 07:21:28.551  1945  2548 V SoundPool: play(soundID=1, leftVolume=1.000000, rightVolume=1.000000, priority=0, loop=0, rate=1.000000)
10-30 07:21:28.554  1945  2548 V AudioTrack: setSampleRate(572): prior state:STATE_STOPPED rate:48000
10-30 07:21:28.555  1945  2548 V AudioTrack: start(572): prior state:STATE_STOPPED
10-30 07:21:28.555  1945  2548 V AudioTrack: start(572): server read:-47592  cumulative flushed:0  client written:0
10-30 07:21:28.555  2580 26577 V AF::Track: start(597): calling pid 1945 session 5353
10-30 07:21:28.555  2580 26577 V AudioPolicyService: AudioCommandThread() adding start output portId 572
10-30 07:21:28.557  2580 26577 V AudioPolicyService: inserting command: 3 at index 0, num commands 0
10-30 07:21:28.557  2580  2595 V AudioPolicyService: AudioCommandThread() processing start output portId 572
10-30 07:21:28.557  2580  2595 D APM_AudioPolicyManager: startOutput portId 572 output primary->(primary output)(13), stream 1, session 5353
10-30 07:21:28.557  2580  2595 V APM_AudioPolicyManager: setBeaconMute(1) mBeaconMuteRefCount=1 mBeaconPlayingRefCount=0
10-30 07:21:28.558  2580  2595 V APM_AudioPolicyManager: selectOutputForMusicEffects selected output 13
10-30 07:21:28.559  2580  2595 V APM_AudioPolicyManager: getNewOutputDevices selected devices {type:0x2,@:}
10-30 07:21:28.559  2580  2595 V APM_AudioPolicyManager: setOutputDevices device {type:0x2,@:} delayMs 0
10-30 07:21:28.559  2580  2595 V APM_AudioPolicyManager: setOutputDevices() prevDevice {type:0x2,@:}
10-30 07:21:28.559  2580  2595 V APM_AudioPolicyManager: setOutputDevices: suppressing checkDeviceMuteStrategies
10-30 07:21:28.559  2580  2595 V APM_AudioPolicyManager: setOutputDevices setting same device {type:0x2,@:} or null device, force=0, patch handle=4
10-30 07:21:28.560  2580  2595 V AudioPolicyService: AudioCommandThread() going to sleep
10-30 07:21:28.561  1945  2548 V SoundPool: play returned 2762
10-30 07:21:28.564  1945  3374 V AudioSystem: ioConfigChanged() event 8
10-30 07:21:28.564  1945  3374 V AudioSystem: ioConfigChanged() AUDIO_CLIENT_STARTED  io 13 port 572 num callbacks 0
10-30 07:21:28.620  2580  2617 V AF::Track: getNextBuffer(597): underrun,  framesReady(0) < framesDesired(236), state: 6
10-30 07:21:28.624  2580  2618 D AF::Track: presentationComplete(597): set: mPresentationCompleteFrames 1764144 audioHalFrames 624
10-30 07:21:28.624  2580  2618 V AF::Track: presentationComplete(597): waiting framesWritten:1763520  mPresentationCompleteFrames:1764144
10-30 07:21:28.631  1945 19073 V AudioTrack: stop(572): prior state:STATE_ACTIVE
10-30 07:21:28.631  2580 26577 V AF::Track: stop(597): calling pid 1945
10-30 07:21:28.633  1363 18506 D sensors_hal_accel: handle_sns_client_event:446, accel_sample(accelcal_available:0): ts=285473546239216 ns; value = [0.162387, -0.025525, 9.804376], status=3
10-30 07:21:28.664  2580  2618 V AF::Track: presentationComplete(597): presentationComplete() mPresentationCompleteFrames 1764144 framesWritten 1765440
10-30 07:21:28.664  2580  2618 V AF::Track: presentationComplete(597): complete framesWritten:1765440  mPresentationCompleteFrames:1764144
10-30 07:21:28.668  2580  2618 V AudioPolicyService: AudioCommandThread() adding stop output portId 572
10-30 07:21:28.669  2580  2618 V AudioPolicyService: inserting command: 4 at index 0, num commands 0
10-30 07:21:28.670  2580  2595 V AudioPolicyService: AudioCommandThread() processing stop output portId 572
10-30 07:21:28.670  2580  2595 V APM_AudioPolicyManager: stopOutput() portId 572 output 13, stream 1, session 5353
10-30 07:21:28.670  2580  2595 V APM_AudioPolicyManager: setBeaconMute(1) mBeaconMuteRefCount=0 mBeaconPlayingRefCount=0
10-30 07:21:28.670  2580  2595 V APM_AudioPolicyManager: getNewOutputDevices selected devices AUDIO_DEVICE_NONE
10-30 07:21:28.670  2580  2595 V APM_AudioPolicyManager: setOutputDevices device AUDIO_DEVICE_NONE delayMs 106
10-30 07:21:28.671  2580  2595 V APM_AudioPolicyManager: setOutputDevices() prevDevice {type:0x2,@:}
10-30 07:21:28.673  2580  2595 V APM_AudioPolicyManager: setOutputDevices setting same device AUDIO_DEVICE_NONE or null device, force=0, patch handle=4
10-30 07:21:28.674  2580  2595 V APM_AudioPolicyManager: selectOutputForMusicEffects selected output 13
10-30 07:21:28.674  2580  2595 V AudioPolicyService: AudioCommandThread() going to sleep
10-30 07:21:28.743  1432  1432 D vendor.lge.hardware.thermal@1.2-impl: Read value from /proc/lge_power/adc/vts, 249
10-30 07:21:28.764  1432  1432 D vendor.lge.hardware.thermal@1.2-impl: Read value from /proc/lge_power/adc/vts, 249
10-30 07:21:29.015 19032 19032 I ViewInteraction: Checking 'MatchesViewAssertion{viewMatcher=(view has effective visibility <VISIBLE> and view.getGlobalVisibleRect() to return non-empty rectangle)}' assertion on view an instance of android.widget.TextView and view.getText() with or without transformation to match: is "Subtotal: 0,00"
10-30 07:21:29.016 19032 19053 I TestRunner: finished: order_reset_after_cancel_from_checkout(com.example.lunchtray.OrderFunctionalityTests)
