10-30 07:21:11.069  2580 20491 V AF::Track: start(571): calling pid 1945 session 4681
10-30 07:21:11.069  2580 20491 V AudioPolicyService: AudioCommandThread() adding start output portId 546
10-30 07:21:11.070  2580 20491 V AudioPolicyService: inserting command: 3 at index 0, num commands 0
10-30 07:21:11.070  2580  2595 V AudioPolicyService: AudioCommandThread() processing start output portId 546
10-30 07:21:11.070  2580  2595 D APM_AudioPolicyManager: startOutput portId 546 output primary->(primary output)(13), stream 1, session 4681
10-30 07:21:11.070  2580  2595 V APM_AudioPolicyManager: setBeaconMute(1) mBeaconMuteRefCount=1 mBeaconPlayingRefCount=0
10-30 07:21:11.070  2580  2595 V APM_AudioPolicyManager: selectOutputForMusicEffects selected output 13
10-30 07:21:11.070  2580  2595 V APM_AudioPolicyManager: getNewOutputDevices selected devices {type:0x2,@:}
10-30 07:21:11.070  2580  2595 V APM_AudioPolicyManager: setOutputDevices device {type:0x2,@:} delayMs 0
10-30 07:21:11.070  2580  2595 V APM_AudioPolicyManager: setOutputDevices() prevDevice {type:0x2,@:}
10-30 07:21:11.070  2580  2595 V APM_AudioPolicyManager: setOutputDevices: suppressing checkDeviceMuteStrategies
10-30 07:21:11.070  2580  2595 V APM_AudioPolicyManager: setOutputDevices setting same device {type:0x2,@:} or null device, force=0, patch handle=4
10-30 07:21:11.070  2580  2595 V AudioPolicyService: AudioCommandThread() going to sleep
10-30 07:21:11.070  1945  2548 V SoundPool: play returned 2732
10-30 07:21:11.070  1945  4035 V AudioSystem: ioConfigChanged() event 8
10-30 07:21:11.071  1945  4035 V AudioSystem: ioConfigChanged() AUDIO_CLIENT_STARTED  io 13 port 546 num callbacks 0
10-30 07:21:11.072  2756  2756 I BarTransitions.PhoneStatusBarTransitions: setNotchColor color = 0
10-30 07:21:11.074  1363 18492 D sensors_hal_light: handle_sns_std_sensor_event:79, ambient_light_event: ts=285456520515987, lux = 19, raw_adc=40, pdata=53
10-30 07:21:11.088  2756  2756 I BarTransitions.PhoneStatusBarTransitions: setNotchColor color = 0
10-30 07:21:11.093  2756  2756 I BarTransitions.PhoneStatusBarTransitions: setNotchColor color = 0
10-30 07:21:11.099  2756  2756 I BarTransitions.PhoneStatusBarTransitions: setNotchColor color = 0
10-30 07:21:11.101  2756  2756 I BarTransitions.PhoneStatusBarTransitions: setNotchColor color = 0
10-30 07:21:11.127  2580  2617 V AF::Track: getNextBuffer(571): underrun,  framesReady(0) < framesDesired(236), state: 6
10-30 07:21:11.133  1945  4803 D WifiClientModeImpl[wlan0]: getConativeWiFiQualityStatus keep previous WifiQuailityInfo
10-30 07:21:11.137  1945 19073 V AudioTrack: stop(546): prior state:STATE_ACTIVE
10-30 07:21:11.137  2580 20491 V AF::Track: stop(571): calling pid 1945
10-30 07:21:11.161  2580  2618 D AF::Track: presentationComplete(571): set: mPresentationCompleteFrames 926064 audioHalFrames 624
10-30 07:21:11.161  2580  2618 V AF::Track: presentationComplete(571): waiting framesWritten:925440  mPresentationCompleteFrames:926064
10-30 07:21:11.171  1363  1363 D Sensor_Sarcontroller: en path : /sys/devices/virtual/input/lge_sar_rf/onoff
10-30 07:21:11.171  1363  1363 D Sensor_Sarcontroller: sar controller en = 0
10-30 07:21:11.179  2756  2932 I MobileSignalController(2): on5GNrConnectionInfoChanged nrConnection = 0
10-30 07:21:11.179  2756  2932 D MobileSignalController(2): s5GmmWaveAllocated is false
10-30 07:21:11.179  2756  2932 I MobileSignalController(2): isVZWCDMALess false
10-30 07:21:11.179  2756  2932 I MobileSignalController(2): isVZWCDMALess false
10-30 07:21:11.179  2756  2932 D MobileSignalController(2): ActiveSimCount = 2, isMultiSimSupport = true, isSearching = false, isDSDSCalling = false, mSimState = READY, hasService = true
10-30 07:21:11.179  2756  2932 I MobileSignalController(2): isVZWCDMALess false
10-30 07:21:11.179  2756  2932 I MSimUtils: getDefaultDataPhoneId : 0
10-30 07:21:11.179  2756  2932 I MSimUtils: getDefaultDataPhoneId : 0
10-30 07:21:11.179  2756  2932 I MobileSignalController(2): isRoaming = false, cdma? =false, mServiceState = not null
10-30 07:21:11.179  2756  2932 I MSimUtils: getMccMnc : subId = 2, mccmnc = 26201
10-30 07:21:11.180  2756  2932 I MobileSignalController(2): on5GNrConnectionInfoChanged nrConnection = 0
10-30 07:21:11.180  2756  2932 D MobileSignalController(2): s5GmmWaveAllocated is false
10-30 07:21:11.180  2756  2932 I MobileSignalController(2): isVZWCDMALess false
10-30 07:21:11.180  2756  2932 I MobileSignalController(2): isVZWCDMALess false
10-30 07:21:11.180  2756  2932 D MobileSignalController(2): ActiveSimCount = 2, isMultiSimSupport = true, isSearching = false, isDSDSCalling = false, mSimState = READY, hasService = true
10-30 07:21:11.180  2756  2932 I MobileSignalController(2): isVZWCDMALess false
10-30 07:21:11.180  2756  2932 I MSimUtils: getDefaultDataPhoneId : 0
10-30 07:21:11.180  2756  2932 I MSimUtils: getDefaultDataPhoneId : 0
10-30 07:21:11.180  2756  2932 I MobileSignalController(2): isRoaming = false, cdma? =false, mServiceState = not null
10-30 07:21:11.180  2756  2932 I MSimUtils: getMccMnc : subId = 2, mccmnc = 26201
10-30 07:21:11.181  2580  2618 V AF::Track: presentationComplete(571): presentationComplete() mPresentationCompleteFrames 926064 framesWritten 926400
10-30 07:21:11.181  2580  2618 V AF::Track: presentationComplete(571): complete framesWritten:926400  mPresentationCompleteFrames:926064
10-30 07:21:11.184  2756  2932 I MobileSignalController(2): on5GNrConnectionInfoChanged nrConnection = 0
10-30 07:21:11.184  2756  2932 D MobileSignalController(2): s5GmmWaveAllocated is false
10-30 07:21:11.184  2756  2932 I MobileSignalController(2): isVZWCDMALess false
10-30 07:21:11.184  2756  2932 I MobileSignalController(2): isVZWCDMALess false
10-30 07:21:11.184  2756  2932 D MobileSignalController(2): ActiveSimCount = 2, isMultiSimSupport = true, isSearching = false, isDSDSCalling = false, mSimState = READY, hasService = true
10-30 07:21:11.184  2756  2932 I MobileSignalController(2): isVZWCDMALess false
10-30 07:21:11.184  2756  2932 I MSimUtils: getDefaultDataPhoneId : 0
10-30 07:21:11.184  2756  2932 I MSimUtils: getDefaultDataPhoneId : 0
10-30 07:21:11.185  2756  2932 I MobileSignalController(2): isRoaming = false, cdma? =false, mServiceState = not null
10-30 07:21:11.185  2756  2932 I MSimUtils: getMccMnc : subId = 2, mccmnc = 26201
10-30 07:21:11.185  2756  2932 I MobileSignalController(2): on5GNrConnectionInfoChanged nrConnection = 0
10-30 07:21:11.185  2756  2932 D MobileSignalController(2): s5GmmWaveAllocated is false
10-30 07:21:11.185  2756  2932 I MobileSignalController(2): isVZWCDMALess false
10-30 07:21:11.185  2756  2932 I MobileSignalController(2): isVZWCDMALess false
10-30 07:21:11.185  2756  2932 D MobileSignalController(2): ActiveSimCount = 2, isMultiSimSupport = true, isSearching = false, isDSDSCalling = false, mSimState = READY, hasService = true
10-30 07:21:11.185  2756  2932 I MobileSignalController(2): isVZWCDMALess false
10-30 07:21:11.185  2756  2932 I MSimUtils: getDefaultDataPhoneId : 0
10-30 07:21:11.185  2756  2932 I MSimUtils: getDefaultDataPhoneId : 0
10-30 07:21:11.185  2756  2932 I MobileSignalController(2): isRoaming = false, cdma? =false, mServiceState = not null
10-30 07:21:11.185  2756  2932 I MSimUtils: getMccMnc : subId = 2, mccmnc = 26201
10-30 07:21:11.185  2756  2932 I MobileSignalController(2): Change in state to: connected=true,enabled=true,level=1,inetCondition=0,iconGroup=IconGroup(Default),activityIn=false,activityOut=false,rssi=0,lteadvancedmode=0,dataSim=true,networkName=Kaufland Mobil,networkNameData=Kaufland Mobil,dataConnected=true,roaming=false,isDefault=false,isEmergency=false,airplaneMode=false,carrierNetworkChangeMode=false,userSetup=true,defaultDataOff=falseimsRegistered=true,voiceCapable=true,videoCapable=false,dataActivity=0roaming=false,activity=4,signalZero=false,isSimIcon=false,dataNetType=13,voiceNetType=13,networkIcon=LTE,showRoaming=false,showSearching=false,selectedSim=true,voiceRatType=0,dataRatType=0,cbInfo=null,callState=0,isCat6=false,isMimo=false,isDataEnabled=true,internetConnectStatus=0,oldRoaming=false
10-30 07:21:11.186  2756  2932 I MobileSignalController(2): isRoaming = false, cdma? =false, mServiceState = not null
10-30 07:21:11.186  2756  2932 I MobileSignalController(2): showDataIcon : false mCurrentState : connected=true,enabled=true,level=1,inetCondition=0,iconGroup=IconGroup(Default),activityIn=false,activityOut=false,rssi=0,lteadvancedmode=0,dataSim=true,networkName=Kaufland Mobil,networkNameData=Kaufland Mobil,dataConnected=true,roaming=false,isDefault=false,isEmergency=false,airplaneMode=false,carrierNetworkChangeMode=false,userSetup=true,defaultDataOff=falseimsRegistered=true,voiceCapable=true,videoCapable=false,dataActivity=0roaming=false,activity=4,signalZero=false,isSimIcon=false,dataNetType=13,voiceNetType=13,networkIcon=LTE,showRoaming=false,showSearching=false,selectedSim=true,voiceRatType=0,dataRatType=0,cbInfo=null,callState=0,isCat6=false,isMimo=false,isDataEnabled=true,internetConnectStatus=0,oldRoaming=false
10-30 07:21:11.186  2756  2932 I MSimUtils: getPhoneId : 0
10-30 07:21:11.186  2756  2932 W MSimUtils: getSimIconType() : hasProfile = false, subscription = 0
10-30 07:21:11.186  2756  2932 I MSimUtils: getDefaultVoicePhoneId : 0
10-30 07:21:11.186  2756  2932 I MSimUtils: getSubId : 2
10-30 07:21:11.187  2756  2932 I MSimUtils: getSubId : 2
10-30 07:21:11.187  2580  2618 V AudioPolicyService: AudioCommandThread() adding stop output portId 546
10-30 07:21:11.188  2580  2618 V AudioPolicyService: inserting command: 4 at index 0, num commands 0
10-30 07:21:11.188  2580  2595 V AudioPolicyService: AudioCommandThread() processing stop output portId 546
10-30 07:21:11.188  2580  2595 V APM_AudioPolicyManager: stopOutput() portId 546 output 13, stream 1, session 4681
10-30 07:21:11.188  2580  2595 V APM_AudioPolicyManager: setBeaconMute(1) mBeaconMuteRefCount=0 mBeaconPlayingRefCount=0
10-30 07:21:11.188  2580  2595 V APM_AudioPolicyManager: getNewOutputDevices selected devices AUDIO_DEVICE_NONE
10-30 07:21:11.188  2580  2595 V APM_AudioPolicyManager: setOutputDevices device AUDIO_DEVICE_NONE delayMs 106
10-30 07:21:11.188  2580  2595 V APM_AudioPolicyManager: setOutputDevices() prevDevice {type:0x2,@:}
10-30 07:21:11.188  2580  2595 V APM_AudioPolicyManager: setOutputDevices setting same device AUDIO_DEVICE_NONE or null device, force=0, patch handle=4
10-30 07:21:11.188  2580  2595 V APM_AudioPolicyManager: selectOutputForMusicEffects selected output 13
10-30 07:21:11.188  2580  2595 V AudioPolicyService: AudioCommandThread() going to sleep
10-30 07:21:11.469 19032 19032 I ViewInteraction: Performing 'single click' action on view view.getId() is <2131230844/com.example.lunchtray:id/cauliflower>
10-30 07:21:11.474  1945  2498 D InputTransport: channel '9884525 com.example.lunchtray/com.example.lunchtray.MainActivity (server)' : action=ACTION_DOWN(0), id=0, displayId=0, tooltype=0, deviceId=-1, source=0x1002, flags=0x0, edgeFlags=0x0, metaState=0x0, buttonState=0x1, downTime=123866403000000, eventTime=123866403000000, pointerCount=1
10-30 07:21:11.474  1945  2498 D InputTransport: channel 'edge-swipe (server)' : action=ACTION_DOWN(0), id=0, displayId=0, tooltype=0, deviceId=-1, source=0x1002, flags=0x0, edgeFlags=0x0, metaState=0x0, buttonState=0x1, downTime=123866403000000, eventTime=123866403000000, pointerCount=1
10-30 07:21:11.474  1945  2498 D InputTransport: channel 'swipe-up (server)' : action=ACTION_DOWN(0), id=0, displayId=0, tooltype=0, deviceId=-1, source=0x1002, flags=0x0, edgeFlags=0x0, metaState=0x0, buttonState=0x1, downTime=123866403000000, eventTime=123866403000000, pointerCount=1
10-30 07:21:11.474  1945  2498 D InputTransport: channel 'swipe-up (server)' : action=ACTION_DOWN(0), id=0, displayId=0, tooltype=0, deviceId=-1, source=0x1002, flags=0x0, edgeFlags=0x0, metaState=0x0, buttonState=0x1, downTime=123866403000000, eventTime=123866403000000, pointerCount=1
10-30 07:21:11.474  1945  2498 D InputTransport: channel 'swipe-up (server)' : action=ACTION_DOWN(0), id=0, displayId=0, tooltype=0, deviceId=-1, source=0x1002, flags=0x0, edgeFlags=0x0, metaState=0x0, buttonState=0x1, downTime=123866403000000, eventTime=123866403000000, pointerCount=1
10-30 07:21:11.475  1945  2498 D InputTransport: channel 'swipe-up (server)' : action=ACTION_DOWN(0), id=0, displayId=0, tooltype=0, deviceId=-1, source=0x1002, flags=0x0, edgeFlags=0x0, metaState=0x0, buttonState=0x1, downTime=123866403000000, eventTime=123866403000000, pointerCount=1
10-30 07:21:11.475  1945  2498 D InputTransport: channel 'PointerEventDispatcher0 (server)' : action=ACTION_DOWN(0), id=0, displayId=0, tooltype=0, deviceId=-1, source=0x1002, flags=0x0, edgeFlags=0x0, metaState=0x0, buttonState=0x1, downTime=123866403000000, eventTime=123866403000000, pointerCount=1
10-30 07:21:11.558  1945  2498 D InputTransport: channel '9884525 com.example.lunchtray/com.example.lunchtray.MainActivity (server)' : action=ACTION_UP(0), id=0, displayId=0, tooltype=1, deviceId=-1, source=0x1002, flags=0x0, edgeFlags=0x0, metaState=0x0, buttonState=0x1, downTime=123866403000000, eventTime=123866486000000, pointerCount=1
10-30 07:21:11.559  1945  2498 D InputTransport: channel 'edge-swipe (server)' : action=ACTION_UP(0), id=0, displayId=0, tooltype=1, deviceId=-1, source=0x1002, flags=0x0, edgeFlags=0x0, metaState=0x0, buttonState=0x1, downTime=123866403000000, eventTime=123866486000000, pointerCount=1
10-30 07:21:11.559  1945  2498 D InputTransport: channel 'swipe-up (server)' : action=ACTION_UP(0), id=0, displayId=0, tooltype=1, deviceId=-1, source=0x1002, flags=0x0, edgeFlags=0x0, metaState=0x0, buttonState=0x1, downTime=123866403000000, eventTime=123866486000000, pointerCount=1
10-30 07:21:11.559  1945  2498 D InputTransport: channel 'swipe-up (server)' : action=ACTION_UP(0), id=0, displayId=0, tooltype=1, deviceId=-1, source=0x1002, flags=0x0, edgeFlags=0x0, metaState=0x0, buttonState=0x1, downTime=123866403000000, eventTime=123866486000000, pointerCount=1
10-30 07:21:11.559  1945  2498 D InputTransport: channel 'swipe-up (server)' : action=ACTION_UP(0), id=0, displayId=0, tooltype=1, deviceId=-1, source=0x1002, flags=0x0, edgeFlags=0x0, metaState=0x0, buttonState=0x1, downTime=123866403000000, eventTime=123866486000000, pointerCount=1
10-30 07:21:11.559  1945  2498 D InputTransport: channel 'swipe-up (server)' : action=ACTION_UP(0), id=0, displayId=0, tooltype=1, deviceId=-1, source=0x1002, flags=0x0, edgeFlags=0x0, metaState=0x0, buttonState=0x1, downTime=123866403000000, eventTime=123866486000000, pointerCount=1
10-30 07:21:11.560  1945  2498 D InputTransport: channel 'PointerEventDispatcher0 (server)' : action=ACTION_UP(0), id=0, displayId=0, tooltype=1, deviceId=-1, source=0x1002, flags=0x0, edgeFlags=0x0, metaState=0x0, buttonState=0x1, downTime=123866403000000, eventTime=123866486000000, pointerCount=1
10-30 07:21:11.566 19032 19032 I View    : PerformClick: com.google.android.material.radiobutton.MaterialRadioButton{7eba898 VFED..C.. ...p..ID 0,0-330,126 #7f08007c app:id/cauliflower}
10-30 07:21:11.567 19032 19032 I View    : MotionEvent.ACTION_UP: mPrivateFlags: -2128590800,   mHasPerformedLongPress: false,   mIgnoreNextUpEvent: false
10-30 07:21:11.604  1945  2548 V SoundPool: play(soundID=1, leftVolume=1.000000, rightVolume=1.000000, priority=0, loop=0, rate=1.000000)
10-30 07:21:11.606  1945  2548 V AudioTrack: setSampleRate(546): prior state:STATE_STOPPED rate:48000
10-30 07:21:11.607  1945  2548 V AudioTrack: start(546): prior state:STATE_STOPPED
10-30 07:21:11.607  1945  2548 V AudioTrack: start(546): server read:-869876  cumulative flushed:0  client written:0
10-30 07:21:11.608  2580 20491 V AF::Track: start(571): calling pid 1945 session 4681
10-30 07:21:11.608  2580 20491 V AudioPolicyService: AudioCommandThread() adding start output portId 546
10-30 07:21:11.609  2580 20491 V AudioPolicyService: inserting command: 3 at index 0, num commands 0
10-30 07:21:11.612  2580  2595 V AudioPolicyService: AudioCommandThread() processing start output portId 546
10-30 07:21:11.612  2580  2595 D APM_AudioPolicyManager: startOutput portId 546 output primary->(primary output)(13), stream 1, session 4681
10-30 07:21:11.612  2580  2595 V APM_AudioPolicyManager: setBeaconMute(1) mBeaconMuteRefCount=1 mBeaconPlayingRefCount=0
10-30 07:21:11.613  2580  2595 V APM_AudioPolicyManager: selectOutputForMusicEffects selected output 13
10-30 07:21:11.613  2580  2595 V APM_AudioPolicyManager: getNewOutputDevices selected devices {type:0x2,@:}
10-30 07:21:11.613  2580  2595 V APM_AudioPolicyManager: setOutputDevices device {type:0x2,@:} delayMs 0
10-30 07:21:11.614  2580  2595 V APM_AudioPolicyManager: setOutputDevices() prevDevice {type:0x2,@:}
10-30 07:21:11.614  2580  2595 V APM_AudioPolicyManager: setOutputDevices: suppressing checkDeviceMuteStrategies
10-30 07:21:11.614  2580  2595 V APM_AudioPolicyManager: setOutputDevices setting same device {type:0x2,@:} or null device, force=0, patch handle=4
10-30 07:21:11.615  2580  2595 V AudioPolicyService: AudioCommandThread() going to sleep
10-30 07:21:11.616  1945  2548 V SoundPool: play returned 2733
10-30 07:21:11.622  1945  3903 V AudioSystem: ioConfigChanged() event 8
10-30 07:21:11.622  1945  3903 V AudioSystem: ioConfigChanged() AUDIO_CLIENT_STARTED  io 13 port 546 num callbacks 0
10-30 07:21:11.680  2580  2617 V AF::Track: getNextBuffer(571): underrun,  framesReady(0) < framesDesired(236), state: 6
10-30 07:21:11.682  2580  2618 D AF::Track: presentationComplete(571): set: mPresentationCompleteFrames 951024 audioHalFrames 624
10-30 07:21:11.682  2580  2618 V AF::Track: presentationComplete(571): waiting framesWritten:950400  mPresentationCompleteFrames:951024
10-30 07:21:11.690  1945 19073 V AudioTrack: stop(546): prior state:STATE_ACTIVE
10-30 07:21:11.690  2580 20491 V AF::Track: stop(571): calling pid 1945
10-30 07:21:11.722  2580  2618 V AF::Track: presentationComplete(571): presentationComplete() mPresentationCompleteFrames 951024 framesWritten 952320
10-30 07:21:11.722  2580  2618 V AF::Track: presentationComplete(571): complete framesWritten:952320  mPresentationCompleteFrames:951024
10-30 07:21:11.729  2580  2618 V AudioPolicyService: AudioCommandThread() adding stop output portId 546
10-30 07:21:11.730  2580  2618 V AudioPolicyService: inserting command: 4 at index 0, num commands 0
10-30 07:21:11.731  2580  2595 V AudioPolicyService: AudioCommandThread() processing stop output portId 546
10-30 07:21:11.731  2580  2595 V APM_AudioPolicyManager: stopOutput() portId 546 output 13, stream 1, session 4681
10-30 07:21:11.731  2580  2595 V APM_AudioPolicyManager: setBeaconMute(1) mBeaconMuteRefCount=0 mBeaconPlayingRefCount=0
10-30 07:21:11.732  2580  2595 V APM_AudioPolicyManager: getNewOutputDevices selected devices AUDIO_DEVICE_NONE
10-30 07:21:11.732  2580  2595 V APM_AudioPolicyManager: setOutputDevices device AUDIO_DEVICE_NONE delayMs 106
10-30 07:21:11.732  2580  2595 V APM_AudioPolicyManager: setOutputDevices() prevDevice {type:0x2,@:}
10-30 07:21:11.735  2580  2595 V APM_AudioPolicyManager: setOutputDevices setting same device AUDIO_DEVICE_NONE or null device, force=0, patch handle=4
10-30 07:21:11.736  2580  2595 V APM_AudioPolicyManager: selectOutputForMusicEffects selected output 13
10-30 07:21:11.736  2580  2595 V AudioPolicyService: AudioCommandThread() going to sleep
10-30 07:21:12.029 19032 19032 I ViewInteraction: Performing 'single click' action on view view.getId() is <2131231081/com.example.lunchtray:id/next_button>
10-30 07:21:12.038  1945  2498 D InputTransport: channel '9884525 com.example.lunchtray/com.example.lunchtray.MainActivity (server)' : action=ACTION_DOWN(0), id=0, displayId=0, tooltype=0, deviceId=-1, source=0x1002, flags=0x0, edgeFlags=0x0, metaState=0x0, buttonState=0x1, downTime=123866966000000, eventTime=123866966000000, pointerCount=1
10-30 07:21:12.038  1945  2498 D InputTransport: channel 'edge-swipe (server)' : action=ACTION_DOWN(0), id=0, displayId=0, tooltype=0, deviceId=-1, source=0x1002, flags=0x0, edgeFlags=0x0, metaState=0x0, buttonState=0x1, downTime=123866966000000, eventTime=123866966000000, pointerCount=1
10-30 07:21:12.038  1945  2498 D InputTransport: channel 'swipe-up (server)' : action=ACTION_DOWN(0), id=0, displayId=0, tooltype=0, deviceId=-1, source=0x1002, flags=0x0, edgeFlags=0x0, metaState=0x0, buttonState=0x1, downTime=123866966000000, eventTime=123866966000000, pointerCount=1
10-30 07:21:12.039  1945  2498 D InputTransport: channel 'swipe-up (server)' : action=ACTION_DOWN(0), id=0, displayId=0, tooltype=0, deviceId=-1, source=0x1002, flags=0x0, edgeFlags=0x0, metaState=0x0, buttonState=0x1, downTime=123866966000000, eventTime=123866966000000, pointerCount=1
10-30 07:21:12.039  1945  2498 D InputTransport: channel 'swipe-up (server)' : action=ACTION_DOWN(0), id=0, displayId=0, tooltype=0, deviceId=-1, source=0x1002, flags=0x0, edgeFlags=0x0, metaState=0x0, buttonState=0x1, downTime=123866966000000, eventTime=123866966000000, pointerCount=1
10-30 07:21:12.039  1945  2498 D InputTransport: channel 'swipe-up (server)' : action=ACTION_DOWN(0), id=0, displayId=0, tooltype=0, deviceId=-1, source=0x1002, flags=0x0, edgeFlags=0x0, metaState=0x0, buttonState=0x1, downTime=123866966000000, eventTime=123866966000000, pointerCount=1
10-30 07:21:12.039  1945  2498 D InputTransport: channel 'PointerEventDispatcher0 (server)' : action=ACTION_DOWN(0), id=0, displayId=0, tooltype=0, deviceId=-1, source=0x1002, flags=0x0, edgeFlags=0x0, metaState=0x0, buttonState=0x1, downTime=123866966000000, eventTime=123866966000000, pointerCount=1
10-30 07:21:12.120  1945  2498 D InputTransport: channel '9884525 com.example.lunchtray/com.example.lunchtray.MainActivity (server)' : action=ACTION_UP(0), id=0, displayId=0, tooltype=1, deviceId=-1, source=0x1002, flags=0x0, edgeFlags=0x0, metaState=0x0, buttonState=0x1, downTime=123866966000000, eventTime=123867048000000, pointerCount=1
10-30 07:21:12.121  1945  2498 D InputTransport: channel 'edge-swipe (server)' : action=ACTION_UP(0), id=0, displayId=0, tooltype=1, deviceId=-1, source=0x1002, flags=0x0, edgeFlags=0x0, metaState=0x0, buttonState=0x1, downTime=123866966000000, eventTime=123867048000000, pointerCount=1
10-30 07:21:12.121  1945  2498 D InputTransport: channel 'swipe-up (server)' : action=ACTION_UP(0), id=0, displayId=0, tooltype=1, deviceId=-1, source=0x1002, flags=0x0, edgeFlags=0x0, metaState=0x0, buttonState=0x1, downTime=123866966000000, eventTime=123867048000000, pointerCount=1
10-30 07:21:12.121  1945  2498 D InputTransport: channel 'swipe-up (server)' : action=ACTION_UP(0), id=0, displayId=0, tooltype=1, deviceId=-1, source=0x1002, flags=0x0, edgeFlags=0x0, metaState=0x0, buttonState=0x1, downTime=123866966000000, eventTime=123867048000000, pointerCount=1
10-30 07:21:12.121  1945  2498 D InputTransport: channel 'swipe-up (server)' : action=ACTION_UP(0), id=0, displayId=0, tooltype=1, deviceId=-1, source=0x1002, flags=0x0, edgeFlags=0x0, metaState=0x0, buttonState=0x1, downTime=123866966000000, eventTime=123867048000000, pointerCount=1
10-30 07:21:12.121  1945  2498 D InputTransport: channel 'swipe-up (server)' : action=ACTION_UP(0), id=0, displayId=0, tooltype=1, deviceId=-1, source=0x1002, flags=0x0, edgeFlags=0x0, metaState=0x0, buttonState=0x1, downTime=123866966000000, eventTime=123867048000000, pointerCount=1
10-30 07:21:12.122  1945  2498 D InputTransport: channel 'PointerEventDispatcher0 (server)' : action=ACTION_UP(0), id=0, displayId=0, tooltype=1, deviceId=-1, source=0x1002, flags=0x0, edgeFlags=0x0, metaState=0x0, buttonState=0x1, downTime=123866966000000, eventTime=123867048000000, pointerCount=1
10-30 07:21:12.130 19032 19032 I View    : PerformClick: com.google.android.material.button.MaterialButton{6a66c09 VFED..C.. ...p..ID 561,1458-1038,1584 #7f080169 app:id/next_button}
10-30 07:21:12.131 19032 19032 I View    : MotionEvent.ACTION_UP: mPrivateFlags: -2128590800,   mHasPerformedLongPress: false,   mIgnoreNextUpEvent: false
10-30 07:21:12.135  1945  4035 D WifiClientModeImpl[wlan0]: getConativeWiFiQualityStatus keep previous WifiQuailityInfo
10-30 07:21:12.161  1945  2548 V SoundPool: play(soundID=1, leftVolume=1.000000, rightVolume=1.000000, priority=0, loop=0, rate=1.000000)
10-30 07:21:12.162  1945  2548 V AudioTrack: setSampleRate(546): prior state:STATE_STOPPED rate:48000
10-30 07:21:12.162  1945  2548 V AudioTrack: start(546): prior state:STATE_STOPPED
10-30 07:21:12.162  1945  2548 V AudioTrack: start(546): server read:-872520  cumulative flushed:0  client written:0
10-30 07:21:12.163  2580 20491 V AF::Track: start(571): calling pid 1945 session 4681
10-30 07:21:12.163  2580 20491 V AudioPolicyService: AudioCommandThread() adding start output portId 546
10-30 07:21:12.164  2580 20491 V AudioPolicyService: inserting command: 3 at index 0, num commands 0
10-30 07:21:12.164  2580  2595 V AudioPolicyService: AudioCommandThread() processing start output portId 546
10-30 07:21:12.165  2580  2595 D APM_AudioPolicyManager: startOutput portId 546 output primary->(primary output)(13), stream 1, session 4681
10-30 07:21:12.165  2580  2595 V APM_AudioPolicyManager: setBeaconMute(1) mBeaconMuteRefCount=1 mBeaconPlayingRefCount=0
10-30 07:21:12.165  2580  2595 V APM_AudioPolicyManager: selectOutputForMusicEffects selected output 13
10-30 07:21:12.165  2580  2595 V APM_AudioPolicyManager: getNewOutputDevices selected devices {type:0x2,@:}
10-30 07:21:12.166  2580  2595 V APM_AudioPolicyManager: setOutputDevices device {type:0x2,@:} delayMs 0
10-30 07:21:12.166  2580  2595 V APM_AudioPolicyManager: setOutputDevices() prevDevice {type:0x2,@:}
10-30 07:21:12.166  2580  2595 V APM_AudioPolicyManager: setOutputDevices: suppressing checkDeviceMuteStrategies
10-30 07:21:12.166  2580  2595 V APM_AudioPolicyManager: setOutputDevices setting same device {type:0x2,@:} or null device, force=0, patch handle=4
10-30 07:21:12.166  2580  2595 V AudioPolicyService: AudioCommandThread() going to sleep
10-30 07:21:12.167  1945  2548 V SoundPool: play returned 2734
10-30 07:21:12.168  1945  4035 V AudioSystem: ioConfigChanged() event 8
10-30 07:21:12.168  1945  4035 V AudioSystem: ioConfigChanged() AUDIO_CLIENT_STARTED  io 13 port 546 num callbacks 0
10-30 07:21:12.227  2580  2617 V AF::Track: getNextBuffer(571): underrun,  framesReady(0) < framesDesired(236), state: 6
10-30 07:21:12.237  1945 19073 V AudioTrack: stop(546): prior state:STATE_ACTIVE
10-30 07:21:12.237  2580 20491 V AF::Track: stop(571): calling pid 1945
10-30 07:21:12.264  2580  2618 D AF::Track: presentationComplete(571): set: mPresentationCompleteFrames 978864 audioHalFrames 624
10-30 07:21:12.265  2580  2618 V AF::Track: presentationComplete(571): waiting framesWritten:978240  mPresentationCompleteFrames:978864
10-30 07:21:12.284  2580  2618 V AF::Track: presentationComplete(571): presentationComplete() mPresentationCompleteFrames 978864 framesWritten 979200
10-30 07:21:12.284  2580  2618 V AF::Track: presentationComplete(571): complete framesWritten:979200  mPresentationCompleteFrames:978864
10-30 07:21:12.288  2580  2618 V AudioPolicyService: AudioCommandThread() adding stop output portId 546
10-30 07:21:12.289  2580  2618 V AudioPolicyService: inserting command: 4 at index 0, num commands 0
10-30 07:21:12.289  2580  2595 V AudioPolicyService: AudioCommandThread() processing stop output portId 546
10-30 07:21:12.289  2580  2595 V APM_AudioPolicyManager: stopOutput() portId 546 output 13, stream 1, session 4681
10-30 07:21:12.289  2580  2595 V APM_AudioPolicyManager: setBeaconMute(1) mBeaconMuteRefCount=0 mBeaconPlayingRefCount=0
10-30 07:21:12.290  2580  2595 V APM_AudioPolicyManager: getNewOutputDevices selected devices AUDIO_DEVICE_NONE
10-30 07:21:12.290  2580  2595 V APM_AudioPolicyManager: setOutputDevices device AUDIO_DEVICE_NONE delayMs 106
10-30 07:21:12.290  2580  2595 V APM_AudioPolicyManager: setOutputDevices() prevDevice {type:0x2,@:}
10-30 07:21:12.292  2580  2595 V APM_AudioPolicyManager: setOutputDevices setting same device AUDIO_DEVICE_NONE or null device, force=0, patch handle=4
10-30 07:21:12.293  2580  2595 V APM_AudioPolicyManager: selectOutputForMusicEffects selected output 13
10-30 07:21:12.293  2580  2595 V AudioPolicyService: AudioCommandThread() going to sleep
10-30 07:21:12.591 19032 19032 I ViewInteraction: Performing 'single click' action on view view.getId() is <2131231138/com.example.lunchtray:id/salad>
10-30 07:21:12.596  1945  2498 D InputTransport: channel '9884525 com.example.lunchtray/com.example.lunchtray.MainActivity (server)' : action=ACTION_DOWN(0), id=0, displayId=0, tooltype=0, deviceId=-1, source=0x1002, flags=0x0, edgeFlags=0x0, metaState=0x0, buttonState=0x1, downTime=123867525000000, eventTime=123867525000000, pointerCount=1
10-30 07:21:12.596  1945  2498 D InputTransport: channel 'edge-swipe (server)' : action=ACTION_DOWN(0), id=0, displayId=0, tooltype=0, deviceId=-1, source=0x1002, flags=0x0, edgeFlags=0x0, metaState=0x0, buttonState=0x1, downTime=123867525000000, eventTime=123867525000000, pointerCount=1
10-30 07:21:12.597  1945  2498 D InputTransport: channel 'swipe-up (server)' : action=ACTION_DOWN(0), id=0, displayId=0, tooltype=0, deviceId=-1, source=0x1002, flags=0x0, edgeFlags=0x0, metaState=0x0, buttonState=0x1, downTime=123867525000000, eventTime=123867525000000, pointerCount=1
10-30 07:21:12.597  1945  2498 D InputTransport: channel 'swipe-up (server)' : action=ACTION_DOWN(0), id=0, displayId=0, tooltype=0, deviceId=-1, source=0x1002, flags=0x0, edgeFlags=0x0, metaState=0x0, buttonState=0x1, downTime=123867525000000, eventTime=123867525000000, pointerCount=1
10-30 07:21:12.597  1945  2498 D InputTransport: channel 'swipe-up (server)' : action=ACTION_DOWN(0), id=0, displayId=0, tooltype=0, deviceId=-1, source=0x1002, flags=0x0, edgeFlags=0x0, metaState=0x0, buttonState=0x1, downTime=123867525000000, eventTime=123867525000000, pointerCount=1
10-30 07:21:12.597  1945  2498 D InputTransport: channel 'swipe-up (server)' : action=ACTION_DOWN(0), id=0, displayId=0, tooltype=0, deviceId=-1, source=0x1002, flags=0x0, edgeFlags=0x0, metaState=0x0, buttonState=0x1, downTime=123867525000000, eventTime=123867525000000, pointerCount=1
10-30 07:21:12.597  1945  2498 D InputTransport: channel 'PointerEventDispatcher0 (server)' : action=ACTION_DOWN(0), id=0, displayId=0, tooltype=0, deviceId=-1, source=0x1002, flags=0x0, edgeFlags=0x0, metaState=0x0, buttonState=0x1, downTime=123867525000000, eventTime=123867525000000, pointerCount=1
10-30 07:21:12.633  1363 18506 D sensors_hal_accel: handle_sns_client_event:446, accel_sample(accelcal_available:0): ts=285457600069216 ns; value = [0.162387, -0.026004, 9.818986], status=3
10-30 07:21:12.677  1945  2498 D InputTransport: channel '9884525 com.example.lunchtray/com.example.lunchtray.MainActivity (server)' : action=ACTION_UP(0), id=0, displayId=0, tooltype=1, deviceId=-1, source=0x1002, flags=0x0, edgeFlags=0x0, metaState=0x0, buttonState=0x1, downTime=123867525000000, eventTime=123867605000000, pointerCount=1
10-30 07:21:12.677  1945  2498 D InputTransport: channel 'edge-swipe (server)' : action=ACTION_UP(0), id=0, displayId=0, tooltype=1, deviceId=-1, source=0x1002, flags=0x0, edgeFlags=0x0, metaState=0x0, buttonState=0x1, downTime=123867525000000, eventTime=123867605000000, pointerCount=1
10-30 07:21:12.677  1945  2498 D InputTransport: channel 'swipe-up (server)' : action=ACTION_UP(0), id=0, displayId=0, tooltype=1, deviceId=-1, source=0x1002, flags=0x0, edgeFlags=0x0, metaState=0x0, buttonState=0x1, downTime=123867525000000, eventTime=123867605000000, pointerCount=1
10-30 07:21:12.677  1945  2498 D InputTransport: channel 'swipe-up (server)' : action=ACTION_UP(0), id=0, displayId=0, tooltype=1, deviceId=-1, source=0x1002, flags=0x0, edgeFlags=0x0, metaState=0x0, buttonState=0x1, downTime=123867525000000, eventTime=123867605000000, pointerCount=1
10-30 07:21:12.678  1945  2498 D InputTransport: channel 'swipe-up (server)' : action=ACTION_UP(0), id=0, displayId=0, tooltype=1, deviceId=-1, source=0x1002, flags=0x0, edgeFlags=0x0, metaState=0x0, buttonState=0x1, downTime=123867525000000, eventTime=123867605000000, pointerCount=1
10-30 07:21:12.678  1945  2498 D InputTransport: channel 'swipe-up (server)' : action=ACTION_UP(0), id=0, displayId=0, tooltype=1, deviceId=-1, source=0x1002, flags=0x0, edgeFlags=0x0, metaState=0x0, buttonState=0x1, downTime=123867525000000, eventTime=123867605000000, pointerCount=1
10-30 07:21:12.678  1945  2498 D InputTransport: channel 'PointerEventDispatcher0 (server)' : action=ACTION_UP(0), id=0, displayId=0, tooltype=1, deviceId=-1, source=0x1002, flags=0x0, edgeFlags=0x0, metaState=0x0, buttonState=0x1, downTime=123867525000000, eventTime=123867605000000, pointerCount=1
10-30 07:21:12.684 19032 19032 I View    : PerformClick: com.google.android.material.radiobutton.MaterialRadioButton{abdb739 VFED..C.. ...p..ID 0,0-399,126 #7f0801a2 app:id/salad}
10-30 07:21:12.685 19032 19032 I View    : MotionEvent.ACTION_UP: mPrivateFlags: -2128590800,   mHasPerformedLongPress: false,   mIgnoreNextUpEvent: false
10-30 07:21:12.706  1945  2548 V SoundPool: play(soundID=1, leftVolume=1.000000, rightVolume=1.000000, priority=0, loop=0, rate=1.000000)
10-30 07:21:12.708  1945  2548 V AudioTrack: setSampleRate(546): prior state:STATE_STOPPED rate:48000
10-30 07:21:12.708  1945  2548 V AudioTrack: start(546): prior state:STATE_STOPPED
10-30 07:21:12.708  1945  2548 V AudioTrack: start(546): server read:-875164  cumulative flushed:0  client written:0
10-30 07:21:12.708  2580 20491 V AF::Track: start(571): calling pid 1945 session 4681
10-30 07:21:12.708  2580 20491 V AudioPolicyService: AudioCommandThread() adding start output portId 546
10-30 07:21:12.709  2580 20491 V AudioPolicyService: inserting command: 3 at index 0, num commands 0
10-30 07:21:12.709  2580  2595 V AudioPolicyService: AudioCommandThread() processing start output portId 546
10-30 07:21:12.709  2580  2595 D APM_AudioPolicyManager: startOutput portId 546 output primary->(primary output)(13), stream 1, session 4681
10-30 07:21:12.709  2580  2595 V APM_AudioPolicyManager: setBeaconMute(1) mBeaconMuteRefCount=1 mBeaconPlayingRefCount=0
10-30 07:21:12.710  2580  2595 V APM_AudioPolicyManager: selectOutputForMusicEffects selected output 13
10-30 07:21:12.710  2580  2595 V APM_AudioPolicyManager: getNewOutputDevices selected devices {type:0x2,@:}
10-30 07:21:12.710  2580  2595 V APM_AudioPolicyManager: setOutputDevices device {type:0x2,@:} delayMs 0
10-30 07:21:12.710  2580  2595 V APM_AudioPolicyManager: setOutputDevices() prevDevice {type:0x2,@:}
10-30 07:21:12.710  2580  2595 V APM_AudioPolicyManager: setOutputDevices: suppressing checkDeviceMuteStrategies
10-30 07:21:12.710  2580  2595 V APM_AudioPolicyManager: setOutputDevices setting same device {type:0x2,@:} or null device, force=0, patch handle=4
10-30 07:21:12.710  2580  2595 V AudioPolicyService: AudioCommandThread() going to sleep
10-30 07:21:12.712  1945  2548 V SoundPool: play returned 2735
10-30 07:21:12.712  1945  4035 V AudioSystem: ioConfigChanged() event 8
10-30 07:21:12.712  1945  4035 V AudioSystem: ioConfigChanged() AUDIO_CLIENT_STARTED  io 13 port 546 num callbacks 0
10-30 07:21:12.767  2580  2617 V AF::Track: getNextBuffer(571): underrun,  framesReady(0) < framesDesired(236), state: 6
10-30 07:21:12.768  1945 19073 V AudioTrack: stop(546): prior state:STATE_ACTIVE
10-30 07:21:12.768  2580 20491 V AF::Track: stop(571): calling pid 1945
10-30 07:21:12.802  2580  2618 D AF::Track: presentationComplete(571): set: mPresentationCompleteFrames 1004784 audioHalFrames 624
10-30 07:21:12.802  2580  2618 V AF::Track: presentationComplete(571): waiting framesWritten:1004160  mPresentationCompleteFrames:1004784
10-30 07:21:12.822  2580  2618 V AF::Track: presentationComplete(571): presentationComplete() mPresentationCompleteFrames 1004784 framesWritten 1005120
10-30 07:21:12.822  2580  2618 V AF::Track: presentationComplete(571): complete framesWritten:1005120  mPresentationCompleteFrames:1004784
10-30 07:21:12.829  2580  2618 V AudioPolicyService: AudioCommandThread() adding stop output portId 546
10-30 07:21:12.830  2580  2618 V AudioPolicyService: inserting command: 4 at index 0, num commands 0
10-30 07:21:12.830  2580  2595 V AudioPolicyService: AudioCommandThread() processing stop output portId 546
10-30 07:21:12.830  2580  2595 V APM_AudioPolicyManager: stopOutput() portId 546 output 13, stream 1, session 4681
10-30 07:21:12.830  2580  2595 V APM_AudioPolicyManager: setBeaconMute(1) mBeaconMuteRefCount=0 mBeaconPlayingRefCount=0
10-30 07:21:12.831  2580  2595 V APM_AudioPolicyManager: getNewOutputDevices selected devices AUDIO_DEVICE_NONE
10-30 07:21:12.831  2580  2595 V APM_AudioPolicyManager: setOutputDevices device AUDIO_DEVICE_NONE delayMs 106
10-30 07:21:12.831  2580  2595 V APM_AudioPolicyManager: setOutputDevices() prevDevice {type:0x2,@:}
10-30 07:21:12.834  2580  2595 V APM_AudioPolicyManager: setOutputDevices setting same device AUDIO_DEVICE_NONE or null device, force=0, patch handle=4
10-30 07:21:12.834  2580  2595 V APM_AudioPolicyManager: selectOutputForMusicEffects selected output 13
10-30 07:21:12.835  2580  2595 V AudioPolicyService: AudioCommandThread() going to sleep
10-30 07:21:13.094  9238  9591 I NearbyDiscovery: FastPair: isDestroyable: Scanner is alive. [CONTEXT service_id=265 ]
10-30 07:21:13.094  9238  9591 I NearbyDiscovery: DiscoveryService: Skip stopSelf(), fast pair controller is not destroyable. [CONTEXT service_id=265 ]
10-30 07:21:13.139  1945  4035 D WifiClientModeImpl[wlan0]: getConativeWiFiQualityStatus keep previous WifiQuailityInfo
10-30 07:21:13.141  1673  1699 I PowerRM : CF-1 b-1
10-30 07:21:13.141  1673  1699 I PowerRM : REQF = -1
10-30 07:21:13.141  1673  1699 I Powercontrol_Client: Notify refreshrate 160:60:-1
10-30 07:21:13.142  1418  1447 I vendor.lge.hardware.powercontrol@1.3-impl: notify_refreshrate_limit to 160/60/-1
10-30 07:21:13.144 19032 19032 I ViewInteraction: Performing 'single click' action on view view.getId() is <2131231081/com.example.lunchtray:id/next_button>
10-30 07:21:13.151  1945  2498 D InputTransport: channel '9884525 com.example.lunchtray/com.example.lunchtray.MainActivity (server)' : action=ACTION_DOWN(0), id=0, displayId=0, tooltype=0, deviceId=-1, source=0x1002, flags=0x0, edgeFlags=0x0, metaState=0x0, buttonState=0x1, downTime=123868081000000, eventTime=123868081000000, pointerCount=1
10-30 07:21:13.152  1945  2498 D InputTransport: channel 'edge-swipe (server)' : action=ACTION_DOWN(0), id=0, displayId=0, tooltype=0, deviceId=-1, source=0x1002, flags=0x0, edgeFlags=0x0, metaState=0x0, buttonState=0x1, downTime=123868081000000, eventTime=123868081000000, pointerCount=1
10-30 07:21:13.152  1945  2498 D InputTransport: channel 'swipe-up (server)' : action=ACTION_DOWN(0), id=0, displayId=0, tooltype=0, deviceId=-1, source=0x1002, flags=0x0, edgeFlags=0x0, metaState=0x0, buttonState=0x1, downTime=123868081000000, eventTime=123868081000000, pointerCount=1
10-30 07:21:13.152  1945  2498 D InputTransport: channel 'swipe-up (server)' : action=ACTION_DOWN(0), id=0, displayId=0, tooltype=0, deviceId=-1, source=0x1002, flags=0x0, edgeFlags=0x0, metaState=0x0, buttonState=0x1, downTime=123868081000000, eventTime=123868081000000, pointerCount=1
10-30 07:21:13.153  1945  2498 D InputTransport: channel 'swipe-up (server)' : action=ACTION_DOWN(0), id=0, displayId=0, tooltype=0, deviceId=-1, source=0x1002, flags=0x0, edgeFlags=0x0, metaState=0x0, buttonState=0x1, downTime=123868081000000, eventTime=123868081000000, pointerCount=1
10-30 07:21:13.153  1945  2498 D InputTransport: channel 'swipe-up (server)' : action=ACTION_DOWN(0), id=0, displayId=0, tooltype=0, deviceId=-1, source=0x1002, flags=0x0, edgeFlags=0x0, metaState=0x0, buttonState=0x1, downTime=123868081000000, eventTime=123868081000000, pointerCount=1
10-30 07:21:13.153  1945  2498 D InputTransport: channel 'PointerEventDispatcher0 (server)' : action=ACTION_DOWN(0), id=0, displayId=0, tooltype=0, deviceId=-1, source=0x1002, flags=0x0, edgeFlags=0x0, metaState=0x0, buttonState=0x1, downTime=123868081000000, eventTime=123868081000000, pointerCount=1
10-30 07:21:13.233  1945  2498 D InputTransport: channel '9884525 com.example.lunchtray/com.example.lunchtray.MainActivity (server)' : action=ACTION_UP(0), id=0, displayId=0, tooltype=1, deviceId=-1, source=0x1002, flags=0x0, edgeFlags=0x0, metaState=0x0, buttonState=0x1, downTime=123868081000000, eventTime=123868161000000, pointerCount=1
10-30 07:21:13.233  1945  2498 D InputTransport: channel 'edge-swipe (server)' : action=ACTION_UP(0), id=0, displayId=0, tooltype=1, deviceId=-1, source=0x1002, flags=0x0, edgeFlags=0x0, metaState=0x0, buttonState=0x1, downTime=123868081000000, eventTime=123868161000000, pointerCount=1
10-30 07:21:13.233  1945  2498 D InputTransport: channel 'swipe-up (server)' : action=ACTION_UP(0), id=0, displayId=0, tooltype=1, deviceId=-1, source=0x1002, flags=0x0, edgeFlags=0x0, metaState=0x0, buttonState=0x1, downTime=123868081000000, eventTime=123868161000000, pointerCount=1
10-30 07:21:13.234  1945  2498 D InputTransport: channel 'swipe-up (server)' : action=ACTION_UP(0), id=0, displayId=0, tooltype=1, deviceId=-1, source=0x1002, flags=0x0, edgeFlags=0x0, metaState=0x0, buttonState=0x1, downTime=123868081000000, eventTime=123868161000000, pointerCount=1
10-30 07:21:13.234  1945  2498 D InputTransport: channel 'swipe-up (server)' : action=ACTION_UP(0), id=0, displayId=0, tooltype=1, deviceId=-1, source=0x1002, flags=0x0, edgeFlags=0x0, metaState=0x0, buttonState=0x1, downTime=123868081000000, eventTime=123868161000000, pointerCount=1
10-30 07:21:13.234  1945  2498 D InputTransport: channel 'swipe-up (server)' : action=ACTION_UP(0), id=0, displayId=0, tooltype=1, deviceId=-1, source=0x1002, flags=0x0, edgeFlags=0x0, metaState=0x0, buttonState=0x1, downTime=123868081000000, eventTime=123868161000000, pointerCount=1
10-30 07:21:13.234  1945  2498 D InputTransport: channel 'PointerEventDispatcher0 (server)' : action=ACTION_UP(0), id=0, displayId=0, tooltype=1, deviceId=-1, source=0x1002, flags=0x0, edgeFlags=0x0, metaState=0x0, buttonState=0x1, downTime=123868081000000, eventTime=123868161000000, pointerCount=1
10-30 07:21:13.243 19032 19032 I View    : PerformClick: com.google.android.material.button.MaterialButton{31ab3b6 VFED..C.. ...p..ID 561,1364-1038,1490 #7f080169 app:id/next_button}
10-30 07:21:13.244 19032 19032 I View    : MotionEvent.ACTION_UP: mPrivateFlags: -2128590800,   mHasPerformedLongPress: false,   mIgnoreNextUpEvent: false
10-30 07:21:13.278  1945  2548 V SoundPool: play(soundID=1, leftVolume=1.000000, rightVolume=1.000000, priority=0, loop=0, rate=1.000000)
10-30 07:21:13.280  1945  2548 V AudioTrack: setSampleRate(546): prior state:STATE_STOPPED rate:48000
10-30 07:21:13.280  1945  2548 V AudioTrack: start(546): prior state:STATE_STOPPED
10-30 07:21:13.280  1945  2548 V AudioTrack: start(546): server read:-877808  cumulative flushed:0  client written:0
10-30 07:21:13.280  2580 20491 V AF::Track: start(571): calling pid 1945 session 4681
10-30 07:21:13.280  2580 20491 V AudioPolicyService: AudioCommandThread() adding start output portId 546
10-30 07:21:13.281  2580 20491 V AudioPolicyService: inserting command: 3 at index 0, num commands 0
10-30 07:21:13.282  2580  2595 V AudioPolicyService: AudioCommandThread() processing start output portId 546
10-30 07:21:13.282  2580  2595 D APM_AudioPolicyManager: startOutput portId 546 output primary->(primary output)(13), stream 1, session 4681
10-30 07:21:13.282  2580  2595 V APM_AudioPolicyManager: setBeaconMute(1) mBeaconMuteRefCount=1 mBeaconPlayingRefCount=0
10-30 07:21:13.282  2580  2595 V APM_AudioPolicyManager: selectOutputForMusicEffects selected output 13
10-30 07:21:13.283  2580  2595 V APM_AudioPolicyManager: getNewOutputDevices selected devices {type:0x2,@:}
10-30 07:21:13.283  2580  2595 V APM_AudioPolicyManager: setOutputDevices device {type:0x2,@:} delayMs 0
10-30 07:21:13.283  2580  2595 V APM_AudioPolicyManager: setOutputDevices() prevDevice {type:0x2,@:}
10-30 07:21:13.283  2580  2595 V APM_AudioPolicyManager: setOutputDevices: suppressing checkDeviceMuteStrategies
10-30 07:21:13.283  2580  2595 V APM_AudioPolicyManager: setOutputDevices setting same device {type:0x2,@:} or null device, force=0, patch handle=4
10-30 07:21:13.283  2580  2595 V AudioPolicyService: AudioCommandThread() going to sleep
10-30 07:21:13.284  1945  2548 V SoundPool: play returned 2736
10-30 07:21:13.285  1945  3903 V AudioSystem: ioConfigChanged() event 8
10-30 07:21:13.285  1945  3903 V AudioSystem: ioConfigChanged() AUDIO_CLIENT_STARTED  io 13 port 546 num callbacks 0
10-30 07:21:13.360  2580  2617 V AF::Track: getNextBuffer(571): underrun,  framesReady(0) < framesDesired(236), state: 6
10-30 07:21:13.362  2580  2618 D AF::Track: presentationComplete(571): set: mPresentationCompleteFrames 1031664 audioHalFrames 624
10-30 07:21:13.363  2580  2618 V AF::Track: presentationComplete(571): waiting framesWritten:1031040  mPresentationCompleteFrames:1031664
10-30 07:21:13.364  1945 19073 V AudioTrack: stop(546): prior state:STATE_ACTIVE
10-30 07:21:13.364  2580 20491 V AF::Track: stop(571): calling pid 1945
10-30 07:21:13.403  2580  2618 V AF::Track: presentationComplete(571): presentationComplete() mPresentationCompleteFrames 1031664 framesWritten 1032960
10-30 07:21:13.403  2580  2618 V AF::Track: presentationComplete(571): complete framesWritten:1032960  mPresentationCompleteFrames:1031664
10-30 07:21:13.409  2580  2618 V AudioPolicyService: AudioCommandThread() adding stop output portId 546
10-30 07:21:13.411  2580  2618 V AudioPolicyService: inserting command: 4 at index 0, num commands 0
10-30 07:21:13.411  2580  2595 V AudioPolicyService: AudioCommandThread() processing stop output portId 546
10-30 07:21:13.411  2580  2595 V APM_AudioPolicyManager: stopOutput() portId 546 output 13, stream 1, session 4681
10-30 07:21:13.411  2580  2595 V APM_AudioPolicyManager: setBeaconMute(1) mBeaconMuteRefCount=0 mBeaconPlayingRefCount=0
10-30 07:21:13.412  2580  2595 V APM_AudioPolicyManager: getNewOutputDevices selected devices AUDIO_DEVICE_NONE
10-30 07:21:13.412  2580  2595 V APM_AudioPolicyManager: setOutputDevices device AUDIO_DEVICE_NONE delayMs 106
10-30 07:21:13.412  2580  2595 V APM_AudioPolicyManager: setOutputDevices() prevDevice {type:0x2,@:}
10-30 07:21:13.415  2580  2595 V APM_AudioPolicyManager: setOutputDevices setting same device AUDIO_DEVICE_NONE or null device, force=0, patch handle=4
10-30 07:21:13.416  2580  2595 V APM_AudioPolicyManager: selectOutputForMusicEffects selected output 13
10-30 07:21:13.416  2580  2595 V AudioPolicyService: AudioCommandThread() going to sleep
10-30 07:21:13.722 19032 19032 I ViewInteraction: Performing 'single click' action on view view.getId() is <2131230835/com.example.lunchtray:id/bread>
10-30 07:21:13.726  1432  1432 D vendor.lge.hardware.thermal@1.2-impl: Read value from /proc/lge_power/adc/vts, 249
10-30 07:21:13.731  1945  2498 D InputTransport: channel '9884525 com.example.lunchtray/com.example.lunchtray.MainActivity (server)' : action=ACTION_DOWN(0), id=0, displayId=0, tooltype=0, deviceId=-1, source=0x1002, flags=0x0, edgeFlags=0x0, metaState=0x0, buttonState=0x1, downTime=123868659000000, eventTime=123868659000000, pointerCount=1
10-30 07:21:13.731  1945  2498 D InputTransport: channel 'edge-swipe (server)' : action=ACTION_DOWN(0), id=0, displayId=0, tooltype=0, deviceId=-1, source=0x1002, flags=0x0, edgeFlags=0x0, metaState=0x0, buttonState=0x1, downTime=123868659000000, eventTime=123868659000000, pointerCount=1
10-30 07:21:13.731  1945  2498 D InputTransport: channel 'swipe-up (server)' : action=ACTION_DOWN(0), id=0, displayId=0, tooltype=0, deviceId=-1, source=0x1002, flags=0x0, edgeFlags=0x0, metaState=0x0, buttonState=0x1, downTime=123868659000000, eventTime=123868659000000, pointerCount=1
10-30 07:21:13.731  1945  2498 D InputTransport: channel 'swipe-up (server)' : action=ACTION_DOWN(0), id=0, displayId=0, tooltype=0, deviceId=-1, source=0x1002, flags=0x0, edgeFlags=0x0, metaState=0x0, buttonState=0x1, downTime=123868659000000, eventTime=123868659000000, pointerCount=1
10-30 07:21:13.731  1945  2498 D InputTransport: channel 'swipe-up (server)' : action=ACTION_DOWN(0), id=0, displayId=0, tooltype=0, deviceId=-1, source=0x1002, flags=0x0, edgeFlags=0x0, metaState=0x0, buttonState=0x1, downTime=123868659000000, eventTime=123868659000000, pointerCount=1
10-30 07:21:13.731  1945  2498 D InputTransport: channel 'swipe-up (server)' : action=ACTION_DOWN(0), id=0, displayId=0, tooltype=0, deviceId=-1, source=0x1002, flags=0x0, edgeFlags=0x0, metaState=0x0, buttonState=0x1, downTime=123868659000000, eventTime=123868659000000, pointerCount=1
10-30 07:21:13.732  1945  2498 D InputTransport: channel 'PointerEventDispatcher0 (server)' : action=ACTION_DOWN(0), id=0, displayId=0, tooltype=0, deviceId=-1, source=0x1002, flags=0x0, edgeFlags=0x0, metaState=0x0, buttonState=0x1, downTime=123868659000000, eventTime=123868659000000, pointerCount=1
10-30 07:21:13.740  1432  1432 D vendor.lge.hardware.thermal@1.2-impl: Read value from /proc/lge_power/adc/vts, 249
10-30 07:21:13.812  1945  2498 D InputTransport: channel '9884525 com.example.lunchtray/com.example.lunchtray.MainActivity (server)' : action=ACTION_UP(0), id=0, displayId=0, tooltype=1, deviceId=-1, source=0x1002, flags=0x0, edgeFlags=0x0, metaState=0x0, buttonState=0x1, downTime=123868659000000, eventTime=123868741000000, pointerCount=1
10-30 07:21:13.812  1945  2498 D InputTransport: channel 'edge-swipe (server)' : action=ACTION_UP(0), id=0, displayId=0, tooltype=1, deviceId=-1, source=0x1002, flags=0x0, edgeFlags=0x0, metaState=0x0, buttonState=0x1, downTime=123868659000000, eventTime=123868741000000, pointerCount=1
