10-30 07:20:54.378 19032 19053 I TestRunner: started: order_reset_after_cancel_from_accompaniment_menu(com.example.lunchtray.OrderFunctionalityTests)
10-30 07:20:54.383 19032 19053 W Settings: Setting always_finish_activities has moved from android.provider.Settings.System to android.provider.Settings.Global, returning read-only value.
10-30 07:20:54.389  1499  1532 D SurfaceFlinger: Create EffectLayer(0x73180bbb50) Task=901#0
10-30 07:20:54.389  1673  1699 I PowerRM : System FW:1 IC:0 SO:0 GT:0 CAPP:-1 APP:0
10-30 07:20:54.389  1673  1699 I PowerRM : FIA lock1 locked
10-30 07:20:54.389  1673  1699 E PRM_CONFIG_Parser: get_custom_config not found
10-30 07:20:54.390  1499  1532 D SurfaceFlinger: Create ContainerLayer(0x731807d0f0) ActivityRecord{22257c6 u0 com.example.lunchtray/androidx.test.core.app.InstrumentationActivityInvoker$BootstrapActivity t901}#0
10-30 07:20:54.392  3488  3488 I [LGHome6]Launcher: onTopResumedActivityChanged state = false
10-30 07:20:54.394  1499  1532 D SurfaceFlinger: Create EffectLayer(0x73180cfa40) Surface(name=5efab5d NavigationBar0)/@0xb1951a3 - animation-leash of insets_animation#1
10-30 07:20:54.394  2756  3836 I GameToolsControllerService: game removed from map {}
10-30 07:20:54.394  1499  1532 D SurfaceFlinger: Create EffectLayer(0x73180636e0) Surface(name=dcb9bf0 StatusBar)/@0xac9fa55 - animation-leash of insets_animation#1
10-30 07:20:54.398  3488  3488 I [LGHome6]LauncherCallbacksImpl: Launcher.onPause // 9.60.21(96002100) this:com.lge.launcher3.LauncherExtension$LauncherCallbacksImpl@fcfd6f7
10-30 07:20:54.399  2756  3836 D StatusBar: mainDisplayTopActivityComponentName : ComponentInfo{com.example.lunchtray/androidx.test.core.app.InstrumentationActivityInvoker$BootstrapActivity}
10-30 07:20:54.400  1499  1532 D SurfaceFlinger: Create ContainerLayer(0x73180a7c60) 9cc4bd9 Splash Screen com.example.lunchtray#0
10-30 07:20:54.401  2756  2902 I TouchFilterInputStageHelper: [needTouchEventFilter] Displayid : 0
10-30 07:20:54.402  3097 22921 D RoundCornerMask: metaData is null
10-30 07:20:54.402  2756  2756 D Bubbles : onTaskMovedToFront(), taskInfo = 901
10-30 07:20:54.403  3097 22921 D RoundCornerMask: metaData is null
10-30 07:20:54.404  2756  2756 D NavigationModeController: getCurrentUserContext: contextUser=0 currentUser=0
10-30 07:20:54.405  1499  1499 I SurfaceFlinger: Remove ContainerLayer(0x7317fbe440) 5efab5d NavigationBar0#0 (parent=Surface(name=5efab5d NavigationBar0)/@0xb1951a3 - animation-leash of insets_animation#1)
10-30 07:20:54.405  1499  1499 I SurfaceFlinger: Remove BufferStateLayer(0x7317fd50c0) NavigationBar0@2756#0 (parent=5efab5d NavigationBar0#0)
10-30 07:20:54.405  1499  1499 I SurfaceFlinger: Remove EffectLayer(0x7317ff45f0) Surface(name=5efab5d NavigationBar0)/@0xb1951a3 - animation-leash of insets_animation#0 (parent=none)
10-30 07:20:54.405  1499  1499 I SurfaceFlinger: Remove EffectLayer(0x731808e250) Surface(name=dcb9bf0 StatusBar)/@0xac9fa55 - animation-leash of insets_animation#0 (parent=none)
10-30 07:20:54.409  5181 22893 D TopPackageTracker: activityChanged callMethod=1 packageName=com.example.lunchtray displayid=0
10-30 07:20:54.409  1499  1532 D SurfaceFlinger: Create EffectLayer(0x73180d5560) Surface(name=5efab5d NavigationBar0)/@0xb1951a3 - animation-leash of insets_animation#0
10-30 07:20:54.409  5181 22893 D TopPackageTracker: onTopPackageChanged displayId=0, com.lge.launcher3->com.example.lunchtray
10-30 07:20:54.409  5181 22893 D GameToolsWindow: getTopActivityAsDisplay : 0
10-30 07:20:54.409  5181  5181 D GameToolsWindow: getTopActivityAsDisplay : 0
10-30 07:20:54.409  5181  5181 I GameToolsService: no game is running, stop everything
10-30 07:20:54.410  5181  5181 I GameToolsWindow: forceHide, Game is Not Running
10-30 07:20:54.410  1499  3662 D SurfaceFlinger: Create EffectLayer(0x73180a2140) Surface(name=dcb9bf0 StatusBar)/@0xac9fa55 - animation-leash of insets_animation#0
10-30 07:20:54.410  1945  4803 W ActivityManager: Sending non-protected broadcast com.sld.stop_game from system 3097:com.lge.systemserver/1000 pkg com.lge.systemservice
10-30 07:20:54.410  1945  4803 W ActivityManager: Sending non-protected broadcast com.sld.stop_game from system 3097:com.lge.systemserver/1000 pkg com.lge.systemservice
10-30 07:20:54.411  5181  5181 I GameToolsDBManager: DB changed to: false
10-30 07:20:54.411  5181 22893 I GameToolsService: no game is running, stop everything
10-30 07:20:54.411  5181 22893 I GameToolsWindow: forceHide, Game is Not Running
10-30 07:20:54.411  5181 22893 I GameToolsDBManager: DB changed to: false
10-30 07:20:54.411  5181 22893 D TopPackageTracker: activityChanged callMethod=1 packageName=com.example.lunchtray displayid=0
10-30 07:20:54.412  2756  2902 D HandGripFilter: getdisplaysize, x : 1080 y : 2460
10-30 07:20:54.414  2756  2756 I StatusBar: updateStatusBarColor(): mApplyNotchStatusBar=false delay=true isPort=true
10-30 07:20:54.414  1499  1532 D SurfaceFlinger: Create EffectLayer(0x731809f3b0) Surface(name=5efab5d NavigationBar0)/@0xb1951a3 - animation-leash of insets_animation#0
10-30 07:20:54.414  2756  3836 I GameToolsControllerService: game removed from map {}
10-30 07:20:54.415  1499  3633 D SurfaceFlinger: Create EffectLayer(0x731808b4c0) Surface(name=dcb9bf0 StatusBar)/@0xac9fa55 - animation-leash of insets_animation#0
10-30 07:20:54.417  3097  3752 D RoundCornerMask: metaData is null
10-30 07:20:54.418  1499  3633 D SurfaceFlinger: Create BufferStateLayer(0x7318082c10) Splash Screen com.example.lunchtray@2756#0
10-30 07:20:54.419  1499  3662 D SurfaceFlinger: Create EffectLayer(0x73180cccb0) Surface(name=5efab5d NavigationBar0)/@0xb1951a3 - animation-leash of insets_animation#0
10-30 07:20:54.419  1499  2493 D SurfaceFlinger: Create EffectLayer(0x7318041420) Surface(name=dcb9bf0 StatusBar)/@0xac9fa55 - animation-leash of insets_animation#0
10-30 07:20:54.422  2756  3836 D StatusBar: mainDisplayTopActivityComponentName : ComponentInfo{com.example.lunchtray/androidx.test.core.app.InstrumentationActivityInvoker$BootstrapActivity}
10-30 07:20:54.423  3097  3752 D RoundCornerMask: metaData is null
10-30 07:20:54.423  1499  2493 D SurfaceFlinger: Create EffectLayer(0x73180d27d0) Surface(name=5efab5d NavigationBar0)/@0xb1951a3 - animation-leash of insets_animation#1
10-30 07:20:54.423  1499  1499 I SurfaceFlinger: Remove ContainerLayer(0x7317fbe440) 5efab5d NavigationBar0#0 (parent=Surface(name=5efab5d NavigationBar0)/@0xb1951a3 - animation-leash of insets_animation#0)
10-30 07:20:54.423  1499  1499 I SurfaceFlinger: Remove BufferStateLayer(0x7317fd50c0) NavigationBar0@2756#0 (parent=5efab5d NavigationBar0#0)
10-30 07:20:54.423  1499  1499 I SurfaceFlinger: Remove EffectLayer(0x7317ff45f0) Surface(name=5efab5d NavigationBar0)/@0xb1951a3 - animation-leash of insets_animation#0 (parent=none)
10-30 07:20:54.423  1499  1499 I SurfaceFlinger: Remove EffectLayer(0x73180636e0) Surface(name=dcb9bf0 StatusBar)/@0xac9fa55 - animation-leash of insets_animation#1 (parent=none)
10-30 07:20:54.423  1499  1499 I SurfaceFlinger: Remove EffectLayer(0x731808b4c0) Surface(name=dcb9bf0 StatusBar)/@0xac9fa55 - animation-leash of insets_animation#0 (parent=none)
10-30 07:20:54.423  1499  1499 I SurfaceFlinger: Remove EffectLayer(0x731808e250) Surface(name=dcb9bf0 StatusBar)/@0xac9fa55 - animation-leash of insets_animation#0 (parent=none)
10-30 07:20:54.423  1499  1499 I SurfaceFlinger: Remove EffectLayer(0x731809f3b0) Surface(name=5efab5d NavigationBar0)/@0xb1951a3 - animation-leash of insets_animation#0 (parent=none)
10-30 07:20:54.423  1499  1499 I SurfaceFlinger: Remove EffectLayer(0x73180a2140) Surface(name=dcb9bf0 StatusBar)/@0xac9fa55 - animation-leash of insets_animation#0 (parent=none)
10-30 07:20:54.423  1499  1499 I SurfaceFlinger: Remove EffectLayer(0x73180cfa40) Surface(name=5efab5d NavigationBar0)/@0xb1951a3 - animation-leash of insets_animation#1 (parent=none)
10-30 07:20:54.423  1499  1499 I SurfaceFlinger: Remove EffectLayer(0x73180d5560) Surface(name=5efab5d NavigationBar0)/@0xb1951a3 - animation-leash of insets_animation#0 (parent=none)
10-30 07:20:54.423  1499  1499 D Layer   : Destroy Surface(name=5efab5d NavigationBar0)/@0xb1951a3 - animation-leash of insets_animation#0(0x7317ff45f0)
10-30 07:20:54.423  1499  1499 D Layer   : Destroy Surface(name=dcb9bf0 StatusBar)/@0xac9fa55 - animation-leash of insets_animation#0(0x731808e250)
10-30 07:20:54.423  1499  1499 D Layer   : Destroy Surface(name=5efab5d NavigationBar0)/@0xb1951a3 - animation-leash of insets_animation#0(0x731809f3b0)
10-30 07:20:54.424  1499  1499 D Layer   : Destroy Surface(name=dcb9bf0 StatusBar)/@0xac9fa55 - animation-leash of insets_animation#0(0x73180a2140)
10-30 07:20:54.424  1499  1499 D Layer   : Destroy Surface(name=5efab5d NavigationBar0)/@0xb1951a3 - animation-leash of insets_animation#0(0x73180d5560)
10-30 07:20:54.424  1499  1499 D Layer   : Destroy Surface(name=dcb9bf0 StatusBar)/@0xac9fa55 - animation-leash of insets_animation#1(0x73180636e0)
10-30 07:20:54.424  1499  1499 D Layer   : Destroy Surface(name=5efab5d NavigationBar0)/@0xb1951a3 - animation-leash of insets_animation#1(0x73180cfa40)
10-30 07:20:54.424  1499  3662 D SurfaceFlinger: Create EffectLayer(0x73180d5560) Surface(name=dcb9bf0 StatusBar)/@0xac9fa55 - animation-leash of insets_animation#1
10-30 07:20:54.424  1945  1965 D InputDispatcher: Window went away: b82c9e2 com.lge.launcher3/com.lge.launcher3.LauncherExtension
10-30 07:20:54.424  1945  1965 D InputDispatcher: Window went away: 61a7f75 com.lge.launcher3/com.lge.launcher3.LauncherExtension
10-30 07:20:54.425  1363 18506 D sensors_hal_accel: handle_sns_client_event:446, accel_sample(accelcal_available:0): ts=285439659404134 ns; value = [0.161908, -0.023848, 9.816351], status=3
10-30 07:20:54.425  1363 18492 D sensors_hal_light: handle_sns_std_sensor_event:79, ambient_light_event: ts=285439872428874, lux = 18, raw_adc=39, pdata=48
10-30 07:20:54.427 19032 19032 D LifecycleMonitor: Lifecycle status change: androidx.test.core.app.InstrumentationActivityInvoker$BootstrapActivity@c1d61d0 in: PRE_ON_CREATE
10-30 07:20:54.428 19032 19032 V ActivityScenario: Activity lifecycle changed event received but ignored because the intent does not match. startActivityIntent=Intent { act=android.intent.action.MAIN cat=[android.intent.category.LAUNCHER] cmp=com.example.lunchtray/androidx.fragment.app.testing.FragmentScenario$EmptyFragmentActivity (has extras) }, activity.getIntent()=Intent { act=android.intent.action.MAIN cat=[android.intent.category.LAUNCHER] flg=0x10008000 cmp=com.example.lunchtray/androidx.test.core.app.InstrumentationActivityInvoker$BootstrapActivity (has extras) }, activity=androidx.test.core.app.InstrumentationActivityInvoker$BootstrapActivity@c1d61d0
10-30 07:20:54.428 19032 19032 V ActivityScenario: Activity lifecycle changed event received but ignored because the intent does not match. startActivityIntent=Intent { act=android.intent.action.MAIN cat=[android.intent.category.LAUNCHER] cmp=com.example.lunchtray/.MainActivity }, activity.getIntent()=Intent { act=android.intent.action.MAIN cat=[android.intent.category.LAUNCHER] flg=0x10008000 cmp=com.example.lunchtray/androidx.test.core.app.InstrumentationActivityInvoker$BootstrapActivity (has extras) }, activity=androidx.test.core.app.InstrumentationActivityInvoker$BootstrapActivity@c1d61d0
10-30 07:20:54.429  3097  3097 D SLD     : DRM IS OFF STOP
10-30 07:20:54.430  2756  2756 I StatusBar: updateStatusBarColor(): mApplyNotchStatusBar=false delay=true isPort=true
10-30 07:20:54.430  2756  3836 I GameToolsControllerService: game removed from map {}
10-30 07:20:54.431  2756  3836 D StatusBar: mainDisplayTopActivityComponentName : ComponentInfo{com.example.lunchtray/androidx.test.core.app.InstrumentationActivityInvoker$BootstrapActivity}
10-30 07:20:54.432  1499  1532 D SurfaceFlinger: Create EffectLayer(0x73180a2140) Surface(name=5efab5d NavigationBar0)/@0xb1951a3 - animation-leash of insets_animation#1
10-30 07:20:54.433  1499  1532 D SurfaceFlinger: Create EffectLayer(0x731809f3b0) Surface(name=dcb9bf0 StatusBar)/@0xac9fa55 - animation-leash of insets_animation#1
10-30 07:20:54.435 19032 19032 D LifecycleMonitor: Lifecycle status change: androidx.test.core.app.InstrumentationActivityInvoker$BootstrapActivity@c1d61d0 in: CREATED
10-30 07:20:54.436 19032 19032 V ActivityScenario: Activity lifecycle changed event received but ignored because the intent does not match. startActivityIntent=Intent { act=android.intent.action.MAIN cat=[android.intent.category.LAUNCHER] cmp=com.example.lunchtray/androidx.fragment.app.testing.FragmentScenario$EmptyFragmentActivity (has extras) }, activity.getIntent()=Intent { act=android.intent.action.MAIN cat=[android.intent.category.LAUNCHER] flg=0x10008000 cmp=com.example.lunchtray/androidx.test.core.app.InstrumentationActivityInvoker$BootstrapActivity (has extras) }, activity=androidx.test.core.app.InstrumentationActivityInvoker$BootstrapActivity@c1d61d0
10-30 07:20:54.436 19032 19032 V ActivityScenario: Activity lifecycle changed event received but ignored because the intent does not match. startActivityIntent=Intent { act=android.intent.action.MAIN cat=[android.intent.category.LAUNCHER] cmp=com.example.lunchtray/.MainActivity }, activity.getIntent()=Intent { act=android.intent.action.MAIN cat=[android.intent.category.LAUNCHER] flg=0x10008000 cmp=com.example.lunchtray/androidx.test.core.app.InstrumentationActivityInvoker$BootstrapActivity (has extras) }, activity=androidx.test.core.app.InstrumentationActivityInvoker$BootstrapActivity@c1d61d0
10-30 07:20:54.436  2756  2756 I SizeCompatUIController: onSizeCompatInfoChanged#0 called
10-30 07:20:54.436  2756  2756 D ImageWallpaper.DrawableEngine@114146216#0: drawFrame(onVisibilityChanged-INVISIBLE)
10-30 07:20:54.436  2756  2756 D ImageWallpaper.DrawableEngine@114146216#0: drawFrame, !redrawNeeded && !mOffsetsChanged
10-30 07:20:54.437  1499  1532 D SurfaceFlinger: Create EffectLayer(0x731808e250) Surface(name=dcb9bf0 StatusBar)/@0xac9fa55 - animation-leash of insets_animation#1
10-30 07:20:54.437 19032 19032 D LifecycleMonitor: Lifecycle status change: androidx.test.core.app.InstrumentationActivityInvoker$BootstrapActivity@c1d61d0 in: STARTED
10-30 07:20:54.437 19032 19032 V ActivityScenario: Activity lifecycle changed event received but ignored because the intent does not match. startActivityIntent=Intent { act=android.intent.action.MAIN cat=[android.intent.category.LAUNCHER] cmp=com.example.lunchtray/androidx.fragment.app.testing.FragmentScenario$EmptyFragmentActivity (has extras) }, activity.getIntent()=Intent { act=android.intent.action.MAIN cat=[android.intent.category.LAUNCHER] flg=0x10008000 cmp=com.example.lunchtray/androidx.test.core.app.InstrumentationActivityInvoker$BootstrapActivity (has extras) }, activity=androidx.test.core.app.InstrumentationActivityInvoker$BootstrapActivity@c1d61d0
10-30 07:20:54.438  1499  1532 D SurfaceFlinger: Create EffectLayer(0x7317ff45f0) Surface(name=5efab5d NavigationBar0)/@0xb1951a3 - animation-leash of insets_animation#1
10-30 07:20:54.438 19032 19032 V ActivityScenario: Activity lifecycle changed event received but ignored because the intent does not match. startActivityIntent=Intent { act=android.intent.action.MAIN cat=[android.intent.category.LAUNCHER] cmp=com.example.lunchtray/.MainActivity }, activity.getIntent()=Intent { act=android.intent.action.MAIN cat=[android.intent.category.LAUNCHER] flg=0x10008000 cmp=com.example.lunchtray/androidx.test.core.app.InstrumentationActivityInvoker$BootstrapActivity (has extras) }, activity=androidx.test.core.app.InstrumentationActivityInvoker$BootstrapActivity@c1d61d0
10-30 07:20:54.438  2756  2756 I LightBarTransitionsController: appTransitionStarting():  [isKeyguardGoingAway = false], [(mDisplayId != displayId) = false], [!forced = true]
10-30 07:20:54.438  2756  2756 I LightBarTransitionsController: animateIconTint() : skip : mNextDarkIntensity = 0.0
10-30 07:20:54.438  2756  2756 I LightBarTransitionsController: appTransitionStarting():  [isKeyguardGoingAway = false], [(mDisplayId != displayId) = false], [!forced = true]
10-30 07:20:54.438  2756  2756 I LightBarTransitionsController: appTransitionStarting():  [isKeyguardGoingAway = false], [(mDisplayId != displayId) = false], [!forced = true]
10-30 07:20:54.439  1499  1499 I SurfaceFlinger: Remove ContainerLayer(0x7317fbe440) 5efab5d NavigationBar0#0 (parent=Surface(name=5efab5d NavigationBar0)/@0xb1951a3 - animation-leash of insets_animation#1)
10-30 07:20:54.439  1499  1499 I SurfaceFlinger: Remove BufferStateLayer(0x7317fd50c0) NavigationBar0@2756#0 (parent=5efab5d NavigationBar0#0)
10-30 07:20:54.439  1499  1499 I SurfaceFlinger: Remove EffectLayer(0x7318041420) Surface(name=dcb9bf0 StatusBar)/@0xac9fa55 - animation-leash of insets_animation#0 (parent=none)
10-30 07:20:54.439  1499  1499 I SurfaceFlinger: Remove EffectLayer(0x731808b4c0) Surface(name=dcb9bf0 StatusBar)/@0xac9fa55 - animation-leash of insets_animation#0 (parent=none)
10-30 07:20:54.439  1499  1499 I SurfaceFlinger: Remove EffectLayer(0x73180cccb0) Surface(name=5efab5d NavigationBar0)/@0xb1951a3 - animation-leash of insets_animation#0 (parent=none)
10-30 07:20:54.439  1499  1499 I SurfaceFlinger: Remove EffectLayer(0x73180d27d0) Surface(name=5efab5d NavigationBar0)/@0xb1951a3 - animation-leash of insets_animation#1 (parent=none)
10-30 07:20:54.439  1499  1499 I SurfaceFlinger: Remove EffectLayer(0x73180d5560) Surface(name=dcb9bf0 StatusBar)/@0xac9fa55 - animation-leash of insets_animation#1 (parent=none)
10-30 07:20:54.439  1499  1499 D Layer   : Destroy Surface(name=dcb9bf0 StatusBar)/@0xac9fa55 - animation-leash of insets_animation#0(0x731808b4c0)
10-30 07:20:54.440  2756  2756 I LightBarTransitionsController: animateIconTint() : skip : mNextDarkIntensity = 0.0
10-30 07:20:54.440  1945  3374 D InputDispatcher: Window went away: Splash Screen com.example.lunchtray@2756#0
10-30 07:20:54.441  2756  2756 D SysUiState: setFlag#0 flags=16 enabled=false
10-30 07:20:54.441  2756  2756 D SysUiState: setFlag#0 flags=32 enabled=false
10-30 07:20:54.441  2756  2756 D SysUiState: setFlag#0 flags=2 enabled=false
10-30 07:20:54.441  2756  2756 D SysUiState: setFlag#0 flags=262144 enabled=false
10-30 07:20:54.441  2756  2756 D SysUiState: setFlag#0 flags=131072 enabled=true
10-30 07:20:54.441  2756  2756 D SysUiState: commitUpdate#0
10-30 07:20:54.441  2756  2756 D SysUiState: updateFlags#0 updated: old=0 new=131072
10-30 07:20:54.441  2756  2756 D OverviewProxyService: notifySystemUiStateFlags, display id = 0, flags = 131072
10-30 07:20:54.441  3488 11059 I [LGHome6]TouchInteractionService: onSystemUiStateChanged. displayId(0), stateFlags(131072)
10-30 07:20:54.442  2756  3244 D PhoneStatusBarPolicy: updateManagedProfile userId = 0
10-30 07:20:54.445 15222 15222 I A       : (REDACTED) onApplyWindowInsets: systemWindowInsets=%s
10-30 07:20:54.445 15222 15222 I A       : (REDACTED) onApplyWindowInsets: systemWindowInsets=%s
10-30 07:20:54.445  2756  3836 I GameToolsControllerService: game removed from map {}
10-30 07:20:54.446  1499  3662 D SurfaceFlinger: Create ContainerLayer(0x73180636e0) ActivityRecord{3975 u0 com.example.lunchtray/.MainActivity t901}#0
10-30 07:20:54.449  1673  1699 I PowerRM : System FW:1 IC:0 SO:0 GT:0 CAPP:-1 APP:0
10-30 07:20:54.449  1673  1699 E PRM_CONFIG_Parser: get_custom_config not found
10-30 07:20:54.450 19032 19032 D LifecycleMonitor: Lifecycle status change: androidx.test.core.app.InstrumentationActivityInvoker$BootstrapActivity@c1d61d0 in: RESUMED
10-30 07:20:54.451 19032 19032 V ActivityScenario: Activity lifecycle changed event received but ignored because the intent does not match. startActivityIntent=Intent { act=android.intent.action.MAIN cat=[android.intent.category.LAUNCHER] cmp=com.example.lunchtray/androidx.fragment.app.testing.FragmentScenario$EmptyFragmentActivity (has extras) }, activity.getIntent()=Intent { act=android.intent.action.MAIN cat=[android.intent.category.LAUNCHER] flg=0x10008000 cmp=com.example.lunchtray/androidx.test.core.app.InstrumentationActivityInvoker$BootstrapActivity (has extras) }, activity=androidx.test.core.app.InstrumentationActivityInvoker$BootstrapActivity@c1d61d0
10-30 07:20:54.451 19032 19032 V ActivityScenario: Activity lifecycle changed event received but ignored because the intent does not match. startActivityIntent=Intent { act=android.intent.action.MAIN cat=[android.intent.category.LAUNCHER] cmp=com.example.lunchtray/.MainActivity }, activity.getIntent()=Intent { act=android.intent.action.MAIN cat=[android.intent.category.LAUNCHER] flg=0x10008000 cmp=com.example.lunchtray/androidx.test.core.app.InstrumentationActivityInvoker$BootstrapActivity (has extras) }, activity=androidx.test.core.app.InstrumentationActivityInvoker$BootstrapActivity@c1d61d0
10-30 07:20:54.453  2756  3836 D StatusBar: mainDisplayTopActivityComponentName : ComponentInfo{com.example.lunchtray/com.example.lunchtray.MainActivity}
10-30 07:20:54.453  3097 16942 D RoundCornerMask: metaData is null
10-30 07:20:54.455  3097 22921 D RoundCornerMask: metaData is null
10-30 07:20:54.455 19032 19032 D LifecycleMonitor: Lifecycle status change: androidx.test.core.app.InstrumentationActivityInvoker$BootstrapActivity@c1d61d0 in: PAUSED
10-30 07:20:54.455  2756  2756 I StatusBar: updateStatusBarColor(): mApplyNotchStatusBar=false delay=true isPort=true
10-30 07:20:54.455  2756  2756 I LightBarTransitionsController: animateIconTint() : skip : mNextDarkIntensity = 0.0
10-30 07:20:54.455 19032 19032 V ActivityScenario: Activity lifecycle changed event received but ignored because the intent does not match. startActivityIntent=Intent { act=android.intent.action.MAIN cat=[android.intent.category.LAUNCHER] cmp=com.example.lunchtray/androidx.fragment.app.testing.FragmentScenario$EmptyFragmentActivity (has extras) }, activity.getIntent()=Intent { act=android.intent.action.MAIN cat=[android.intent.category.LAUNCHER] flg=0x10008000 cmp=com.example.lunchtray/androidx.test.core.app.InstrumentationActivityInvoker$BootstrapActivity (has extras) }, activity=androidx.test.core.app.InstrumentationActivityInvoker$BootstrapActivity@c1d61d0
10-30 07:20:54.455  1499  1499 I SurfaceFlinger: Remove ContainerLayer(0x7317fbe440) 5efab5d NavigationBar0#0 (parent=Surface(name=5efab5d NavigationBar0)/@0xb1951a3 - animation-leash of insets_animation#1)
10-30 07:20:54.455 19032 19032 V ActivityScenario: Activity lifecycle changed event received but ignored because the intent does not match. startActivityIntent=Intent { act=android.intent.action.MAIN cat=[android.intent.category.LAUNCHER] cmp=com.example.lunchtray/.MainActivity }, activity.getIntent()=Intent { act=android.intent.action.MAIN cat=[android.intent.category.LAUNCHER] flg=0x10008000 cmp=com.example.lunchtray/androidx.test.core.app.InstrumentationActivityInvoker$BootstrapActivity (has extras) }, activity=androidx.test.core.app.InstrumentationActivityInvoker$BootstrapActivity@c1d61d0
10-30 07:20:54.455  1499  1499 I SurfaceFlinger: Remove BufferStateLayer(0x7317fd50c0) NavigationBar0@2756#0 (parent=5efab5d NavigationBar0#0)
10-30 07:20:54.455  1499  1499 I SurfaceFlinger: Remove EffectLayer(0x7318041420) Surface(name=dcb9bf0 StatusBar)/@0xac9fa55 - animation-leash of insets_animation#0 (parent=none)
10-30 07:20:54.455  1499  1499 I SurfaceFlinger: Remove EffectLayer(0x731809f3b0) Surface(name=dcb9bf0 StatusBar)/@0xac9fa55 - animation-leash of insets_animation#1 (parent=none)
10-30 07:20:54.455  1499  1499 I SurfaceFlinger: Remove EffectLayer(0x73180a2140) Surface(name=5efab5d NavigationBar0)/@0xb1951a3 - animation-leash of insets_animation#1 (parent=none)
10-30 07:20:54.455  1499  1499 I SurfaceFlinger: Remove EffectLayer(0x73180cccb0) Surface(name=5efab5d NavigationBar0)/@0xb1951a3 - animation-leash of insets_animation#0 (parent=none)
10-30 07:20:54.455  1499  1499 I SurfaceFlinger: Remove EffectLayer(0x73180d27d0) Surface(name=5efab5d NavigationBar0)/@0xb1951a3 - animation-leash of insets_animation#1 (parent=none)
10-30 07:20:54.455  1499  1499 I SurfaceFlinger: Remove EffectLayer(0x73180d5560) Surface(name=dcb9bf0 StatusBar)/@0xac9fa55 - animation-leash of insets_animation#1 (parent=none)
10-30 07:20:54.455  1499  1499 D Layer   : Destroy Surface(name=dcb9bf0 StatusBar)/@0xac9fa55 - animation-leash of insets_animation#0(0x7318041420)
10-30 07:20:54.455  1499  1499 D Layer   : Destroy Surface(name=5efab5d NavigationBar0)/@0xb1951a3 - animation-leash of insets_animation#0(0x73180cccb0)
10-30 07:20:54.456  1499  1499 D Layer   : Destroy Surface(name=5efab5d NavigationBar0)/@0xb1951a3 - animation-leash of insets_animation#1(0x73180d27d0)
10-30 07:20:54.456  1499  1499 D Layer   : Destroy Surface(name=dcb9bf0 StatusBar)/@0xac9fa55 - animation-leash of insets_animation#1(0x73180d5560)
10-30 07:20:54.456  2756  3836 I GameToolsControllerService: game removed from map {}
10-30 07:20:54.456  2756  2756 I StatusBar: updateStatusBarColor(): mApplyNotchStatusBar=false delay=true isPort=true
10-30 07:20:54.457  2756  3836 D StatusBar: mainDisplayTopActivityComponentName : ComponentInfo{com.example.lunchtray/com.example.lunchtray.MainActivity}
10-30 07:20:54.458  2756  2756 I BarTransitions.PhoneStatusBarTransitions: setNotchColor color = 0
10-30 07:20:54.460  1499  1499 I MiniDump: -------------------------------------------------------------------------------------------
10-30 07:20:54.460  1499  1499 I MiniDump: [ROTATION_0] H |  Comp Type |  Transform |  Alpha |  Disp Frame (LTRB) |  Source Crop (LTRB) | Frame Rate  | Disp[4630946736071014273] ""
10-30 07:20:54.460  1499  1499 I MiniDump: 0x7318082c10 |     DEVICE |          0 | 1.000 |    0    0 1080 2460 |   0.0   0.0 1080.0 2460.0 | Splash Screen com.example.lunchtray@2756#0
10-30 07:20:54.460  1499  1499 I MiniDump: 0x7317fcc810 |     DEVICE |          0 | 1.000 |    0    0 1080   76 |   0.0   0.0 1080.0  76.0 | StatusBar@2756#0
10-30 07:20:54.460  1499  1499 I MiniDump: 0x7317fd50c0 |     DEVICE |          0 | 1.000 |    0 2334 1080 2460 |   0.0   0.0 1080.0 126.0 | NavigationBar0@2756#0
10-30 07:20:54.460  1499  1499 I MiniDump: 0x7317fbb6b0 |     DEVICE |          0 | 1.000 |    0    0 1080   88 |   0.0   0.0 1080.0  88.0 | ScreenDecorOverlay@2756#0
10-30 07:20:54.460  1499  1499 I MiniDump: 0x7317fb8920 |     DEVICE |          0 | 1.000 |    0 2372 1080 2460 |   0.0   0.0 1080.0  88.0 | ScreenDecorOverlayBottom@2756#0
10-30 07:20:54.460  5181  5202 D TopPackageTracker: activityChanged callMethod=1 packageName=com.example.lunchtray displayid=0
10-30 07:20:54.460  5181  5202 D TopPackageTracker: activityChanged callMethod=1 packageName=com.example.lunchtray displayid=0
10-30 07:20:54.461  2756  2756 I LightBarTransitionsController: appTransitionStarting():  [isKeyguardGoingAway = false], [(mDisplayId != displayId) = false], [!forced = true]
10-30 07:20:54.461  2756  2756 I LightBarTransitionsController: animateIconTint() : skip : mNextDarkIntensity = 0.0
10-30 07:20:54.462  2756  2756 I LightBarTransitionsController: appTransitionStarting():  [isKeyguardGoingAway = false], [(mDisplayId != displayId) = false], [!forced = true]
10-30 07:20:54.462  2756  2756 I LightBarTransitionsController: appTransitionStarting():  [isKeyguardGoingAway = false], [(mDisplayId != displayId) = false], [!forced = true]
10-30 07:20:54.463  2756  2756 I BarTransitions.PhoneStatusBarTransitions: setNotchColor color = 0
10-30 07:20:54.466  3097 22921 D RoundCornerMask: metaData is null
10-30 07:20:54.466  2756  3244 D PhoneStatusBarPolicy: updateManagedProfile userId = 0
10-30 07:20:54.467  3097 22921 D RoundCornerMask: metaData is null
10-30 07:20:54.469  2756  3836 I GameToolsControllerService: game removed from map {}
10-30 07:20:54.469  2756  2756 I StatusBar: updateStatusBarColor(): mApplyNotchStatusBar=false delay=true isPort=true
10-30 07:20:54.469  2756  2756 I LightBarTransitionsController: animateIconTint() : skip : mNextDarkIntensity = 0.0
10-30 07:20:54.472  2756  3836 D StatusBar: mainDisplayTopActivityComponentName : ComponentInfo{com.example.lunchtray/com.example.lunchtray.MainActivity}
10-30 07:20:54.472  1499  1499 I SurfaceFlinger: Remove EffectLayer(0x73180a2140) Surface(name=5efab5d NavigationBar0)/@0xb1951a3 - animation-leash of insets_animation#1 (parent=none)
10-30 07:20:54.472  1499  1499 D Layer   : Destroy Surface(name=5efab5d NavigationBar0)/@0xb1951a3 - animation-leash of insets_animation#1(0x73180a2140)
10-30 07:20:54.473  3488  3488 I [LGHome6]StateManager: [RecentsAnimation] goToState(): (LauncherState - 0 -> LauncherState - 0), animated=false, delay=0, onCompleteRunnable=null
10-30 07:20:54.473  3488  3488 I [LGHome6]StateManager: [RecentsAnimation] goToState(): 1. isInState LauncherState - 0
10-30 07:20:54.473  3488  3488 I [LGHome6]Launcher: Launcher.onStop
10-30 07:20:54.476  2756  2756 I StatusBar: updateStatusBarColor(): mApplyNotchStatusBar=false delay=true isPort=true
10-30 07:20:54.476  2756  2756 I LightBarTransitionsController: animateIconTint() : skip : mNextDarkIntensity = 0.0
10-30 07:20:54.476  2756  3836 I GameToolsControllerService: game removed from map {}
10-30 07:20:54.477  3488  3488 I [LGHome6]EditModeOffManager: EditModeOffManager is not running
10-30 07:20:54.478 15411 15411 I GsaVoiceInteractionSrv: Handling ACTION_STOP_HOTWORD
10-30 07:20:54.478 15411 15462 I HwDetectorWithState: (REDACTED) a: %d
10-30 07:20:54.480  2756  3836 D StatusBar: mainDisplayTopActivityComponentName : ComponentInfo{com.example.lunchtray/com.example.lunchtray.MainActivity}
10-30 07:20:54.482  2756  2756 I StatusBar: updateStatusBarColor(): mApplyNotchStatusBar=false delay=true isPort=true
10-30 07:20:54.482  2756  3836 I GameToolsControllerService: game removed from map {}
10-30 07:20:54.482  2756  2756 I LightBarTransitionsController: animateIconTint() : skip : mNextDarkIntensity = 0.0
10-30 07:20:54.483  2756  3836 D StatusBar: mainDisplayTopActivityComponentName : ComponentInfo{com.example.lunchtray/com.example.lunchtray.MainActivity}
10-30 07:20:54.484  2756  2756 I StatusBar: updateStatusBarColor(): mApplyNotchStatusBar=false delay=true isPort=true
10-30 07:20:54.484  2756  2756 I LightBarTransitionsController: animateIconTint() : skip : mNextDarkIntensity = 0.0
10-30 07:20:54.488  1499  1499 I SurfaceFlinger: Remove EffectLayer(0x731809f3b0) Surface(name=dcb9bf0 StatusBar)/@0xac9fa55 - animation-leash of insets_animation#1 (parent=none)
10-30 07:20:54.488  1499  1499 D Layer   : Destroy Surface(name=dcb9bf0 StatusBar)/@0xac9fa55 - animation-leash of insets_animation#1(0x731809f3b0)
10-30 07:20:54.491 19032 19032 D LifecycleMonitor: Lifecycle status change: com.example.lunchtray.MainActivity@93e2fa6 in: PRE_ON_CREATE
10-30 07:20:54.491 19032 19032 V ActivityScenario: Activity lifecycle changed event received but ignored because the intent does not match. startActivityIntent=Intent { act=android.intent.action.MAIN cat=[android.intent.category.LAUNCHER] cmp=com.example.lunchtray/androidx.fragment.app.testing.FragmentScenario$EmptyFragmentActivity (has extras) }, activity.getIntent()=Intent { act=android.intent.action.MAIN cat=[android.intent.category.LAUNCHER] cmp=com.example.lunchtray/.MainActivity }, activity=com.example.lunchtray.MainActivity@93e2fa6
10-30 07:20:54.491 19032 19032 V ActivityScenario: Activity lifecycle changed event received but ignored because the reported transition was not ON_CREATE while the last known transition was PRE_ON_CREATE
10-30 07:20:54.505  1499  1499 I SurfaceFlinger: Remove BufferStateLayer(0x731806bf90) com.lge.launcher3/com.lge.launcher3.LauncherExtension@3488#0 (parent=none)
10-30 07:20:54.505  1499  1499 I SurfaceFlinger: Remove BufferStateLayer(0x73180d82f0) com.lge.launcher3/com.lge.launcher3.LauncherExtension@15222#0 (parent=none)
10-30 07:20:54.505  1499  1499 D Layer   : Destroy com.lge.launcher3/com.lge.launcher3.LauncherExtension@3488#0(0x731806bf90)
10-30 07:20:54.505  1499  1499 D Layer   : Destroy com.lge.launcher3/com.lge.launcher3.LauncherExtension@15222#0(0x73180d82f0)
10-30 07:20:54.506  1945  5026 D InputDispatcher: Window went away: com.lge.launcher3/com.lge.launcher3.LauncherExtension@15222#0
10-30 07:20:54.506  1945  5026 D InputDispatcher: Window went away: com.lge.launcher3/com.lge.launcher3.LauncherExtension@3488#0
10-30 07:20:54.560  2756  2756 D NavigationModeController: getCurrentUserContext: contextUser=0 currentUser=0
10-30 07:20:54.574 19032 19032 W ample.lunchtra: Accessing hidden method Landroid/view/View;->computeFitSystemWindows(Landroid/graphics/Rect;Landroid/graphics/Rect;)Z (unsupported, reflection, allowed)
10-30 07:20:54.574 19032 19032 W ample.lunchtra: Accessing hidden method Landroid/view/ViewGroup;->makeOptionalFitsSystemWindows()V (unsupported, reflection, allowed)
10-30 07:20:54.580 19032 19032 D LifecycleMonitor: Lifecycle status change: com.example.lunchtray.MainActivity@93e2fa6 in: CREATED
10-30 07:20:54.581 19032 19032 V ActivityScenario: Activity lifecycle changed event received but ignored because the intent does not match. startActivityIntent=Intent { act=android.intent.action.MAIN cat=[android.intent.category.LAUNCHER] cmp=com.example.lunchtray/androidx.fragment.app.testing.FragmentScenario$EmptyFragmentActivity (has extras) }, activity.getIntent()=Intent { act=android.intent.action.MAIN cat=[android.intent.category.LAUNCHER] cmp=com.example.lunchtray/.MainActivity }, activity=com.example.lunchtray.MainActivity@93e2fa6
10-30 07:20:54.581 19032 19032 V ActivityScenario: Update currentActivityStage to CREATED, currentActivity=com.example.lunchtray.MainActivity@93e2fa6
10-30 07:20:54.602 19032 19032 D LifecycleMonitor: Lifecycle status change: com.example.lunchtray.MainActivity@93e2fa6 in: STARTED
10-30 07:20:54.602 19032 19032 V ActivityScenario: Activity lifecycle changed event received but ignored because the intent does not match. startActivityIntent=Intent { act=android.intent.action.MAIN cat=[android.intent.category.LAUNCHER] cmp=com.example.lunchtray/androidx.fragment.app.testing.FragmentScenario$EmptyFragmentActivity (has extras) }, activity.getIntent()=Intent { act=android.intent.action.MAIN cat=[android.intent.category.LAUNCHER] cmp=com.example.lunchtray/.MainActivity }, activity=com.example.lunchtray.MainActivity@93e2fa6
10-30 07:20:54.602 19032 19032 V ActivityScenario: Update currentActivityStage to STARTED, currentActivity=com.example.lunchtray.MainActivity@93e2fa6
10-30 07:20:54.604 19032 19032 D LifecycleMonitor: Lifecycle status change: com.example.lunchtray.MainActivity@93e2fa6 in: RESUMED
10-30 07:20:54.604 19032 19032 V ActivityScenario: Activity lifecycle changed event received but ignored because the intent does not match. startActivityIntent=Intent { act=android.intent.action.MAIN cat=[android.intent.category.LAUNCHER] cmp=com.example.lunchtray/androidx.fragment.app.testing.FragmentScenario$EmptyFragmentActivity (has extras) }, activity.getIntent()=Intent { act=android.intent.action.MAIN cat=[android.intent.category.LAUNCHER] cmp=com.example.lunchtray/.MainActivity }, activity=com.example.lunchtray.MainActivity@93e2fa6
10-30 07:20:54.604 19032 19032 V ActivityScenario: Update currentActivityStage to RESUMED, currentActivity=com.example.lunchtray.MainActivity@93e2fa6
10-30 07:20:54.611  1499  1532 D SurfaceFlinger: Create ContainerLayer(0x7318041420) 433222d com.example.lunchtray/com.example.lunchtray.MainActivity#0
10-30 07:20:54.612 19032 19032 D DecorView: [DecorView][notifyViewAdded] token = android.view.ViewRootImpl$WEx@f0bbd7b
10-30 07:20:54.613 19032 19032 I TouchFilterInputStageHelper: [needTouchEventFilter] Displayid : 0
10-30 07:20:54.613 19032 19032 D HandGripFilter: getdisplaysize, x : 1080 y : 2460
10-30 07:20:54.614 19032 19032 D LifecycleMonitor: Lifecycle status change: androidx.test.core.app.InstrumentationActivityInvoker$BootstrapActivity@c1d61d0 in: STOPPED
10-30 07:20:54.614  2756  2756 I BarTransitions.PhoneStatusBarTransitions: setNotchColor color = 0
10-30 07:20:54.614 19032 19032 V ActivityScenario: Activity lifecycle changed event received but ignored because the intent does not match. startActivityIntent=Intent { act=android.intent.action.MAIN cat=[android.intent.category.LAUNCHER] cmp=com.example.lunchtray/androidx.fragment.app.testing.FragmentScenario$EmptyFragmentActivity (has extras) }, activity.getIntent()=Intent { act=android.intent.action.MAIN cat=[android.intent.category.LAUNCHER] flg=0x10008000 cmp=com.example.lunchtray/androidx.test.core.app.InstrumentationActivityInvoker$BootstrapActivity (has extras) }, activity=androidx.test.core.app.InstrumentationActivityInvoker$BootstrapActivity@c1d61d0
10-30 07:20:54.614 19032 19032 V ActivityScenario: Activity lifecycle changed event received but ignored because the intent does not match. startActivityIntent=Intent { act=android.intent.action.MAIN cat=[android.intent.category.LAUNCHER] cmp=com.example.lunchtray/.MainActivity }, activity.getIntent()=Intent { act=android.intent.action.MAIN cat=[android.intent.category.LAUNCHER] flg=0x10008000 cmp=com.example.lunchtray/androidx.test.core.app.InstrumentationActivityInvoker$BootstrapActivity (has extras) }, activity=androidx.test.core.app.InstrumentationActivityInvoker$BootstrapActivity@c1d61d0
10-30 07:20:54.627  1363 18492 D sensors_hal_light: handle_sns_std_sensor_event:79, ambient_light_event: ts=285440075447259, lux = 17, raw_adc=36, pdata=38
10-30 07:20:54.627  1499  1532 D SurfaceFlinger: Create BufferStateLayer(0x73180d5560) com.example.lunchtray/com.example.lunchtray.MainActivity@19032#0
10-30 07:20:54.630  2756  2756 I BarTransitions.PhoneStatusBarTransitions: setNotchColor color = 0
10-30 07:20:54.630  1499  1532 D SurfaceFlinger: Create EffectLayer(0x731809f3b0) Surface(name=dcb9bf0 StatusBar)/@0xac9fa55 - animation-leash of insets_animation#0
10-30 07:20:54.630  1673  1699 I PowerRM : System FW:1 IC:0 SO:0 GT:0 CAPP:-1 APP:0
10-30 07:20:54.630  1673  1699 I PowerRM : System FW:0 IC:0 SO:0 GT:0 CAPP:-1 APP:0
10-30 07:20:54.630  1673  1699 I PowerRM : FIA lock1 unlocked
10-30 07:20:54.630  1499  1532 D SurfaceFlinger: Create EffectLayer(0x73180d27d0) Surface(name=5efab5d NavigationBar0)/@0xb1951a3 - animation-leash of insets_animation#0
10-30 07:20:54.631  1945  2015 D IStatusBar.Stub: updateNavigationBarColor(0, -16777216)
10-30 07:20:54.631  2756  4022 D IStatusBar.Stub : CommandQueue: updateNavigationBarColor(0, -16777216)
10-30 07:20:54.631  2756  2756 I NavigationThemeResource: display(0) notify navigation bar color(0xff000000)
10-30 07:20:54.631  2756  2756 I NavigationThemeResource: WmEx Color dark = -16777216
10-30 07:20:54.631  2756  2756 I NavigationThemeResource: NavigationKey(0) Color is changed(WHITE_WITH_BORDER -> WHITE)
10-30 07:20:54.631  2756  2756 I NavigationThemeResource:  BarMode=-1, Theme=WHITE, LightBackground=false, mNavigationLight=false (NOT Transparent)
10-30 07:20:54.631  2756  2756 I NavigationThemeResource: , Keyguard show=false, IME shown=false, Bar vertical=true, Panel expanded=false
10-30 07:20:54.646  1499  2493 D SurfaceFlinger: Create EffectLayer(0x731806bf90) Surface(name=433222d com.example.lunchtray/com.example.lunchtray.MainActivity)/@0xe24a54f - animation-leash of starting_reveal#0
10-30 07:20:54.648  1945  2013 W ziparchive: Unable to open '/data/app/~~CTkNfAd8-4QQUyxJenjiaQ==/com.example.lunchtray-HUA09ORZeh3jzWgaP7ufBA==/base.dm': No such file or directory
10-30 07:20:54.648  1945  2013 I ActivityTaskManager: Displayed com.example.lunchtray/.MainActivity: +260ms
10-30 07:20:54.655  1499  1499 I SurfaceFlinger: Remove ContainerLayer(0x7317fbe440) 5efab5d NavigationBar0#0 (parent=Surface(name=5efab5d NavigationBar0)/@0xb1951a3 - animation-leash of insets_animation#0)
10-30 07:20:54.655  1499  1499 I SurfaceFlinger: Remove BufferStateLayer(0x7317fd50c0) NavigationBar0@2756#0 (parent=5efab5d NavigationBar0#0)
10-30 07:20:54.655  1499  1499 I SurfaceFlinger: Remove EffectLayer(0x7317ff45f0) Surface(name=5efab5d NavigationBar0)/@0xb1951a3 - animation-leash of insets_animation#1 (parent=none)
10-30 07:20:54.655  1499  1499 I SurfaceFlinger: Remove EffectLayer(0x731808e250) Surface(name=dcb9bf0 StatusBar)/@0xac9fa55 - animation-leash of insets_animation#1 (parent=none)
10-30 07:20:54.655  1499  1499 D Layer   : Destroy Surface(name=dcb9bf0 StatusBar)/@0xac9fa55 - animation-leash of insets_animation#1(0x731808e250)
10-30 07:20:54.655  1499  1499 D Layer   : Destroy Surface(name=5efab5d NavigationBar0)/@0xb1951a3 - animation-leash of insets_animation#1(0x7317ff45f0)
10-30 07:20:54.655  2756  2756 I BarTransitions.PhoneStatusBarTransitions: setNotchColor color = 0
10-30 07:20:54.656  1499  2493 D SurfaceFlinger: Create EffectLayer(0x73180cccb0) Surface(name=9cc4bd9 Splash Screen com.example.lunchtray)/@0x7184d0a - animation-leash of window_animation#0
10-30 07:20:54.656  1945  1965 D InputDispatcher: Window went away: com.example.lunchtray/com.example.lunchtray.MainActivity@19032#0
10-30 07:20:54.658  2756  2756 I BarTransitions.PhoneStatusBarTransitions: setNotchColor color = 0
10-30 07:20:54.660  1499  1499 I MiniDump: -------------------------------------------------------------------------------------------
10-30 07:20:54.660  1499  1499 I MiniDump: [ROTATION_0] H |  Comp Type |  Transform |  Alpha |  Disp Frame (LTRB) |  Source Crop (LTRB) | Frame Rate  | Disp[4630946736071014273] ""
10-30 07:20:54.660  1499  1499 I MiniDump: 0x73180d5560 |     DEVICE |          0 | 1.000 |    0    0 1080 2460 |   0.0   0.0 1080.0 2460.0 | com.example.lunchtray/com[...]tray.MainActivity@19032#0
10-30 07:20:54.660  1499  1499 I MiniDump: 0x7318082c10 |     DEVICE |          0 | 1.000 |    0    0 1080 2460 |   0.0   0.0 1080.0 2460.0 | Splash Screen com.example.lunchtray@2756#0
10-30 07:20:54.660  1499  1499 I MiniDump: 0x7317fcc810 |     DEVICE |          0 | 1.000 |    0    0 1080   76 |   0.0   0.0 1080.0  76.0 | StatusBar@2756#0
10-30 07:20:54.660  1499  1499 I MiniDump: 0x7317fd50c0 |     DEVICE |          0 | 1.000 |    0 2334 1080 2460 |   0.0   0.0 1080.0 126.0 | NavigationBar0@2756#0
10-30 07:20:54.660  1499  1499 I MiniDump: 0x7317fbb6b0 |     DEVICE |          0 | 1.000 |    0    0 1080   88 |   0.0   0.0 1080.0  88.0 | ScreenDecorOverlay@2756#0
10-30 07:20:54.660  1499  1499 I MiniDump: 0x7317fb8920 |     DEVICE |          0 | 1.000 |    0 2372 1080 2460 |   0.0   0.0 1080.0  88.0 | ScreenDecorOverlayBottom@2756#0
10-30 07:20:54.660  1945  3374 W InputManager-JNI: Input channel object '9cc4bd9 Splash Screen com.example.lunchtray (client)' was disposed without first being removed with the input manager!
10-30 07:20:54.664  1499  2493 D SurfaceFlinger: Create EffectLayer(0x731808b4c0) Surface(name=e4973b7 InputMethod)/@0x766a28d - animation-leash of insets_animation#0
10-30 07:20:54.669  2756  2756 I BarTransitions.PhoneStatusBarTransitions: setNotchColor color = 0
10-30 07:20:54.671  1499  1499 I SurfaceFlinger: Remove EffectLayer(0x731806bf90) Surface(name=433222d com.example.lunchtray/com.example.lunchtray.MainActivity)/@0xe24a54f - animation-leash of starting_reveal#0 (parent=none)
10-30 07:20:54.671  1499  1499 I SurfaceFlinger: Remove EffectLayer(0x7318074840) Surface(name=e4973b7 InputMethod)/@0x766a28d - animation-leash of insets_animation#1 (parent=none)
10-30 07:20:54.671  1499  1499 D Layer   : Destroy Surface(name=e4973b7 InputMethod)/@0x766a28d - animation-leash of insets_animation#1(0x7318074840)
10-30 07:20:54.672  1945  3374 D InputDispatcher: Window went away: 9cc4bd9 Splash Screen com.example.lunchtray
10-30 07:20:54.673  2756  3815 D NavigationModeController: getCurrentUserContext: contextUser=0 currentUser=0
10-30 07:20:54.673  2756  3815 D NavigationModeController: getCurrentUserContext: contextUser=0 currentUser=0
10-30 07:20:54.675  1499  1499 I MiniDump: -------------------------------------------------------------------------------------------
10-30 07:20:54.675  1499  1499 I MiniDump: [ROTATION_0] H |  Comp Type |  Transform |  Alpha |  Disp Frame (LTRB) |  Source Crop (LTRB) | Frame Rate  | Disp[4630946736071014273] ""
10-30 07:20:54.675  1499  1499 I MiniDump: 0x73180d5560 |     DEVICE |          0 | 1.000 |    0    0 1080 2460 |   0.0   0.0 1080.0 2460.0 | com.example.lunchtray/com[...]tray.MainActivity@19032#0
10-30 07:20:54.675  1499  1499 I MiniDump: 0x7317fcc810 |     DEVICE |          0 | 1.000 |    0    0 1080   76 |   0.0   0.0 1080.0  76.0 | StatusBar@2756#0
10-30 07:20:54.675  1499  1499 I MiniDump: 0x7317fd50c0 |     DEVICE |          0 | 1.000 |    0 2334 1080 2460 |   0.0   0.0 1080.0 126.0 | NavigationBar0@2756#0
10-30 07:20:54.675  1499  1499 I MiniDump: 0x7317fbb6b0 |     DEVICE |          0 | 1.000 |    0    0 1080   88 |   0.0   0.0 1080.0  88.0 | ScreenDecorOverlay@2756#0
10-30 07:20:54.675  1499  1499 I MiniDump: 0x7317fb8920 |     DEVICE |          0 | 1.000 |    0 2372 1080 2460 |   0.0   0.0 1080.0  88.0 | ScreenDecorOverlayBottom@2756#0
10-30 07:20:54.676  2756  2756 I BarTransitions.PhoneStatusBarTransitions: setNotchColor color = 0
10-30 07:20:54.682  2756  2756 I BarTransitions.PhoneStatusBarTransitions: setNotchColor color = 0
10-30 07:20:54.684  2756  2756 I BarTransitions.PhoneStatusBarTransitions: setNotchColor color = 0
10-30 07:20:54.688  1499  1499 I SurfaceFlinger: Remove BufferStateLayer(0x7318082c10) Splash Screen com.example.lunchtray@2756#0 (parent=none)
10-30 07:20:54.688  1499  1499 I SurfaceFlinger: Remove ContainerLayer(0x73180a7c60) 9cc4bd9 Splash Screen com.example.lunchtray#0 (parent=none)
10-30 07:20:54.688  1499  1499 I SurfaceFlinger: Remove EffectLayer(0x73180cccb0) Surface(name=9cc4bd9 Splash Screen com.example.lunchtray)/@0x7184d0a - animation-leash of window_animation#0 (parent=none)
10-30 07:20:54.688  1499  1499 D Layer   : Destroy Surface(name=9cc4bd9 Splash Screen com.example.lunchtray)/@0x7184d0a - animation-leash of window_animation#0(0x73180cccb0)
10-30 07:20:54.688  1499  1499 D Layer   : Destroy 9cc4bd9 Splash Screen com.example.lunchtray#0(0x73180a7c60)
10-30 07:20:54.688  1499  1499 D Layer   : Destroy Splash Screen com.example.lunchtray@2756#0(0x7318082c10)
10-30 07:20:54.689  1945  5020 D InputDispatcher: Window went away: Splash Screen com.example.lunchtray@2756#0
10-30 07:20:54.689 19032 19032 I ViewInteraction: Performing 'single click' action on view view.getId() is <2131231208/com.example.lunchtray:id/start_order_btn>
10-30 07:20:54.691  1945  2498 D InputTransport: channel '433222d com.example.lunchtray/com.example.lunchtray.MainActivity (server)' : action=ACTION_DOWN(0), id=0, displayId=0, tooltype=0, deviceId=-1, source=0x1002, flags=0x0, edgeFlags=0x0, metaState=0x0, buttonState=0x1, downTime=123849622000000, eventTime=123849622000000, pointerCount=1
10-30 07:20:54.691  1945  2498 D InputTransport: channel 'edge-swipe (server)' : action=ACTION_DOWN(0), id=0, displayId=0, tooltype=0, deviceId=-1, source=0x1002, flags=0x0, edgeFlags=0x0, metaState=0x0, buttonState=0x1, downTime=123849622000000, eventTime=123849622000000, pointerCount=1
10-30 07:20:54.691  1945  2498 D InputTransport: channel 'swipe-up (server)' : action=ACTION_DOWN(0), id=0, displayId=0, tooltype=0, deviceId=-1, source=0x1002, flags=0x0, edgeFlags=0x0, metaState=0x0, buttonState=0x1, downTime=123849622000000, eventTime=123849622000000, pointerCount=1
10-30 07:20:54.691  1945  2498 D InputTransport: channel 'swipe-up (server)' : action=ACTION_DOWN(0), id=0, displayId=0, tooltype=0, deviceId=-1, source=0x1002, flags=0x0, edgeFlags=0x0, metaState=0x0, buttonState=0x1, downTime=123849622000000, eventTime=123849622000000, pointerCount=1
10-30 07:20:54.691  1945  2498 D InputTransport: channel 'swipe-up (server)' : action=ACTION_DOWN(0), id=0, displayId=0, tooltype=0, deviceId=-1, source=0x1002, flags=0x0, edgeFlags=0x0, metaState=0x0, buttonState=0x1, downTime=123849622000000, eventTime=123849622000000, pointerCount=1
10-30 07:20:54.691  1945  2498 D InputTransport: channel 'swipe-up (server)' : action=ACTION_DOWN(0), id=0, displayId=0, tooltype=0, deviceId=-1, source=0x1002, flags=0x0, edgeFlags=0x0, metaState=0x0, buttonState=0x1, downTime=123849622000000, eventTime=123849622000000, pointerCount=1
10-30 07:20:54.691  1945  2498 D InputTransport: channel 'PointerEventDispatcher0 (server)' : action=ACTION_DOWN(0), id=0, displayId=0, tooltype=0, deviceId=-1, source=0x1002, flags=0x0, edgeFlags=0x0, metaState=0x0, buttonState=0x1, downTime=123849622000000, eventTime=123849622000000, pointerCount=1
10-30 07:20:54.772  1945  2498 D InputTransport: channel '433222d com.example.lunchtray/com.example.lunchtray.MainActivity (server)' : action=ACTION_UP(0), id=0, displayId=0, tooltype=1, deviceId=-1, source=0x1002, flags=0x0, edgeFlags=0x0, metaState=0x0, buttonState=0x1, downTime=123849622000000, eventTime=123849703000000, pointerCount=1
10-30 07:20:54.772  1945  2498 D InputTransport: channel 'edge-swipe (server)' : action=ACTION_UP(0), id=0, displayId=0, tooltype=1, deviceId=-1, source=0x1002, flags=0x0, edgeFlags=0x0, metaState=0x0, buttonState=0x1, downTime=123849622000000, eventTime=123849703000000, pointerCount=1
10-30 07:20:54.772  1945  2498 D InputTransport: channel 'swipe-up (server)' : action=ACTION_UP(0), id=0, displayId=0, tooltype=1, deviceId=-1, source=0x1002, flags=0x0, edgeFlags=0x0, metaState=0x0, buttonState=0x1, downTime=123849622000000, eventTime=123849703000000, pointerCount=1
10-30 07:20:54.772  1945  2498 D InputTransport: channel 'swipe-up (server)' : action=ACTION_UP(0), id=0, displayId=0, tooltype=1, deviceId=-1, source=0x1002, flags=0x0, edgeFlags=0x0, metaState=0x0, buttonState=0x1, downTime=123849622000000, eventTime=123849703000000, pointerCount=1
10-30 07:20:54.772  1945  2498 D InputTransport: channel 'swipe-up (server)' : action=ACTION_UP(0), id=0, displayId=0, tooltype=1, deviceId=-1, source=0x1002, flags=0x0, edgeFlags=0x0, metaState=0x0, buttonState=0x1, downTime=123849622000000, eventTime=123849703000000, pointerCount=1
