10-30 07:20:59.397 19032 19032 V ActivityScenario: Activity lifecycle changed event received but ignored because the intent does not match. startActivityIntent=Intent { act=android.intent.action.MAIN cat=[android.intent.category.LAUNCHER] cmp=com.example.lunchtray/androidx.fragment.app.testing.FragmentScenario$EmptyFragmentActivity (has extras) }, activity.getIntent()=Intent { act=android.intent.action.MAIN cat=[android.intent.category.LAUNCHER] cmp=com.example.lunchtray/.MainActivity }, activity=com.example.lunchtray.MainActivity@63421ba
10-30 07:20:59.397 19032 19032 V ActivityScenario: Update currentActivityStage to STARTED, currentActivity=com.example.lunchtray.MainActivity@63421ba
10-30 07:20:59.397 19032 19032 V ActivityScenario: Update currentActivityStage to STARTED, currentActivity=com.example.lunchtray.MainActivity@63421ba
10-30 07:20:59.398 19032 19032 D LifecycleMonitor: Lifecycle status change: com.example.lunchtray.MainActivity@63421ba in: RESUMED
10-30 07:20:59.398 19032 19032 V ActivityScenario: Activity lifecycle changed event received but ignored because the intent does not match. startActivityIntent=Intent { act=android.intent.action.MAIN cat=[android.intent.category.LAUNCHER] cmp=com.example.lunchtray/androidx.fragment.app.testing.FragmentScenario$EmptyFragmentActivity (has extras) }, activity.getIntent()=Intent { act=android.intent.action.MAIN cat=[android.intent.category.LAUNCHER] cmp=com.example.lunchtray/.MainActivity }, activity=com.example.lunchtray.MainActivity@63421ba
10-30 07:20:59.398 19032 19032 V ActivityScenario: Update currentActivityStage to RESUMED, currentActivity=com.example.lunchtray.MainActivity@63421ba
10-30 07:20:59.399 19032 19032 V ActivityScenario: Update currentActivityStage to RESUMED, currentActivity=com.example.lunchtray.MainActivity@63421ba
10-30 07:20:59.400  1363 18492 D sensors_hal_light: handle_sns_std_sensor_event:79, ambient_light_event: ts=285444846504655, lux = 18, raw_adc=38, pdata=46
10-30 07:20:59.403  1499  1499 I SurfaceFlinger: Remove BufferStateLayer(0x7318082c10) com.lge.launcher3/com.lge.launcher3.LauncherExtension@3488#0 (parent=none)
10-30 07:20:59.403  1499  1499 I SurfaceFlinger: Remove BufferStateLayer(0x73180d82f0) com.lge.launcher3/com.lge.launcher3.LauncherExtension@15222#0 (parent=none)
10-30 07:20:59.403  1499  1499 D Layer   : Destroy com.lge.launcher3/com.lge.launcher3.LauncherExtension@3488#0(0x7318082c10)
10-30 07:20:59.403  1499  1499 D Layer   : Destroy com.lge.launcher3/com.lge.launcher3.LauncherExtension@15222#0(0x73180d82f0)
10-30 07:20:59.404  1945  5026 D InputDispatcher: Window went away: com.lge.launcher3/com.lge.launcher3.LauncherExtension@15222#0
10-30 07:20:59.404  1945  5026 D InputDispatcher: Window went away: com.lge.launcher3/com.lge.launcher3.LauncherExtension@3488#0
10-30 07:20:59.404  1499  3662 D SurfaceFlinger: Create ContainerLayer(0x73180d82f0) 88633f0 com.example.lunchtray/com.example.lunchtray.MainActivity#0
10-30 07:20:59.406 19032 19032 D DecorView: [DecorView][notifyViewAdded] token = android.view.ViewRootImpl$WEx@2cc5bda
10-30 07:20:59.406 19032 19032 I TouchFilterInputStageHelper: [needTouchEventFilter] Displayid : 0
10-30 07:20:59.407 19032 19032 D HandGripFilter: getdisplaysize, x : 1080 y : 2460
10-30 07:20:59.414  1499  3662 D SurfaceFlinger: Create BufferStateLayer(0x7318082c10) com.example.lunchtray/com.example.lunchtray.MainActivity@19032#0
10-30 07:20:59.416  1499  2493 D SurfaceFlinger: Create EffectLayer(0x73180a2140) Surface(name=dcb9bf0 StatusBar)/@0xac9fa55 - animation-leash of insets_animation#1
10-30 07:20:59.417  1673  1699 I PowerRM : System FW:1 IC:0 SO:0 GT:0 CAPP:-1 APP:0
10-30 07:20:59.417  1673  1699 I PowerRM : System FW:0 IC:0 SO:0 GT:0 CAPP:-1 APP:0
10-30 07:20:59.417  1673  1699 I PowerRM : FIA lock1 unlocked
10-30 07:20:59.417  1499  2493 D SurfaceFlinger: Create EffectLayer(0x731803b900) Surface(name=5efab5d NavigationBar0)/@0xb1951a3 - animation-leash of insets_animation#1
10-30 07:20:59.417  1945  2015 D IStatusBar.Stub: updateNavigationBarColor(0, -16777216)
10-30 07:20:59.418  2756  3191 D IStatusBar.Stub : CommandQueue: updateNavigationBarColor(0, -16777216)
10-30 07:20:59.418  2756  2756 I NavigationThemeResource: display(0) notify navigation bar color(0xff000000)
10-30 07:20:59.418  2756  2756 I NavigationThemeResource: WmEx Color dark = -16777216
10-30 07:20:59.418  2756  2756 I NavigationThemeResource: NavigationKey(0) Color is changed(WHITE_WITH_BORDER -> WHITE)
10-30 07:20:59.418  2756  2756 I NavigationThemeResource:  BarMode=-1, Theme=WHITE, LightBackground=false, mNavigationLight=false (NOT Transparent)
10-30 07:20:59.418  2756  2756 I NavigationThemeResource: , Keyguard show=false, IME shown=false, Bar vertical=true, Panel expanded=false
10-30 07:20:59.432  1499  2493 D SurfaceFlinger: Create EffectLayer(0x7318066470) Surface(name=88633f0 com.example.lunchtray/com.example.lunchtray.MainActivity)/@0xa8e30fa - animation-leash of starting_reveal#0
10-30 07:20:59.435 19032 19032 D RootViewPicker: Root not ready - waiting: 10ms for one to appear.
10-30 07:20:59.437  1499  1499 I SurfaceFlinger: Remove EffectLayer(0x73180636e0) Surface(name=5efab5d NavigationBar0)/@0xb1951a3 - animation-leash of insets_animation#0 (parent=none)
10-30 07:20:59.437  1499  1499 I SurfaceFlinger: Remove EffectLayer(0x731807fe80) Surface(name=dcb9bf0 StatusBar)/@0xac9fa55 - animation-leash of insets_animation#0 (parent=none)
10-30 07:20:59.437  1499  1499 D Layer   : Destroy Surface(name=dcb9bf0 StatusBar)/@0xac9fa55 - animation-leash of insets_animation#0(0x731807fe80)
10-30 07:20:59.437  1499  1499 D Layer   : Destroy Surface(name=5efab5d NavigationBar0)/@0xb1951a3 - animation-leash of insets_animation#0(0x73180636e0)
10-30 07:20:59.437 19032 19032 D LifecycleMonitor: Lifecycle status change: androidx.test.core.app.InstrumentationActivityInvoker$BootstrapActivity@bc35ab0 in: STOPPED
10-30 07:20:59.438 19032 19032 V ActivityScenario: Activity lifecycle changed event received but ignored because the intent does not match. startActivityIntent=Intent { act=android.intent.action.MAIN cat=[android.intent.category.LAUNCHER] cmp=com.example.lunchtray/androidx.fragment.app.testing.FragmentScenario$EmptyFragmentActivity (has extras) }, activity.getIntent()=Intent { act=android.intent.action.MAIN cat=[android.intent.category.LAUNCHER] flg=0x10008000 cmp=com.example.lunchtray/androidx.test.core.app.InstrumentationActivityInvoker$BootstrapActivity (has extras) }, activity=androidx.test.core.app.InstrumentationActivityInvoker$BootstrapActivity@bc35ab0
10-30 07:20:59.438  1945  5026 D InputDispatcher: Window went away: com.example.lunchtray/com.example.lunchtray.MainActivity@19032#0
10-30 07:20:59.438 19032 19032 V ActivityScenario: Activity lifecycle changed event received but ignored because the intent does not match. startActivityIntent=Intent { act=android.intent.action.MAIN cat=[android.intent.category.LAUNCHER] cmp=com.example.lunchtray/.MainActivity }, activity.getIntent()=Intent { act=android.intent.action.MAIN cat=[android.intent.category.LAUNCHER] flg=0x10008000 cmp=com.example.lunchtray/androidx.test.core.app.InstrumentationActivityInvoker$BootstrapActivity (has extras) }, activity=androidx.test.core.app.InstrumentationActivityInvoker$BootstrapActivity@bc35ab0
10-30 07:20:59.438 19032 19032 V ActivityScenario: Activity lifecycle changed event received but ignored because the intent does not match. startActivityIntent=Intent { act=android.intent.action.MAIN cat=[android.intent.category.LAUNCHER] cmp=com.example.lunchtray/.MainActivity }, activity.getIntent()=Intent { act=android.intent.action.MAIN cat=[android.intent.category.LAUNCHER] flg=0x10008000 cmp=com.example.lunchtray/androidx.test.core.app.InstrumentationActivityInvoker$BootstrapActivity (has extras) }, activity=androidx.test.core.app.InstrumentationActivityInvoker$BootstrapActivity@bc35ab0
10-30 07:20:59.439  1499  2493 D SurfaceFlinger: Create EffectLayer(0x731808b4c0) Surface(name=5c5f33d Splash Screen com.example.lunchtray)/@0xd6f8863 - animation-leash of window_animation#0
10-30 07:20:59.441  1499  1499 I MiniDump: -------------------------------------------------------------------------------------------
10-30 07:20:59.441  1499  1499 I MiniDump: [ROTATION_0] H |  Comp Type |  Transform |  Alpha |  Disp Frame (LTRB) |  Source Crop (LTRB) | Frame Rate  | Disp[4630946736071014273] ""
10-30 07:20:59.441  1499  1499 I MiniDump: 0x7318082c10 |     DEVICE |          0 | 1.000 |    0    0 1080 2460 |   0.0   0.0 1080.0 2460.0 | com.example.lunchtray/com[...]tray.MainActivity@19032#0
10-30 07:20:59.441  1499  1499 I MiniDump: 0x7317ff45f0 |     DEVICE |          0 | 1.000 |    0    0 1080 2460 |   0.0   0.0 1080.0 2460.0 | Splash Screen com.example.lunchtray@2756#0
10-30 07:20:59.441  1499  1499 I MiniDump: 0x7317fcc810 |     DEVICE |          0 | 1.000 |    0    0 1080   76 |   0.0   0.0 1080.0  76.0 | StatusBar@2756#0
10-30 07:20:59.441  1499  1499 I MiniDump: 0x7317fd50c0 |     DEVICE |          0 | 1.000 |    0 2334 1080 2460 |   0.0   0.0 1080.0 126.0 | NavigationBar0@2756#0
10-30 07:20:59.441  1499  1499 I MiniDump: 0x7317fbb6b0 |     DEVICE |          0 | 1.000 |    0    0 1080   88 |   0.0   0.0 1080.0  88.0 | ScreenDecorOverlay@2756#0
10-30 07:20:59.442  1499  1499 I MiniDump: 0x7317fb8920 |     DEVICE |          0 | 1.000 |    0 2372 1080 2460 |   0.0   0.0 1080.0  88.0 | ScreenDecorOverlayBottom@2756#0
10-30 07:20:59.443  1945  2521 W InputManager-JNI: Input channel object '5c5f33d Splash Screen com.example.lunchtray (client)' was disposed without first being removed with the input manager!
10-30 07:20:59.446  1499  3662 D SurfaceFlinger: Create EffectLayer(0x73180636e0) Surface(name=e4973b7 InputMethod)/@0x766a28d - animation-leash of insets_animation#0
10-30 07:20:59.449  2756  2756 D NavigationModeController: getCurrentUserContext: contextUser=0 currentUser=0
10-30 07:20:59.453  1499  1499 I SurfaceFlinger: Remove EffectLayer(0x7318066470) Surface(name=88633f0 com.example.lunchtray/com.example.lunchtray.MainActivity)/@0xa8e30fa - animation-leash of starting_reveal#0 (parent=none)
10-30 07:20:59.453  1499  1499 I SurfaceFlinger: Remove BufferStateLayer(0x7318082c10) com.example.lunchtray/com.example.lunchtray.MainActivity@19032#0 (parent=88633f0 com.example.lunchtray/com.example.lunchtray.MainActivity#0)
10-30 07:20:59.453  1499  1499 I SurfaceFlinger: Remove EffectLayer(0x73180be8e0) Surface(name=e4973b7 InputMethod)/@0x766a28d - animation-leash of insets_animation#1 (parent=none)
10-30 07:20:59.453  1499  1499 I SurfaceFlinger: Remove ContainerLayer(0x73180d82f0) 88633f0 com.example.lunchtray/com.example.lunchtray.MainActivity#0 (parent=ActivityRecord{5365692 u0 com.example.lunchtray/.MainActivity t902}#0)
10-30 07:20:59.453  1499  1499 D Layer   : Destroy Surface(name=e4973b7 InputMethod)/@0x766a28d - animation-leash of insets_animation#1(0x73180be8e0)
10-30 07:20:59.454  1945  2521 D InputDispatcher: Window went away: 5c5f33d Splash Screen com.example.lunchtray
10-30 07:20:59.455  2756  3815 D NavigationModeController: getCurrentUserContext: contextUser=0 currentUser=0
10-30 07:20:59.455  2756  3815 D NavigationModeController: getCurrentUserContext: contextUser=0 currentUser=0
10-30 07:20:59.457  1499  1499 I MiniDump: -------------------------------------------------------------------------------------------
10-30 07:20:59.457  1499  1499 I MiniDump: [ROTATION_0] H |  Comp Type |  Transform |  Alpha |  Disp Frame (LTRB) |  Source Crop (LTRB) | Frame Rate  | Disp[4630946736071014273] ""
10-30 07:20:59.457  1499  1499 I MiniDump: 0x7318082c10 |     DEVICE |          0 | 1.000 |    0    0 1080 2460 |   0.0   0.0 1080.0 2460.0 | com.example.lunchtray/com[...]tray.MainActivity@19032#0
10-30 07:20:59.457  1499  1499 I MiniDump: 0x7317fcc810 |     DEVICE |          0 | 1.000 |    0    0 1080   76 |   0.0   0.0 1080.0  76.0 | StatusBar@2756#0
10-30 07:20:59.457  1499  1499 I MiniDump: 0x7317fd50c0 |     DEVICE |          0 | 1.000 |    0 2334 1080 2460 |   0.0   0.0 1080.0 126.0 | NavigationBar0@2756#0
10-30 07:20:59.457  1499  1499 I MiniDump: 0x7317fbb6b0 |     DEVICE |          0 | 1.000 |    0    0 1080   88 |   0.0   0.0 1080.0  88.0 | ScreenDecorOverlay@2756#0
10-30 07:20:59.457  1499  1499 I MiniDump: 0x7317fb8920 |     DEVICE |          0 | 1.000 |    0 2372 1080 2460 |   0.0   0.0 1080.0  88.0 | ScreenDecorOverlayBottom@2756#0
10-30 07:20:59.469  1499  1499 I SurfaceFlinger: Remove BufferStateLayer(0x7317ff45f0) Splash Screen com.example.lunchtray@2756#0 (parent=none)
10-30 07:20:59.469  1499  1499 I SurfaceFlinger: Remove EffectLayer(0x731808b4c0) Surface(name=5c5f33d Splash Screen com.example.lunchtray)/@0xd6f8863 - animation-leash of window_animation#0 (parent=none)
10-30 07:20:59.469  1499  1499 I SurfaceFlinger: Remove ContainerLayer(0x73180d5560) 5c5f33d Splash Screen com.example.lunchtray#0 (parent=none)
10-30 07:20:59.470  1499  1499 D Layer   : Destroy Surface(name=5c5f33d Splash Screen com.example.lunchtray)/@0xd6f8863 - animation-leash of window_animation#0(0x731808b4c0)
10-30 07:20:59.470  1499  1499 D Layer   : Destroy 5c5f33d Splash Screen com.example.lunchtray#0(0x73180d5560)
10-30 07:20:59.470  1499  1499 D Layer   : Destroy Splash Screen com.example.lunchtray@2756#0(0x7317ff45f0)
10-30 07:20:59.470  1945  5026 D InputDispatcher: Window went away: Splash Screen com.example.lunchtray@2756#0
10-30 07:20:59.471 19032 19032 I ViewInteraction: Performing 'single click' action on view view.getId() is <2131231208/com.example.lunchtray:id/start_order_btn>
10-30 07:20:59.472  1945  2498 D InputTransport: channel '88633f0 com.example.lunchtray/com.example.lunchtray.MainActivity (server)' : action=ACTION_DOWN(0), id=0, displayId=0, tooltype=0, deviceId=-1, source=0x1002, flags=0x0, edgeFlags=0x0, metaState=0x0, buttonState=0x1, downTime=123854404000000, eventTime=123854404000000, pointerCount=1
10-30 07:20:59.472  1945  2498 D InputTransport: channel 'edge-swipe (server)' : action=ACTION_DOWN(0), id=0, displayId=0, tooltype=0, deviceId=-1, source=0x1002, flags=0x0, edgeFlags=0x0, metaState=0x0, buttonState=0x1, downTime=123854404000000, eventTime=123854404000000, pointerCount=1
10-30 07:20:59.472  1945  2498 D InputTransport: channel 'swipe-up (server)' : action=ACTION_DOWN(0), id=0, displayId=0, tooltype=0, deviceId=-1, source=0x1002, flags=0x0, edgeFlags=0x0, metaState=0x0, buttonState=0x1, downTime=123854404000000, eventTime=123854404000000, pointerCount=1
10-30 07:20:59.472  1945  2498 D InputTransport: channel 'swipe-up (server)' : action=ACTION_DOWN(0), id=0, displayId=0, tooltype=0, deviceId=-1, source=0x1002, flags=0x0, edgeFlags=0x0, metaState=0x0, buttonState=0x1, downTime=123854404000000, eventTime=123854404000000, pointerCount=1
10-30 07:20:59.472  1945  2498 D InputTransport: channel 'swipe-up (server)' : action=ACTION_DOWN(0), id=0, displayId=0, tooltype=0, deviceId=-1, source=0x1002, flags=0x0, edgeFlags=0x0, metaState=0x0, buttonState=0x1, downTime=123854404000000, eventTime=123854404000000, pointerCount=1
10-30 07:20:59.472  1945  2498 D InputTransport: channel 'swipe-up (server)' : action=ACTION_DOWN(0), id=0, displayId=0, tooltype=0, deviceId=-1, source=0x1002, flags=0x0, edgeFlags=0x0, metaState=0x0, buttonState=0x1, downTime=123854404000000, eventTime=123854404000000, pointerCount=1
10-30 07:20:59.472  1945  2498 D InputTransport: channel 'PointerEventDispatcher0 (server)' : action=ACTION_DOWN(0), id=0, displayId=0, tooltype=0, deviceId=-1, source=0x1002, flags=0x0, edgeFlags=0x0, metaState=0x0, buttonState=0x1, downTime=123854404000000, eventTime=123854404000000, pointerCount=1
10-30 07:20:59.496  2756  2756 I BarTransitions.PhoneStatusBarTransitions: setNotchColor color = 0
10-30 07:20:59.526  2756  2756 I BarTransitions.PhoneStatusBarTransitions: setNotchColor color = 0
10-30 07:20:59.552  1945  2498 D InputTransport: channel '88633f0 com.example.lunchtray/com.example.lunchtray.MainActivity (server)' : action=ACTION_UP(0), id=0, displayId=0, tooltype=1, deviceId=-1, source=0x1002, flags=0x0, edgeFlags=0x0, metaState=0x0, buttonState=0x1, downTime=123854404000000, eventTime=123854484000000, pointerCount=1
10-30 07:20:59.552  1945  2498 D InputTransport: channel 'edge-swipe (server)' : action=ACTION_UP(0), id=0, displayId=0, tooltype=1, deviceId=-1, source=0x1002, flags=0x0, edgeFlags=0x0, metaState=0x0, buttonState=0x1, downTime=123854404000000, eventTime=123854484000000, pointerCount=1
10-30 07:20:59.552  1945  2498 D InputTransport: channel 'swipe-up (server)' : action=ACTION_UP(0), id=0, displayId=0, tooltype=1, deviceId=-1, source=0x1002, flags=0x0, edgeFlags=0x0, metaState=0x0, buttonState=0x1, downTime=123854404000000, eventTime=123854484000000, pointerCount=1
10-30 07:20:59.552  1945  2498 D InputTransport: channel 'swipe-up (server)' : action=ACTION_UP(0), id=0, displayId=0, tooltype=1, deviceId=-1, source=0x1002, flags=0x0, edgeFlags=0x0, metaState=0x0, buttonState=0x1, downTime=123854404000000, eventTime=123854484000000, pointerCount=1
10-30 07:20:59.552  1945  2498 D InputTransport: channel 'swipe-up (server)' : action=ACTION_UP(0), id=0, displayId=0, tooltype=1, deviceId=-1, source=0x1002, flags=0x0, edgeFlags=0x0, metaState=0x0, buttonState=0x1, downTime=123854404000000, eventTime=123854484000000, pointerCount=1
10-30 07:20:59.553  1945  2498 D InputTransport: channel 'swipe-up (server)' : action=ACTION_UP(0), id=0, displayId=0, tooltype=1, deviceId=-1, source=0x1002, flags=0x0, edgeFlags=0x0, metaState=0x0, buttonState=0x1, downTime=123854404000000, eventTime=123854484000000, pointerCount=1
10-30 07:20:59.553  1945  2498 D InputTransport: channel 'PointerEventDispatcher0 (server)' : action=ACTION_UP(0), id=0, displayId=0, tooltype=1, deviceId=-1, source=0x1002, flags=0x0, edgeFlags=0x0, metaState=0x0, buttonState=0x1, downTime=123854404000000, eventTime=123854484000000, pointerCount=1
10-30 07:20:59.553 19032 19032 I View    : PerformClick: com.google.android.material.button.MaterialButton{fd055f5 VFED..C.. ...P.... 349,1045-731,1171 #7f0801e8 app:id/start_order_btn}
10-30 07:20:59.553 19032 19032 I View    : MotionEvent.ACTION_UP: mPrivateFlags: 16828464,   mHasPerformedLongPress: false,   mIgnoreNextUpEvent: false
10-30 07:20:59.554  1945  2548 V SoundPool: play(soundID=1, leftVolume=1.000000, rightVolume=1.000000, priority=0, loop=0, rate=1.000000)
10-30 07:20:59.554  1945  2548 V AudioTrack: setSampleRate(546): prior state:STATE_STOPPED rate:48000
10-30 07:20:59.554  1945  2548 V AudioTrack: start(546): prior state:STATE_STOPPED
10-30 07:20:59.554  1945  2548 V AudioTrack: start(546): server read:-816996  cumulative flushed:0  client written:0
10-30 07:20:59.554  2580 26577 V AF::Track: start(571): calling pid 1945 session 4681
10-30 07:20:59.554  2580 26577 V AudioPolicyService: AudioCommandThread() adding start output portId 546
10-30 07:20:59.555  2580 26577 V AudioPolicyService: inserting command: 3 at index 0, num commands 0
10-30 07:20:59.555  2580  2595 V AudioPolicyService: AudioCommandThread() processing start output portId 546
10-30 07:20:59.555  2580  2595 D APM_AudioPolicyManager: startOutput portId 546 output primary->(primary output)(13), stream 1, session 4681
10-30 07:20:59.555  2580  2595 V APM_AudioPolicyManager: setBeaconMute(1) mBeaconMuteRefCount=1 mBeaconPlayingRefCount=0
10-30 07:20:59.555  2580  2595 V APM_AudioPolicyManager: selectOutputForMusicEffects selected output 13
10-30 07:20:59.555  2580  2595 V APM_AudioPolicyManager: getNewOutputDevices selected devices {type:0x2,@:}
10-30 07:20:59.555  2580  2595 V APM_AudioPolicyManager: setOutputDevices device {type:0x2,@:} delayMs 0
10-30 07:20:59.555  2580  2595 V APM_AudioPolicyManager: setOutputDevices() prevDevice {type:0x2,@:}
10-30 07:20:59.555  2580  2595 V APM_AudioPolicyManager: setOutputDevices: suppressing checkDeviceMuteStrategies
10-30 07:20:59.555  2580  2595 V APM_AudioPolicyManager: setOutputDevices setting same device {type:0x2,@:} or null device, force=0, patch handle=4
10-30 07:20:59.555  2580  2595 V AudioPolicyService: AudioCommandThread() going to sleep
10-30 07:20:59.555  1945  2548 V SoundPool: play returned 2711
10-30 07:20:59.563  1945  5026 V AudioSystem: ioConfigChanged() event 8
10-30 07:20:59.563  1945  5026 V AudioSystem: ioConfigChanged() AUDIO_CLIENT_STARTED  io 13 port 546 num callbacks 0
10-30 07:20:59.567  2756  2756 I BarTransitions.PhoneStatusBarTransitions: setNotchColor color = 0
10-30 07:20:59.581  2756  2756 I BarTransitions.PhoneStatusBarTransitions: setNotchColor color = 0
10-30 07:20:59.583  2756  2756 I BarTransitions.PhoneStatusBarTransitions: setNotchColor color = 0
10-30 07:20:59.586  2756  2756 I BarTransitions.PhoneStatusBarTransitions: setNotchColor color = 0
10-30 07:20:59.593  2756  2756 I BarTransitions.PhoneStatusBarTransitions: setNotchColor color = 0
10-30 07:20:59.596  2756  2756 I BarTransitions.PhoneStatusBarTransitions: setNotchColor color = 0
10-30 07:20:59.620  2580  2617 V AF::Track: getNextBuffer(571): underrun,  framesReady(0) < framesDesired(236), state: 6
10-30 07:20:59.623  2580  2618 D AF::Track: presentationComplete(571): set: mPresentationCompleteFrames 372144 audioHalFrames 624
10-30 07:20:59.623  2580  2618 V AF::Track: presentationComplete(571): waiting framesWritten:371520  mPresentationCompleteFrames:372144
10-30 07:20:59.628  1945 19073 V AudioTrack: stop(546): prior state:STATE_ACTIVE
10-30 07:20:59.629  2580 26577 V AF::Track: stop(571): calling pid 1945
10-30 07:20:59.663  2580  2618 V AF::Track: presentationComplete(571): presentationComplete() mPresentationCompleteFrames 372144 framesWritten 373440
10-30 07:20:59.663  2580  2618 V AF::Track: presentationComplete(571): complete framesWritten:373440  mPresentationCompleteFrames:372144
10-30 07:20:59.669  2580  2618 V AudioPolicyService: AudioCommandThread() adding stop output portId 546
10-30 07:20:59.670  2580  2618 V AudioPolicyService: inserting command: 4 at index 0, num commands 0
10-30 07:20:59.670  2580  2595 V AudioPolicyService: AudioCommandThread() processing stop output portId 546
10-30 07:20:59.670  2580  2595 V APM_AudioPolicyManager: stopOutput() portId 546 output 13, stream 1, session 4681
10-30 07:20:59.670  2580  2595 V APM_AudioPolicyManager: setBeaconMute(1) mBeaconMuteRefCount=0 mBeaconPlayingRefCount=0
10-30 07:20:59.670  2580  2595 V APM_AudioPolicyManager: getNewOutputDevices selected devices AUDIO_DEVICE_NONE
10-30 07:20:59.670  2580  2595 V APM_AudioPolicyManager: setOutputDevices device AUDIO_DEVICE_NONE delayMs 106
10-30 07:20:59.670  2580  2595 V APM_AudioPolicyManager: setOutputDevices() prevDevice {type:0x2,@:}
10-30 07:20:59.670  2580  2595 V APM_AudioPolicyManager: setOutputDevices setting same device AUDIO_DEVICE_NONE or null device, force=0, patch handle=4
10-30 07:20:59.670  2580  2595 V APM_AudioPolicyManager: selectOutputForMusicEffects selected output 13
10-30 07:20:59.670  2580  2595 V AudioPolicyService: AudioCommandThread() going to sleep
10-30 07:20:59.806  1363 18492 D sensors_hal_light: handle_sns_std_sensor_event:79, ambient_light_event: ts=285445252559134, lux = 19, raw_adc=40, pdata=33
10-30 07:20:59.824  2756  2756 I NetworkController.WifiSignalController: Change in state to: connected=true,enabled=true,level=2,inetCondition=1,iconGroup=IconGroup(Default Wi-Fi Icons),activityIn=true,activityOut=false,rssi=-73,lteadvancedmode=0,ssid="WohnzimmerWLAN",wifiStandard=0,isReady=false,isTransient=false,isDefault=false,statusLabel=null,isCarrierMerged=false,subId=0,isGigaWiFi=false,isAttWifiCall=false,detailedState=CONNECTED
10-30 07:20:59.824  2756  2756 I NetworkController: [getDataController] getDefaultDataSubId : dataSubId is 2
10-30 07:20:59.825  2756  2756 I NetworkController.WifiSignalController: updateIconGroup() : mWifiGeneration = 4
10-30 07:20:59.825  2756  2756 I NetworkController.WifiSignalController: updateIconGroup() : connected = true, mCurrentState.isAttWifiCall = false
10-30 07:20:59.825  2756  2756 I MSimUtils: getSubId : 2
10-30 07:20:59.825  2756  2756 I MSimUtils: getSubId : 2
10-30 07:20:59.962 19032 19032 I ViewInteraction: Performing 'single click' action on view view.getId() is <2131230844/com.example.lunchtray:id/cauliflower>
10-30 07:20:59.969  1945  2498 D InputTransport: channel '88633f0 com.example.lunchtray/com.example.lunchtray.MainActivity (server)' : action=ACTION_DOWN(0), id=0, displayId=0, tooltype=0, deviceId=-1, source=0x1002, flags=0x0, edgeFlags=0x0, metaState=0x0, buttonState=0x1, downTime=123854897000000, eventTime=123854897000000, pointerCount=1
10-30 07:20:59.969  1945  2498 D InputTransport: channel 'edge-swipe (server)' : action=ACTION_DOWN(0), id=0, displayId=0, tooltype=0, deviceId=-1, source=0x1002, flags=0x0, edgeFlags=0x0, metaState=0x0, buttonState=0x1, downTime=123854897000000, eventTime=123854897000000, pointerCount=1
10-30 07:20:59.969  1945  2498 D InputTransport: channel 'swipe-up (server)' : action=ACTION_DOWN(0), id=0, displayId=0, tooltype=0, deviceId=-1, source=0x1002, flags=0x0, edgeFlags=0x0, metaState=0x0, buttonState=0x1, downTime=123854897000000, eventTime=123854897000000, pointerCount=1
10-30 07:20:59.969  1945  2498 D InputTransport: channel 'swipe-up (server)' : action=ACTION_DOWN(0), id=0, displayId=0, tooltype=0, deviceId=-1, source=0x1002, flags=0x0, edgeFlags=0x0, metaState=0x0, buttonState=0x1, downTime=123854897000000, eventTime=123854897000000, pointerCount=1
10-30 07:20:59.969  1945  2498 D InputTransport: channel 'swipe-up (server)' : action=ACTION_DOWN(0), id=0, displayId=0, tooltype=0, deviceId=-1, source=0x1002, flags=0x0, edgeFlags=0x0, metaState=0x0, buttonState=0x1, downTime=123854897000000, eventTime=123854897000000, pointerCount=1
10-30 07:20:59.970  1945  2498 D InputTransport: channel 'swipe-up (server)' : action=ACTION_DOWN(0), id=0, displayId=0, tooltype=0, deviceId=-1, source=0x1002, flags=0x0, edgeFlags=0x0, metaState=0x0, buttonState=0x1, downTime=123854897000000, eventTime=123854897000000, pointerCount=1
10-30 07:20:59.970  1945  2498 D InputTransport: channel 'PointerEventDispatcher0 (server)' : action=ACTION_DOWN(0), id=0, displayId=0, tooltype=0, deviceId=-1, source=0x1002, flags=0x0, edgeFlags=0x0, metaState=0x0, buttonState=0x1, downTime=123854897000000, eventTime=123854897000000, pointerCount=1
10-30 07:21:00.004  2756  3631 I LgeClockWidgetControlView: time changed, timezoneChanged : false
10-30 07:21:00.005  2756  3631 I Clock   : onReceive = android.intent.action.TIME_TICK
10-30 07:21:00.005  2756  3631 I Clock   : onReceive = android.intent.action.TIME_TICK
10-30 07:21:00.005  2756  3631 I Clock   : onReceive = android.intent.action.TIME_TICK
10-30 07:21:00.005  2756  3631 I Clock   : onReceive = android.intent.action.TIME_TICK
10-30 07:21:00.015  2756  2756 I LgeClockWidgetControlView: handleTimeUpdate , 07:21
10-30 07:21:00.028  2756  2756 D BarBackgroundDrawable: draw() : targetColor = 0, canvas = android.graphics.RecordingCanvas@df9fdf3, this = com.android.systemui.statusbar.phone.BarTransitions$BarBackgroundDrawable@7c723ac
10-30 07:21:00.038  5290  5396 I [SignBoard]TimeTickManager/u0: [TimeTickManager.java:125:updateTime()-Other(197507325/u0)Thread] updateTime(android.intent.action.TIME_TICK_SELF)
10-30 07:21:00.039  5290  5396 I [SignBoard]TimeTickManager/u0: [TimeTickManager.java:92:updateTimeInternal()-Other(197507325/u0)Thread] updateTimeInternal, called onTimeUpdated() nextTick: 59994
10-30 07:21:00.048  1945  2498 D InputTransport: channel '88633f0 com.example.lunchtray/com.example.lunchtray.MainActivity (server)' : action=ACTION_UP(0), id=0, displayId=0, tooltype=1, deviceId=-1, source=0x1002, flags=0x0, edgeFlags=0x0, metaState=0x0, buttonState=0x1, downTime=123854897000000, eventTime=123854977000000, pointerCount=1
10-30 07:21:00.048  1945  2498 D InputTransport: channel 'edge-swipe (server)' : action=ACTION_UP(0), id=0, displayId=0, tooltype=1, deviceId=-1, source=0x1002, flags=0x0, edgeFlags=0x0, metaState=0x0, buttonState=0x1, downTime=123854897000000, eventTime=123854977000000, pointerCount=1
10-30 07:21:00.048  1945  2498 D InputTransport: channel 'swipe-up (server)' : action=ACTION_UP(0), id=0, displayId=0, tooltype=1, deviceId=-1, source=0x1002, flags=0x0, edgeFlags=0x0, metaState=0x0, buttonState=0x1, downTime=123854897000000, eventTime=123854977000000, pointerCount=1
10-30 07:21:00.048  1945  2498 D InputTransport: channel 'swipe-up (server)' : action=ACTION_UP(0), id=0, displayId=0, tooltype=1, deviceId=-1, source=0x1002, flags=0x0, edgeFlags=0x0, metaState=0x0, buttonState=0x1, downTime=123854897000000, eventTime=123854977000000, pointerCount=1
10-30 07:21:00.048  1945  2498 D InputTransport: channel 'swipe-up (server)' : action=ACTION_UP(0), id=0, displayId=0, tooltype=1, deviceId=-1, source=0x1002, flags=0x0, edgeFlags=0x0, metaState=0x0, buttonState=0x1, downTime=123854897000000, eventTime=123854977000000, pointerCount=1
10-30 07:21:00.048  1945  2498 D InputTransport: channel 'swipe-up (server)' : action=ACTION_UP(0), id=0, displayId=0, tooltype=1, deviceId=-1, source=0x1002, flags=0x0, edgeFlags=0x0, metaState=0x0, buttonState=0x1, downTime=123854897000000, eventTime=123854977000000, pointerCount=1
10-30 07:21:00.049  1945  2498 D InputTransport: channel 'PointerEventDispatcher0 (server)' : action=ACTION_UP(0), id=0, displayId=0, tooltype=1, deviceId=-1, source=0x1002, flags=0x0, edgeFlags=0x0, metaState=0x0, buttonState=0x1, downTime=123854897000000, eventTime=123854977000000, pointerCount=1
10-30 07:21:00.054 19032 19032 I View    : PerformClick: com.google.android.material.radiobutton.MaterialRadioButton{59e018f VFED..C.. ...p..ID 0,0-330,126 #7f08007c app:id/cauliflower}
10-30 07:21:00.054 19032 19032 I View    : MotionEvent.ACTION_UP: mPrivateFlags: -2128590800,   mHasPerformedLongPress: false,   mIgnoreNextUpEvent: false
10-30 07:21:00.087  1945  2548 V SoundPool: play(soundID=1, leftVolume=1.000000, rightVolume=1.000000, priority=0, loop=0, rate=1.000000)
10-30 07:21:00.089  1945  2548 V AudioTrack: setSampleRate(546): prior state:STATE_STOPPED rate:48000
10-30 07:21:00.089  1945  2548 V AudioTrack: start(546): prior state:STATE_STOPPED
10-30 07:21:00.089  1945  2548 V AudioTrack: start(546): server read:-819640  cumulative flushed:0  client written:0
10-30 07:21:00.089  2580 26577 V AF::Track: start(571): calling pid 1945 session 4681
10-30 07:21:00.089  2580 26577 V AudioPolicyService: AudioCommandThread() adding start output portId 546
10-30 07:21:00.090  2580 26577 V AudioPolicyService: inserting command: 3 at index 0, num commands 0
10-30 07:21:00.090  2580  2595 V AudioPolicyService: AudioCommandThread() processing start output portId 546
10-30 07:21:00.090  2580  2595 D APM_AudioPolicyManager: startOutput portId 546 output primary->(primary output)(13), stream 1, session 4681
10-30 07:21:00.090  2580  2595 V APM_AudioPolicyManager: setBeaconMute(1) mBeaconMuteRefCount=1 mBeaconPlayingRefCount=0
10-30 07:21:00.091  2580  2595 V APM_AudioPolicyManager: selectOutputForMusicEffects selected output 13
10-30 07:21:00.091  2580  2595 V APM_AudioPolicyManager: getNewOutputDevices selected devices {type:0x2,@:}
10-30 07:21:00.091  2580  2595 V APM_AudioPolicyManager: setOutputDevices device {type:0x2,@:} delayMs 0
10-30 07:21:00.091  2580  2595 V APM_AudioPolicyManager: setOutputDevices() prevDevice {type:0x2,@:}
10-30 07:21:00.091  2580  2595 V APM_AudioPolicyManager: setOutputDevices: suppressing checkDeviceMuteStrategies
10-30 07:21:00.091  2580  2595 V APM_AudioPolicyManager: setOutputDevices setting same device {type:0x2,@:} or null device, force=0, patch handle=4
10-30 07:21:00.092  2580  2595 V AudioPolicyService: AudioCommandThread() going to sleep
10-30 07:21:00.092  1945  2548 V SoundPool: play returned 2712
10-30 07:21:00.101  1945  2521 V AudioSystem: ioConfigChanged() event 8
10-30 07:21:00.101  1945  2521 V AudioSystem: ioConfigChanged() AUDIO_CLIENT_STARTED  io 13 port 546 num callbacks 0
10-30 07:21:00.119  1945  5026 D WifiClientModeImpl[wlan0]: getConativeWiFiQualityStatus keep previous WifiQuailityInfo
10-30 07:21:00.160  2580  2617 V AF::Track: getNextBuffer(571): underrun,  framesReady(0) < framesDesired(236), state: 6
10-30 07:21:00.161  2580  2618 D AF::Track: presentationComplete(571): set: mPresentationCompleteFrames 398064 audioHalFrames 624
10-30 07:21:00.161  2580  2618 V AF::Track: presentationComplete(571): waiting framesWritten:397440  mPresentationCompleteFrames:398064
10-30 07:21:00.166  1945 19073 V AudioTrack: stop(546): prior state:STATE_ACTIVE
10-30 07:21:00.166  2580 26577 V AF::Track: stop(571): calling pid 1945
10-30 07:21:00.201  2580  2618 V AF::Track: presentationComplete(571): presentationComplete() mPresentationCompleteFrames 398064 framesWritten 399360
10-30 07:21:00.201  2580  2618 V AF::Track: presentationComplete(571): complete framesWritten:399360  mPresentationCompleteFrames:398064
10-30 07:21:00.208  2580  2618 V AudioPolicyService: AudioCommandThread() adding stop output portId 546
10-30 07:21:00.209  2580  2618 V AudioPolicyService: inserting command: 4 at index 0, num commands 0
10-30 07:21:00.210  2580  2595 V AudioPolicyService: AudioCommandThread() processing stop output portId 546
10-30 07:21:00.210  2580  2595 V APM_AudioPolicyManager: stopOutput() portId 546 output 13, stream 1, session 4681
10-30 07:21:00.210  2580  2595 V APM_AudioPolicyManager: setBeaconMute(1) mBeaconMuteRefCount=0 mBeaconPlayingRefCount=0
10-30 07:21:00.210  2580  2595 V APM_AudioPolicyManager: getNewOutputDevices selected devices AUDIO_DEVICE_NONE
10-30 07:21:00.211  2580  2595 V APM_AudioPolicyManager: setOutputDevices device AUDIO_DEVICE_NONE delayMs 106
10-30 07:21:00.211  2580  2595 V APM_AudioPolicyManager: setOutputDevices() prevDevice {type:0x2,@:}
10-30 07:21:00.214  2580  2595 V APM_AudioPolicyManager: setOutputDevices setting same device AUDIO_DEVICE_NONE or null device, force=0, patch handle=4
10-30 07:21:00.215  2580  2595 V APM_AudioPolicyManager: selectOutputForMusicEffects selected output 13
10-30 07:21:00.215  2580  2595 V AudioPolicyService: AudioCommandThread() going to sleep
10-30 07:21:00.506 19032 19032 I ViewInteraction: Performing 'single click' action on view view.getId() is <2131231081/com.example.lunchtray:id/next_button>
10-30 07:21:00.515  1945  2498 D InputTransport: channel '88633f0 com.example.lunchtray/com.example.lunchtray.MainActivity (server)' : action=ACTION_DOWN(0), id=0, displayId=0, tooltype=0, deviceId=-1, source=0x1002, flags=0x0, edgeFlags=0x0, metaState=0x0, buttonState=0x1, downTime=123855443000000, eventTime=123855443000000, pointerCount=1
10-30 07:21:00.515  1945  2498 D InputTransport: channel 'edge-swipe (server)' : action=ACTION_DOWN(0), id=0, displayId=0, tooltype=0, deviceId=-1, source=0x1002, flags=0x0, edgeFlags=0x0, metaState=0x0, buttonState=0x1, downTime=123855443000000, eventTime=123855443000000, pointerCount=1
10-30 07:21:00.516  1945  2498 D InputTransport: channel 'swipe-up (server)' : action=ACTION_DOWN(0), id=0, displayId=0, tooltype=0, deviceId=-1, source=0x1002, flags=0x0, edgeFlags=0x0, metaState=0x0, buttonState=0x1, downTime=123855443000000, eventTime=123855443000000, pointerCount=1
10-30 07:21:00.516  1945  2498 D InputTransport: channel 'swipe-up (server)' : action=ACTION_DOWN(0), id=0, displayId=0, tooltype=0, deviceId=-1, source=0x1002, flags=0x0, edgeFlags=0x0, metaState=0x0, buttonState=0x1, downTime=123855443000000, eventTime=123855443000000, pointerCount=1
10-30 07:21:00.516  1945  2498 D InputTransport: channel 'swipe-up (server)' : action=ACTION_DOWN(0), id=0, displayId=0, tooltype=0, deviceId=-1, source=0x1002, flags=0x0, edgeFlags=0x0, metaState=0x0, buttonState=0x1, downTime=123855443000000, eventTime=123855443000000, pointerCount=1
10-30 07:21:00.516  1945  2498 D InputTransport: channel 'swipe-up (server)' : action=ACTION_DOWN(0), id=0, displayId=0, tooltype=0, deviceId=-1, source=0x1002, flags=0x0, edgeFlags=0x0, metaState=0x0, buttonState=0x1, downTime=123855443000000, eventTime=123855443000000, pointerCount=1
10-30 07:21:00.516  1945  2498 D InputTransport: channel 'PointerEventDispatcher0 (server)' : action=ACTION_DOWN(0), id=0, displayId=0, tooltype=0, deviceId=-1, source=0x1002, flags=0x0, edgeFlags=0x0, metaState=0x0, buttonState=0x1, downTime=123855443000000, eventTime=123855443000000, pointerCount=1
10-30 07:21:00.597  1945  2498 D InputTransport: channel '88633f0 com.example.lunchtray/com.example.lunchtray.MainActivity (server)' : action=ACTION_UP(0), id=0, displayId=0, tooltype=1, deviceId=-1, source=0x1002, flags=0x0, edgeFlags=0x0, metaState=0x0, buttonState=0x1, downTime=123855443000000, eventTime=123855526000000, pointerCount=1
10-30 07:21:00.597  1945  2498 D InputTransport: channel 'edge-swipe (server)' : action=ACTION_UP(0), id=0, displayId=0, tooltype=1, deviceId=-1, source=0x1002, flags=0x0, edgeFlags=0x0, metaState=0x0, buttonState=0x1, downTime=123855443000000, eventTime=123855526000000, pointerCount=1
10-30 07:21:00.597  1945  2498 D InputTransport: channel 'swipe-up (server)' : action=ACTION_UP(0), id=0, displayId=0, tooltype=1, deviceId=-1, source=0x1002, flags=0x0, edgeFlags=0x0, metaState=0x0, buttonState=0x1, downTime=123855443000000, eventTime=123855526000000, pointerCount=1
10-30 07:21:00.597  1945  2498 D InputTransport: channel 'swipe-up (server)' : action=ACTION_UP(0), id=0, displayId=0, tooltype=1, deviceId=-1, source=0x1002, flags=0x0, edgeFlags=0x0, metaState=0x0, buttonState=0x1, downTime=123855443000000, eventTime=123855526000000, pointerCount=1
10-30 07:21:00.598  1945  2498 D InputTransport: channel 'swipe-up (server)' : action=ACTION_UP(0), id=0, displayId=0, tooltype=1, deviceId=-1, source=0x1002, flags=0x0, edgeFlags=0x0, metaState=0x0, buttonState=0x1, downTime=123855443000000, eventTime=123855526000000, pointerCount=1
10-30 07:21:00.598  1945  2498 D InputTransport: channel 'swipe-up (server)' : action=ACTION_UP(0), id=0, displayId=0, tooltype=1, deviceId=-1, source=0x1002, flags=0x0, edgeFlags=0x0, metaState=0x0, buttonState=0x1, downTime=123855443000000, eventTime=123855526000000, pointerCount=1
10-30 07:21:00.598  1945  2498 D InputTransport: channel 'PointerEventDispatcher0 (server)' : action=ACTION_UP(0), id=0, displayId=0, tooltype=1, deviceId=-1, source=0x1002, flags=0x0, edgeFlags=0x0, metaState=0x0, buttonState=0x1, downTime=123855443000000, eventTime=123855526000000, pointerCount=1
10-30 07:21:00.606 19032 19032 I View    : PerformClick: com.google.android.material.button.MaterialButton{7690b14 VFED..C.. ...p..ID 561,1458-1038,1584 #7f080169 app:id/next_button}
10-30 07:21:00.606 19032 19032 I View    : MotionEvent.ACTION_UP: mPrivateFlags: -2128590800,   mHasPerformedLongPress: false,   mIgnoreNextUpEvent: false
10-30 07:21:00.632  1363 18506 D sensors_hal_accel: handle_sns_client_event:446, accel_sample(accelcal_available:0): ts=285445639818457 ns; value = [0.161668, -0.025285, 9.806290], status=3
10-30 07:21:00.633  1945  2548 V SoundPool: play(soundID=1, leftVolume=1.000000, rightVolume=1.000000, priority=0, loop=0, rate=1.000000)
10-30 07:21:00.635  1945  2548 V AudioTrack: setSampleRate(546): prior state:STATE_STOPPED rate:48000
10-30 07:21:00.635  1945  2548 V AudioTrack: start(546): prior state:STATE_STOPPED
10-30 07:21:00.635  1945  2548 V AudioTrack: start(546): server read:-822284  cumulative flushed:0  client written:0
10-30 07:21:00.636  2580 26577 V AF::Track: start(571): calling pid 1945 session 4681
10-30 07:21:00.636  2580 26577 V AudioPolicyService: AudioCommandThread() adding start output portId 546
10-30 07:21:00.637  2580 26577 V AudioPolicyService: inserting command: 3 at index 0, num commands 0
10-30 07:21:00.637  2580  2595 V AudioPolicyService: AudioCommandThread() processing start output portId 546
10-30 07:21:00.637  2580  2595 D APM_AudioPolicyManager: startOutput portId 546 output primary->(primary output)(13), stream 1, session 4681
10-30 07:21:00.638  2580  2595 V APM_AudioPolicyManager: setBeaconMute(1) mBeaconMuteRefCount=1 mBeaconPlayingRefCount=0
10-30 07:21:00.638  2580  2595 V APM_AudioPolicyManager: selectOutputForMusicEffects selected output 13
10-30 07:21:00.638  2580  2595 V APM_AudioPolicyManager: getNewOutputDevices selected devices {type:0x2,@:}
10-30 07:21:00.638  2580  2595 V APM_AudioPolicyManager: setOutputDevices device {type:0x2,@:} delayMs 0
10-30 07:21:00.639  2580  2595 V APM_AudioPolicyManager: setOutputDevices() prevDevice {type:0x2,@:}
10-30 07:21:00.639  2580  2595 V APM_AudioPolicyManager: setOutputDevices: suppressing checkDeviceMuteStrategies
10-30 07:21:00.639  2580  2595 V APM_AudioPolicyManager: setOutputDevices setting same device {type:0x2,@:} or null device, force=0, patch handle=4
10-30 07:21:00.639  2580  2595 V AudioPolicyService: AudioCommandThread() going to sleep
10-30 07:21:00.640  1945  2548 V SoundPool: play returned 2713
10-30 07:21:00.643  1945  3374 V AudioSystem: ioConfigChanged() event 8
10-30 07:21:00.643  1945  3374 V AudioSystem: ioConfigChanged() AUDIO_CLIENT_STARTED  io 13 port 546 num callbacks 0
10-30 07:21:00.700  2580  2617 V AF::Track: getNextBuffer(571): underrun,  framesReady(0) < framesDesired(236), state: 6
10-30 07:21:00.703  2580  2618 D AF::Track: presentationComplete(571): set: mPresentationCompleteFrames 423984 audioHalFrames 624
10-30 07:21:00.703  2580  2618 V AF::Track: presentationComplete(571): waiting framesWritten:423360  mPresentationCompleteFrames:423984
10-30 07:21:00.710  1945 19073 V AudioTrack: stop(546): prior state:STATE_ACTIVE
10-30 07:21:00.711  2580 26577 V AF::Track: stop(571): calling pid 1945
10-30 07:21:00.743  2580  2618 V AF::Track: presentationComplete(571): presentationComplete() mPresentationCompleteFrames 423984 framesWritten 425280
10-30 07:21:00.744  2580  2618 V AF::Track: presentationComplete(571): complete framesWritten:425280  mPresentationCompleteFrames:423984
10-30 07:21:00.750  2580  2618 V AudioPolicyService: AudioCommandThread() adding stop output portId 546
10-30 07:21:00.751  2580  2618 V AudioPolicyService: inserting command: 4 at index 0, num commands 0
10-30 07:21:00.752  2580  2595 V AudioPolicyService: AudioCommandThread() processing stop output portId 546
10-30 07:21:00.752  2580  2595 V APM_AudioPolicyManager: stopOutput() portId 546 output 13, stream 1, session 4681
10-30 07:21:00.752  2580  2595 V APM_AudioPolicyManager: setBeaconMute(1) mBeaconMuteRefCount=0 mBeaconPlayingRefCount=0
10-30 07:21:00.752  2580  2595 V APM_AudioPolicyManager: getNewOutputDevices selected devices AUDIO_DEVICE_NONE
10-30 07:21:00.752  2580  2595 V APM_AudioPolicyManager: setOutputDevices device AUDIO_DEVICE_NONE delayMs 106
10-30 07:21:00.752  2580  2595 V APM_AudioPolicyManager: setOutputDevices() prevDevice {type:0x2,@:}
10-30 07:21:00.756  2580  2595 V APM_AudioPolicyManager: setOutputDevices setting same device AUDIO_DEVICE_NONE or null device, force=0, patch handle=4
10-30 07:21:00.756  2580  2595 V APM_AudioPolicyManager: selectOutputForMusicEffects selected output 13
10-30 07:21:00.756  2580  2595 V AudioPolicyService: AudioCommandThread() going to sleep
10-30 07:21:01.032 19032 19041 W ample.lunchtra: Cleared Reference was only reachable from finalizer (only reported once)
10-30 07:21:01.060 19032 19032 I ViewInteraction: Performing 'single click' action on view view.getId() is <2131231138/com.example.lunchtray:id/salad>
10-30 07:21:01.065  1945  2498 D InputTransport: channel '88633f0 com.example.lunchtray/com.example.lunchtray.MainActivity (server)' : action=ACTION_DOWN(0), id=0, displayId=0, tooltype=0, deviceId=-1, source=0x1002, flags=0x0, edgeFlags=0x0, metaState=0x0, buttonState=0x1, downTime=123855994000000, eventTime=123855994000000, pointerCount=1
10-30 07:21:01.066  1945  2498 D InputTransport: channel 'edge-swipe (server)' : action=ACTION_DOWN(0), id=0, displayId=0, tooltype=0, deviceId=-1, source=0x1002, flags=0x0, edgeFlags=0x0, metaState=0x0, buttonState=0x1, downTime=123855994000000, eventTime=123855994000000, pointerCount=1
10-30 07:21:01.066  1945  2498 D InputTransport: channel 'swipe-up (server)' : action=ACTION_DOWN(0), id=0, displayId=0, tooltype=0, deviceId=-1, source=0x1002, flags=0x0, edgeFlags=0x0, metaState=0x0, buttonState=0x1, downTime=123855994000000, eventTime=123855994000000, pointerCount=1
10-30 07:21:01.066  1945  2498 D InputTransport: channel 'swipe-up (server)' : action=ACTION_DOWN(0), id=0, displayId=0, tooltype=0, deviceId=-1, source=0x1002, flags=0x0, edgeFlags=0x0, metaState=0x0, buttonState=0x1, downTime=123855994000000, eventTime=123855994000000, pointerCount=1
10-30 07:21:01.066  1945  2498 D InputTransport: channel 'swipe-up (server)' : action=ACTION_DOWN(0), id=0, displayId=0, tooltype=0, deviceId=-1, source=0x1002, flags=0x0, edgeFlags=0x0, metaState=0x0, buttonState=0x1, downTime=123855994000000, eventTime=123855994000000, pointerCount=1
10-30 07:21:01.066  1945  2498 D InputTransport: channel 'swipe-up (server)' : action=ACTION_DOWN(0), id=0, displayId=0, tooltype=0, deviceId=-1, source=0x1002, flags=0x0, edgeFlags=0x0, metaState=0x0, buttonState=0x1, downTime=123855994000000, eventTime=123855994000000, pointerCount=1
10-30 07:21:01.066  1945  2498 D InputTransport: channel 'PointerEventDispatcher0 (server)' : action=ACTION_DOWN(0), id=0, displayId=0, tooltype=0, deviceId=-1, source=0x1002, flags=0x0, edgeFlags=0x0, metaState=0x0, buttonState=0x1, downTime=123855994000000, eventTime=123855994000000, pointerCount=1
10-30 07:21:01.121  1945  5020 D WifiClientModeImpl[wlan0]: getConativeWiFiQualityStatus keep previous WifiQuailityInfo
10-30 07:21:01.144  1945  2498 D InputTransport: channel '88633f0 com.example.lunchtray/com.example.lunchtray.MainActivity (server)' : action=ACTION_UP(0), id=0, displayId=0, tooltype=1, deviceId=-1, source=0x1002, flags=0x0, edgeFlags=0x0, metaState=0x0, buttonState=0x1, downTime=123855994000000, eventTime=123856075000000, pointerCount=1
10-30 07:21:01.144  1363  1363 D Sensor_Sarcontroller: en path : /sys/devices/virtual/input/lge_sar_rf/onoff
10-30 07:21:01.145  1945  2498 D InputTransport: channel 'edge-swipe (server)' : action=ACTION_UP(0), id=0, displayId=0, tooltype=1, deviceId=-1, source=0x1002, flags=0x0, edgeFlags=0x0, metaState=0x0, buttonState=0x1, downTime=123855994000000, eventTime=123856075000000, pointerCount=1
10-30 07:21:01.145  1945  2498 D InputTransport: channel 'swipe-up (server)' : action=ACTION_UP(0), id=0, displayId=0, tooltype=1, deviceId=-1, source=0x1002, flags=0x0, edgeFlags=0x0, metaState=0x0, buttonState=0x1, downTime=123855994000000, eventTime=123856075000000, pointerCount=1
10-30 07:21:01.145  1945  2498 D InputTransport: channel 'swipe-up (server)' : action=ACTION_UP(0), id=0, displayId=0, tooltype=1, deviceId=-1, source=0x1002, flags=0x0, edgeFlags=0x0, metaState=0x0, buttonState=0x1, downTime=123855994000000, eventTime=123856075000000, pointerCount=1
10-30 07:21:01.145  1945  2498 D InputTransport: channel 'swipe-up (server)' : action=ACTION_UP(0), id=0, displayId=0, tooltype=1, deviceId=-1, source=0x1002, flags=0x0, edgeFlags=0x0, metaState=0x0, buttonState=0x1, downTime=123855994000000, eventTime=123856075000000, pointerCount=1
10-30 07:21:01.145  1363  1363 D Sensor_Sarcontroller: sar controller en = 1
10-30 07:21:01.145  1945  2498 D InputTransport: channel 'swipe-up (server)' : action=ACTION_UP(0), id=0, displayId=0, tooltype=1, deviceId=-1, source=0x1002, flags=0x0, edgeFlags=0x0, metaState=0x0, buttonState=0x1, downTime=123855994000000, eventTime=123856075000000, pointerCount=1
10-30 07:21:01.145  1945  2498 D InputTransport: channel 'PointerEventDispatcher0 (server)' : action=ACTION_UP(0), id=0, displayId=0, tooltype=1, deviceId=-1, source=0x1002, flags=0x0, edgeFlags=0x0, metaState=0x0, buttonState=0x1, downTime=123855994000000, eventTime=123856075000000, pointerCount=1
10-30 07:21:01.145  1363  2445 D Sensor_InputReader: nread 48
10-30 07:21:01.145  1363  2445 I Sensor_InputReader: numEventsRead 0
10-30 07:21:01.145  1363  2445 D Sensor_Sarcontroller: readEvents: first event
10-30 07:21:01.150 19032 19032 I View    : PerformClick: com.google.android.material.radiobutton.MaterialRadioButton{f89f204 VFED..C.. ...p..ID 0,0-399,126 #7f0801a2 app:id/salad}
10-30 07:21:01.150 19032 19032 I View    : MotionEvent.ACTION_UP: mPrivateFlags: -2128590800,   mHasPerformedLongPress: false,   mIgnoreNextUpEvent: false
10-30 07:21:01.185  1945  2548 V SoundPool: play(soundID=1, leftVolume=1.000000, rightVolume=1.000000, priority=0, loop=0, rate=1.000000)
10-30 07:21:01.186  1945  2548 V AudioTrack: setSampleRate(546): prior state:STATE_STOPPED rate:48000
10-30 07:21:01.186  1945  2548 V AudioTrack: start(546): prior state:STATE_STOPPED
10-30 07:21:01.186  1945  2548 V AudioTrack: start(546): server read:-824928  cumulative flushed:0  client written:0
10-30 07:21:01.187  2580 26577 V AF::Track: start(571): calling pid 1945 session 4681
10-30 07:21:01.187  2580 26577 V AudioPolicyService: AudioCommandThread() adding start output portId 546
10-30 07:21:01.188  2580 26577 V AudioPolicyService: inserting command: 3 at index 0, num commands 0
10-30 07:21:01.188  2580  2595 V AudioPolicyService: AudioCommandThread() processing start output portId 546
10-30 07:21:01.188  2580  2595 D APM_AudioPolicyManager: startOutput portId 546 output primary->(primary output)(13), stream 1, session 4681
10-30 07:21:01.188  2580  2595 V APM_AudioPolicyManager: setBeaconMute(1) mBeaconMuteRefCount=1 mBeaconPlayingRefCount=0
10-30 07:21:01.189  2580  2595 V APM_AudioPolicyManager: selectOutputForMusicEffects selected output 13
10-30 07:21:01.189  2580  2595 V APM_AudioPolicyManager: getNewOutputDevices selected devices {type:0x2,@:}
10-30 07:21:01.189  2580  2595 V APM_AudioPolicyManager: setOutputDevices device {type:0x2,@:} delayMs 0
