10-30 07:20:59.248 19032 19053 I TestRunner: started: subtotal_updates_in_full_order_flow(com.example.lunchtray.OrderFunctionalityTests)
10-30 07:20:59.252 19032 19053 W Settings: Setting always_finish_activities has moved from android.provider.Settings.System to android.provider.Settings.Global, returning read-only value.
10-30 07:20:59.253  1499  1499 I SurfaceFlinger: Remove EffectLayer(0x731807d0f0) Surface(name=5efab5d NavigationBar0)/@0xb1951a3 - animation-leash of insets_animation#0 (parent=none)
10-30 07:20:59.253  1499  1499 I SurfaceFlinger: Remove EffectLayer(0x731808e250) Surface(name=dcb9bf0 StatusBar)/@0xac9fa55 - animation-leash of insets_animation#1 (parent=none)
10-30 07:20:59.253  1499  1499 I SurfaceFlinger: Remove EffectLayer(0x731809f3b0) Surface(name=5efab5d NavigationBar0)/@0xb1951a3 - animation-leash of insets_animation#1 (parent=none)
10-30 07:20:59.253  1499  1499 I SurfaceFlinger: Remove EffectLayer(0x73180d27d0) Surface(name=dcb9bf0 StatusBar)/@0xac9fa55 - animation-leash of insets_animation#0 (parent=none)
10-30 07:20:59.253  1499  1499 D Layer   : Destroy Surface(name=5efab5d NavigationBar0)/@0xb1951a3 - animation-leash of insets_animation#0(0x731807d0f0)
10-30 07:20:59.254  1499  1499 D Layer   : Destroy Surface(name=dcb9bf0 StatusBar)/@0xac9fa55 - animation-leash of insets_animation#1(0x731808e250)
10-30 07:20:59.254  1499  1499 D Layer   : Destroy Surface(name=5efab5d NavigationBar0)/@0xb1951a3 - animation-leash of insets_animation#1(0x731809f3b0)
10-30 07:20:59.254  1499  1499 D Layer   : Destroy Surface(name=dcb9bf0 StatusBar)/@0xac9fa55 - animation-leash of insets_animation#0(0x73180d27d0)
10-30 07:20:59.259  1499  3633 D SurfaceFlinger: Create EffectLayer(0x731808e250) Task=902#0
10-30 07:20:59.259  1673  1699 I PowerRM : System FW:1 IC:0 SO:0 GT:0 CAPP:-1 APP:0
10-30 07:20:59.259  1673  1699 I PowerRM : FIA lock1 locked
10-30 07:20:59.259  1673  1699 E PRM_CONFIG_Parser: get_custom_config not found
10-30 07:20:59.261  1499  3633 D SurfaceFlinger: Create ContainerLayer(0x731807d0f0) ActivityRecord{17109fc u0 com.example.lunchtray/androidx.test.core.app.InstrumentationActivityInvoker$BootstrapActivity t902}#0
10-30 07:20:59.262  3488  3488 I [LGHome6]Launcher: onTopResumedActivityChanged state = false
10-30 07:20:59.264  2756  3836 I GameToolsControllerService: game removed from map {}
10-30 07:20:59.265  1499  1532 D SurfaceFlinger: Create EffectLayer(0x73180636e0) Surface(name=5efab5d NavigationBar0)/@0xb1951a3 - animation-leash of insets_animation#0
10-30 07:20:59.266  1499  3633 D SurfaceFlinger: Create EffectLayer(0x7318041420) Surface(name=dcb9bf0 StatusBar)/@0xac9fa55 - animation-leash of insets_animation#0
10-30 07:20:59.270  2756  2756 D Bubbles : onTaskMovedToFront(), taskInfo = 902
10-30 07:20:59.271  1499  1499 I SurfaceFlinger: Remove EffectLayer(0x7318088730) Surface(name=dcb9bf0 StatusBar)/@0xac9fa55 - animation-leash of insets_animation#1 (parent=none)
10-30 07:20:59.271  1499  1499 I SurfaceFlinger: Remove EffectLayer(0x73180a7c60) Surface(name=5efab5d NavigationBar0)/@0xb1951a3 - animation-leash of insets_animation#1 (parent=none)
10-30 07:20:59.271  2756  2756 D NavigationModeController: getCurrentUserContext: contextUser=0 currentUser=0
10-30 07:20:59.271  1499  3633 D SurfaceFlinger: Create ContainerLayer(0x73180d5560) 5c5f33d Splash Screen com.example.lunchtray#0
10-30 07:20:59.273  2756  2902 I TouchFilterInputStageHelper: [needTouchEventFilter] Displayid : 0
10-30 07:20:59.274  3097 16942 D RoundCornerMask: metaData is null
10-30 07:20:59.274  3488  3488 I [LGHome6]LauncherCallbacksImpl: Launcher.onPause // 9.60.21(96002100) this:com.lge.launcher3.LauncherExtension$LauncherCallbacksImpl@fcfd6f7
10-30 07:20:59.276  2756  3836 D StatusBar: mainDisplayTopActivityComponentName : ComponentInfo{com.example.lunchtray/androidx.test.core.app.InstrumentationActivityInvoker$BootstrapActivity}
10-30 07:20:59.281  5181  5181 D GameToolsWindow: getTopActivityAsDisplay : 0
10-30 07:20:59.281  5181 22893 D TopPackageTracker: activityChanged callMethod=1 packageName=com.example.lunchtray displayid=0
10-30 07:20:59.281  5181 22893 D TopPackageTracker: activityChanged callMethod=1 packageName=com.example.lunchtray displayid=0
10-30 07:20:59.282  5181  5181 I GameToolsService: no game is running, stop everything
10-30 07:20:59.282  5181  5181 I GameToolsWindow: forceHide, Game is Not Running
10-30 07:20:59.282  1499  3633 D SurfaceFlinger: Create EffectLayer(0x73180cfa40) Surface(name=5efab5d NavigationBar0)/@0xb1951a3 - animation-leash of insets_animation#1
10-30 07:20:59.283  1499  3633 D SurfaceFlinger: Create EffectLayer(0x731808b4c0) Surface(name=dcb9bf0 StatusBar)/@0xac9fa55 - animation-leash of insets_animation#1
10-30 07:20:59.284  5181  5181 I GameToolsDBManager: DB changed to: false
10-30 07:20:59.286  1945  9640 W ActivityManager: Sending non-protected broadcast com.sld.stop_game from system 3097:com.lge.systemserver/1000 pkg com.lge.systemservice
10-30 07:20:59.286  1945  9640 W ActivityManager: Sending non-protected broadcast com.sld.stop_game from system 3097:com.lge.systemserver/1000 pkg com.lge.systemservice
10-30 07:20:59.287  1499  1499 I SurfaceFlinger: Remove EffectLayer(0x7318041420) Surface(name=dcb9bf0 StatusBar)/@0xac9fa55 - animation-leash of insets_animation#0 (parent=none)
10-30 07:20:59.287  1499  1499 I SurfaceFlinger: Remove EffectLayer(0x73180636e0) Surface(name=5efab5d NavigationBar0)/@0xb1951a3 - animation-leash of insets_animation#0 (parent=none)
10-30 07:20:59.290  3097 16942 D RoundCornerMask: metaData is null
10-30 07:20:59.292  1499  3662 D SurfaceFlinger: Create EffectLayer(0x73180d27d0) Surface(name=5efab5d NavigationBar0)/@0xb1951a3 - animation-leash of insets_animation#0
10-30 07:20:59.293  1499  2493 D SurfaceFlinger: Create EffectLayer(0x731807fe80) Surface(name=dcb9bf0 StatusBar)/@0xac9fa55 - animation-leash of insets_animation#0
10-30 07:20:59.296  3097 16942 D RoundCornerMask: metaData is null
10-30 07:20:59.297  2756  2756 I StatusBar: updateStatusBarColor(): mApplyNotchStatusBar=false delay=true isPort=true
10-30 07:20:59.297  1499  3633 D SurfaceFlinger: Create EffectLayer(0x731807a360) Surface(name=5efab5d NavigationBar0)/@0xb1951a3 - animation-leash of insets_animation#0
10-30 07:20:59.298  1499  3633 D SurfaceFlinger: Create EffectLayer(0x7318074840) Surface(name=dcb9bf0 StatusBar)/@0xac9fa55 - animation-leash of insets_animation#0
10-30 07:20:59.298  2756  3836 I GameToolsControllerService: game removed from map {}
10-30 07:20:59.300  2756  2902 D HandGripFilter: getdisplaysize, x : 1080 y : 2460
10-30 07:20:59.300 19032 19032 D LifecycleMonitor: Lifecycle status change: androidx.test.core.app.InstrumentationActivityInvoker$BootstrapActivity@bc35ab0 in: PRE_ON_CREATE
10-30 07:20:59.300 19032 19032 V ActivityScenario: Activity lifecycle changed event received but ignored because the intent does not match. startActivityIntent=Intent { act=android.intent.action.MAIN cat=[android.intent.category.LAUNCHER] cmp=com.example.lunchtray/androidx.fragment.app.testing.FragmentScenario$EmptyFragmentActivity (has extras) }, activity.getIntent()=Intent { act=android.intent.action.MAIN cat=[android.intent.category.LAUNCHER] flg=0x10008000 cmp=com.example.lunchtray/androidx.test.core.app.InstrumentationActivityInvoker$BootstrapActivity (has extras) }, activity=androidx.test.core.app.InstrumentationActivityInvoker$BootstrapActivity@bc35ab0
10-30 07:20:59.300  3097  3097 D SLD     : DRM IS OFF STOP
10-30 07:20:59.300 19032 19032 V ActivityScenario: Activity lifecycle changed event received but ignored because the intent does not match. startActivityIntent=Intent { act=android.intent.action.MAIN cat=[android.intent.category.LAUNCHER] cmp=com.example.lunchtray/.MainActivity }, activity.getIntent()=Intent { act=android.intent.action.MAIN cat=[android.intent.category.LAUNCHER] flg=0x10008000 cmp=com.example.lunchtray/androidx.test.core.app.InstrumentationActivityInvoker$BootstrapActivity (has extras) }, activity=androidx.test.core.app.InstrumentationActivityInvoker$BootstrapActivity@bc35ab0
10-30 07:20:59.300 19032 19032 V ActivityScenario: Activity lifecycle changed event received but ignored because the intent does not match. startActivityIntent=Intent { act=android.intent.action.MAIN cat=[android.intent.category.LAUNCHER] cmp=com.example.lunchtray/.MainActivity }, activity.getIntent()=Intent { act=android.intent.action.MAIN cat=[android.intent.category.LAUNCHER] flg=0x10008000 cmp=com.example.lunchtray/androidx.test.core.app.InstrumentationActivityInvoker$BootstrapActivity (has extras) }, activity=androidx.test.core.app.InstrumentationActivityInvoker$BootstrapActivity@bc35ab0
10-30 07:20:59.301  1499  2493 D SurfaceFlinger: Create BufferStateLayer(0x7317ff45f0) Splash Screen com.example.lunchtray@2756#0
10-30 07:20:59.301  3097 16942 D RoundCornerMask: metaData is null
10-30 07:20:59.303  1499  2493 D SurfaceFlinger: Create EffectLayer(0x731809c620) Surface(name=5efab5d NavigationBar0)/@0xb1951a3 - animation-leash of insets_animation#0
10-30 07:20:59.303  1499  2493 D SurfaceFlinger: Create EffectLayer(0x73180cccb0) Surface(name=dcb9bf0 StatusBar)/@0xac9fa55 - animation-leash of insets_animation#1
10-30 07:20:59.304  1499  1499 I SurfaceFlinger: Remove EffectLayer(0x7318041420) Surface(name=dcb9bf0 StatusBar)/@0xac9fa55 - animation-leash of insets_animation#0 (parent=none)
10-30 07:20:59.304  1499  1499 I SurfaceFlinger: Remove EffectLayer(0x73180636e0) Surface(name=5efab5d NavigationBar0)/@0xb1951a3 - animation-leash of insets_animation#0 (parent=none)
10-30 07:20:59.304  1499  1499 I SurfaceFlinger: Remove EffectLayer(0x731807fe80) Surface(name=dcb9bf0 StatusBar)/@0xac9fa55 - animation-leash of insets_animation#0 (parent=none)
10-30 07:20:59.304  1499  1499 I SurfaceFlinger: Remove EffectLayer(0x7318088730) Surface(name=dcb9bf0 StatusBar)/@0xac9fa55 - animation-leash of insets_animation#1 (parent=none)
10-30 07:20:59.304  1499  1499 I SurfaceFlinger: Remove EffectLayer(0x731808b4c0) Surface(name=dcb9bf0 StatusBar)/@0xac9fa55 - animation-leash of insets_animation#1 (parent=none)
10-30 07:20:59.304  1499  1499 I SurfaceFlinger: Remove EffectLayer(0x73180a7c60) Surface(name=5efab5d NavigationBar0)/@0xb1951a3 - animation-leash of insets_animation#1 (parent=none)
10-30 07:20:59.304  1499  1499 I SurfaceFlinger: Remove EffectLayer(0x73180cfa40) Surface(name=5efab5d NavigationBar0)/@0xb1951a3 - animation-leash of insets_animation#1 (parent=none)
10-30 07:20:59.304  1499  1499 I SurfaceFlinger: Remove EffectLayer(0x73180d27d0) Surface(name=5efab5d NavigationBar0)/@0xb1951a3 - animation-leash of insets_animation#0 (parent=none)
10-30 07:20:59.304  1499  1499 D Layer   : Destroy Surface(name=dcb9bf0 StatusBar)/@0xac9fa55 - animation-leash of insets_animation#0(0x7318041420)
10-30 07:20:59.304  1499  1499 D Layer   : Destroy Surface(name=5efab5d NavigationBar0)/@0xb1951a3 - animation-leash of insets_animation#0(0x73180636e0)
10-30 07:20:59.304  1499  1499 D Layer   : Destroy Surface(name=dcb9bf0 StatusBar)/@0xac9fa55 - animation-leash of insets_animation#0(0x731807fe80)
10-30 07:20:59.304  1499  1499 D Layer   : Destroy Surface(name=dcb9bf0 StatusBar)/@0xac9fa55 - animation-leash of insets_animation#1(0x7318088730)
10-30 07:20:59.304  1499  1499 D Layer   : Destroy Surface(name=5efab5d NavigationBar0)/@0xb1951a3 - animation-leash of insets_animation#1(0x73180a7c60)
10-30 07:20:59.304  1499  1499 D Layer   : Destroy Surface(name=5efab5d NavigationBar0)/@0xb1951a3 - animation-leash of insets_animation#0(0x73180d27d0)
10-30 07:20:59.304  1499  1499 D Layer   : Destroy Surface(name=dcb9bf0 StatusBar)/@0xac9fa55 - animation-leash of insets_animation#1(0x731808b4c0)
10-30 07:20:59.304  1499  1499 D Layer   : Destroy Surface(name=5efab5d NavigationBar0)/@0xb1951a3 - animation-leash of insets_animation#1(0x73180cfa40)
10-30 07:20:59.305  1945  2521 D InputDispatcher: Window went away: b82c9e2 com.lge.launcher3/com.lge.launcher3.LauncherExtension
10-30 07:20:59.305  1945  2521 D InputDispatcher: Window went away: 61a7f75 com.lge.launcher3/com.lge.launcher3.LauncherExtension
10-30 07:20:59.307  2756  3836 D StatusBar: mainDisplayTopActivityComponentName : ComponentInfo{com.example.lunchtray/androidx.test.core.app.InstrumentationActivityInvoker$BootstrapActivity}
10-30 07:20:59.308  1499  1533 D SurfaceFlinger: Create EffectLayer(0x73180cfa40) Surface(name=5efab5d NavigationBar0)/@0xb1951a3 - animation-leash of insets_animation#1
10-30 07:20:59.308  1499  3633 D SurfaceFlinger: Create EffectLayer(0x73180d27d0) Surface(name=dcb9bf0 StatusBar)/@0xac9fa55 - animation-leash of insets_animation#1
10-30 07:20:59.311 19032 19032 D LifecycleMonitor: Lifecycle status change: androidx.test.core.app.InstrumentationActivityInvoker$BootstrapActivity@bc35ab0 in: CREATED
10-30 07:20:59.311 19032 19032 V ActivityScenario: Activity lifecycle changed event received but ignored because the intent does not match. startActivityIntent=Intent { act=android.intent.action.MAIN cat=[android.intent.category.LAUNCHER] cmp=com.example.lunchtray/androidx.fragment.app.testing.FragmentScenario$EmptyFragmentActivity (has extras) }, activity.getIntent()=Intent { act=android.intent.action.MAIN cat=[android.intent.category.LAUNCHER] flg=0x10008000 cmp=com.example.lunchtray/androidx.test.core.app.InstrumentationActivityInvoker$BootstrapActivity (has extras) }, activity=androidx.test.core.app.InstrumentationActivityInvoker$BootstrapActivity@bc35ab0
10-30 07:20:59.311 19032 19032 V ActivityScenario: Activity lifecycle changed event received but ignored because the intent does not match. startActivityIntent=Intent { act=android.intent.action.MAIN cat=[android.intent.category.LAUNCHER] cmp=com.example.lunchtray/.MainActivity }, activity.getIntent()=Intent { act=android.intent.action.MAIN cat=[android.intent.category.LAUNCHER] flg=0x10008000 cmp=com.example.lunchtray/androidx.test.core.app.InstrumentationActivityInvoker$BootstrapActivity (has extras) }, activity=androidx.test.core.app.InstrumentationActivityInvoker$BootstrapActivity@bc35ab0
10-30 07:20:59.312 19032 19032 V ActivityScenario: Activity lifecycle changed event received but ignored because the intent does not match. startActivityIntent=Intent { act=android.intent.action.MAIN cat=[android.intent.category.LAUNCHER] cmp=com.example.lunchtray/.MainActivity }, activity.getIntent()=Intent { act=android.intent.action.MAIN cat=[android.intent.category.LAUNCHER] flg=0x10008000 cmp=com.example.lunchtray/androidx.test.core.app.InstrumentationActivityInvoker$BootstrapActivity (has extras) }, activity=androidx.test.core.app.InstrumentationActivityInvoker$BootstrapActivity@bc35ab0
10-30 07:20:59.312  1499  1533 D SurfaceFlinger: Create EffectLayer(0x731808b4c0) Surface(name=5efab5d NavigationBar0)/@0xb1951a3 - animation-leash of insets_animation#1
10-30 07:20:59.313 19032 19032 D LifecycleMonitor: Lifecycle status change: androidx.test.core.app.InstrumentationActivityInvoker$BootstrapActivity@bc35ab0 in: STARTED
10-30 07:20:59.313 19032 19032 V ActivityScenario: Activity lifecycle changed event received but ignored because the intent does not match. startActivityIntent=Intent { act=android.intent.action.MAIN cat=[android.intent.category.LAUNCHER] cmp=com.example.lunchtray/androidx.fragment.app.testing.FragmentScenario$EmptyFragmentActivity (has extras) }, activity.getIntent()=Intent { act=android.intent.action.MAIN cat=[android.intent.category.LAUNCHER] flg=0x10008000 cmp=com.example.lunchtray/androidx.test.core.app.InstrumentationActivityInvoker$BootstrapActivity (has extras) }, activity=androidx.test.core.app.InstrumentationActivityInvoker$BootstrapActivity@bc35ab0
10-30 07:20:59.313  1499  1533 D SurfaceFlinger: Create EffectLayer(0x73180a7c60) Surface(name=dcb9bf0 StatusBar)/@0xac9fa55 - animation-leash of insets_animation#1
10-30 07:20:59.313 19032 19032 V ActivityScenario: Activity lifecycle changed event received but ignored because the intent does not match. startActivityIntent=Intent { act=android.intent.action.MAIN cat=[android.intent.category.LAUNCHER] cmp=com.example.lunchtray/.MainActivity }, activity.getIntent()=Intent { act=android.intent.action.MAIN cat=[android.intent.category.LAUNCHER] flg=0x10008000 cmp=com.example.lunchtray/androidx.test.core.app.InstrumentationActivityInvoker$BootstrapActivity (has extras) }, activity=androidx.test.core.app.InstrumentationActivityInvoker$BootstrapActivity@bc35ab0
10-30 07:20:59.313 19032 19032 V ActivityScenario: Activity lifecycle changed event received but ignored because the intent does not match. startActivityIntent=Intent { act=android.intent.action.MAIN cat=[android.intent.category.LAUNCHER] cmp=com.example.lunchtray/.MainActivity }, activity.getIntent()=Intent { act=android.intent.action.MAIN cat=[android.intent.category.LAUNCHER] flg=0x10008000 cmp=com.example.lunchtray/androidx.test.core.app.InstrumentationActivityInvoker$BootstrapActivity (has extras) }, activity=androidx.test.core.app.InstrumentationActivityInvoker$BootstrapActivity@bc35ab0
10-30 07:20:59.317  1499  1533 D SurfaceFlinger: Create ContainerLayer(0x7318088730) ActivityRecord{5365692 u0 com.example.lunchtray/.MainActivity t902}#0
10-30 07:20:59.319  1673  1699 I PowerRM : System FW:1 IC:0 SO:0 GT:0 CAPP:-1 APP:0
10-30 07:20:59.319  1673  1699 E PRM_CONFIG_Parser: get_custom_config not found
10-30 07:20:59.320  1499  1533 D SurfaceFlinger: Create EffectLayer(0x731807fe80) Surface(name=5efab5d NavigationBar0)/@0xb1951a3 - animation-leash of insets_animation#0
10-30 07:20:59.321  1499  1499 I SurfaceFlinger: Remove EffectLayer(0x7318074840) Surface(name=dcb9bf0 StatusBar)/@0xac9fa55 - animation-leash of insets_animation#0 (parent=none)
10-30 07:20:59.321  1499  1499 I SurfaceFlinger: Remove EffectLayer(0x731807a360) Surface(name=5efab5d NavigationBar0)/@0xb1951a3 - animation-leash of insets_animation#0 (parent=none)
10-30 07:20:59.321  1499  1499 I SurfaceFlinger: Remove EffectLayer(0x731809c620) Surface(name=5efab5d NavigationBar0)/@0xb1951a3 - animation-leash of insets_animation#0 (parent=none)
10-30 07:20:59.321  1499  1499 I SurfaceFlinger: Remove EffectLayer(0x73180cccb0) Surface(name=dcb9bf0 StatusBar)/@0xac9fa55 - animation-leash of insets_animation#1 (parent=none)
10-30 07:20:59.321  1499  1499 I SurfaceFlinger: Remove EffectLayer(0x73180cfa40) Surface(name=5efab5d NavigationBar0)/@0xb1951a3 - animation-leash of insets_animation#1 (parent=none)
10-30 07:20:59.321  1499  1499 I SurfaceFlinger: Remove EffectLayer(0x73180d27d0) Surface(name=dcb9bf0 StatusBar)/@0xac9fa55 - animation-leash of insets_animation#1 (parent=none)
10-30 07:20:59.321  1499  1499 D Layer   : Destroy Surface(name=dcb9bf0 StatusBar)/@0xac9fa55 - animation-leash of insets_animation#0(0x7318074840)
10-30 07:20:59.321  1499  1499 D Layer   : Destroy Surface(name=5efab5d NavigationBar0)/@0xb1951a3 - animation-leash of insets_animation#0(0x731807a360)
10-30 07:20:59.321  1499  3633 D SurfaceFlinger: Create EffectLayer(0x73180636e0) Surface(name=dcb9bf0 StatusBar)/@0xac9fa55 - animation-leash of insets_animation#0
10-30 07:20:59.322  1945  1965 D InputDispatcher: Window went away: Splash Screen com.example.lunchtray@2756#0
10-30 07:20:59.323 19032 19032 D LifecycleMonitor: Lifecycle status change: androidx.test.core.app.InstrumentationActivityInvoker$BootstrapActivity@bc35ab0 in: RESUMED
10-30 07:20:59.324 19032 19032 V ActivityScenario: Activity lifecycle changed event received but ignored because the intent does not match. startActivityIntent=Intent { act=android.intent.action.MAIN cat=[android.intent.category.LAUNCHER] cmp=com.example.lunchtray/androidx.fragment.app.testing.FragmentScenario$EmptyFragmentActivity (has extras) }, activity.getIntent()=Intent { act=android.intent.action.MAIN cat=[android.intent.category.LAUNCHER] flg=0x10008000 cmp=com.example.lunchtray/androidx.test.core.app.InstrumentationActivityInvoker$BootstrapActivity (has extras) }, activity=androidx.test.core.app.InstrumentationActivityInvoker$BootstrapActivity@bc35ab0
10-30 07:20:59.324 19032 19032 V ActivityScenario: Activity lifecycle changed event received but ignored because the intent does not match. startActivityIntent=Intent { act=android.intent.action.MAIN cat=[android.intent.category.LAUNCHER] cmp=com.example.lunchtray/.MainActivity }, activity.getIntent()=Intent { act=android.intent.action.MAIN cat=[android.intent.category.LAUNCHER] flg=0x10008000 cmp=com.example.lunchtray/androidx.test.core.app.InstrumentationActivityInvoker$BootstrapActivity (has extras) }, activity=androidx.test.core.app.InstrumentationActivityInvoker$BootstrapActivity@bc35ab0
10-30 07:20:59.324 19032 19032 V ActivityScenario: Activity lifecycle changed event received but ignored because the intent does not match. startActivityIntent=Intent { act=android.intent.action.MAIN cat=[android.intent.category.LAUNCHER] cmp=com.example.lunchtray/.MainActivity }, activity.getIntent()=Intent { act=android.intent.action.MAIN cat=[android.intent.category.LAUNCHER] flg=0x10008000 cmp=com.example.lunchtray/androidx.test.core.app.InstrumentationActivityInvoker$BootstrapActivity (has extras) }, activity=androidx.test.core.app.InstrumentationActivityInvoker$BootstrapActivity@bc35ab0
10-30 07:20:59.325  3097 16942 D RoundCornerMask: metaData is null
10-30 07:20:59.326  2756  2756 I StatusBar: updateStatusBarColor(): mApplyNotchStatusBar=false delay=true isPort=true
10-30 07:20:59.326  2756  3836 I GameToolsControllerService: game removed from map {}
10-30 07:20:59.326  1499  3633 D SurfaceFlinger: Create EffectLayer(0x7318041420) Surface(name=5efab5d NavigationBar0)/@0xb1951a3 - animation-leash of insets_animation#0
10-30 07:20:59.327  1499  3633 D SurfaceFlinger: Create EffectLayer(0x73180a2140) Surface(name=dcb9bf0 StatusBar)/@0xac9fa55 - animation-leash of insets_animation#0
10-30 07:20:59.331  2756  2756 I SizeCompatUIController: onSizeCompatInfoChanged#0 called
10-30 07:20:59.331  2756  2756 I LightBarTransitionsController: appTransitionStarting():  [isKeyguardGoingAway = false], [(mDisplayId != displayId) = false], [!forced = true]
10-30 07:20:59.331  2756  2756 I LightBarTransitionsController: animateIconTint() : skip : mNextDarkIntensity = 0.0
10-30 07:20:59.331  2756  2756 I LightBarTransitionsController: appTransitionStarting():  [isKeyguardGoingAway = false], [(mDisplayId != displayId) = false], [!forced = true]
10-30 07:20:59.331  2756  2756 I LightBarTransitionsController: appTransitionStarting():  [isKeyguardGoingAway = false], [(mDisplayId != displayId) = false], [!forced = true]
10-30 07:20:59.332  2756  2756 D ImageWallpaper.DrawableEngine@114146216#0: drawFrame(onVisibilityChanged-INVISIBLE)
10-30 07:20:59.332  2756  2756 D ImageWallpaper.DrawableEngine@114146216#0: drawFrame, !redrawNeeded && !mOffsetsChanged
10-30 07:20:59.332  2756  2756 I BarTransitions.PhoneStatusBarTransitions: setNotchColor color = 0
10-30 07:20:59.332  1499  3633 D SurfaceFlinger: Create EffectLayer(0x73180441b0) Surface(name=5efab5d NavigationBar0)/@0xb1951a3 - animation-leash of insets_animation#0
10-30 07:20:59.333  1499  3633 D SurfaceFlinger: Create EffectLayer(0x731803b900) Surface(name=dcb9bf0 StatusBar)/@0xac9fa55 - animation-leash of insets_animation#0
10-30 07:20:59.336 19032 19032 D LifecycleMonitor: Lifecycle status change: androidx.test.core.app.InstrumentationActivityInvoker$BootstrapActivity@bc35ab0 in: PAUSED
10-30 07:20:59.337 19032 19032 V ActivityScenario: Activity lifecycle changed event received but ignored because the intent does not match. startActivityIntent=Intent { act=android.intent.action.MAIN cat=[android.intent.category.LAUNCHER] cmp=com.example.lunchtray/androidx.fragment.app.testing.FragmentScenario$EmptyFragmentActivity (has extras) }, activity.getIntent()=Intent { act=android.intent.action.MAIN cat=[android.intent.category.LAUNCHER] flg=0x10008000 cmp=com.example.lunchtray/androidx.test.core.app.InstrumentationActivityInvoker$BootstrapActivity (has extras) }, activity=androidx.test.core.app.InstrumentationActivityInvoker$BootstrapActivity@bc35ab0
10-30 07:20:59.337 19032 19032 V ActivityScenario: Activity lifecycle changed event received but ignored because the intent does not match. startActivityIntent=Intent { act=android.intent.action.MAIN cat=[android.intent.category.LAUNCHER] cmp=com.example.lunchtray/.MainActivity }, activity.getIntent()=Intent { act=android.intent.action.MAIN cat=[android.intent.category.LAUNCHER] flg=0x10008000 cmp=com.example.lunchtray/androidx.test.core.app.InstrumentationActivityInvoker$BootstrapActivity (has extras) }, activity=androidx.test.core.app.InstrumentationActivityInvoker$BootstrapActivity@bc35ab0
10-30 07:20:59.337  3097 16942 D RoundCornerMask: metaData is null
10-30 07:20:59.337 19032 19032 V ActivityScenario: Activity lifecycle changed event received but ignored because the intent does not match. startActivityIntent=Intent { act=android.intent.action.MAIN cat=[android.intent.category.LAUNCHER] cmp=com.example.lunchtray/.MainActivity }, activity.getIntent()=Intent { act=android.intent.action.MAIN cat=[android.intent.category.LAUNCHER] flg=0x10008000 cmp=com.example.lunchtray/androidx.test.core.app.InstrumentationActivityInvoker$BootstrapActivity (has extras) }, activity=androidx.test.core.app.InstrumentationActivityInvoker$BootstrapActivity@bc35ab0
10-30 07:20:59.337  1499  3633 D SurfaceFlinger: Create EffectLayer(0x7318074840) Surface(name=5efab5d NavigationBar0)/@0xb1951a3 - animation-leash of insets_animation#1
10-30 07:20:59.338  1499  1499 I SurfaceFlinger: Remove ContainerLayer(0x7317fbe440) 5efab5d NavigationBar0#0 (parent=Surface(name=5efab5d NavigationBar0)/@0xb1951a3 - animation-leash of insets_animation#0)
10-30 07:20:59.338  1499  1499 I SurfaceFlinger: Remove BufferStateLayer(0x7317fd50c0) NavigationBar0@2756#0 (parent=5efab5d NavigationBar0#0)
10-30 07:20:59.338  1499  1499 I SurfaceFlinger: Remove EffectLayer(0x7318041420) Surface(name=5efab5d NavigationBar0)/@0xb1951a3 - animation-leash of insets_animation#0 (parent=none)
10-30 07:20:59.338  1499  1499 I SurfaceFlinger: Remove EffectLayer(0x73180636e0) Surface(name=dcb9bf0 StatusBar)/@0xac9fa55 - animation-leash of insets_animation#0 (parent=none)
10-30 07:20:59.338  1499  1499 I SurfaceFlinger: Remove EffectLayer(0x731807fe80) Surface(name=5efab5d NavigationBar0)/@0xb1951a3 - animation-leash of insets_animation#0 (parent=none)
10-30 07:20:59.338  1499  1499 I SurfaceFlinger: Remove EffectLayer(0x731808b4c0) Surface(name=5efab5d NavigationBar0)/@0xb1951a3 - animation-leash of insets_animation#1 (parent=none)
10-30 07:20:59.338  1499  1499 I SurfaceFlinger: Remove EffectLayer(0x731809c620) Surface(name=5efab5d NavigationBar0)/@0xb1951a3 - animation-leash of insets_animation#0 (parent=none)
10-30 07:20:59.338  1499  1499 I SurfaceFlinger: Remove EffectLayer(0x73180a2140) Surface(name=dcb9bf0 StatusBar)/@0xac9fa55 - animation-leash of insets_animation#0 (parent=none)
10-30 07:20:59.338  1499  1499 I SurfaceFlinger: Remove EffectLayer(0x73180a7c60) Surface(name=dcb9bf0 StatusBar)/@0xac9fa55 - animation-leash of insets_animation#1 (parent=none)
10-30 07:20:59.338  1499  1499 I SurfaceFlinger: Remove EffectLayer(0x73180cccb0) Surface(name=dcb9bf0 StatusBar)/@0xac9fa55 - animation-leash of insets_animation#1 (parent=none)
10-30 07:20:59.338  1499  1499 I SurfaceFlinger: Remove EffectLayer(0x73180cfa40) Surface(name=5efab5d NavigationBar0)/@0xb1951a3 - animation-leash of insets_animation#1 (parent=none)
10-30 07:20:59.338  1499  1499 I SurfaceFlinger: Remove EffectLayer(0x73180d27d0) Surface(name=dcb9bf0 StatusBar)/@0xac9fa55 - animation-leash of insets_animation#1 (parent=none)
10-30 07:20:59.338  1499  1499 D Layer   : Destroy Surface(name=5efab5d NavigationBar0)/@0xb1951a3 - animation-leash of insets_animation#0(0x731809c620)
10-30 07:20:59.338  1499  1499 D Layer   : Destroy Surface(name=dcb9bf0 StatusBar)/@0xac9fa55 - animation-leash of insets_animation#1(0x73180cccb0)
10-30 07:20:59.338  1499  1499 D Layer   : Destroy Surface(name=5efab5d NavigationBar0)/@0xb1951a3 - animation-leash of insets_animation#1(0x73180cfa40)
10-30 07:20:59.338  1499  1499 D Layer   : Destroy Surface(name=dcb9bf0 StatusBar)/@0xac9fa55 - animation-leash of insets_animation#1(0x73180d27d0)
10-30 07:20:59.338  1499  3633 D SurfaceFlinger: Create EffectLayer(0x73180cccb0) Surface(name=dcb9bf0 StatusBar)/@0xac9fa55 - animation-leash of insets_animation#1
10-30 07:20:59.339  1945  9640 D InputDispatcher: Window went away: 5c5f33d Splash Screen com.example.lunchtray
10-30 07:20:59.340  2756  2756 I BarTransitions.PhoneStatusBarTransitions: setNotchColor color = 0
10-30 07:20:59.341  2756  3244 D PhoneStatusBarPolicy: updateManagedProfile userId = 0
10-30 07:20:59.341  2756  3836 D StatusBar: mainDisplayTopActivityComponentName : ComponentInfo{com.example.lunchtray/com.example.lunchtray.MainActivity}
10-30 07:20:59.341  1499  2493 D SurfaceFlinger: Create EffectLayer(0x731809c620) Surface(name=5efab5d NavigationBar0)/@0xb1951a3 - animation-leash of insets_animation#1
10-30 07:20:59.342  1499  2493 D SurfaceFlinger: Create EffectLayer(0x731809f3b0) Surface(name=dcb9bf0 StatusBar)/@0xac9fa55 - animation-leash of insets_animation#1
10-30 07:20:59.343  1499  1499 I MiniDump: -------------------------------------------------------------------------------------------
10-30 07:20:59.343  1499  1499 I MiniDump: [ROTATION_0] H |  Comp Type |  Transform |  Alpha |  Disp Frame (LTRB) |  Source Crop (LTRB) | Frame Rate  | Disp[4630946736071014273] ""
10-30 07:20:59.343  1499  1499 I MiniDump: 0x7317fcc810 |     DEVICE |          0 | 1.000 |    0    0 1080   76 |   0.0   0.0 1080.0  76.0 | StatusBar@2756#0
10-30 07:20:59.343  1499  1499 I MiniDump: 0x7317fd50c0 |     DEVICE |          0 | 1.000 |    0 2334 1080 2460 |   0.0   0.0 1080.0 126.0 | NavigationBar0@2756#0
10-30 07:20:59.343  1499  1499 I MiniDump: 0x7317fbb6b0 |     DEVICE |          0 | 1.000 |    0    0 1080   88 |   0.0   0.0 1080.0  88.0 | ScreenDecorOverlay@2756#0
10-30 07:20:59.343  1499  1499 I MiniDump: 0x7317fb8920 |     DEVICE |          0 | 1.000 |    0 2372 1080 2460 |   0.0   0.0 1080.0  88.0 | ScreenDecorOverlayBottom@2756#0
10-30 07:20:59.348  5181  5202 D TopPackageTracker: activityChanged callMethod=1 packageName=com.example.lunchtray displayid=0
10-30 07:20:59.348  5181 24859 D TopPackageTracker: activityChanged callMethod=1 packageName=com.example.lunchtray displayid=0
10-30 07:20:59.348  1499  2493 D SurfaceFlinger: Create EffectLayer(0x731807a360) Surface(name=5efab5d NavigationBar0)/@0xb1951a3 - animation-leash of insets_animation#1
10-30 07:20:59.349  1499  2493 D SurfaceFlinger: Create EffectLayer(0x7318033050) Surface(name=dcb9bf0 StatusBar)/@0xac9fa55 - animation-leash of insets_animation#1
10-30 07:20:59.352  1499  2493 D SurfaceFlinger: Create EffectLayer(0x73180859a0) Surface(name=ActivityRecord{5365692 u0 com.example.lunchtray/.MainActivity t902})/@0xfe63966 - animation-leash of app_transition#0
10-30 07:20:59.352  1499  2493 D SurfaceFlinger: Create ContainerLayer(0x7318066470) Surface(name=ActivityRecord{5365692 u0 com.example.lunchtray/.MainActivity t902})/@0xfe63966 - animation-bounds#0
10-30 07:20:59.354  1499  2493 D SurfaceFlinger: Create EffectLayer(0x73180ec1e0) Surface(name=ActivityRecord{17109fc u0 com.example.lunchtray/androidx.test.core.app.InstrumentationActivityInvoker$BootstrapActivity t902})/@0x78c85f2 - animation-leash of app_transition#0
10-30 07:20:59.354  1499  1499 I SurfaceFlinger: Remove ContainerLayer(0x7317fb2e00) dcb9bf0 StatusBar#0 (parent=Surface(name=dcb9bf0 StatusBar)/@0xac9fa55 - animation-leash of insets_animation#1)
10-30 07:20:59.354  1499  1499 I SurfaceFlinger: Remove BufferStateLayer(0x7317fcc810) StatusBar@2756#0 (parent=dcb9bf0 StatusBar#0)
10-30 07:20:59.354  1499  1499 I SurfaceFlinger: Remove EffectLayer(0x731803b900) Surface(name=dcb9bf0 StatusBar)/@0xac9fa55 - animation-leash of insets_animation#0 (parent=none)
10-30 07:20:59.354  1499  1499 I SurfaceFlinger: Remove EffectLayer(0x7318041420) Surface(name=5efab5d NavigationBar0)/@0xb1951a3 - animation-leash of insets_animation#0 (parent=none)
10-30 07:20:59.354  1499  1499 I SurfaceFlinger: Remove EffectLayer(0x73180441b0) Surface(name=5efab5d NavigationBar0)/@0xb1951a3 - animation-leash of insets_animation#0 (parent=none)
10-30 07:20:59.354  1499  1499 I SurfaceFlinger: Remove EffectLayer(0x73180636e0) Surface(name=dcb9bf0 StatusBar)/@0xac9fa55 - animation-leash of insets_animation#0 (parent=none)
10-30 07:20:59.354  1499  1499 I SurfaceFlinger: Remove EffectLayer(0x7318074840) Surface(name=5efab5d NavigationBar0)/@0xb1951a3 - animation-leash of insets_animation#1 (parent=none)
10-30 07:20:59.354  1499  1499 I SurfaceFlinger: Remove EffectLayer(0x731807fe80) Surface(name=5efab5d NavigationBar0)/@0xb1951a3 - animation-leash of insets_animation#0 (parent=none)
10-30 07:20:59.354  1499  1499 I SurfaceFlinger: Remove EffectLayer(0x731808b4c0) Surface(name=5efab5d NavigationBar0)/@0xb1951a3 - animation-leash of insets_animation#1 (parent=none)
10-30 07:20:59.354  1499  1499 I SurfaceFlinger: Remove EffectLayer(0x731809c620) Surface(name=5efab5d NavigationBar0)/@0xb1951a3 - animation-leash of insets_animation#1 (parent=none)
10-30 07:20:59.354  1499  1499 I SurfaceFlinger: Remove EffectLayer(0x731809f3b0) Surface(name=dcb9bf0 StatusBar)/@0xac9fa55 - animation-leash of insets_animation#1 (parent=none)
10-30 07:20:59.354  1499  1499 I SurfaceFlinger: Remove EffectLayer(0x73180a2140) Surface(name=dcb9bf0 StatusBar)/@0xac9fa55 - animation-leash of insets_animation#0 (parent=none)
10-30 07:20:59.354  1499  1499 I SurfaceFlinger: Remove EffectLayer(0x73180a7c60) Surface(name=dcb9bf0 StatusBar)/@0xac9fa55 - animation-leash of insets_animation#1 (parent=none)
10-30 07:20:59.354  1499  1499 I SurfaceFlinger: Remove EffectLayer(0x73180cccb0) Surface(name=dcb9bf0 StatusBar)/@0xac9fa55 - animation-leash of insets_animation#1 (parent=none)
10-30 07:20:59.354  1499  1499 D Layer   : Destroy Surface(name=5efab5d NavigationBar0)/@0xb1951a3 - animation-leash of insets_animation#0(0x7318041420)
10-30 07:20:59.354  1499  1499 D Layer   : Destroy Surface(name=dcb9bf0 StatusBar)/@0xac9fa55 - animation-leash of insets_animation#0(0x73180636e0)
10-30 07:20:59.354  1499  1499 D Layer   : Destroy Surface(name=5efab5d NavigationBar0)/@0xb1951a3 - animation-leash of insets_animation#0(0x731807fe80)
10-30 07:20:59.354  1499  1499 D Layer   : Destroy Surface(name=5efab5d NavigationBar0)/@0xb1951a3 - animation-leash of insets_animation#1(0x731808b4c0)
10-30 07:20:59.354  1499  1499 D Layer   : Destroy Surface(name=dcb9bf0 StatusBar)/@0xac9fa55 - animation-leash of insets_animation#0(0x73180a2140)
10-30 07:20:59.354  1499  1499 D Layer   : Destroy Surface(name=dcb9bf0 StatusBar)/@0xac9fa55 - animation-leash of insets_animation#1(0x73180a7c60)
10-30 07:20:59.355  1499  2493 D SurfaceFlinger: Create ContainerLayer(0x731808b4c0) Surface(name=ActivityRecord{17109fc u0 com.example.lunchtray/androidx.test.core.app.InstrumentationActivityInvoker$BootstrapActivity t902})/@0x78c85f2 - animation-bounds#0
10-30 07:20:59.355  2756  2756 I LightBarTransitionsController: appTransitionStarting():  [isKeyguardGoingAway = false], [(mDisplayId != displayId) = false], [!forced = true]
10-30 07:20:59.356  2756  2756 I LightBarTransitionsController: appTransitionStarting():  [isKeyguardGoingAway = false], [(mDisplayId != displayId) = false], [!forced = true]
10-30 07:20:59.356  2756  2756 I LightBarTransitionsController: appTransitionStarting():  [isKeyguardGoingAway = false], [(mDisplayId != displayId) = false], [!forced = true]
10-30 07:20:59.356  1499  2493 D SurfaceFlinger: Create EffectLayer(0x731807fe80) Surface(name=dcb9bf0 StatusBar)/@0xac9fa55 - animation-leash of insets_animation#0
10-30 07:20:59.357  1499  2493 D SurfaceFlinger: Create EffectLayer(0x73180636e0) Surface(name=5efab5d NavigationBar0)/@0xb1951a3 - animation-leash of insets_animation#0
10-30 07:20:59.358  2756  2756 I LightBarTransitionsController: animateIconTint() : skip : mNextDarkIntensity = 0.0
10-30 07:20:59.358  2756  2756 D SysUiState: setFlag#0 flags=16 enabled=false
10-30 07:20:59.358  2756  2756 D SysUiState: setFlag#0 flags=32 enabled=false
10-30 07:20:59.358  2756  2756 D SysUiState: setFlag#0 flags=2 enabled=false
10-30 07:20:59.358  2756  2756 D SysUiState: setFlag#0 flags=262144 enabled=false
10-30 07:20:59.358  2756  2756 D SysUiState: setFlag#0 flags=131072 enabled=true
10-30 07:20:59.358  2756  2756 D SysUiState: commitUpdate#0
10-30 07:20:59.358  2756  2756 D SysUiState: updateFlags#0 updated: old=0 new=131072
10-30 07:20:59.358  2756  2756 D OverviewProxyService: notifySystemUiStateFlags, display id = 0, flags = 131072
10-30 07:20:59.359  3488  3519 I [LGHome6]TouchInteractionService: onSystemUiStateChanged. displayId(0), stateFlags(131072)
10-30 07:20:59.362 15222 15222 I A       : (REDACTED) onApplyWindowInsets: systemWindowInsets=%s
10-30 07:20:59.362 15222 15222 I A       : (REDACTED) onApplyWindowInsets: systemWindowInsets=%s
10-30 07:20:59.364  3097 31192 D RoundCornerMask: metaData is null
10-30 07:20:59.365  2756  3244 D PhoneStatusBarPolicy: updateManagedProfile userId = 0
10-30 07:20:59.367  2756  2756 I StatusBar: updateStatusBarColor(): mApplyNotchStatusBar=false delay=true isPort=true
10-30 07:20:59.368  2756  2756 I LightBarTransitionsController: animateIconTint() : skip : mNextDarkIntensity = 0.0
10-30 07:20:59.368 19032 19032 D LifecycleMonitor: Lifecycle status change: com.example.lunchtray.MainActivity@63421ba in: PRE_ON_CREATE
10-30 07:20:59.369  2756  3836 I GameToolsControllerService: game removed from map {}
10-30 07:20:59.369 19032 19032 V ActivityScenario: Activity lifecycle changed event received but ignored because the intent does not match. startActivityIntent=Intent { act=android.intent.action.MAIN cat=[android.intent.category.LAUNCHER] cmp=com.example.lunchtray/androidx.fragment.app.testing.FragmentScenario$EmptyFragmentActivity (has extras) }, activity.getIntent()=Intent { act=android.intent.action.MAIN cat=[android.intent.category.LAUNCHER] cmp=com.example.lunchtray/.MainActivity }, activity=com.example.lunchtray.MainActivity@63421ba
10-30 07:20:59.369 19032 19032 V ActivityScenario: Activity lifecycle changed event received but ignored because the reported transition was not ON_CREATE while the last known transition was DESTROYED
10-30 07:20:59.369 19032 19032 V ActivityScenario: Activity lifecycle changed event received but ignored because the reported transition was not ON_CREATE while the last known transition was PRE_ON_CREATE
10-30 07:20:59.370  3097 31192 D RoundCornerMask: metaData is null
10-30 07:20:59.370  1499  1499 I SurfaceFlinger: Remove ContainerLayer(0x7317fb2e00) dcb9bf0 StatusBar#0 (parent=Surface(name=dcb9bf0 StatusBar)/@0xac9fa55 - animation-leash of insets_animation#0)
10-30 07:20:59.370  1499  1499 I SurfaceFlinger: Remove BufferStateLayer(0x7317fcc810) StatusBar@2756#0 (parent=dcb9bf0 StatusBar#0)
10-30 07:20:59.370  1499  1499 I SurfaceFlinger: Remove EffectLayer(0x7318033050) Surface(name=dcb9bf0 StatusBar)/@0xac9fa55 - animation-leash of insets_animation#1 (parent=none)
10-30 07:20:59.370  1499  1499 I SurfaceFlinger: Remove EffectLayer(0x731803b900) Surface(name=dcb9bf0 StatusBar)/@0xac9fa55 - animation-leash of insets_animation#0 (parent=none)
10-30 07:20:59.371  1499  1499 I SurfaceFlinger: Remove EffectLayer(0x73180441b0) Surface(name=5efab5d NavigationBar0)/@0xb1951a3 - animation-leash of insets_animation#0 (parent=none)
10-30 07:20:59.371  1499  1499 I SurfaceFlinger: Remove EffectLayer(0x731807a360) Surface(name=5efab5d NavigationBar0)/@0xb1951a3 - animation-leash of insets_animation#1 (parent=none)
10-30 07:20:59.371  1499  1499 D Layer   : Destroy Surface(name=dcb9bf0 StatusBar)/@0xac9fa55 - animation-leash of insets_animation#0(0x731803b900)
10-30 07:20:59.371  1499  1499 D Layer   : Destroy Surface(name=5efab5d NavigationBar0)/@0xb1951a3 - animation-leash of insets_animation#0(0x73180441b0)
10-30 07:20:59.371  2756  3836 D StatusBar: mainDisplayTopActivityComponentName : ComponentInfo{com.example.lunchtray/com.example.lunchtray.MainActivity}
10-30 07:20:59.372  1945  5031 D InputDispatcher: Window went away: Splash Screen com.example.lunchtray@2756#0
10-30 07:20:59.373  3488  3488 I [LGHome6]StateManager: [RecentsAnimation] goToState(): (LauncherState - 0 -> LauncherState - 0), animated=false, delay=0, onCompleteRunnable=null
10-30 07:20:59.373  3488  3488 I [LGHome6]StateManager: [RecentsAnimation] goToState(): 1. isInState LauncherState - 0
10-30 07:20:59.373  3488  3488 I [LGHome6]Launcher: Launcher.onStop
10-30 07:20:59.375  1499  1499 I MiniDump: -------------------------------------------------------------------------------------------
10-30 07:20:59.375  1499  1499 I MiniDump: [ROTATION_0] H |  Comp Type |  Transform |  Alpha |  Disp Frame (LTRB) |  Source Crop (LTRB) | Frame Rate  | Disp[4630946736071014273] ""
10-30 07:20:59.375  1499  1499 I MiniDump: 0x7317ff45f0 |     DEVICE |          0 | 1.000 |    0    0 1080 2460 |   0.0   0.0 1080.0 2460.0 | Splash Screen com.example.lunchtray@2756#0
10-30 07:20:59.375  1499  1499 I MiniDump: 0x7317fcc810 |     DEVICE |          0 | 1.000 |    0    0 1080   76 |   0.0   0.0 1080.0  76.0 | StatusBar@2756#0
10-30 07:20:59.375  1499  1499 I MiniDump: 0x7317fd50c0 |     DEVICE |          0 | 1.000 |    0 2334 1080 2460 |   0.0   0.0 1080.0 126.0 | NavigationBar0@2756#0
10-30 07:20:59.375  1499  1499 I MiniDump: 0x7317fbb6b0 |     DEVICE |          0 | 1.000 |    0    0 1080   88 |   0.0   0.0 1080.0  88.0 | ScreenDecorOverlay@2756#0
10-30 07:20:59.375  1499  1499 I MiniDump: 0x7317fb8920 |     DEVICE |          0 | 1.000 |    0 2372 1080 2460 |   0.0   0.0 1080.0  88.0 | ScreenDecorOverlayBottom@2756#0
10-30 07:20:59.377  3488  3488 I [LGHome6]EditModeOffManager: EditModeOffManager is not running
10-30 07:20:59.378 15411 15411 I GsaVoiceInteractionSrv: Handling ACTION_STOP_HOTWORD
10-30 07:20:59.379 15411 15458 I HwDetectorWithState: (REDACTED) a: %d
10-30 07:20:59.381  2756  2756 I StatusBar: updateStatusBarColor(): mApplyNotchStatusBar=false delay=true isPort=true
10-30 07:20:59.381  2756  2756 I LightBarTransitionsController: animateIconTint() : skip : mNextDarkIntensity = 0.0
10-30 07:20:59.381  2756  3836 I GameToolsControllerService: game removed from map {}
10-30 07:20:59.382  2756  3836 D StatusBar: mainDisplayTopActivityComponentName : ComponentInfo{com.example.lunchtray/com.example.lunchtray.MainActivity}
10-30 07:20:59.383  2756  2756 I StatusBar: updateStatusBarColor(): mApplyNotchStatusBar=false delay=true isPort=true
10-30 07:20:59.383  2756  3836 I GameToolsControllerService: game removed from map {}
10-30 07:20:59.384  2756  2756 I LightBarTransitionsController: animateIconTint() : skip : mNextDarkIntensity = 0.0
10-30 07:20:59.384  2756  3836 D StatusBar: mainDisplayTopActivityComponentName : ComponentInfo{com.example.lunchtray/com.example.lunchtray.MainActivity}
10-30 07:20:59.386  2756  2756 I StatusBar: updateStatusBarColor(): mApplyNotchStatusBar=false delay=true isPort=true
10-30 07:20:59.386  2756  3836 I GameToolsControllerService: game removed from map {}
10-30 07:20:59.386  2756  2756 I LightBarTransitionsController: animateIconTint() : skip : mNextDarkIntensity = 0.0
10-30 07:20:59.387  1499  1499 I SurfaceFlinger: Remove EffectLayer(0x7318033050) Surface(name=dcb9bf0 StatusBar)/@0xac9fa55 - animation-leash of insets_animation#1 (parent=none)
10-30 07:20:59.387  1499  1499 I SurfaceFlinger: Remove ContainerLayer(0x7318066470) Surface(name=ActivityRecord{5365692 u0 com.example.lunchtray/.MainActivity t902})/@0xfe63966 - animation-bounds#0 (parent=none)
10-30 07:20:59.387  1499  1499 I SurfaceFlinger: Remove EffectLayer(0x7318074840) Surface(name=5efab5d NavigationBar0)/@0xb1951a3 - animation-leash of insets_animation#1 (parent=none)
10-30 07:20:59.387  1499  1499 I SurfaceFlinger: Remove EffectLayer(0x731807a360) Surface(name=5efab5d NavigationBar0)/@0xb1951a3 - animation-leash of insets_animation#1 (parent=none)
10-30 07:20:59.387  1499  1499 I SurfaceFlinger: Remove ContainerLayer(0x731807d0f0) ActivityRecord{17109fc u0 com.example.lunchtray/androidx.test.core.app.InstrumentationActivityInvoker$BootstrapActivity t902}#0 (parent=Task=902#0)
10-30 07:20:59.387  1499  1499 I SurfaceFlinger: Remove EffectLayer(0x73180859a0) Surface(name=ActivityRecord{5365692 u0 com.example.lunchtray/.MainActivity t902})/@0xfe63966 - animation-leash of app_transition#0 (parent=none)
10-30 07:20:59.387  1499  1499 I SurfaceFlinger: Remove ContainerLayer(0x731808b4c0) Surface(name=ActivityRecord{17109fc u0 com.example.lunchtray/androidx.test.core.app.InstrumentationActivityInvoker$BootstrapActivity t902})/@0x78c85f2 - animation-bounds#0 (parent=none)
10-30 07:20:59.387  1499  1499 I SurfaceFlinger: Remove EffectLayer(0x731809c620) Surface(name=5efab5d NavigationBar0)/@0xb1951a3 - animation-leash of insets_animation#1 (parent=none)
10-30 07:20:59.387  1499  1499 I SurfaceFlinger: Remove EffectLayer(0x731809f3b0) Surface(name=dcb9bf0 StatusBar)/@0xac9fa55 - animation-leash of insets_animation#1 (parent=none)
10-30 07:20:59.387  1499  1499 I SurfaceFlinger: Remove EffectLayer(0x73180cccb0) Surface(name=dcb9bf0 StatusBar)/@0xac9fa55 - animation-leash of insets_animation#1 (parent=none)
10-30 07:20:59.387  1499  1499 I SurfaceFlinger: Remove EffectLayer(0x73180ec1e0) Surface(name=ActivityRecord{17109fc u0 com.example.lunchtray/androidx.test.core.app.InstrumentationActivityInvoker$BootstrapActivity t902})/@0x78c85f2 - animation-leash of app_transition#0 (parent=none)
10-30 07:20:59.387  1499  1499 D Layer   : Destroy Surface(name=dcb9bf0 StatusBar)/@0xac9fa55 - animation-leash of insets_animation#1(0x7318033050)
10-30 07:20:59.387  1499  1499 D Layer   : Destroy Surface(name=5efab5d NavigationBar0)/@0xb1951a3 - animation-leash of insets_animation#1(0x7318074840)
10-30 07:20:59.387  1499  1499 D Layer   : Destroy Surface(name=5efab5d NavigationBar0)/@0xb1951a3 - animation-leash of insets_animation#1(0x731807a360)
10-30 07:20:59.387  1499  1499 D Layer   : Destroy Surface(name=5efab5d NavigationBar0)/@0xb1951a3 - animation-leash of insets_animation#1(0x731809c620)
10-30 07:20:59.387  1499  1499 D Layer   : Destroy Surface(name=dcb9bf0 StatusBar)/@0xac9fa55 - animation-leash of insets_animation#1(0x731809f3b0)
10-30 07:20:59.387  1499  1499 D Layer   : Destroy Surface(name=dcb9bf0 StatusBar)/@0xac9fa55 - animation-leash of insets_animation#1(0x73180cccb0)
10-30 07:20:59.387  1499  1499 D Layer   : Destroy Surface(name=ActivityRecord{17109fc u0 com.example.lunchtray/androidx.test.core.app.InstrumentationActivityInvoker$BootstrapActivity t902})/@0x78c85f2 - animation-bounds#0(0x731808b4c0)
10-30 07:20:59.387  1499  1499 D Layer   : Destroy Surface(name=ActivityRecord{17109fc u0 com.example.lunchtray/androidx.test.core.app.InstrumentationActivityInvoker$BootstrapActivity t902})/@0x78c85f2 - animation-leash of app_transition#0(0x73180ec1e0)
10-30 07:20:59.387  1499  1499 D Layer   : Destroy Surface(name=ActivityRecord{5365692 u0 com.example.lunchtray/.MainActivity t902})/@0xfe63966 - animation-bounds#0(0x7318066470)
10-30 07:20:59.387  1499  1499 D Layer   : Destroy Surface(name=ActivityRecord{5365692 u0 com.example.lunchtray/.MainActivity t902})/@0xfe63966 - animation-leash of app_transition#0(0x73180859a0)
10-30 07:20:59.388 19032 19032 D LifecycleMonitor: Lifecycle status change: com.example.lunchtray.MainActivity@63421ba in: CREATED
10-30 07:20:59.388 19032 19032 V ActivityScenario: Activity lifecycle changed event received but ignored because the intent does not match. startActivityIntent=Intent { act=android.intent.action.MAIN cat=[android.intent.category.LAUNCHER] cmp=com.example.lunchtray/androidx.fragment.app.testing.FragmentScenario$EmptyFragmentActivity (has extras) }, activity.getIntent()=Intent { act=android.intent.action.MAIN cat=[android.intent.category.LAUNCHER] cmp=com.example.lunchtray/.MainActivity }, activity=com.example.lunchtray.MainActivity@63421ba
10-30 07:20:59.388 19032 19032 V ActivityScenario: Update currentActivityStage to CREATED, currentActivity=com.example.lunchtray.MainActivity@63421ba
10-30 07:20:59.388 19032 19032 V ActivityScenario: Update currentActivityStage to CREATED, currentActivity=com.example.lunchtray.MainActivity@63421ba
10-30 07:20:59.389  2756  3836 D StatusBar: mainDisplayTopActivityComponentName : ComponentInfo{com.example.lunchtray/com.example.lunchtray.MainActivity}
10-30 07:20:59.393  2756  2756 I StatusBar: updateStatusBarColor(): mApplyNotchStatusBar=false delay=true isPort=true
10-30 07:20:59.393  2756  3836 I GameToolsControllerService: game removed from map {}
10-30 07:20:59.393  2756  2756 I LightBarTransitionsController: animateIconTint() : skip : mNextDarkIntensity = 0.0
10-30 07:20:59.394  2756  3836 D StatusBar: mainDisplayTopActivityComponentName : ComponentInfo{com.example.lunchtray/com.example.lunchtray.MainActivity}
10-30 07:20:59.396  2756  2756 I StatusBar: updateStatusBarColor(): mApplyNotchStatusBar=false delay=true isPort=true
10-30 07:20:59.396  2756  2756 I LightBarTransitionsController: animateIconTint() : skip : mNextDarkIntensity = 0.0
10-30 07:20:59.396 19032 19032 D LifecycleMonitor: Lifecycle status change: com.example.lunchtray.MainActivity@63421ba in: STARTED
