10-30 07:21:10.805 19032 19053 I TestRunner: started: subtotal_tax_total_in_checkout(com.example.lunchtray.OrderFunctionalityTests)
10-30 07:21:10.809  1499  1499 I SurfaceFlinger: Remove EffectLayer(0x7318060950) Surface(name=5efab5d NavigationBar0)/@0xb1951a3 - animation-leash of insets_animation#1 (parent=none)
10-30 07:21:10.809  1499  1499 I SurfaceFlinger: Remove EffectLayer(0x731807a360) Surface(name=5efab5d NavigationBar0)/@0xb1951a3 - animation-leash of insets_animation#0 (parent=none)
10-30 07:21:10.809  1499  1499 I SurfaceFlinger: Remove EffectLayer(0x731807d0f0) Surface(name=dcb9bf0 StatusBar)/@0xac9fa55 - animation-leash of insets_animation#1 (parent=none)
10-30 07:21:10.809  1499  1499 I SurfaceFlinger: Remove EffectLayer(0x73180e0ba0) Surface(name=dcb9bf0 StatusBar)/@0xac9fa55 - animation-leash of insets_animation#0 (parent=none)
10-30 07:21:10.809  1499  1499 D Layer   : Destroy Surface(name=5efab5d NavigationBar0)/@0xb1951a3 - animation-leash of insets_animation#1(0x7318060950)
10-30 07:21:10.809  1499  1499 D Layer   : Destroy Surface(name=5efab5d NavigationBar0)/@0xb1951a3 - animation-leash of insets_animation#0(0x731807a360)
10-30 07:21:10.809  1499  1499 D Layer   : Destroy Surface(name=dcb9bf0 StatusBar)/@0xac9fa55 - animation-leash of insets_animation#1(0x731807d0f0)
10-30 07:21:10.809  1499  1499 D Layer   : Destroy Surface(name=dcb9bf0 StatusBar)/@0xac9fa55 - animation-leash of insets_animation#0(0x73180e0ba0)
10-30 07:21:10.810 19032 19053 W Settings: Setting always_finish_activities has moved from android.provider.Settings.System to android.provider.Settings.Global, returning read-only value.
10-30 07:21:10.816  1673  1699 I PowerRM : System FW:1 IC:0 SO:0 GT:0 CAPP:-1 APP:0
10-30 07:21:10.816  1673  1699 I PowerRM : FIA lock1 locked
10-30 07:21:10.816  1673  1699 E PRM_CONFIG_Parser: get_custom_config not found
10-30 07:21:10.816  1499  1532 D SurfaceFlinger: Create EffectLayer(0x731807a360) Task=905#0
10-30 07:21:10.817  1499  1532 D SurfaceFlinger: Create ContainerLayer(0x7318060950) ActivityRecord{bc04db7 u0 com.example.lunchtray/androidx.test.core.app.InstrumentationActivityInvoker$BootstrapActivity t905}#0
10-30 07:21:10.818  3488  3488 I [LGHome6]Launcher: onTopResumedActivityChanged state = false
10-30 07:21:10.821  1499  1532 D SurfaceFlinger: Create EffectLayer(0x73180ec1e0) Surface(name=5efab5d NavigationBar0)/@0xb1951a3 - animation-leash of insets_animation#1
10-30 07:21:10.821  1499  1532 D SurfaceFlinger: Create EffectLayer(0x73180cfa40) Surface(name=dcb9bf0 StatusBar)/@0xac9fa55 - animation-leash of insets_animation#1
10-30 07:21:10.822  2756  3836 I GameToolsControllerService: game removed from map {}
10-30 07:21:10.824  3488  3488 I [LGHome6]LauncherCallbacksImpl: Launcher.onPause // 9.60.21(96002100) this:com.lge.launcher3.LauncherExtension$LauncherCallbacksImpl@fcfd6f7
10-30 07:21:10.826  3097 22921 D RoundCornerMask: metaData is null
10-30 07:21:10.826  2756  3836 D StatusBar: mainDisplayTopActivityComponentName : ComponentInfo{com.example.lunchtray/androidx.test.core.app.InstrumentationActivityInvoker$BootstrapActivity}
10-30 07:21:10.826  1499  1499 I SurfaceFlinger: Remove EffectLayer(0x731804ca60) Surface(name=dcb9bf0 StatusBar)/@0xac9fa55 - animation-leash of insets_animation#0 (parent=none)
10-30 07:21:10.826  1499  1499 I SurfaceFlinger: Remove EffectLayer(0x73180636e0) Surface(name=5efab5d NavigationBar0)/@0xb1951a3 - animation-leash of insets_animation#0 (parent=none)
10-30 07:21:10.827  1499  3633 D SurfaceFlinger: Create ContainerLayer(0x7317ff45f0) 514045 Splash Screen com.example.lunchtray#0
10-30 07:21:10.827  2756  2902 I TouchFilterInputStageHelper: [needTouchEventFilter] Displayid : 0
10-30 07:21:10.831  5181 22893 D TopPackageTracker: activityChanged callMethod=1 packageName=com.example.lunchtray displayid=0
10-30 07:21:10.831  5181 22893 D TopPackageTracker: onTopPackageChanged displayId=0, com.lge.launcher3->com.example.lunchtray
10-30 07:21:10.831  5181 22893 D GameToolsWindow: getTopActivityAsDisplay : 0
10-30 07:21:10.832  5181 22893 I GameToolsService: no game is running, stop everything
10-30 07:21:10.832  5181 22893 I GameToolsWindow: forceHide, Game is Not Running
10-30 07:21:10.832  1945  4803 W ActivityManager: Sending non-protected broadcast com.sld.stop_game from system 3097:com.lge.systemserver/1000 pkg com.lge.systemservice
10-30 07:21:10.832  1945  4803 W ActivityManager: Sending non-protected broadcast com.sld.stop_game from system 3097:com.lge.systemserver/1000 pkg com.lge.systemservice
10-30 07:21:10.833  1499  3633 D SurfaceFlinger: Create EffectLayer(0x73180d82f0) Surface(name=5efab5d NavigationBar0)/@0xb1951a3 - animation-leash of insets_animation#0
10-30 07:21:10.833  5181 22893 I GameToolsDBManager: DB changed to: false
10-30 07:21:10.833  1499  1532 D SurfaceFlinger: Create EffectLayer(0x73180a7c60) Surface(name=dcb9bf0 StatusBar)/@0xac9fa55 - animation-leash of insets_animation#0
10-30 07:21:10.833  5181  5181 D GameToolsWindow: getTopActivityAsDisplay : 0
10-30 07:21:10.833  5181 22893 D TopPackageTracker: activityChanged callMethod=1 packageName=com.example.lunchtray displayid=0
10-30 07:21:10.833  5181  5181 I GameToolsService: no game is running, stop everything
10-30 07:21:10.833  5181  5181 I GameToolsWindow: forceHide, Game is Not Running
10-30 07:21:10.834  5181  5181 I GameToolsDBManager: DB changed to: false
10-30 07:21:10.836  3097 22921 D RoundCornerMask: metaData is null
10-30 07:21:10.838  3097 22921 D RoundCornerMask: metaData is null
10-30 07:21:10.838  2756  2902 D HandGripFilter: getdisplaysize, x : 1080 y : 2460
10-30 07:21:10.839  3097 22921 D RoundCornerMask: metaData is null
10-30 07:21:10.839 19032 19032 D LifecycleMonitor: Lifecycle status change: androidx.test.core.app.InstrumentationActivityInvoker$BootstrapActivity@78525ca in: PRE_ON_CREATE
10-30 07:21:10.839  2756  2756 D Bubbles : onTaskMovedToFront(), taskInfo = 905
10-30 07:21:10.840  2756  2756 I StatusBar: updateStatusBarColor(): mApplyNotchStatusBar=false delay=true isPort=true
10-30 07:21:10.840 19032 19032 V ActivityScenario: Activity lifecycle changed event received but ignored because the intent does not match. startActivityIntent=Intent { act=android.intent.action.MAIN cat=[android.intent.category.LAUNCHER] cmp=com.example.lunchtray/.MainActivity }, activity.getIntent()=Intent { act=android.intent.action.MAIN cat=[android.intent.category.LAUNCHER] flg=0x10008000 cmp=com.example.lunchtray/androidx.test.core.app.InstrumentationActivityInvoker$BootstrapActivity (has extras) }, activity=androidx.test.core.app.InstrumentationActivityInvoker$BootstrapActivity@78525ca
10-30 07:21:10.840 19032 19032 V ActivityScenario: Activity lifecycle changed event received but ignored because the intent does not match. startActivityIntent=Intent { act=android.intent.action.MAIN cat=[android.intent.category.LAUNCHER] cmp=com.example.lunchtray/.MainActivity }, activity.getIntent()=Intent { act=android.intent.action.MAIN cat=[android.intent.category.LAUNCHER] flg=0x10008000 cmp=com.example.lunchtray/androidx.test.core.app.InstrumentationActivityInvoker$BootstrapActivity (has extras) }, activity=androidx.test.core.app.InstrumentationActivityInvoker$BootstrapActivity@78525ca
10-30 07:21:10.840 19032 19032 V ActivityScenario: Activity lifecycle changed event received but ignored because the intent does not match. startActivityIntent=Intent { act=android.intent.action.MAIN cat=[android.intent.category.LAUNCHER] cmp=com.example.lunchtray/.MainActivity }, activity.getIntent()=Intent { act=android.intent.action.MAIN cat=[android.intent.category.LAUNCHER] flg=0x10008000 cmp=com.example.lunchtray/androidx.test.core.app.InstrumentationActivityInvoker$BootstrapActivity (has extras) }, activity=androidx.test.core.app.InstrumentationActivityInvoker$BootstrapActivity@78525ca
10-30 07:21:10.840  1499  3662 D SurfaceFlinger: Create BufferStateLayer(0x73180e0ba0) Splash Screen com.example.lunchtray@2756#0
10-30 07:21:10.841  1499  3662 D SurfaceFlinger: Create EffectLayer(0x731807d0f0) Surface(name=5efab5d NavigationBar0)/@0xb1951a3 - animation-leash of insets_animation#0
10-30 07:21:10.841  2756  2756 D NavigationModeController: getCurrentUserContext: contextUser=0 currentUser=0
10-30 07:21:10.842  1499  3662 D SurfaceFlinger: Create EffectLayer(0x731809f3b0) Surface(name=dcb9bf0 StatusBar)/@0xac9fa55 - animation-leash of insets_animation#0
10-30 07:21:10.842  2756  3836 I GameToolsControllerService: game removed from map {}
10-30 07:21:10.843  1499  1499 I SurfaceFlinger: Remove ContainerLayer(0x7317fb2e00) dcb9bf0 StatusBar#0 (parent=Surface(name=dcb9bf0 StatusBar)/@0xac9fa55 - animation-leash of insets_animation#0)
10-30 07:21:10.843  1499  1499 I SurfaceFlinger: Remove ContainerLayer(0x7317fbe440) 5efab5d NavigationBar0#0 (parent=Surface(name=5efab5d NavigationBar0)/@0xb1951a3 - animation-leash of insets_animation#0)
10-30 07:21:10.843  1499  1499 I SurfaceFlinger: Remove BufferStateLayer(0x7317fcc810) StatusBar@2756#0 (parent=dcb9bf0 StatusBar#0)
10-30 07:21:10.844  1499  1499 I SurfaceFlinger: Remove BufferStateLayer(0x7317fd50c0) NavigationBar0@2756#0 (parent=5efab5d NavigationBar0#0)
10-30 07:21:10.844  1499  1499 I SurfaceFlinger: Remove EffectLayer(0x731804ca60) Surface(name=dcb9bf0 StatusBar)/@0xac9fa55 - animation-leash of insets_animation#0 (parent=none)
10-30 07:21:10.844  1499  1499 I SurfaceFlinger: Remove EffectLayer(0x73180636e0) Surface(name=5efab5d NavigationBar0)/@0xb1951a3 - animation-leash of insets_animation#0 (parent=none)
10-30 07:21:10.844  1499  1499 I SurfaceFlinger: Remove EffectLayer(0x73180cfa40) Surface(name=dcb9bf0 StatusBar)/@0xac9fa55 - animation-leash of insets_animation#1 (parent=none)
10-30 07:21:10.844  1499  1499 I SurfaceFlinger: Remove EffectLayer(0x73180ec1e0) Surface(name=5efab5d NavigationBar0)/@0xb1951a3 - animation-leash of insets_animation#1 (parent=none)
10-30 07:21:10.844  1499  1499 D Layer   : Destroy Surface(name=dcb9bf0 StatusBar)/@0xac9fa55 - animation-leash of insets_animation#0(0x731804ca60)
10-30 07:21:10.844  1499  1499 D Layer   : Destroy Surface(name=5efab5d NavigationBar0)/@0xb1951a3 - animation-leash of insets_animation#0(0x73180636e0)
10-30 07:21:10.844  1499  1499 D Layer   : Destroy Surface(name=dcb9bf0 StatusBar)/@0xac9fa55 - animation-leash of insets_animation#1(0x73180cfa40)
10-30 07:21:10.844  1499  1499 D Layer   : Destroy Surface(name=5efab5d NavigationBar0)/@0xb1951a3 - animation-leash of insets_animation#1(0x73180ec1e0)
10-30 07:21:10.847  2756  3836 D StatusBar: mainDisplayTopActivityComponentName : ComponentInfo{com.example.lunchtray/androidx.test.core.app.InstrumentationActivityInvoker$BootstrapActivity}
10-30 07:21:10.848 19032 19032 D LifecycleMonitor: Lifecycle status change: androidx.test.core.app.InstrumentationActivityInvoker$BootstrapActivity@78525ca in: CREATED
10-30 07:21:10.849  2756  2756 I StatusBar: updateStatusBarColor(): mApplyNotchStatusBar=false delay=true isPort=true
10-30 07:21:10.849  2756  3836 I GameToolsControllerService: game removed from map {}
10-30 07:21:10.849 19032 19032 V ActivityScenario: Activity lifecycle changed event received but ignored because the intent does not match. startActivityIntent=Intent { act=android.intent.action.MAIN cat=[android.intent.category.LAUNCHER] cmp=com.example.lunchtray/.MainActivity }, activity.getIntent()=Intent { act=android.intent.action.MAIN cat=[android.intent.category.LAUNCHER] flg=0x10008000 cmp=com.example.lunchtray/androidx.test.core.app.InstrumentationActivityInvoker$BootstrapActivity (has extras) }, activity=androidx.test.core.app.InstrumentationActivityInvoker$BootstrapActivity@78525ca
10-30 07:21:10.849 19032 19032 V ActivityScenario: Activity lifecycle changed event received but ignored because the intent does not match. startActivityIntent=Intent { act=android.intent.action.MAIN cat=[android.intent.category.LAUNCHER] cmp=com.example.lunchtray/.MainActivity }, activity.getIntent()=Intent { act=android.intent.action.MAIN cat=[android.intent.category.LAUNCHER] flg=0x10008000 cmp=com.example.lunchtray/androidx.test.core.app.InstrumentationActivityInvoker$BootstrapActivity (has extras) }, activity=androidx.test.core.app.InstrumentationActivityInvoker$BootstrapActivity@78525ca
10-30 07:21:10.849 19032 19032 V ActivityScenario: Activity lifecycle changed event received but ignored because the intent does not match. startActivityIntent=Intent { act=android.intent.action.MAIN cat=[android.intent.category.LAUNCHER] cmp=com.example.lunchtray/.MainActivity }, activity.getIntent()=Intent { act=android.intent.action.MAIN cat=[android.intent.category.LAUNCHER] flg=0x10008000 cmp=com.example.lunchtray/androidx.test.core.app.InstrumentationActivityInvoker$BootstrapActivity (has extras) }, activity=androidx.test.core.app.InstrumentationActivityInvoker$BootstrapActivity@78525ca
10-30 07:21:10.849  1499  1532 D SurfaceFlinger: Create EffectLayer(0x73180636e0) Surface(name=5efab5d NavigationBar0)/@0xb1951a3 - animation-leash of insets_animation#1
10-30 07:21:10.850  1499  2493 D SurfaceFlinger: Create EffectLayer(0x731804ca60) Surface(name=dcb9bf0 StatusBar)/@0xac9fa55 - animation-leash of insets_animation#1
10-30 07:21:10.850 19032 19032 D LifecycleMonitor: Lifecycle status change: androidx.test.core.app.InstrumentationActivityInvoker$BootstrapActivity@78525ca in: STARTED
10-30 07:21:10.850 19032 19032 V ActivityScenario: Activity lifecycle changed event received but ignored because the intent does not match. startActivityIntent=Intent { act=android.intent.action.MAIN cat=[android.intent.category.LAUNCHER] cmp=com.example.lunchtray/.MainActivity }, activity.getIntent()=Intent { act=android.intent.action.MAIN cat=[android.intent.category.LAUNCHER] flg=0x10008000 cmp=com.example.lunchtray/androidx.test.core.app.InstrumentationActivityInvoker$BootstrapActivity (has extras) }, activity=androidx.test.core.app.InstrumentationActivityInvoker$BootstrapActivity@78525ca
10-30 07:21:10.850 19032 19032 V ActivityScenario: Activity lifecycle changed event received but ignored because the intent does not match. startActivityIntent=Intent { act=android.intent.action.MAIN cat=[android.intent.category.LAUNCHER] cmp=com.example.lunchtray/.MainActivity }, activity.getIntent()=Intent { act=android.intent.action.MAIN cat=[android.intent.category.LAUNCHER] flg=0x10008000 cmp=com.example.lunchtray/androidx.test.core.app.InstrumentationActivityInvoker$BootstrapActivity (has extras) }, activity=androidx.test.core.app.InstrumentationActivityInvoker$BootstrapActivity@78525ca
10-30 07:21:10.850 19032 19032 V ActivityScenario: Activity lifecycle changed event received but ignored because the intent does not match. startActivityIntent=Intent { act=android.intent.action.MAIN cat=[android.intent.category.LAUNCHER] cmp=com.example.lunchtray/.MainActivity }, activity.getIntent()=Intent { act=android.intent.action.MAIN cat=[android.intent.category.LAUNCHER] flg=0x10008000 cmp=com.example.lunchtray/androidx.test.core.app.InstrumentationActivityInvoker$BootstrapActivity (has extras) }, activity=androidx.test.core.app.InstrumentationActivityInvoker$BootstrapActivity@78525ca
10-30 07:21:10.853  1499  2493 D SurfaceFlinger: Create EffectLayer(0x73180ec1e0) Surface(name=dcb9bf0 StatusBar)/@0xac9fa55 - animation-leash of insets_animation#1
10-30 07:21:10.854  1499  2493 D SurfaceFlinger: Create EffectLayer(0x73180cfa40) Surface(name=5efab5d NavigationBar0)/@0xb1951a3 - animation-leash of insets_animation#1
10-30 07:21:10.854  2756  2756 I SizeCompatUIController: onSizeCompatInfoChanged#0 called
10-30 07:21:10.854  2756  2756 I LightBarTransitionsController: appTransitionStarting():  [isKeyguardGoingAway = false], [(mDisplayId != displayId) = false], [!forced = true]
10-30 07:21:10.854  2756  2756 I LightBarTransitionsController: animateIconTint() : skip : mNextDarkIntensity = 0.0
10-30 07:21:10.854  2756  2756 I LightBarTransitionsController: appTransitionStarting():  [isKeyguardGoingAway = false], [(mDisplayId != displayId) = false], [!forced = true]
10-30 07:21:10.854  2756  2756 I LightBarTransitionsController: appTransitionStarting():  [isKeyguardGoingAway = false], [(mDisplayId != displayId) = false], [!forced = true]
10-30 07:21:10.854  2756  2756 D ImageWallpaper.DrawableEngine@114146216#0: drawFrame(onVisibilityChanged-INVISIBLE)
10-30 07:21:10.854  2756  2756 D ImageWallpaper.DrawableEngine@114146216#0: drawFrame, !redrawNeeded && !mOffsetsChanged
10-30 07:21:10.855  2756  2756 I LightBarTransitionsController: animateIconTint() : skip : mNextDarkIntensity = 0.0
10-30 07:21:10.856  2756  2756 D SysUiState: setFlag#0 flags=16 enabled=false
10-30 07:21:10.856  2756  2756 D SysUiState: setFlag#0 flags=32 enabled=false
10-30 07:21:10.856  2756  2756 D SysUiState: setFlag#0 flags=2 enabled=false
10-30 07:21:10.856  2756  2756 D SysUiState: setFlag#0 flags=262144 enabled=false
10-30 07:21:10.856  2756  2756 D SysUiState: setFlag#0 flags=131072 enabled=true
10-30 07:21:10.856  2756  2756 D SysUiState: commitUpdate#0
10-30 07:21:10.856  2756  2756 D SysUiState: updateFlags#0 updated: old=0 new=131072
10-30 07:21:10.856  2756  2756 D OverviewProxyService: notifySystemUiStateFlags, display id = 0, flags = 131072
10-30 07:21:10.856  3488  4802 I [LGHome6]TouchInteractionService: onSystemUiStateChanged. displayId(0), stateFlags(131072)
10-30 07:21:10.858  2756  3836 D StatusBar: mainDisplayTopActivityComponentName : ComponentInfo{com.example.lunchtray/androidx.test.core.app.InstrumentationActivityInvoker$BootstrapActivity}
10-30 07:21:10.859  2756  3244 D PhoneStatusBarPolicy: updateManagedProfile userId = 0
10-30 07:21:10.860  1499  2493 D SurfaceFlinger: Create ContainerLayer(0x7318088730) ActivityRecord{2ccd56d u0 com.example.lunchtray/.MainActivity t905}#0
10-30 07:21:10.860  1499  1499 I SurfaceFlinger: Remove EffectLayer(0x731804ca60) Surface(name=dcb9bf0 StatusBar)/@0xac9fa55 - animation-leash of insets_animation#1 (parent=none)
10-30 07:21:10.860  1499  1499 I SurfaceFlinger: Remove EffectLayer(0x73180636e0) Surface(name=5efab5d NavigationBar0)/@0xb1951a3 - animation-leash of insets_animation#1 (parent=none)
10-30 07:21:10.860  1499  1499 I SurfaceFlinger: Remove EffectLayer(0x731807d0f0) Surface(name=5efab5d NavigationBar0)/@0xb1951a3 - animation-leash of insets_animation#0 (parent=none)
10-30 07:21:10.860  1499  1499 I SurfaceFlinger: Remove EffectLayer(0x731809f3b0) Surface(name=dcb9bf0 StatusBar)/@0xac9fa55 - animation-leash of insets_animation#0 (parent=none)
10-30 07:21:10.860  1499  1499 I SurfaceFlinger: Remove EffectLayer(0x73180a7c60) Surface(name=dcb9bf0 StatusBar)/@0xac9fa55 - animation-leash of insets_animation#0 (parent=none)
10-30 07:21:10.860  1499  1499 I SurfaceFlinger: Remove EffectLayer(0x73180d82f0) Surface(name=5efab5d NavigationBar0)/@0xb1951a3 - animation-leash of insets_animation#0 (parent=none)
10-30 07:21:10.860  1499  1499 D Layer   : Destroy Surface(name=dcb9bf0 StatusBar)/@0xac9fa55 - animation-leash of insets_animation#0(0x73180a7c60)
10-30 07:21:10.860  1499  1499 D Layer   : Destroy Surface(name=dcb9bf0 StatusBar)/@0xac9fa55 - animation-leash of insets_animation#0(0x731809f3b0)
10-30 07:21:10.860  1499  1499 D Layer   : Destroy Surface(name=5efab5d NavigationBar0)/@0xb1951a3 - animation-leash of insets_animation#0(0x73180d82f0)
10-30 07:21:10.861  1499  1499 D Layer   : Destroy Surface(name=5efab5d NavigationBar0)/@0xb1951a3 - animation-leash of insets_animation#0(0x731807d0f0)
10-30 07:21:10.862  1945  4035 D InputDispatcher: Window went away: Splash Screen com.example.lunchtray@2756#0
10-30 07:21:10.862  1945  4035 D InputDispatcher: Window went away: b82c9e2 com.lge.launcher3/com.lge.launcher3.LauncherExtension
10-30 07:21:10.862  1945  4035 D InputDispatcher: Window went away: 61a7f75 com.lge.launcher3/com.lge.launcher3.LauncherExtension
10-30 07:21:10.862  1673  1699 I PowerRM : System FW:1 IC:0 SO:0 GT:0 CAPP:-1 APP:0
10-30 07:21:10.862  1673  1699 E PRM_CONFIG_Parser: get_custom_config not found
10-30 07:21:10.863 19032 19032 D LifecycleMonitor: Lifecycle status change: androidx.test.core.app.InstrumentationActivityInvoker$BootstrapActivity@78525ca in: RESUMED
10-30 07:21:10.864 19032 19032 V ActivityScenario: Activity lifecycle changed event received but ignored because the intent does not match. startActivityIntent=Intent { act=android.intent.action.MAIN cat=[android.intent.category.LAUNCHER] cmp=com.example.lunchtray/.MainActivity }, activity.getIntent()=Intent { act=android.intent.action.MAIN cat=[android.intent.category.LAUNCHER] flg=0x10008000 cmp=com.example.lunchtray/androidx.test.core.app.InstrumentationActivityInvoker$BootstrapActivity (has extras) }, activity=androidx.test.core.app.InstrumentationActivityInvoker$BootstrapActivity@78525ca
10-30 07:21:10.864 19032 19032 V ActivityScenario: Activity lifecycle changed event received but ignored because the intent does not match. startActivityIntent=Intent { act=android.intent.action.MAIN cat=[android.intent.category.LAUNCHER] cmp=com.example.lunchtray/.MainActivity }, activity.getIntent()=Intent { act=android.intent.action.MAIN cat=[android.intent.category.LAUNCHER] flg=0x10008000 cmp=com.example.lunchtray/androidx.test.core.app.InstrumentationActivityInvoker$BootstrapActivity (has extras) }, activity=androidx.test.core.app.InstrumentationActivityInvoker$BootstrapActivity@78525ca
10-30 07:21:10.864 19032 19032 V ActivityScenario: Activity lifecycle changed event received but ignored because the intent does not match. startActivityIntent=Intent { act=android.intent.action.MAIN cat=[android.intent.category.LAUNCHER] cmp=com.example.lunchtray/.MainActivity }, activity.getIntent()=Intent { act=android.intent.action.MAIN cat=[android.intent.category.LAUNCHER] flg=0x10008000 cmp=com.example.lunchtray/androidx.test.core.app.InstrumentationActivityInvoker$BootstrapActivity (has extras) }, activity=androidx.test.core.app.InstrumentationActivityInvoker$BootstrapActivity@78525ca
10-30 07:21:10.865  1499  1499 I MiniDump: -------------------------------------------------------------------------------------------
10-30 07:21:10.865  1499  1499 I MiniDump: [ROTATION_0] H |  Comp Type |  Transform |  Alpha |  Disp Frame (LTRB) |  Source Crop (LTRB) | Frame Rate  | Disp[4630946736071014273] ""
10-30 07:21:10.865  1499  1499 I MiniDump: 0x73180e0ba0 |     DEVICE |          0 | 1.000 |    0    0 1080 2460 |   0.0   0.0 1080.0 2460.0 | Splash Screen com.example.lunchtray@2756#0
10-30 07:21:10.865  1499  1499 I MiniDump: 0x7317fcc810 |     DEVICE |          0 | 1.000 |    0    0 1080   76 |   0.0   0.0 1080.0  76.0 | StatusBar@2756#0
10-30 07:21:10.865  1499  1499 I MiniDump: 0x7317fd50c0 |     DEVICE |          0 | 1.000 |    0 2334 1080 2460 |   0.0   0.0 1080.0 126.0 | NavigationBar0@2756#0
10-30 07:21:10.865  1499  1499 I MiniDump: 0x7317fbb6b0 |     DEVICE |          0 | 1.000 |    0    0 1080   88 |   0.0   0.0 1080.0  88.0 | ScreenDecorOverlay@2756#0
10-30 07:21:10.865  1499  1499 I MiniDump: 0x7317fb8920 |     DEVICE |          0 | 1.000 |    0 2372 1080 2460 |   0.0   0.0 1080.0  88.0 | ScreenDecorOverlayBottom@2756#0
10-30 07:21:10.866  3097  3097 D SLD     : DRM IS OFF STOP
10-30 07:21:10.867  2756  3836 I GameToolsControllerService: game removed from map {}
10-30 07:21:10.867  3097 22921 D RoundCornerMask: metaData is null
10-30 07:21:10.867  2756  2756 I StatusBar: updateStatusBarColor(): mApplyNotchStatusBar=false delay=true isPort=true
10-30 07:21:10.870 15222 15222 I A       : (REDACTED) onApplyWindowInsets: systemWindowInsets=%s
10-30 07:21:10.870 15222 15222 I A       : (REDACTED) onApplyWindowInsets: systemWindowInsets=%s
10-30 07:21:10.871  2756  3836 D StatusBar: mainDisplayTopActivityComponentName : ComponentInfo{com.example.lunchtray/com.example.lunchtray.MainActivity}
10-30 07:21:10.871  3097 22921 D RoundCornerMask: metaData is null
10-30 07:21:10.873  2756  2756 I StatusBar: updateStatusBarColor(): mApplyNotchStatusBar=false delay=true isPort=true
10-30 07:21:10.873 19032 19032 D LifecycleMonitor: Lifecycle status change: androidx.test.core.app.InstrumentationActivityInvoker$BootstrapActivity@78525ca in: PAUSED
10-30 07:21:10.873  2756  3836 I GameToolsControllerService: game removed from map {}
10-30 07:21:10.873 19032 19032 V ActivityScenario: Activity lifecycle changed event received but ignored because the intent does not match. startActivityIntent=Intent { act=android.intent.action.MAIN cat=[android.intent.category.LAUNCHER] cmp=com.example.lunchtray/.MainActivity }, activity.getIntent()=Intent { act=android.intent.action.MAIN cat=[android.intent.category.LAUNCHER] flg=0x10008000 cmp=com.example.lunchtray/androidx.test.core.app.InstrumentationActivityInvoker$BootstrapActivity (has extras) }, activity=androidx.test.core.app.InstrumentationActivityInvoker$BootstrapActivity@78525ca
10-30 07:21:10.873 19032 19032 V ActivityScenario: Activity lifecycle changed event received but ignored because the intent does not match. startActivityIntent=Intent { act=android.intent.action.MAIN cat=[android.intent.category.LAUNCHER] cmp=com.example.lunchtray/.MainActivity }, activity.getIntent()=Intent { act=android.intent.action.MAIN cat=[android.intent.category.LAUNCHER] flg=0x10008000 cmp=com.example.lunchtray/androidx.test.core.app.InstrumentationActivityInvoker$BootstrapActivity (has extras) }, activity=androidx.test.core.app.InstrumentationActivityInvoker$BootstrapActivity@78525ca
10-30 07:21:10.873 19032 19032 V ActivityScenario: Activity lifecycle changed event received but ignored because the intent does not match. startActivityIntent=Intent { act=android.intent.action.MAIN cat=[android.intent.category.LAUNCHER] cmp=com.example.lunchtray/.MainActivity }, activity.getIntent()=Intent { act=android.intent.action.MAIN cat=[android.intent.category.LAUNCHER] flg=0x10008000 cmp=com.example.lunchtray/androidx.test.core.app.InstrumentationActivityInvoker$BootstrapActivity (has extras) }, activity=androidx.test.core.app.InstrumentationActivityInvoker$BootstrapActivity@78525ca
10-30 07:21:10.874  2756  3836 D StatusBar: mainDisplayTopActivityComponentName : ComponentInfo{com.example.lunchtray/com.example.lunchtray.MainActivity}
10-30 07:21:10.876  5181 24859 D TopPackageTracker: activityChanged callMethod=1 packageName=com.example.lunchtray displayid=0
10-30 07:21:10.876  1499  1499 I SurfaceFlinger: Remove EffectLayer(0x731804ca60) Surface(name=dcb9bf0 StatusBar)/@0xac9fa55 - animation-leash of insets_animation#1 (parent=none)
10-30 07:21:10.876  1499  1499 I SurfaceFlinger: Remove EffectLayer(0x73180636e0) Surface(name=5efab5d NavigationBar0)/@0xb1951a3 - animation-leash of insets_animation#1 (parent=none)
10-30 07:21:10.876  1499  1499 D Layer   : Destroy Surface(name=dcb9bf0 StatusBar)/@0xac9fa55 - animation-leash of insets_animation#1(0x731804ca60)
10-30 07:21:10.876  1499  1499 D Layer   : Destroy Surface(name=5efab5d NavigationBar0)/@0xb1951a3 - animation-leash of insets_animation#1(0x73180636e0)
10-30 07:21:10.878  5181 24859 D TopPackageTracker: activityChanged callMethod=1 packageName=com.example.lunchtray displayid=0
10-30 07:21:10.879  2756  2756 I LightBarTransitionsController: appTransitionStarting():  [isKeyguardGoingAway = false], [(mDisplayId != displayId) = false], [!forced = true]
10-30 07:21:10.879  2756  2756 I LightBarTransitionsController: animateIconTint() : skip : mNextDarkIntensity = 0.0
10-30 07:21:10.879  2756  2756 I LightBarTransitionsController: appTransitionStarting():  [isKeyguardGoingAway = false], [(mDisplayId != displayId) = false], [!forced = true]
10-30 07:21:10.879  2756  2756 I LightBarTransitionsController: appTransitionStarting():  [isKeyguardGoingAway = false], [(mDisplayId != displayId) = false], [!forced = true]
10-30 07:21:10.882  3488  3488 I [LGHome6]StateManager: [RecentsAnimation] goToState(): (LauncherState - 0 -> LauncherState - 0), animated=false, delay=0, onCompleteRunnable=null
10-30 07:21:10.882  3488  3488 I [LGHome6]StateManager: [RecentsAnimation] goToState(): 1. isInState LauncherState - 0
10-30 07:21:10.882  3488  3488 I [LGHome6]Launcher: Launcher.onStop
10-30 07:21:10.883  3097  3752 D RoundCornerMask: metaData is null
10-30 07:21:10.884  3488  3488 I [LGHome6]EditModeOffManager: EditModeOffManager is not running
10-30 07:21:10.886 15411 15411 I GsaVoiceInteractionSrv: Handling ACTION_STOP_HOTWORD
10-30 07:21:10.886 15411 15462 I HwDetectorWithState: (REDACTED) a: %d
10-30 07:21:10.886  2756  3244 D PhoneStatusBarPolicy: updateManagedProfile userId = 0
10-30 07:21:10.887  2756  2756 I StatusBar: updateStatusBarColor(): mApplyNotchStatusBar=false delay=true isPort=true
10-30 07:21:10.887  2756  2756 I LightBarTransitionsController: animateIconTint() : skip : mNextDarkIntensity = 0.0
10-30 07:21:10.888  2756  3836 I GameToolsControllerService: game removed from map {}
10-30 07:21:10.889  3097  3752 D RoundCornerMask: metaData is null
10-30 07:21:10.890 19032 19032 D LifecycleMonitor: Lifecycle status change: com.example.lunchtray.MainActivity@a108404 in: PRE_ON_CREATE
10-30 07:21:10.890  2756  3836 D StatusBar: mainDisplayTopActivityComponentName : ComponentInfo{com.example.lunchtray/com.example.lunchtray.MainActivity}
10-30 07:21:10.891 19032 19032 V ActivityScenario: Activity lifecycle changed event received but ignored because the reported transition was not ON_CREATE while the last known transition was DESTROYED
10-30 07:21:10.891 19032 19032 V ActivityScenario: Activity lifecycle changed event received but ignored because the reported transition was not ON_CREATE while the last known transition was DESTROYED
10-30 07:21:10.891 19032 19032 V ActivityScenario: Activity lifecycle changed event received but ignored because the reported transition was not ON_CREATE while the last known transition was PRE_ON_CREATE
10-30 07:21:10.892  2756  3836 I GameToolsControllerService: game removed from map {}
10-30 07:21:10.893  2756  2756 I StatusBar: updateStatusBarColor(): mApplyNotchStatusBar=false delay=true isPort=true
10-30 07:21:10.893  2756  2756 I LightBarTransitionsController: animateIconTint() : skip : mNextDarkIntensity = 0.0
10-30 07:21:10.894  2756  3836 D StatusBar: mainDisplayTopActivityComponentName : ComponentInfo{com.example.lunchtray/com.example.lunchtray.MainActivity}
10-30 07:21:10.898  2756  2756 I StatusBar: updateStatusBarColor(): mApplyNotchStatusBar=false delay=true isPort=true
10-30 07:21:10.899  2756  3836 I GameToolsControllerService: game removed from map {}
10-30 07:21:10.899  2756  2756 I LightBarTransitionsController: animateIconTint() : skip : mNextDarkIntensity = 0.0
10-30 07:21:10.900  2756  3836 D StatusBar: mainDisplayTopActivityComponentName : ComponentInfo{com.example.lunchtray/com.example.lunchtray.MainActivity}
10-30 07:21:10.901  2756  2756 I StatusBar: updateStatusBarColor(): mApplyNotchStatusBar=false delay=true isPort=true
10-30 07:21:10.901  2756  2756 I LightBarTransitionsController: animateIconTint() : skip : mNextDarkIntensity = 0.0
10-30 07:21:10.906  2756  2756 I BarTransitions.PhoneStatusBarTransitions: setNotchColor color = 0
10-30 07:21:10.906 19032 19032 D LifecycleMonitor: Lifecycle status change: com.example.lunchtray.MainActivity@a108404 in: CREATED
10-30 07:21:10.906 19032 19032 V ActivityScenario: Update currentActivityStage to CREATED, currentActivity=com.example.lunchtray.MainActivity@a108404
10-30 07:21:10.906 19032 19032 V ActivityScenario: Update currentActivityStage to CREATED, currentActivity=com.example.lunchtray.MainActivity@a108404
10-30 07:21:10.907 19032 19032 V ActivityScenario: Update currentActivityStage to CREATED, currentActivity=com.example.lunchtray.MainActivity@a108404
10-30 07:21:10.909  1499  1499 I SurfaceFlinger: Remove BufferStateLayer(0x731809c620) com.lge.launcher3/com.lge.launcher3.LauncherExtension@3488#0 (parent=none)
10-30 07:21:10.909  1499  1499 I SurfaceFlinger: Remove BufferStateLayer(0x73180cccb0) com.lge.launcher3/com.lge.launcher3.LauncherExtension@15222#0 (parent=none)
10-30 07:21:10.909  1499  1499 D Layer   : Destroy com.lge.launcher3/com.lge.launcher3.LauncherExtension@3488#0(0x731809c620)
10-30 07:21:10.910  1499  1499 D Layer   : Destroy com.lge.launcher3/com.lge.launcher3.LauncherExtension@15222#0(0x73180cccb0)
10-30 07:21:10.910  2756  2756 I BarTransitions.PhoneStatusBarTransitions: setNotchColor color = 0
10-30 07:21:10.910  1945  4803 D InputDispatcher: Window went away: com.lge.launcher3/com.lge.launcher3.LauncherExtension@15222#0
10-30 07:21:10.911  1945  4803 D InputDispatcher: Window went away: com.lge.launcher3/com.lge.launcher3.LauncherExtension@3488#0
10-30 07:21:10.914 19032 19032 D LifecycleMonitor: Lifecycle status change: com.example.lunchtray.MainActivity@a108404 in: STARTED
10-30 07:21:10.914 19032 19032 V ActivityScenario: Update currentActivityStage to STARTED, currentActivity=com.example.lunchtray.MainActivity@a108404
10-30 07:21:10.914 19032 19032 V ActivityScenario: Update currentActivityStage to STARTED, currentActivity=com.example.lunchtray.MainActivity@a108404
10-30 07:21:10.915 19032 19032 V ActivityScenario: Update currentActivityStage to STARTED, currentActivity=com.example.lunchtray.MainActivity@a108404
10-30 07:21:10.916 19032 19032 D LifecycleMonitor: Lifecycle status change: com.example.lunchtray.MainActivity@a108404 in: RESUMED
10-30 07:21:10.916 19032 19032 V ActivityScenario: Update currentActivityStage to RESUMED, currentActivity=com.example.lunchtray.MainActivity@a108404
10-30 07:21:10.916 19032 19032 V ActivityScenario: Update currentActivityStage to RESUMED, currentActivity=com.example.lunchtray.MainActivity@a108404
10-30 07:21:10.916 19032 19032 V ActivityScenario: Update currentActivityStage to RESUMED, currentActivity=com.example.lunchtray.MainActivity@a108404
10-30 07:21:10.920  1499  1532 D SurfaceFlinger: Create ContainerLayer(0x731807d0f0) 9884525 com.example.lunchtray/com.example.lunchtray.MainActivity#0
10-30 07:21:10.921 19032 19032 D DecorView: [DecorView][notifyViewAdded] token = android.view.ViewRootImpl$WEx@f590524
10-30 07:21:10.922 19032 19032 I TouchFilterInputStageHelper: [needTouchEventFilter] Displayid : 0
10-30 07:21:10.922 19032 19032 D HandGripFilter: getdisplaysize, x : 1080 y : 2460
10-30 07:21:10.923 19032 19032 D LifecycleMonitor: Lifecycle status change: androidx.test.core.app.InstrumentationActivityInvoker$BootstrapActivity@78525ca in: STOPPED
10-30 07:21:10.923 19032 19032 V ActivityScenario: Activity lifecycle changed event received but ignored because the intent does not match. startActivityIntent=Intent { act=android.intent.action.MAIN cat=[android.intent.category.LAUNCHER] cmp=com.example.lunchtray/.MainActivity }, activity.getIntent()=Intent { act=android.intent.action.MAIN cat=[android.intent.category.LAUNCHER] flg=0x10008000 cmp=com.example.lunchtray/androidx.test.core.app.InstrumentationActivityInvoker$BootstrapActivity (has extras) }, activity=androidx.test.core.app.InstrumentationActivityInvoker$BootstrapActivity@78525ca
10-30 07:21:10.923 19032 19032 V ActivityScenario: Activity lifecycle changed event received but ignored because the intent does not match. startActivityIntent=Intent { act=android.intent.action.MAIN cat=[android.intent.category.LAUNCHER] cmp=com.example.lunchtray/.MainActivity }, activity.getIntent()=Intent { act=android.intent.action.MAIN cat=[android.intent.category.LAUNCHER] flg=0x10008000 cmp=com.example.lunchtray/androidx.test.core.app.InstrumentationActivityInvoker$BootstrapActivity (has extras) }, activity=androidx.test.core.app.InstrumentationActivityInvoker$BootstrapActivity@78525ca
10-30 07:21:10.923 19032 19032 V ActivityScenario: Activity lifecycle changed event received but ignored because the intent does not match. startActivityIntent=Intent { act=android.intent.action.MAIN cat=[android.intent.category.LAUNCHER] cmp=com.example.lunchtray/.MainActivity }, activity.getIntent()=Intent { act=android.intent.action.MAIN cat=[android.intent.category.LAUNCHER] flg=0x10008000 cmp=com.example.lunchtray/androidx.test.core.app.InstrumentationActivityInvoker$BootstrapActivity (has extras) }, activity=androidx.test.core.app.InstrumentationActivityInvoker$BootstrapActivity@78525ca
10-30 07:21:10.930  1499  1532 D SurfaceFlinger: Create BufferStateLayer(0x731804ca60) com.example.lunchtray/com.example.lunchtray.MainActivity@19032#0
10-30 07:21:10.932  1499  1532 D SurfaceFlinger: Create EffectLayer(0x731809f3b0) Surface(name=dcb9bf0 StatusBar)/@0xac9fa55 - animation-leash of insets_animation#0
10-30 07:21:10.932  1499  1532 D SurfaceFlinger: Create EffectLayer(0x73180636e0) Surface(name=5efab5d NavigationBar0)/@0xb1951a3 - animation-leash of insets_animation#0
10-30 07:21:10.932  1673  1699 I PowerRM : System FW:1 IC:0 SO:0 GT:0 CAPP:-1 APP:0
10-30 07:21:10.932  1945  2015 D IStatusBar.Stub: updateNavigationBarColor(0, -16777216)
10-30 07:21:10.932  1673  1699 I PowerRM : System FW:0 IC:0 SO:0 GT:0 CAPP:-1 APP:0
10-30 07:21:10.932  1673  1699 I PowerRM : FIA lock1 unlocked
10-30 07:21:10.932  2756  4026 D IStatusBar.Stub : CommandQueue: updateNavigationBarColor(0, -16777216)
10-30 07:21:10.932  2756  2756 I NavigationThemeResource: display(0) notify navigation bar color(0xff000000)
10-30 07:21:10.933  2756  2756 I NavigationThemeResource: WmEx Color dark = -16777216
10-30 07:21:10.933  2756  2756 I NavigationThemeResource: NavigationKey(0) Color is changed(WHITE_WITH_BORDER -> WHITE)
10-30 07:21:10.933  2756  2756 I NavigationThemeResource:  BarMode=-1, Theme=WHITE, LightBackground=false, mNavigationLight=false (NOT Transparent)
10-30 07:21:10.933  2756  2756 I NavigationThemeResource: , Keyguard show=false, IME shown=false, Bar vertical=true, Panel expanded=false
10-30 07:21:10.946  1499  2493 D SurfaceFlinger: Create EffectLayer(0x731809c620) Surface(name=9884525 com.example.lunchtray/com.example.lunchtray.MainActivity)/@0x1f5f087 - animation-leash of starting_reveal#0
10-30 07:21:10.947  1945  2013 W ziparchive: Unable to open '/data/app/~~CTkNfAd8-4QQUyxJenjiaQ==/com.example.lunchtray-HUA09ORZeh3jzWgaP7ufBA==/base.dm': No such file or directory
10-30 07:21:10.948  1945  2013 I ActivityTaskManager: Displayed com.example.lunchtray/.MainActivity: +132ms
10-30 07:21:10.948 19032 19032 D RootViewPicker: Root not ready - waiting: 10ms for one to appear.
10-30 07:21:10.958 19032 19032 D RootViewPicker: Root not ready - waiting: 25ms for one to appear.
10-30 07:21:10.959  1499  1499 I SurfaceFlinger: Remove EffectLayer(0x73180cfa40) Surface(name=5efab5d NavigationBar0)/@0xb1951a3 - animation-leash of insets_animation#1 (parent=none)
10-30 07:21:10.959  1499  1499 I SurfaceFlinger: Remove EffectLayer(0x73180ec1e0) Surface(name=dcb9bf0 StatusBar)/@0xac9fa55 - animation-leash of insets_animation#1 (parent=none)
10-30 07:21:10.959  1499  1499 D Layer   : Destroy Surface(name=dcb9bf0 StatusBar)/@0xac9fa55 - animation-leash of insets_animation#1(0x73180ec1e0)
10-30 07:21:10.959  1499  1499 D Layer   : Destroy Surface(name=5efab5d NavigationBar0)/@0xb1951a3 - animation-leash of insets_animation#1(0x73180cfa40)
10-30 07:21:10.960  1945  4803 D InputDispatcher: Window went away: com.example.lunchtray/com.example.lunchtray.MainActivity@19032#0
10-30 07:21:10.961  1499  3662 D SurfaceFlinger: Create EffectLayer(0x73180a7c60) Surface(name=514045 Splash Screen com.example.lunchtray)/@0x98c45a2 - animation-leash of window_animation#0
10-30 07:21:10.964  1499  1499 I MiniDump: -------------------------------------------------------------------------------------------
10-30 07:21:10.964  1499  1499 I MiniDump: [ROTATION_0] H |  Comp Type |  Transform |  Alpha |  Disp Frame (LTRB) |  Source Crop (LTRB) | Frame Rate  | Disp[4630946736071014273] ""
10-30 07:21:10.964  1499  1499 I MiniDump: 0x731804ca60 |     DEVICE |          0 | 1.000 |    0    0 1080 2460 |   0.0   0.0 1080.0 2460.0 | com.example.lunchtray/com[...]tray.MainActivity@19032#0
10-30 07:21:10.964  1499  1499 I MiniDump: 0x73180e0ba0 |     DEVICE |          0 | 1.000 |    0    0 1080 2460 |   0.0   0.0 1080.0 2460.0 | Splash Screen com.example.lunchtray@2756#0
10-30 07:21:10.964  1499  1499 I MiniDump: 0x7317fcc810 |     DEVICE |          0 | 1.000 |    0    0 1080   76 |   0.0   0.0 1080.0  76.0 | StatusBar@2756#0
10-30 07:21:10.964  1499  1499 I MiniDump: 0x7317fd50c0 |     DEVICE |          0 | 1.000 |    0 2334 1080 2460 |   0.0   0.0 1080.0 126.0 | NavigationBar0@2756#0
10-30 07:21:10.964  1499  1499 I MiniDump: 0x7317fbb6b0 |     DEVICE |          0 | 1.000 |    0    0 1080   88 |   0.0   0.0 1080.0  88.0 | ScreenDecorOverlay@2756#0
10-30 07:21:10.964  1499  1499 I MiniDump: 0x7317fb8920 |     DEVICE |          0 | 1.000 |    0 2372 1080 2460 |   0.0   0.0 1080.0  88.0 | ScreenDecorOverlayBottom@2756#0
10-30 07:21:10.965  1499  1532 D SurfaceFlinger: Create EffectLayer(0x731807fe80) Surface(name=e4973b7 InputMethod)/@0x766a28d - animation-leash of insets_animation#0
10-30 07:21:10.965  1945  4803 W InputManager-JNI: Input channel object '514045 Splash Screen com.example.lunchtray (client)' was disposed without first being removed with the input manager!
10-30 07:21:10.972  1363 18492 D sensors_hal_light: handle_sns_std_sensor_event:79, ambient_light_event: ts=285456419005779, lux = 17, raw_adc=37, pdata=48
10-30 07:21:10.972  1363 18506 D sensors_hal_sensor_factory: update_qtimer_to_realtime_offset:206, updating qtimer-realtime offset, offset_diff = -74 time_diff = 60002767424
10-30 07:21:10.976  1499  1499 I SurfaceFlinger: Remove EffectLayer(0x731808b4c0) Surface(name=e4973b7 InputMethod)/@0x766a28d - animation-leash of insets_animation#1 (parent=none)
10-30 07:21:10.976  1499  1499 I SurfaceFlinger: Remove EffectLayer(0x731809c620) Surface(name=9884525 com.example.lunchtray/com.example.lunchtray.MainActivity)/@0x1f5f087 - animation-leash of starting_reveal#0 (parent=none)
10-30 07:21:10.976  1499  1499 D Layer   : Destroy Surface(name=e4973b7 InputMethod)/@0x766a28d - animation-leash of insets_animation#1(0x731808b4c0)
10-30 07:21:10.977  2756  3815 D NavigationModeController: getCurrentUserContext: contextUser=0 currentUser=0
10-30 07:21:10.978  2756  3815 D NavigationModeController: getCurrentUserContext: contextUser=0 currentUser=0
10-30 07:21:10.978  2756  2756 D NavigationModeController: getCurrentUserContext: contextUser=0 currentUser=0
10-30 07:21:10.981  1499  1499 I MiniDump: -------------------------------------------------------------------------------------------
10-30 07:21:10.981  1499  1499 I MiniDump: [ROTATION_0] H |  Comp Type |  Transform |  Alpha |  Disp Frame (LTRB) |  Source Crop (LTRB) | Frame Rate  | Disp[4630946736071014273] ""
10-30 07:21:10.981  1499  1499 I MiniDump: 0x731804ca60 |     DEVICE |          0 | 1.000 |    0    0 1080 2460 |   0.0   0.0 1080.0 2460.0 | com.example.lunchtray/com[...]tray.MainActivity@19032#0
10-30 07:21:10.981  1499  1499 I MiniDump: 0x7317fcc810 |     DEVICE |          0 | 1.000 |    0    0 1080   76 |   0.0   0.0 1080.0  76.0 | StatusBar@2756#0
10-30 07:21:10.981  1499  1499 I MiniDump: 0x7317fd50c0 |     DEVICE |          0 | 1.000 |    0 2334 1080 2460 |   0.0   0.0 1080.0 126.0 | NavigationBar0@2756#0
10-30 07:21:10.981  1499  1499 I MiniDump: 0x7317fbb6b0 |     DEVICE |          0 | 1.000 |    0    0 1080   88 |   0.0   0.0 1080.0  88.0 | ScreenDecorOverlay@2756#0
10-30 07:21:10.981  1499  1499 I MiniDump: 0x7317fb8920 |     DEVICE |          0 | 1.000 |    0 2372 1080 2460 |   0.0   0.0 1080.0  88.0 | ScreenDecorOverlayBottom@2756#0
10-30 07:21:10.985 19032 19032 I ViewInteraction: Performing 'single click' action on view view.getId() is <2131231208/com.example.lunchtray:id/start_order_btn>
10-30 07:21:10.986  1945  2498 D InputTransport: channel '9884525 com.example.lunchtray/com.example.lunchtray.MainActivity (server)' : action=ACTION_DOWN(0), id=0, displayId=0, tooltype=0, deviceId=-1, source=0x1002, flags=0x0, edgeFlags=0x0, metaState=0x0, buttonState=0x1, downTime=123865918000000, eventTime=123865918000000, pointerCount=1
10-30 07:21:10.986  1945  2498 D InputTransport: channel 'edge-swipe (server)' : action=ACTION_DOWN(0), id=0, displayId=0, tooltype=0, deviceId=-1, source=0x1002, flags=0x0, edgeFlags=0x0, metaState=0x0, buttonState=0x1, downTime=123865918000000, eventTime=123865918000000, pointerCount=1
10-30 07:21:10.987  1945  2498 D InputTransport: channel 'swipe-up (server)' : action=ACTION_DOWN(0), id=0, displayId=0, tooltype=0, deviceId=-1, source=0x1002, flags=0x0, edgeFlags=0x0, metaState=0x0, buttonState=0x1, downTime=123865918000000, eventTime=123865918000000, pointerCount=1
10-30 07:21:10.987  1945  2498 D InputTransport: channel 'swipe-up (server)' : action=ACTION_DOWN(0), id=0, displayId=0, tooltype=0, deviceId=-1, source=0x1002, flags=0x0, edgeFlags=0x0, metaState=0x0, buttonState=0x1, downTime=123865918000000, eventTime=123865918000000, pointerCount=1
10-30 07:21:10.987  1945  2498 D InputTransport: channel 'swipe-up (server)' : action=ACTION_DOWN(0), id=0, displayId=0, tooltype=0, deviceId=-1, source=0x1002, flags=0x0, edgeFlags=0x0, metaState=0x0, buttonState=0x1, downTime=123865918000000, eventTime=123865918000000, pointerCount=1
10-30 07:21:10.987  1945  2498 D InputTransport: channel 'swipe-up (server)' : action=ACTION_DOWN(0), id=0, displayId=0, tooltype=0, deviceId=-1, source=0x1002, flags=0x0, edgeFlags=0x0, metaState=0x0, buttonState=0x1, downTime=123865918000000, eventTime=123865918000000, pointerCount=1
10-30 07:21:10.987  1945  2498 D InputTransport: channel 'PointerEventDispatcher0 (server)' : action=ACTION_DOWN(0), id=0, displayId=0, tooltype=0, deviceId=-1, source=0x1002, flags=0x0, edgeFlags=0x0, metaState=0x0, buttonState=0x1, downTime=123865918000000, eventTime=123865918000000, pointerCount=1
10-30 07:21:10.992  1499  1499 I SurfaceFlinger: Remove ContainerLayer(0x7317ff45f0) 514045 Splash Screen com.example.lunchtray#0 (parent=none)
10-30 07:21:10.992  1499  1499 I SurfaceFlinger: Remove EffectLayer(0x73180a7c60) Surface(name=514045 Splash Screen com.example.lunchtray)/@0x98c45a2 - animation-leash of window_animation#0 (parent=none)
10-30 07:21:10.992  1499  1499 I SurfaceFlinger: Remove BufferStateLayer(0x73180e0ba0) Splash Screen com.example.lunchtray@2756#0 (parent=none)
10-30 07:21:10.993  1499  1499 D Layer   : Destroy Surface(name=514045 Splash Screen com.example.lunchtray)/@0x98c45a2 - animation-leash of window_animation#0(0x73180a7c60)
10-30 07:21:10.993  1499  1499 D Layer   : Destroy 514045 Splash Screen com.example.lunchtray#0(0x7317ff45f0)
10-30 07:21:10.993  1499  1499 D Layer   : Destroy Splash Screen com.example.lunchtray@2756#0(0x73180e0ba0)
10-30 07:21:10.993  1945  4035 D InputDispatcher: Window went away: 514045 Splash Screen com.example.lunchtray
10-30 07:21:11.040  2756  2756 I BarTransitions.PhoneStatusBarTransitions: setNotchColor color = 0
10-30 07:21:11.049  2756  2756 I BarTransitions.PhoneStatusBarTransitions: setNotchColor color = 0
10-30 07:21:11.067  1945  2498 D InputTransport: channel '9884525 com.example.lunchtray/com.example.lunchtray.MainActivity (server)' : action=ACTION_UP(0), id=0, displayId=0, tooltype=1, deviceId=-1, source=0x1002, flags=0x0, edgeFlags=0x0, metaState=0x0, buttonState=0x1, downTime=123865918000000, eventTime=123865999000000, pointerCount=1
10-30 07:21:11.067  2756  2756 I BarTransitions.PhoneStatusBarTransitions: setNotchColor color = 0
10-30 07:21:11.067  1945  2498 D InputTransport: channel 'edge-swipe (server)' : action=ACTION_UP(0), id=0, displayId=0, tooltype=1, deviceId=-1, source=0x1002, flags=0x0, edgeFlags=0x0, metaState=0x0, buttonState=0x1, downTime=123865918000000, eventTime=123865999000000, pointerCount=1
10-30 07:21:11.067  1945  2498 D InputTransport: channel 'swipe-up (server)' : action=ACTION_UP(0), id=0, displayId=0, tooltype=1, deviceId=-1, source=0x1002, flags=0x0, edgeFlags=0x0, metaState=0x0, buttonState=0x1, downTime=123865918000000, eventTime=123865999000000, pointerCount=1
10-30 07:21:11.067  1945  2498 D InputTransport: channel 'swipe-up (server)' : action=ACTION_UP(0), id=0, displayId=0, tooltype=1, deviceId=-1, source=0x1002, flags=0x0, edgeFlags=0x0, metaState=0x0, buttonState=0x1, downTime=123865918000000, eventTime=123865999000000, pointerCount=1
10-30 07:21:11.067  1945  2498 D InputTransport: channel 'swipe-up (server)' : action=ACTION_UP(0), id=0, displayId=0, tooltype=1, deviceId=-1, source=0x1002, flags=0x0, edgeFlags=0x0, metaState=0x0, buttonState=0x1, downTime=123865918000000, eventTime=123865999000000, pointerCount=1
10-30 07:21:11.067  1945  2498 D InputTransport: channel 'swipe-up (server)' : action=ACTION_UP(0), id=0, displayId=0, tooltype=1, deviceId=-1, source=0x1002, flags=0x0, edgeFlags=0x0, metaState=0x0, buttonState=0x1, downTime=123865918000000, eventTime=123865999000000, pointerCount=1
10-30 07:21:11.068  1945  2498 D InputTransport: channel 'PointerEventDispatcher0 (server)' : action=ACTION_UP(0), id=0, displayId=0, tooltype=1, deviceId=-1, source=0x1002, flags=0x0, edgeFlags=0x0, metaState=0x0, buttonState=0x1, downTime=123865918000000, eventTime=123865999000000, pointerCount=1
10-30 07:21:11.068 19032 19032 I View    : PerformClick: com.google.android.material.button.MaterialButton{ec6eb66 VFED..C.. ...P.... 349,1045-731,1171 #7f0801e8 app:id/start_order_btn}
10-30 07:21:11.068 19032 19032 I View    : MotionEvent.ACTION_UP: mPrivateFlags: 16828464,   mHasPerformedLongPress: false,   mIgnoreNextUpEvent: false
10-30 07:21:11.069  1945  2548 V SoundPool: play(soundID=1, leftVolume=1.000000, rightVolume=1.000000, priority=0, loop=0, rate=1.000000)
10-30 07:21:11.069  1945  2548 V AudioTrack: setSampleRate(546): prior state:STATE_STOPPED rate:48000
10-30 07:21:11.069  1945  2548 V AudioTrack: start(546): prior state:STATE_STOPPED
10-30 07:21:11.069  1945  2548 V AudioTrack: start(546): server read:-867232  cumulative flushed:0  client written:0
